[1/74] lin-000279 OMISSION nonunique_grounding ok
[2/74] lin-000279 UNDERSPECIFIED nonunique_grounding ok
[3/74] lin-000244 OMISSION nonunique_grounding ok
[4/74] lin-000244 UNDERSPECIFIED nonunique_grounding ok
[5/74] crt-000078 OMISSION nonunique_grounding ok
[6/74] crt-000078 UNDERSPECIFIED nonunique_grounding ok
[7/74] ran-000564 OMISSION nonunique_grounding ok
[8/74] ran-000564 UNDERSPECIFIED nonunique_grounding ok
[9/74] ran-000595 OMISSION nonunique_grounding ok
[10/74] ran-000595 UNDERSPECIFIED nonunique_grounding ok
[11/74] ran-000543 OMISSION nonunique_grounding ok
[12/74] ran-000543 UNDERSPECIFIED nonunique_grounding ok
[13/74] ran-000579 OMISSION nonunique_grounding ok
[14/74] ran-000579 UNDERSPECIFIED nonunique_grounding ok
[15/74] ran-000550 OMISSION nonunique_grounding ok
[16/74] ran-000550 UNDERSPECIFIED nonunique_grounding ok
[17/74] gra-000209 OMISSION nonunique_grounding ok
[18/74] gra-000209 UNDERSPECIFIED nonunique_grounding ok
[19/74] lin-000261 OMISSION nonunique_grounding ok
[20/74] lin-000261 UNDERSPECIFIED nonunique_grounding ok
[21/74] lin-000258 OMISSION nonunique_grounding ok
[22/74] lin-000258 UNDERSPECIFIED nonunique_grounding ok
[23/74] gra-000200 OMISSION nonunique_grounding ok
[24/74] gra-000200 UNDERSPECIFIED nonunique_grounding ok
[25/74] lin-000285 OMISSION nonunique_grounding ok
[26/74] lin-000285 UNDERSPECIFIED nonunique_grounding ok
[27/74] crt-000118 OMISSION nonunique_grounding ok
[28/74] crt-000118 UNDERSPECIFIED nonunique_grounding ok
[29/74] gra-000212 OMISSION nonunique_grounding ok
[30/74] gra-000212 UNDERSPECIFIED nonunique_grounding ok
[31/74] lin-000242 OMISSION nonunique_grounding ok
[32/74] lin-000242 UNDERSPECIFIED nonunique_grounding ok
[33/74] lin-000250 OMISSION nonunique_grounding ok
[34/74] lin-000250 UNDERSPECIFIED nonunique_grounding ok
[35/74] crt-000109 OMISSION nonunique_grounding ok
[36/74] crt-000109 UNDERSPECIFIED nonunique_grounding ok
[37/74] ran-000587 OMISSION nonunique_grounding ok
[38/74] ran-000587 UNDERSPECIFIED nonunique_grounding ok
[39/74] lin-000266 OMISSION nonunique_grounding ok
[40/74] lin-000266 UNDERSPECIFIED nonunique_grounding ok
[41/74] crt-000119 OMISSION nonunique_grounding ok
[42/74] crt-000119 UNDERSPECIFIED nonunique_grounding ok
