[1/74] gra-000217 OMISSION grounded_self_review ok
[2/74] gra-000217 UNDERSPECIFIED grounded_self_review ok
[3/74] crt-000110 OMISSION grounded_self_review ok
[4/74] crt-000110 UNDERSPECIFIED grounded_self_review ok
[5/74] lin-000254 OMISSION grounded_self_review ok
[6/74] lin-000254 UNDERSPECIFIED grounded_self_review ok
[7/74] gra-000237 OMISSION grounded_self_review ok
[8/74] gra-000237 UNDERSPECIFIED grounded_self_review ok
[9/74] crt-000108 OMISSION grounded_self_review ok
[10/74] crt-000108 UNDERSPECIFIED grounded_self_review ok
[11/74] lin-000293 OMISSION grounded_self_review ok
[12/74] lin-000293 UNDERSPECIFIED grounded_self_review ok
[13/74] lin-000281 OMISSION grounded_self_review ok
[14/74] lin-000281 UNDERSPECIFIED grounded_self_review ok
[15/74] ran-000547 OMISSION grounded_self_review ok
[16/74] ran-000547 UNDERSPECIFIED grounded_self_review ok
[17/74] crt-000065 OMISSION grounded_self_review ok
[18/74] crt-000065 UNDERSPECIFIED grounded_self_review ok
[19/74] ran-000558 OMISSION grounded_self_review ok
[20/74] ran-000558 UNDERSPECIFIED grounded_self_review ok
[21/74] crt-000072 OMISSION grounded_self_review ok
[22/74] crt-000072 UNDERSPECIFIED grounded_self_review ok
[23/74] ran-000573 OMISSION grounded_self_review ok
[24/74] ran-000573 UNDERSPECIFIED grounded_self_review ok
[25/74] crt-000066 OMISSION grounded_self_review ok
[26/74] crt-000066 UNDERSPECIFIED grounded_self_review ok
[27/74] ran-000546 OMISSION grounded_self_review ok
[28/74] ran-000546 UNDERSPECIFIED grounded_self_review ok
[29/74] gra-000232 OMISSION grounded_self_review ok
[30/74] gra-000232 UNDERSPECIFIED grounded_self_review ok
[31/74] crt-000096 OMISSION grounded_self_review ok
[32/74] crt-000096 UNDERSPECIFIED grounded_self_review ok
[33/74] crt-000074 OMISSION grounded_self_review ok
[34/74] crt-000074 UNDERSPECIFIED grounded_self_review ok
[35/74] lin-000280 OMISSION grounded_self_review ok
[36/74] lin-000280 UNDERSPECIFIED grounded_self_review ok
[37/74] ran-000571 OMISSION grounded_self_review ok
[38/74] ran-000571 UNDERSPECIFIED grounded_self_review ok
[39/74] ran-000574 OMISSION grounded_self_review ok
[40/74] ran-000574 UNDERSPECIFIED grounded_self_review ok
[41/74] lin-000289 OMISSION grounded_self_review ok
[42/74] lin-000289 UNDERSPECIFIED grounded_self_review ok
[43/74] ran-000562 OMISSION grounded_self_review ok
[44/74] ran-000562 UNDERSPECIFIED grounded_self_review ok
[45/74] ran-000581 OMISSION grounded_self_review ok
[46/74] ran-000581 UNDERSPECIFIED grounded_self_review ok
[47/74] crt-000098 OMISSION grounded_self_review ok
[48/74] crt-000098 UNDERSPECIFIED grounded_self_review ok
[49/74] mom-000418 OMISSION grounded_self_review ok
[50/74] mom-000418 UNDERSPECIFIED grounded_self_review ok
[51/74] mom-000367 OMISSION grounded_self_review ok
[52/74] mom-000367 UNDERSPECIFIED grounded_self_review ok
[53/74] mom-000382 OMISSION grounded_self_review ok
[54/74] mom-000382 UNDERSPECIFIED grounded_self_review ok
[55/74] mom-000369 OMISSION grounded_self_review ok
[56/74] mom-000369 UNDERSPECIFIED grounded_self_review ok
[57/74] gra-000226 OMISSION grounded_self_review ok
[58/74] gra-000226 UNDERSPECIFIED grounded_self_review ok
[59/74] ran-000584 OMISSION grounded_self_review ok
[60/74] ran-000584 UNDERSPECIFIED grounded_self_review ok
[61/74] ran-000555 OMISSION grounded_self_review ok
[62/74] ran-000555 UNDERSPECIFIED grounded_self_review ok
[63/74] ran-000556 OMISSION grounded_self_review ok
