[1/76] gra-000198 OMISSION self_review ok
[2/76] gra-000198 UNDERSPECIFIED self_review ok
[3/76] lin-000245 OMISSION self_review ok
[4/76] lin-000245 UNDERSPECIFIED self_review ok
[5/76] ran-000554 OMISSION self_review error
[6/76] ran-000554 UNDERSPECIFIED self_review ok
[7/76] lin-000264 OMISSION self_review ok
[8/76] lin-000264 UNDERSPECIFIED self_review ok
[9/76] gra-000204 OMISSION self_review ok
[10/76] gra-000204 UNDERSPECIFIED self_review ok
[11/76] lin-000287 OMISSION self_review ok
[12/76] lin-000287 UNDERSPECIFIED self_review ok
[13/76] gra-000215 OMISSION self_review ok
[14/76] gra-000215 UNDERSPECIFIED self_review error
[15/76] gra-000221 OMISSION self_review ok
[16/76] gra-000221 UNDERSPECIFIED self_review ok
[17/76] crt-000091 OMISSION self_review ok
[18/76] crt-000091 UNDERSPECIFIED self_review ok
[19/76] lin-000270 OMISSION self_review ok
[20/76] lin-000270 UNDERSPECIFIED self_review ok
[21/76] gra-000227 OMISSION self_review ok
[22/76] gra-000227 UNDERSPECIFIED self_review ok
[23/76] mom-000401 OMISSION self_review ok
[24/76] mom-000401 UNDERSPECIFIED self_review ok
[25/76] mom-000395 OMISSION self_review ok
[26/76] mom-000395 UNDERSPECIFIED self_review ok
[27/76] mom-000398 OMISSION self_review ok
[28/76] mom-000398 UNDERSPECIFIED self_review ok
[29/76] ran-000568 OMISSION self_review ok
[30/76] ran-000568 UNDERSPECIFIED self_review ok
[31/76] ran-000575 OMISSION self_review ok
[32/76] ran-000575 UNDERSPECIFIED self_review ok
[33/76] ran-000549 OMISSION self_review ok
[34/76] ran-000549 UNDERSPECIFIED self_review ok
[35/76] gra-000210 OMISSION self_review ok
[36/76] gra-000210 UNDERSPECIFIED self_review ok
[37/76] mom-000366 OMISSION self_review ok
[38/76] mom-000366 UNDERSPECIFIED self_review ok
[39/76] crt-000113 OMISSION self_review ok
[40/76] crt-000113 UNDERSPECIFIED self_review ok
[41/76] mom-000385 OMISSION self_review ok
[42/76] mom-000385 UNDERSPECIFIED self_review ok
[43/76] lin-000286 OMISSION self_review ok
[44/76] lin-000286 UNDERSPECIFIED self_review ok
[45/76] lin-000299 OMISSION self_review ok
[46/76] lin-000299 UNDERSPECIFIED self_review ok
