[1/76] ran-000570 OMISSION nonunique ok
[2/76] ran-000570 UNDERSPECIFIED nonunique ok
[3/76] gra-000189 OMISSION nonunique ok
[4/76] gra-000189 UNDERSPECIFIED nonunique ok
[5/76] lin-000259 OMISSION nonunique ok
[6/76] lin-000259 UNDERSPECIFIED nonunique ok
[7/76] crt-000062 OMISSION nonunique ok
[8/76] crt-000062 UNDERSPECIFIED nonunique ok
[9/76] crt-000089 OMISSION nonunique ok
[10/76] crt-000089 UNDERSPECIFIED nonunique ok
[11/76] gra-000234 OMISSION nonunique ok
[12/76] gra-000234 UNDERSPECIFIED nonunique ok
[13/76] ran-000565 OMISSION nonunique ok
[14/76] ran-000565 UNDERSPECIFIED nonunique ok
[15/76] lin-000260 OMISSION nonunique ok
[16/76] lin-000260 UNDERSPECIFIED nonunique ok
[17/76] crt-000068 OMISSION nonunique ok
[18/76] crt-000068 UNDERSPECIFIED nonunique ok
[19/76] crt-000097 OMISSION nonunique ok
[20/76] crt-000097 UNDERSPECIFIED nonunique ok
[21/76] mom-000409 OMISSION nonunique ok
[22/76] mom-000409 UNDERSPECIFIED nonunique ok
[23/76] ran-000542 OMISSION nonunique ok
[24/76] ran-000542 UNDERSPECIFIED nonunique ok
[25/76] gra-000184 OMISSION nonunique ok
[26/76] gra-000184 UNDERSPECIFIED nonunique ok
[27/76] lin-000257 OMISSION nonunique ok
[28/76] lin-000257 UNDERSPECIFIED nonunique ok
[29/76] lin-000268 OMISSION nonunique ok
[30/76] lin-000268 UNDERSPECIFIED nonunique ok
[31/76] lin-000296 OMISSION nonunique ok
[32/76] lin-000296 UNDERSPECIFIED nonunique ok
[33/76] ran-000599 OMISSION nonunique ok
[34/76] ran-000599 UNDERSPECIFIED nonunique ok
[35/76] mom-000361 OMISSION nonunique ok
[36/76] mom-000361 UNDERSPECIFIED nonunique ok
[37/76] gra-000228 OMISSION nonunique ok
[38/76] gra-000228 UNDERSPECIFIED nonunique ok
[39/76] ran-000552 OMISSION nonunique ok
[40/76] ran-000552 UNDERSPECIFIED nonunique ok
[41/76] gra-000225 OMISSION nonunique ok
[42/76] gra-000225 UNDERSPECIFIED nonunique ok
[43/76] ran-000553 OMISSION nonunique ok
[44/76] ran-000553 UNDERSPECIFIED nonunique ok
[45/76] crt-000061 OMISSION nonunique ok
[46/76] crt-000061 UNDERSPECIFIED nonunique ok
[47/76] mom-000374 OMISSION nonunique ok
[48/76] mom-000374 UNDERSPECIFIED nonunique ok
[49/76] crt-000092 OMISSION nonunique ok
[50/76] crt-000092 UNDERSPECIFIED nonunique ok
[51/76] ran-000566 OMISSION nonunique ok
[52/76] ran-000566 UNDERSPECIFIED nonunique ok
[53/76] mom-000370 OMISSION nonunique ok
[54/76] mom-000370 UNDERSPECIFIED nonunique ok
[55/76] crt-000073 OMISSION nonunique ok
[56/76] crt-000073 UNDERSPECIFIED nonunique ok
[57/76] ran-000559 OMISSION nonunique ok
[58/76] ran-000559 UNDERSPECIFIED nonunique ok
[59/76] lin-000256 OMISSION nonunique ok
[60/76] lin-000256 UNDERSPECIFIED nonunique ok
[61/76] mom-000412 OMISSION nonunique ok
[62/76] mom-000412 UNDERSPECIFIED nonunique ok
[63/76] crt-000101 OMISSION nonunique ok
[64/76] crt-000101 UNDERSPECIFIED nonunique ok
[65/76] lin-000269 OMISSION nonunique ok
[66/76] lin-000269 UNDERSPECIFIED nonunique ok
[67/76] mom-000417 OMISSION nonunique ok
[68/76] mom-000417 UNDERSPECIFIED nonunique ok
[69/76] crt-000086 OMISSION nonunique ok
[70/76] crt-000086 UNDERSPECIFIED nonunique ok
[71/76] gra-000214 OMISSION nonunique ok
[72/76] gra-000214 UNDERSPECIFIED nonunique ok
[73/76] ran-000567 OMISSION nonunique ok
[74/76] ran-000567 UNDERSPECIFIED nonunique ok
[75/76] lin-000283 OMISSION nonunique ok
[76/76] lin-000283 UNDERSPECIFIED nonunique ok
