[1/76] gra-000198 OMISSION nonunique ok
[2/76] gra-000198 UNDERSPECIFIED nonunique ok
[3/76] lin-000245 OMISSION nonunique ok
[4/76] lin-000245 UNDERSPECIFIED nonunique ok
[5/76] ran-000554 OMISSION nonunique ok
[6/76] ran-000554 UNDERSPECIFIED nonunique ok
[7/76] lin-000264 OMISSION nonunique ok
[8/76] lin-000264 UNDERSPECIFIED nonunique ok
[9/76] gra-000204 OMISSION nonunique ok
[10/76] gra-000204 UNDERSPECIFIED nonunique ok
[11/76] lin-000287 OMISSION nonunique ok
[12/76] lin-000287 UNDERSPECIFIED nonunique ok
[13/76] gra-000215 OMISSION nonunique ok
[14/76] gra-000215 UNDERSPECIFIED nonunique ok
[15/76] gra-000221 OMISSION nonunique ok
[16/76] gra-000221 UNDERSPECIFIED nonunique ok
[17/76] crt-000091 OMISSION nonunique ok
[18/76] crt-000091 UNDERSPECIFIED nonunique ok
[19/76] lin-000270 OMISSION nonunique ok
[20/76] lin-000270 UNDERSPECIFIED nonunique ok
[21/76] gra-000227 OMISSION nonunique ok
[22/76] gra-000227 UNDERSPECIFIED nonunique ok
[23/76] mom-000401 OMISSION nonunique ok
[24/76] mom-000401 UNDERSPECIFIED nonunique ok
[25/76] mom-000395 OMISSION nonunique ok
[26/76] mom-000395 UNDERSPECIFIED nonunique ok
[27/76] mom-000398 OMISSION nonunique ok
[28/76] mom-000398 UNDERSPECIFIED nonunique ok
[29/76] ran-000568 OMISSION nonunique ok
[30/76] ran-000568 UNDERSPECIFIED nonunique ok
[31/76] ran-000575 OMISSION nonunique ok
[32/76] ran-000575 UNDERSPECIFIED nonunique ok
