[1/74] gra-000217 OMISSION self_review ok
[2/74] gra-000217 UNDERSPECIFIED self_review ok
[3/74] crt-000110 OMISSION self_review ok
[4/74] crt-000110 UNDERSPECIFIED self_review ok
[5/74] lin-000254 OMISSION self_review ok
[6/74] lin-000254 UNDERSPECIFIED self_review ok
[7/74] gra-000237 OMISSION self_review ok
[8/74] gra-000237 UNDERSPECIFIED self_review ok
[9/74] crt-000108 OMISSION self_review ok
[10/74] crt-000108 UNDERSPECIFIED self_review ok
[11/74] lin-000293 OMISSION self_review ok
[12/74] lin-000293 UNDERSPECIFIED self_review ok
[13/74] lin-000281 OMISSION self_review ok
[14/74] lin-000281 UNDERSPECIFIED self_review ok
[15/74] ran-000547 OMISSION self_review ok
[16/74] ran-000547 UNDERSPECIFIED self_review ok
[17/74] crt-000065 OMISSION self_review ok
[18/74] crt-000065 UNDERSPECIFIED self_review ok
[19/74] ran-000558 OMISSION self_review ok
[20/74] ran-000558 UNDERSPECIFIED self_review ok
[21/74] crt-000072 OMISSION self_review ok
[22/74] crt-000072 UNDERSPECIFIED self_review ok
[23/74] ran-000573 OMISSION self_review ok
[24/74] ran-000573 UNDERSPECIFIED self_review ok
[25/74] crt-000066 OMISSION self_review ok
[26/74] crt-000066 UNDERSPECIFIED self_review ok
[27/74] ran-000546 OMISSION self_review ok
[28/74] ran-000546 UNDERSPECIFIED self_review ok
[29/74] gra-000232 OMISSION self_review ok
[30/74] gra-000232 UNDERSPECIFIED self_review ok
[31/74] crt-000096 OMISSION self_review ok
[32/74] crt-000096 UNDERSPECIFIED self_review ok
[33/74] crt-000074 OMISSION self_review ok
[34/74] crt-000074 UNDERSPECIFIED self_review ok
[35/74] lin-000280 OMISSION self_review ok
[36/74] lin-000280 UNDERSPECIFIED self_review ok
