[1/74] gra-000208 OMISSION grounded_self_review ok
[2/74] gra-000208 UNDERSPECIFIED grounded_self_review ok
[3/74] crt-000077 OMISSION grounded_self_review ok
[4/74] crt-000077 UNDERSPECIFIED grounded_self_review ok
[5/74] gra-000191 OMISSION grounded_self_review ok
[6/74] gra-000191 UNDERSPECIFIED grounded_self_review ok
[7/74] ran-000557 OMISSION grounded_self_review ok
[8/74] ran-000557 UNDERSPECIFIED grounded_self_review ok
[9/74] crt-000117 OMISSION grounded_self_review ok
[10/74] crt-000117 UNDERSPECIFIED grounded_self_review ok
[11/74] lin-000291 OMISSION grounded_self_review ok
[12/74] lin-000291 UNDERSPECIFIED grounded_self_review ok
[13/74] crt-000075 OMISSION grounded_self_review ok
[14/74] crt-000075 UNDERSPECIFIED grounded_self_review ok
[15/74] gra-000211 OMISSION grounded_self_review ok
[16/74] gra-000211 UNDERSPECIFIED grounded_self_review ok
[17/74] gra-000195 OMISSION grounded_self_review ok
[18/74] gra-000195 UNDERSPECIFIED grounded_self_review ok
[19/74] gra-000239 OMISSION grounded_self_review ok
[20/74] gra-000239 UNDERSPECIFIED grounded_self_review ok
[21/74] crt-000080 OMISSION grounded_self_review ok
[22/74] crt-000080 UNDERSPECIFIED grounded_self_review ok
[23/74] crt-000064 OMISSION grounded_self_review ok
[24/74] crt-000064 UNDERSPECIFIED grounded_self_review ok
[25/74] lin-000274 OMISSION grounded_self_review ok
[26/74] lin-000274 UNDERSPECIFIED grounded_self_review ok
[27/74] mom-000414 OMISSION grounded_self_review ok
[28/74] mom-000414 UNDERSPECIFIED grounded_self_review ok
[29/74] gra-000193 OMISSION grounded_self_review ok
[30/74] gra-000193 UNDERSPECIFIED grounded_self_review ok
[31/74] gra-000206 OMISSION grounded_self_review ok
[32/74] gra-000206 UNDERSPECIFIED grounded_self_review ok
[33/74] crt-000103 OMISSION grounded_self_review ok
[34/74] crt-000103 UNDERSPECIFIED grounded_self_review ok
[35/74] lin-000272 OMISSION grounded_self_review ok
[36/74] lin-000272 UNDERSPECIFIED grounded_self_review ok
[37/74] gra-000202 OMISSION grounded_self_review ok
[38/74] gra-000202 UNDERSPECIFIED grounded_self_review ok
[39/74] mom-000388 OMISSION grounded_self_review ok
[40/74] mom-000388 UNDERSPECIFIED grounded_self_review ok
[41/74] gra-000229 OMISSION grounded_self_review ok
[42/74] gra-000229 UNDERSPECIFIED grounded_self_review ok
[43/74] gra-000192 OMISSION grounded_self_review ok
[44/74] gra-000192 UNDERSPECIFIED grounded_self_review ok
[45/74] lin-000241 OMISSION grounded_self_review ok
[46/74] lin-000241 UNDERSPECIFIED grounded_self_review ok
[47/74] mom-000381 OMISSION grounded_self_review ok
[48/74] mom-000381 UNDERSPECIFIED grounded_self_review ok
[49/74] crt-000095 OMISSION grounded_self_review ok
[50/74] crt-000095 UNDERSPECIFIED grounded_self_review ok
[51/74] crt-000102 OMISSION grounded_self_review ok
[52/74] crt-000102 UNDERSPECIFIED grounded_self_review ok
[53/74] mom-000371 OMISSION grounded_self_review ok
[54/74] mom-000371 UNDERSPECIFIED grounded_self_review ok
[55/74] crt-000076 OMISSION grounded_self_review ok
[56/74] crt-000076 UNDERSPECIFIED grounded_self_review ok
[57/74] lin-000284 OMISSION grounded_self_review ok
[58/74] lin-000284 UNDERSPECIFIED grounded_self_review ok
[59/74] mom-000362 OMISSION grounded_self_review ok
[60/74] mom-000362 UNDERSPECIFIED grounded_self_review ok
[61/74] gra-000235 OMISSION grounded_self_review ok
[62/74] gra-000235 UNDERSPECIFIED grounded_self_review ok
[63/74] mom-000379 OMISSION grounded_self_review ok
[64/74] mom-000379 UNDERSPECIFIED grounded_self_review ok
[65/74] ran-000577 OMISSION grounded_self_review ok
[66/74] ran-000577 UNDERSPECIFIED grounded_self_review ok
[67/74] mom-000365 OMISSION grounded_self_review ok
[68/74] mom-000365 UNDERSPECIFIED grounded_self_review ok
[69/74] gra-000238 OMISSION grounded_self_review ok
[70/74] gra-000238 UNDERSPECIFIED grounded_self_review ok
[71/74] ran-000578 OMISSION grounded_self_review ok
[72/74] ran-000578 UNDERSPECIFIED grounded_self_review ok
[73/74] lin-000246 OMISSION grounded_self_review ok
[74/74] lin-000246 UNDERSPECIFIED grounded_self_review ok
