[1/74] gra-000208 OMISSION nonunique_grounding ok
[2/74] gra-000208 UNDERSPECIFIED nonunique_grounding ok
[3/74] crt-000077 OMISSION nonunique_grounding ok
[4/74] crt-000077 UNDERSPECIFIED nonunique_grounding ok
[5/74] gra-000191 OMISSION nonunique_grounding ok
[6/74] gra-000191 UNDERSPECIFIED nonunique_grounding ok
[7/74] ran-000557 OMISSION nonunique_grounding ok
[8/74] ran-000557 UNDERSPECIFIED nonunique_grounding ok
[9/74] crt-000117 OMISSION nonunique_grounding ok
[10/74] crt-000117 UNDERSPECIFIED nonunique_grounding ok
[11/74] lin-000291 OMISSION nonunique_grounding ok
[12/74] lin-000291 UNDERSPECIFIED nonunique_grounding ok
[13/74] crt-000075 OMISSION nonunique_grounding ok
[14/74] crt-000075 UNDERSPECIFIED nonunique_grounding ok
[15/74] gra-000211 OMISSION nonunique_grounding ok
[16/74] gra-000211 UNDERSPECIFIED nonunique_grounding ok
[17/74] gra-000195 OMISSION nonunique_grounding ok
[18/74] gra-000195 UNDERSPECIFIED nonunique_grounding ok
[19/74] gra-000239 OMISSION nonunique_grounding ok
[20/74] gra-000239 UNDERSPECIFIED nonunique_grounding ok
[21/74] crt-000080 OMISSION nonunique_grounding ok
[22/74] crt-000080 UNDERSPECIFIED nonunique_grounding ok
[23/74] crt-000064 OMISSION nonunique_grounding ok
[24/74] crt-000064 UNDERSPECIFIED nonunique_grounding ok
[25/74] lin-000274 OMISSION nonunique_grounding ok
[26/74] lin-000274 UNDERSPECIFIED nonunique_grounding error
[27/74] mom-000414 OMISSION nonunique_grounding ok
[28/74] mom-000414 UNDERSPECIFIED nonunique_grounding ok
[29/74] gra-000193 OMISSION nonunique_grounding ok
[30/74] gra-000193 UNDERSPECIFIED nonunique_grounding ok
[31/74] gra-000206 OMISSION nonunique_grounding ok
