[1/76] ran-000585 OMISSION nonunique ok
[2/76] ran-000585 UNDERSPECIFIED nonunique ok
[3/76] ran-000545 OMISSION nonunique ok
[4/76] ran-000545 UNDERSPECIFIED nonunique ok
[5/76] lin-000288 OMISSION nonunique ok
[6/76] lin-000288 UNDERSPECIFIED nonunique ok
[7/76] lin-000252 OMISSION nonunique ok
[8/76] lin-000252 UNDERSPECIFIED nonunique ok
[9/76] ran-000540 OMISSION nonunique ok
[10/76] ran-000540 UNDERSPECIFIED nonunique ok
[11/76] lin-000247 OMISSION nonunique ok
[12/76] lin-000247 UNDERSPECIFIED nonunique ok
[13/76] gra-000224 OMISSION nonunique ok
[14/76] gra-000224 UNDERSPECIFIED nonunique ok
[15/76] crt-000071 OMISSION nonunique ok
[16/76] crt-000071 UNDERSPECIFIED nonunique ok
[17/76] crt-000067 OMISSION nonunique ok
[18/76] crt-000067 UNDERSPECIFIED nonunique ok
[19/76] crt-000081 OMISSION nonunique ok
[20/76] crt-000081 UNDERSPECIFIED nonunique ok
[21/76] crt-000083 OMISSION nonunique ok
[22/76] crt-000083 UNDERSPECIFIED nonunique ok
[23/76] mom-000413 OMISSION nonunique ok
[24/76] mom-000413 UNDERSPECIFIED nonunique ok
[25/76] ran-000586 OMISSION nonunique ok
[26/76] ran-000586 UNDERSPECIFIED nonunique ok
[27/76] mom-000360 OMISSION nonunique ok
[28/76] mom-000360 UNDERSPECIFIED nonunique ok
[29/76] crt-000107 OMISSION nonunique ok
[30/76] crt-000107 UNDERSPECIFIED nonunique ok
[31/76] mom-000391 OMISSION nonunique ok
[32/76] mom-000391 UNDERSPECIFIED nonunique ok
[33/76] ran-000593 OMISSION nonunique ok
[34/76] ran-000593 UNDERSPECIFIED nonunique ok
[35/76] mom-000384 OMISSION nonunique ok
[36/76] mom-000384 UNDERSPECIFIED nonunique ok
[37/76] mom-000416 OMISSION nonunique ok
[38/76] mom-000416 UNDERSPECIFIED nonunique ok
[39/76] lin-000294 OMISSION nonunique ok
[40/76] lin-000294 UNDERSPECIFIED nonunique ok
[41/76] mom-000410 OMISSION nonunique ok
[42/76] mom-000410 UNDERSPECIFIED nonunique ok
[43/76] mom-000376 OMISSION nonunique ok
[44/76] mom-000376 UNDERSPECIFIED nonunique ok
[45/76] crt-000079 OMISSION nonunique ok
[46/76] crt-000079 UNDERSPECIFIED nonunique ok
[47/76] lin-000278 OMISSION nonunique ok
[48/76] lin-000278 UNDERSPECIFIED nonunique error
[49/76] ran-000596 OMISSION nonunique ok
[50/76] ran-000596 UNDERSPECIFIED nonunique ok
[51/76] lin-000297 OMISSION nonunique ok
[52/76] lin-000297 UNDERSPECIFIED nonunique ok
[53/76] mom-000389 OMISSION nonunique ok
[54/76] mom-000389 UNDERSPECIFIED nonunique ok
[55/76] lin-000249 OMISSION nonunique ok
[56/76] lin-000249 UNDERSPECIFIED nonunique ok
[57/76] gra-000194 OMISSION nonunique ok
[58/76] gra-000194 UNDERSPECIFIED nonunique ok
[59/76] crt-000060 OMISSION nonunique ok
[60/76] crt-000060 UNDERSPECIFIED nonunique ok
[61/76] gra-000183 OMISSION nonunique ok
[62/76] gra-000183 UNDERSPECIFIED nonunique ok
[63/76] gra-000186 OMISSION nonunique ok
[64/76] gra-000186 UNDERSPECIFIED nonunique ok
[65/76] crt-000100 OMISSION nonunique ok
[66/76] crt-000100 UNDERSPECIFIED nonunique ok
[67/76] mom-000394 OMISSION nonunique ok
[68/76] mom-000394 UNDERSPECIFIED nonunique ok
[69/76] mom-000378 OMISSION nonunique ok
[70/76] mom-000378 UNDERSPECIFIED nonunique ok
[71/76] mom-000368 OMISSION nonunique ok
[72/76] mom-000368 UNDERSPECIFIED nonunique ok
[73/76] mom-000402 OMISSION nonunique ok
[74/76] mom-000402 UNDERSPECIFIED nonunique ok
[75/76] mom-000404 OMISSION nonunique ok
[76/76] mom-000404 UNDERSPECIFIED nonunique ok
