[1/74] gra-000236 OMISSION grounded_self_review ok
[2/74] gra-000236 UNDERSPECIFIED grounded_self_review ok
[3/74] crt-000087 OMISSION grounded_self_review ok
[4/74] crt-000087 UNDERSPECIFIED grounded_self_review ok
[5/74] lin-000255 OMISSION grounded_self_review ok
[6/74] lin-000255 UNDERSPECIFIED grounded_self_review ok
[7/74] gra-000216 OMISSION grounded_self_review ok
[8/74] gra-000216 UNDERSPECIFIED grounded_self_review ok
[9/74] ran-000597 OMISSION grounded_self_review ok
[10/74] ran-000597 UNDERSPECIFIED grounded_self_review ok
[11/74] gra-000190 OMISSION grounded_self_review ok
[12/74] gra-000190 UNDERSPECIFIED grounded_self_review ok
[13/74] crt-000115 OMISSION grounded_self_review ok
[14/74] crt-000115 UNDERSPECIFIED grounded_self_review ok
[15/74] gra-000201 OMISSION grounded_self_review ok
[16/74] gra-000201 UNDERSPECIFIED grounded_self_review ok
[17/74] ran-000588 OMISSION grounded_self_review ok
[18/74] ran-000588 UNDERSPECIFIED grounded_self_review ok
[19/74] crt-000099 OMISSION grounded_self_review ok
[20/74] crt-000099 UNDERSPECIFIED grounded_self_review ok
[21/74] lin-000277 OMISSION grounded_self_review ok
[22/74] lin-000277 UNDERSPECIFIED grounded_self_review ok
[23/74] mom-000393 OMISSION grounded_self_review ok
[24/74] mom-000393 UNDERSPECIFIED grounded_self_review ok
[25/74] gra-000199 OMISSION grounded_self_review ok
[26/74] gra-000199 UNDERSPECIFIED grounded_self_review ok
[27/74] lin-000273 OMISSION grounded_self_review ok
[28/74] lin-000273 UNDERSPECIFIED grounded_self_review ok
[29/74] mom-000406 OMISSION grounded_self_review ok
[30/74] mom-000406 UNDERSPECIFIED grounded_self_review ok
[31/74] gra-000233 OMISSION grounded_self_review ok
[32/74] gra-000233 UNDERSPECIFIED grounded_self_review ok
[33/74] ran-000582 OMISSION grounded_self_review error
[34/74] ran-000582 UNDERSPECIFIED grounded_self_review ok
[35/74] ran-000591 OMISSION grounded_self_review ok
[36/74] ran-000591 UNDERSPECIFIED grounded_self_review ok
[37/74] crt-000069 OMISSION grounded_self_review ok
[38/74] crt-000069 UNDERSPECIFIED grounded_self_review ok
[39/74] gra-000231 OMISSION grounded_self_review ok
[40/74] gra-000231 UNDERSPECIFIED grounded_self_review ok
[41/74] crt-000106 OMISSION grounded_self_review ok
[42/74] crt-000106 UNDERSPECIFIED grounded_self_review ok
[43/74] ran-000590 OMISSION grounded_self_review ok
[44/74] ran-000590 UNDERSPECIFIED grounded_self_review ok
[45/74] ran-000544 OMISSION grounded_self_review ok
[46/74] ran-000544 UNDERSPECIFIED grounded_self_review ok
[47/74] gra-000230 OMISSION grounded_self_review ok
[48/74] gra-000230 UNDERSPECIFIED grounded_self_review ok
[49/74] lin-000276 OMISSION grounded_self_review ok
