[1/76] ran-000570 OMISSION grounded_self_review ok
[2/76] ran-000570 UNDERSPECIFIED grounded_self_review ok
[3/76] gra-000189 OMISSION grounded_self_review ok
[4/76] gra-000189 UNDERSPECIFIED grounded_self_review ok
[5/76] lin-000259 OMISSION grounded_self_review ok
[6/76] lin-000259 UNDERSPECIFIED grounded_self_review ok
[7/76] crt-000062 OMISSION grounded_self_review ok
[8/76] crt-000062 UNDERSPECIFIED grounded_self_review ok
[9/76] crt-000089 OMISSION grounded_self_review ok
[10/76] crt-000089 UNDERSPECIFIED grounded_self_review ok
[11/76] gra-000234 OMISSION grounded_self_review ok
[12/76] gra-000234 UNDERSPECIFIED grounded_self_review ok
[13/76] ran-000565 OMISSION grounded_self_review ok
[14/76] ran-000565 UNDERSPECIFIED grounded_self_review ok
[15/76] lin-000260 OMISSION grounded_self_review ok
[16/76] lin-000260 UNDERSPECIFIED grounded_self_review ok
[17/76] crt-000068 OMISSION grounded_self_review ok
[18/76] crt-000068 UNDERSPECIFIED grounded_self_review ok
[19/76] crt-000097 OMISSION grounded_self_review ok
[20/76] crt-000097 UNDERSPECIFIED grounded_self_review ok
[21/76] mom-000409 OMISSION grounded_self_review ok
[22/76] mom-000409 UNDERSPECIFIED grounded_self_review ok
[23/76] ran-000542 OMISSION grounded_self_review ok
[24/76] ran-000542 UNDERSPECIFIED grounded_self_review ok
[25/76] gra-000184 OMISSION grounded_self_review ok
[26/76] gra-000184 UNDERSPECIFIED grounded_self_review ok
[27/76] lin-000257 OMISSION grounded_self_review ok
[28/76] lin-000257 UNDERSPECIFIED grounded_self_review ok
[29/76] lin-000268 OMISSION grounded_self_review ok
[30/76] lin-000268 UNDERSPECIFIED grounded_self_review ok
[31/76] lin-000296 OMISSION grounded_self_review ok
[32/76] lin-000296 UNDERSPECIFIED grounded_self_review ok
[33/76] ran-000599 OMISSION grounded_self_review ok
[34/76] ran-000599 UNDERSPECIFIED grounded_self_review ok
[35/76] mom-000361 OMISSION grounded_self_review ok
[36/76] mom-000361 UNDERSPECIFIED grounded_self_review ok
[37/76] gra-000228 OMISSION grounded_self_review ok
[38/76] gra-000228 UNDERSPECIFIED grounded_self_review ok
[39/76] ran-000552 OMISSION grounded_self_review ok
[40/76] ran-000552 UNDERSPECIFIED grounded_self_review ok
[41/76] gra-000225 OMISSION grounded_self_review ok
[42/76] gra-000225 UNDERSPECIFIED grounded_self_review ok
[43/76] ran-000553 OMISSION grounded_self_review ok
[44/76] ran-000553 UNDERSPECIFIED grounded_self_review ok
[45/76] crt-000061 OMISSION grounded_self_review ok
[46/76] crt-000061 UNDERSPECIFIED grounded_self_review ok
