[1/74] gra-000236 OMISSION nonunique_grounding ok
[2/74] gra-000236 UNDERSPECIFIED nonunique_grounding ok
[3/74] crt-000087 OMISSION nonunique_grounding ok
[4/74] crt-000087 UNDERSPECIFIED nonunique_grounding ok
[5/74] lin-000255 OMISSION nonunique_grounding ok
[6/74] lin-000255 UNDERSPECIFIED nonunique_grounding ok
[7/74] gra-000216 OMISSION nonunique_grounding ok
[8/74] gra-000216 UNDERSPECIFIED nonunique_grounding ok
[9/74] ran-000597 OMISSION nonunique_grounding ok
[10/74] ran-000597 UNDERSPECIFIED nonunique_grounding ok
[11/74] gra-000190 OMISSION nonunique_grounding ok
[12/74] gra-000190 UNDERSPECIFIED nonunique_grounding ok
[13/74] crt-000115 OMISSION nonunique_grounding ok
[14/74] crt-000115 UNDERSPECIFIED nonunique_grounding ok
[15/74] gra-000201 OMISSION nonunique_grounding ok
[16/74] gra-000201 UNDERSPECIFIED nonunique_grounding ok
[17/74] ran-000588 OMISSION nonunique_grounding ok
[18/74] ran-000588 UNDERSPECIFIED nonunique_grounding ok
[19/74] crt-000099 OMISSION nonunique_grounding error
[20/74] crt-000099 UNDERSPECIFIED nonunique_grounding ok
[21/74] lin-000277 OMISSION nonunique_grounding ok
[22/74] lin-000277 UNDERSPECIFIED nonunique_grounding ok
[23/74] mom-000393 OMISSION nonunique_grounding ok
[24/74] mom-000393 UNDERSPECIFIED nonunique_grounding ok
[25/74] gra-000199 OMISSION nonunique_grounding ok
[26/74] gra-000199 UNDERSPECIFIED nonunique_grounding ok
[27/74] lin-000273 OMISSION nonunique_grounding ok
[28/74] lin-000273 UNDERSPECIFIED nonunique_grounding ok
[29/74] mom-000406 OMISSION nonunique_grounding ok
[30/74] mom-000406 UNDERSPECIFIED nonunique_grounding ok
[31/74] gra-000233 OMISSION nonunique_grounding ok
[32/74] gra-000233 UNDERSPECIFIED nonunique_grounding ok
[33/74] ran-000582 OMISSION nonunique_grounding ok
[34/74] ran-000582 UNDERSPECIFIED nonunique_grounding ok
[35/74] ran-000591 OMISSION nonunique_grounding ok
[36/74] ran-000591 UNDERSPECIFIED nonunique_grounding ok
[37/74] crt-000069 OMISSION nonunique_grounding ok
[38/74] crt-000069 UNDERSPECIFIED nonunique_grounding ok
[39/74] gra-000231 OMISSION nonunique_grounding ok
[40/74] gra-000231 UNDERSPECIFIED nonunique_grounding ok
[41/74] crt-000106 OMISSION nonunique_grounding ok
[42/74] crt-000106 UNDERSPECIFIED nonunique_grounding ok
[43/74] ran-000590 OMISSION nonunique_grounding ok
[44/74] ran-000590 UNDERSPECIFIED nonunique_grounding ok
[45/74] ran-000544 OMISSION nonunique_grounding ok
[46/74] ran-000544 UNDERSPECIFIED nonunique_grounding ok
[47/74] gra-000230 OMISSION nonunique_grounding ok
[48/74] gra-000230 UNDERSPECIFIED nonunique_grounding ok
[49/74] lin-000276 OMISSION nonunique_grounding ok
[50/74] lin-000276 UNDERSPECIFIED nonunique_grounding ok
[51/74] ran-000551 OMISSION nonunique_grounding ok
[52/74] ran-000551 UNDERSPECIFIED nonunique_grounding ok
[53/74] mom-000397 OMISSION nonunique_grounding ok
[54/74] mom-000397 UNDERSPECIFIED nonunique_grounding ok
[55/74] ran-000580 OMISSION nonunique_grounding ok
[56/74] ran-000580 UNDERSPECIFIED nonunique_grounding ok
[57/74] crt-000104 OMISSION nonunique_grounding ok
[58/74] crt-000104 UNDERSPECIFIED nonunique_grounding ok
[59/74] gra-000197 OMISSION nonunique_grounding ok
[60/74] gra-000197 UNDERSPECIFIED nonunique_grounding ok
[61/74] mom-000383 OMISSION nonunique_grounding ok
[62/74] mom-000383 UNDERSPECIFIED nonunique_grounding ok
[63/74] gra-000185 OMISSION nonunique_grounding ok
[64/74] gra-000185 UNDERSPECIFIED nonunique_grounding ok
[65/74] lin-000295 OMISSION nonunique_grounding ok
[66/74] lin-000295 UNDERSPECIFIED nonunique_grounding ok
[67/74] gra-000218 OMISSION nonunique_grounding ok
[68/74] gra-000218 UNDERSPECIFIED nonunique_grounding ok
[69/74] lin-000263 OMISSION nonunique_grounding ok
[70/74] lin-000263 UNDERSPECIFIED nonunique_grounding ok
[71/74] gra-000196 OMISSION nonunique_grounding ok
[72/74] gra-000196 UNDERSPECIFIED nonunique_grounding ok
[73/74] mom-000403 OMISSION nonunique_grounding ok
[74/74] mom-000403 UNDERSPECIFIED nonunique_grounding ok
