[1/74] lin-000279 OMISSION nonunique ok
[2/74] lin-000279 UNDERSPECIFIED nonunique ok
[3/74] lin-000244 OMISSION nonunique ok
[4/74] lin-000244 UNDERSPECIFIED nonunique ok
[5/74] crt-000078 OMISSION nonunique ok
[6/74] crt-000078 UNDERSPECIFIED nonunique ok
[7/74] ran-000564 OMISSION nonunique ok
[8/74] ran-000564 UNDERSPECIFIED nonunique ok
[9/74] ran-000595 OMISSION nonunique ok
[10/74] ran-000595 UNDERSPECIFIED nonunique ok
[11/74] ran-000543 OMISSION nonunique ok
[12/74] ran-000543 UNDERSPECIFIED nonunique ok
[13/74] ran-000579 OMISSION nonunique ok
[14/74] ran-000579 UNDERSPECIFIED nonunique ok
[15/74] ran-000550 OMISSION nonunique ok
[16/74] ran-000550 UNDERSPECIFIED nonunique ok
[17/74] gra-000209 OMISSION nonunique ok
[18/74] gra-000209 UNDERSPECIFIED nonunique ok
[19/74] lin-000261 OMISSION nonunique ok
[20/74] lin-000261 UNDERSPECIFIED nonunique ok
[21/74] lin-000258 OMISSION nonunique ok
[22/74] lin-000258 UNDERSPECIFIED nonunique ok
[23/74] gra-000200 OMISSION nonunique ok
[24/74] gra-000200 UNDERSPECIFIED nonunique ok
[25/74] lin-000285 OMISSION nonunique ok
[26/74] lin-000285 UNDERSPECIFIED nonunique ok
[27/74] crt-000118 OMISSION nonunique ok
[28/74] crt-000118 UNDERSPECIFIED nonunique ok
[29/74] gra-000212 OMISSION nonunique ok
[30/74] gra-000212 UNDERSPECIFIED nonunique ok
[31/74] lin-000242 OMISSION nonunique ok
[32/74] lin-000242 UNDERSPECIFIED nonunique ok
[33/74] lin-000250 OMISSION nonunique ok
[34/74] lin-000250 UNDERSPECIFIED nonunique ok
[35/74] crt-000109 OMISSION nonunique ok
[36/74] crt-000109 UNDERSPECIFIED nonunique ok
[37/74] ran-000587 OMISSION nonunique ok
[38/74] ran-000587 UNDERSPECIFIED nonunique ok
[39/74] lin-000266 OMISSION nonunique ok
[40/74] lin-000266 UNDERSPECIFIED nonunique ok
[41/74] crt-000119 OMISSION nonunique ok
[42/74] crt-000119 UNDERSPECIFIED nonunique ok
[43/74] lin-000290 OMISSION nonunique ok
[44/74] lin-000290 UNDERSPECIFIED nonunique ok
[45/74] mom-000390 OMISSION nonunique ok
