[1/76] crt-000094 OMISSION nonunique_grounding ok
[2/76] crt-000094 UNDERSPECIFIED nonunique_grounding ok
[3/76] crt-000070 OMISSION nonunique_grounding ok
[4/76] crt-000070 UNDERSPECIFIED nonunique_grounding ok
[5/76] lin-000253 OMISSION nonunique_grounding ok
[6/76] lin-000253 UNDERSPECIFIED nonunique_grounding ok
[7/76] ran-000589 OMISSION nonunique_grounding ok
[8/76] ran-000589 UNDERSPECIFIED nonunique_grounding ok
[9/76] lin-000292 OMISSION nonunique_grounding ok
[10/76] lin-000292 UNDERSPECIFIED nonunique_grounding ok
[11/76] gra-000213 OMISSION nonunique_grounding ok
[12/76] gra-000213 UNDERSPECIFIED nonunique_grounding ok
[13/76] ran-000563 OMISSION nonunique_grounding ok
[14/76] ran-000563 UNDERSPECIFIED nonunique_grounding ok
[15/76] ran-000548 OMISSION nonunique_grounding ok
[16/76] ran-000548 UNDERSPECIFIED nonunique_grounding ok
[17/76] lin-000275 OMISSION nonunique_grounding ok
[18/76] lin-000275 UNDERSPECIFIED nonunique_grounding ok
[19/76] ran-000541 OMISSION nonunique_grounding ok
[20/76] ran-000541 UNDERSPECIFIED nonunique_grounding ok
[21/76] ran-000592 OMISSION nonunique_grounding ok
[22/76] ran-000592 UNDERSPECIFIED nonunique_grounding ok
[23/76] gra-000223 OMISSION nonunique_grounding ok
[24/76] gra-000223 UNDERSPECIFIED nonunique_grounding ok
[25/76] mom-000400 OMISSION nonunique_grounding ok
[26/76] mom-000400 UNDERSPECIFIED nonunique_grounding ok
[27/76] crt-000084 OMISSION nonunique_grounding ok
[28/76] crt-000084 UNDERSPECIFIED nonunique_grounding ok
[29/76] lin-000265 OMISSION nonunique_grounding ok
[30/76] lin-000265 UNDERSPECIFIED nonunique_grounding ok
[31/76] ran-000576 OMISSION nonunique_grounding ok
[32/76] ran-000576 UNDERSPECIFIED nonunique_grounding ok
[33/76] mom-000375 OMISSION nonunique_grounding ok
[34/76] mom-000375 UNDERSPECIFIED nonunique_grounding ok
[35/76] lin-000243 OMISSION nonunique_grounding ok
[36/76] lin-000243 UNDERSPECIFIED nonunique_grounding ok
[37/76] gra-000203 OMISSION nonunique_grounding ok
[38/76] gra-000203 UNDERSPECIFIED nonunique_grounding ok
[39/76] crt-000111 OMISSION nonunique_grounding ok
[40/76] crt-000111 UNDERSPECIFIED nonunique_grounding ok
[41/76] gra-000188 OMISSION nonunique_grounding ok
[42/76] gra-000188 UNDERSPECIFIED nonunique_grounding ok
[43/76] crt-000082 OMISSION nonunique_grounding ok
[44/76] crt-000082 UNDERSPECIFIED nonunique_grounding ok
[45/76] gra-000207 OMISSION nonunique_grounding ok
[46/76] gra-000207 UNDERSPECIFIED nonunique_grounding ok
[47/76] lin-000267 OMISSION nonunique_grounding ok
[48/76] lin-000267 UNDERSPECIFIED nonunique_grounding ok
[49/76] ran-000569 OMISSION nonunique_grounding ok
[50/76] ran-000569 UNDERSPECIFIED nonunique_grounding ok
[51/76] mom-000392 OMISSION nonunique_grounding ok
[52/76] mom-000392 UNDERSPECIFIED nonunique_grounding ok
[53/76] mom-000363 OMISSION nonunique_grounding ok
[54/76] mom-000363 UNDERSPECIFIED nonunique_grounding ok
[55/76] mom-000419 OMISSION nonunique_grounding ok
[56/76] mom-000419 UNDERSPECIFIED nonunique_grounding ok
[57/76] mom-000380 OMISSION nonunique_grounding ok
[58/76] mom-000380 UNDERSPECIFIED nonunique_grounding ok
[59/76] lin-000271 OMISSION nonunique_grounding ok
[60/76] lin-000271 UNDERSPECIFIED nonunique_grounding ok
[61/76] ran-000572 OMISSION nonunique_grounding ok
[62/76] ran-000572 UNDERSPECIFIED nonunique_grounding ok
[63/76] mom-000411 OMISSION nonunique_grounding ok
[64/76] mom-000411 UNDERSPECIFIED nonunique_grounding ok
[65/76] crt-000112 OMISSION nonunique_grounding ok
[66/76] crt-000112 UNDERSPECIFIED nonunique_grounding ok
[67/76] lin-000251 OMISSION nonunique_grounding ok
[68/76] lin-000251 UNDERSPECIFIED nonunique_grounding ok
[69/76] gra-000181 OMISSION nonunique_grounding ok
[70/76] gra-000181 UNDERSPECIFIED nonunique_grounding ok
[71/76] mom-000364 OMISSION nonunique_grounding ok
[72/76] mom-000364 UNDERSPECIFIED nonunique_grounding ok
[73/76] mom-000399 OMISSION nonunique_grounding ok
[74/76] mom-000399 UNDERSPECIFIED nonunique_grounding ok
[75/76] mom-000386 OMISSION nonunique_grounding ok
[76/76] mom-000386 UNDERSPECIFIED nonunique_grounding ok
