[1/74] lin-000279 OMISSION grounded_self_review ok
[2/74] lin-000279 UNDERSPECIFIED grounded_self_review ok
[3/74] lin-000244 OMISSION grounded_self_review ok
[4/74] lin-000244 UNDERSPECIFIED grounded_self_review ok
[5/74] crt-000078 OMISSION grounded_self_review ok
[6/74] crt-000078 UNDERSPECIFIED grounded_self_review ok
[7/74] ran-000564 OMISSION grounded_self_review ok
[8/74] ran-000564 UNDERSPECIFIED grounded_self_review ok
[9/74] ran-000595 OMISSION grounded_self_review ok
[10/74] ran-000595 UNDERSPECIFIED grounded_self_review ok
[11/74] ran-000543 OMISSION grounded_self_review ok
[12/74] ran-000543 UNDERSPECIFIED grounded_self_review ok
[13/74] ran-000579 OMISSION grounded_self_review ok
[14/74] ran-000579 UNDERSPECIFIED grounded_self_review ok
[15/74] ran-000550 OMISSION grounded_self_review ok
[16/74] ran-000550 UNDERSPECIFIED grounded_self_review ok
[17/74] gra-000209 OMISSION grounded_self_review ok
[18/74] gra-000209 UNDERSPECIFIED grounded_self_review ok
[19/74] lin-000261 OMISSION grounded_self_review ok
[20/74] lin-000261 UNDERSPECIFIED grounded_self_review ok
[21/74] lin-000258 OMISSION grounded_self_review ok
[22/74] lin-000258 UNDERSPECIFIED grounded_self_review ok
[23/74] gra-000200 OMISSION grounded_self_review ok
[24/74] gra-000200 UNDERSPECIFIED grounded_self_review ok
[25/74] lin-000285 OMISSION grounded_self_review ok
[26/74] lin-000285 UNDERSPECIFIED grounded_self_review ok
[27/74] crt-000118 OMISSION grounded_self_review ok
[28/74] crt-000118 UNDERSPECIFIED grounded_self_review ok
[29/74] gra-000212 OMISSION grounded_self_review ok
[30/74] gra-000212 UNDERSPECIFIED grounded_self_review ok
[31/74] lin-000242 OMISSION grounded_self_review ok
[32/74] lin-000242 UNDERSPECIFIED grounded_self_review ok
[33/74] lin-000250 OMISSION grounded_self_review ok
[34/74] lin-000250 UNDERSPECIFIED grounded_self_review ok
[35/74] crt-000109 OMISSION grounded_self_review ok
[36/74] crt-000109 UNDERSPECIFIED grounded_self_review ok
[37/74] ran-000587 OMISSION grounded_self_review ok
[38/74] ran-000587 UNDERSPECIFIED grounded_self_review ok
[39/74] lin-000266 OMISSION grounded_self_review ok
[40/74] lin-000266 UNDERSPECIFIED grounded_self_review ok
[41/74] crt-000119 OMISSION grounded_self_review ok
[42/74] crt-000119 UNDERSPECIFIED grounded_self_review ok
[43/74] lin-000290 OMISSION grounded_self_review ok
[44/74] lin-000290 UNDERSPECIFIED grounded_self_review ok
[45/74] mom-000390 OMISSION grounded_self_review ok
[46/74] mom-000390 UNDERSPECIFIED grounded_self_review ok
[47/74] gra-000219 OMISSION grounded_self_review ok
[48/74] gra-000219 UNDERSPECIFIED grounded_self_review ok
[49/74] gra-000205 OMISSION grounded_self_review ok
[50/74] gra-000205 UNDERSPECIFIED grounded_self_review ok
[51/74] ran-000598 OMISSION grounded_self_review ok
[52/74] ran-000598 UNDERSPECIFIED grounded_self_review ok
