[1/76] ran-000585 OMISSION self_review ok
[2/76] ran-000585 UNDERSPECIFIED self_review ok
[3/76] ran-000545 OMISSION self_review ok
[4/76] ran-000545 UNDERSPECIFIED self_review ok
[5/76] lin-000288 OMISSION self_review ok
[6/76] lin-000288 UNDERSPECIFIED self_review ok
[7/76] lin-000252 OMISSION self_review ok
[8/76] lin-000252 UNDERSPECIFIED self_review ok
[9/76] ran-000540 OMISSION self_review ok
[10/76] ran-000540 UNDERSPECIFIED self_review ok
[11/76] lin-000247 OMISSION self_review ok
[12/76] lin-000247 UNDERSPECIFIED self_review ok
[13/76] gra-000224 OMISSION self_review error
[14/76] gra-000224 UNDERSPECIFIED self_review ok
[15/76] crt-000071 OMISSION self_review ok
[16/76] crt-000071 UNDERSPECIFIED self_review ok
[17/76] crt-000067 OMISSION self_review ok
[18/76] crt-000067 UNDERSPECIFIED self_review ok
[19/76] crt-000081 OMISSION self_review ok
[20/76] crt-000081 UNDERSPECIFIED self_review ok
[21/76] crt-000083 OMISSION self_review ok
[22/76] crt-000083 UNDERSPECIFIED self_review ok
[23/76] mom-000413 OMISSION self_review ok
[24/76] mom-000413 UNDERSPECIFIED self_review ok
[25/76] ran-000586 OMISSION self_review ok
[26/76] ran-000586 UNDERSPECIFIED self_review ok
[27/76] mom-000360 OMISSION self_review ok
[28/76] mom-000360 UNDERSPECIFIED self_review ok
[29/76] crt-000107 OMISSION self_review ok
[30/76] crt-000107 UNDERSPECIFIED self_review ok
[31/76] mom-000391 OMISSION self_review ok
[32/76] mom-000391 UNDERSPECIFIED self_review ok
[33/76] ran-000593 OMISSION self_review ok
[34/76] ran-000593 UNDERSPECIFIED self_review ok
[35/76] mom-000384 OMISSION self_review ok
[36/76] mom-000384 UNDERSPECIFIED self_review ok
[37/76] mom-000416 OMISSION self_review ok
[38/76] mom-000416 UNDERSPECIFIED self_review ok
[39/76] lin-000294 OMISSION self_review ok
[40/76] lin-000294 UNDERSPECIFIED self_review ok
[41/76] mom-000410 OMISSION self_review ok
[42/76] mom-000410 UNDERSPECIFIED self_review ok
[43/76] mom-000376 OMISSION self_review ok
[44/76] mom-000376 UNDERSPECIFIED self_review ok
[45/76] crt-000079 OMISSION self_review ok
[46/76] crt-000079 UNDERSPECIFIED self_review ok
[47/76] lin-000278 OMISSION self_review ok
[48/76] lin-000278 UNDERSPECIFIED self_review ok
[49/76] ran-000596 OMISSION self_review ok
