[1/76] ran-000570 OMISSION self_review ok
[2/76] ran-000570 UNDERSPECIFIED self_review error
[3/76] gra-000189 OMISSION self_review ok
[4/76] gra-000189 UNDERSPECIFIED self_review ok
[5/76] lin-000259 OMISSION self_review ok
[6/76] lin-000259 UNDERSPECIFIED self_review ok
[7/76] crt-000062 OMISSION self_review ok
[8/76] crt-000062 UNDERSPECIFIED self_review ok
[9/76] crt-000089 OMISSION self_review ok
[10/76] crt-000089 UNDERSPECIFIED self_review ok
[11/76] gra-000234 OMISSION self_review ok
[12/76] gra-000234 UNDERSPECIFIED self_review ok
[13/76] ran-000565 OMISSION self_review ok
[14/76] ran-000565 UNDERSPECIFIED self_review ok
[15/76] lin-000260 OMISSION self_review ok
[16/76] lin-000260 UNDERSPECIFIED self_review ok
[17/76] crt-000068 OMISSION self_review ok
[18/76] crt-000068 UNDERSPECIFIED self_review ok
[19/76] crt-000097 OMISSION self_review ok
[20/76] crt-000097 UNDERSPECIFIED self_review ok
[21/76] mom-000409 OMISSION self_review ok
[22/76] mom-000409 UNDERSPECIFIED self_review ok
[23/76] ran-000542 OMISSION self_review ok
[24/76] ran-000542 UNDERSPECIFIED self_review ok
[25/76] gra-000184 OMISSION self_review ok
[26/76] gra-000184 UNDERSPECIFIED self_review ok
[27/76] lin-000257 OMISSION self_review ok
[28/76] lin-000257 UNDERSPECIFIED self_review ok
[29/76] lin-000268 OMISSION self_review ok
[30/76] lin-000268 UNDERSPECIFIED self_review ok
[31/76] lin-000296 OMISSION self_review ok
[32/76] lin-000296 UNDERSPECIFIED self_review ok
[33/76] ran-000599 OMISSION self_review ok
[34/76] ran-000599 UNDERSPECIFIED self_review ok
[35/76] mom-000361 OMISSION self_review ok
[36/76] mom-000361 UNDERSPECIFIED self_review ok
[37/76] gra-000228 OMISSION self_review ok
[38/76] gra-000228 UNDERSPECIFIED self_review ok
[39/76] ran-000552 OMISSION self_review ok
[40/76] ran-000552 UNDERSPECIFIED self_review ok
[41/76] gra-000225 OMISSION self_review ok
[42/76] gra-000225 UNDERSPECIFIED self_review ok
