[1/76] ran-000585 OMISSION nonunique_grounding ok
[2/76] ran-000585 UNDERSPECIFIED nonunique_grounding ok
[3/76] ran-000545 OMISSION nonunique_grounding ok
[4/76] ran-000545 UNDERSPECIFIED nonunique_grounding ok
[5/76] lin-000288 OMISSION nonunique_grounding ok
[6/76] lin-000288 UNDERSPECIFIED nonunique_grounding ok
[7/76] lin-000252 OMISSION nonunique_grounding ok
[8/76] lin-000252 UNDERSPECIFIED nonunique_grounding ok
[9/76] ran-000540 OMISSION nonunique_grounding ok
[10/76] ran-000540 UNDERSPECIFIED nonunique_grounding ok
[11/76] lin-000247 OMISSION nonunique_grounding ok
[12/76] lin-000247 UNDERSPECIFIED nonunique_grounding ok
[13/76] gra-000224 OMISSION nonunique_grounding ok
[14/76] gra-000224 UNDERSPECIFIED nonunique_grounding ok
[15/76] crt-000071 OMISSION nonunique_grounding ok
[16/76] crt-000071 UNDERSPECIFIED nonunique_grounding ok
[17/76] crt-000067 OMISSION nonunique_grounding ok
[18/76] crt-000067 UNDERSPECIFIED nonunique_grounding ok
[19/76] crt-000081 OMISSION nonunique_grounding ok
[20/76] crt-000081 UNDERSPECIFIED nonunique_grounding ok
[21/76] crt-000083 OMISSION nonunique_grounding ok
[22/76] crt-000083 UNDERSPECIFIED nonunique_grounding ok
[23/76] mom-000413 OMISSION nonunique_grounding ok
[24/76] mom-000413 UNDERSPECIFIED nonunique_grounding ok
[25/76] ran-000586 OMISSION nonunique_grounding ok
[26/76] ran-000586 UNDERSPECIFIED nonunique_grounding ok
[27/76] mom-000360 OMISSION nonunique_grounding ok
[28/76] mom-000360 UNDERSPECIFIED nonunique_grounding ok
[29/76] crt-000107 OMISSION nonunique_grounding ok
[30/76] crt-000107 UNDERSPECIFIED nonunique_grounding ok
[31/76] mom-000391 OMISSION nonunique_grounding ok
[32/76] mom-000391 UNDERSPECIFIED nonunique_grounding ok
[33/76] ran-000593 OMISSION nonunique_grounding ok
[34/76] ran-000593 UNDERSPECIFIED nonunique_grounding ok
[35/76] mom-000384 OMISSION nonunique_grounding ok
[36/76] mom-000384 UNDERSPECIFIED nonunique_grounding ok
[37/76] mom-000416 OMISSION nonunique_grounding ok
[38/76] mom-000416 UNDERSPECIFIED nonunique_grounding ok
[39/76] lin-000294 OMISSION nonunique_grounding ok
[40/76] lin-000294 UNDERSPECIFIED nonunique_grounding ok
[41/76] mom-000410 OMISSION nonunique_grounding ok
[42/76] mom-000410 UNDERSPECIFIED nonunique_grounding ok
[43/76] mom-000376 OMISSION nonunique_grounding ok
[44/76] mom-000376 UNDERSPECIFIED nonunique_grounding ok
[45/76] crt-000079 OMISSION nonunique_grounding ok
[46/76] crt-000079 UNDERSPECIFIED nonunique_grounding ok
[47/76] lin-000278 OMISSION nonunique_grounding ok
[48/76] lin-000278 UNDERSPECIFIED nonunique_grounding ok
[49/76] ran-000596 OMISSION nonunique_grounding ok
[50/76] ran-000596 UNDERSPECIFIED nonunique_grounding ok
[51/76] lin-000297 OMISSION nonunique_grounding ok
[52/76] lin-000297 UNDERSPECIFIED nonunique_grounding ok
[53/76] mom-000389 OMISSION nonunique_grounding ok
[54/76] mom-000389 UNDERSPECIFIED nonunique_grounding ok
[55/76] lin-000249 OMISSION nonunique_grounding ok
[56/76] lin-000249 UNDERSPECIFIED nonunique_grounding ok
[57/76] gra-000194 OMISSION nonunique_grounding ok
[58/76] gra-000194 UNDERSPECIFIED nonunique_grounding ok
[59/76] crt-000060 OMISSION nonunique_grounding ok
[60/76] crt-000060 UNDERSPECIFIED nonunique_grounding ok
[61/76] gra-000183 OMISSION nonunique_grounding ok
[62/76] gra-000183 UNDERSPECIFIED nonunique_grounding ok
[63/76] gra-000186 OMISSION nonunique_grounding ok
[64/76] gra-000186 UNDERSPECIFIED nonunique_grounding ok
[65/76] crt-000100 OMISSION nonunique_grounding ok
[66/76] crt-000100 UNDERSPECIFIED nonunique_grounding ok
[67/76] mom-000394 OMISSION nonunique_grounding ok
[68/76] mom-000394 UNDERSPECIFIED nonunique_grounding ok
[69/76] mom-000378 OMISSION nonunique_grounding ok
[70/76] mom-000378 UNDERSPECIFIED nonunique_grounding ok
[71/76] mom-000368 OMISSION nonunique_grounding ok
[72/76] mom-000368 UNDERSPECIFIED nonunique_grounding ok
[73/76] mom-000402 OMISSION nonunique_grounding ok
[74/76] mom-000402 UNDERSPECIFIED nonunique_grounding ok
[75/76] mom-000404 OMISSION nonunique_grounding ok
[76/76] mom-000404 UNDERSPECIFIED nonunique_grounding ok
