[1/76] ran-000570 OMISSION nonunique_grounding ok
[2/76] ran-000570 UNDERSPECIFIED nonunique_grounding ok
[3/76] gra-000189 OMISSION nonunique_grounding ok
[4/76] gra-000189 UNDERSPECIFIED nonunique_grounding ok
[5/76] lin-000259 OMISSION nonunique_grounding ok
[6/76] lin-000259 UNDERSPECIFIED nonunique_grounding ok
[7/76] crt-000062 OMISSION nonunique_grounding ok
[8/76] crt-000062 UNDERSPECIFIED nonunique_grounding ok
[9/76] crt-000089 OMISSION nonunique_grounding ok
[10/76] crt-000089 UNDERSPECIFIED nonunique_grounding ok
[11/76] gra-000234 OMISSION nonunique_grounding ok
[12/76] gra-000234 UNDERSPECIFIED nonunique_grounding ok
[13/76] ran-000565 OMISSION nonunique_grounding ok
[14/76] ran-000565 UNDERSPECIFIED nonunique_grounding ok
[15/76] lin-000260 OMISSION nonunique_grounding ok
[16/76] lin-000260 UNDERSPECIFIED nonunique_grounding ok
[17/76] crt-000068 OMISSION nonunique_grounding ok
[18/76] crt-000068 UNDERSPECIFIED nonunique_grounding ok
[19/76] crt-000097 OMISSION nonunique_grounding ok
[20/76] crt-000097 UNDERSPECIFIED nonunique_grounding ok
[21/76] mom-000409 OMISSION nonunique_grounding ok
[22/76] mom-000409 UNDERSPECIFIED nonunique_grounding ok
[23/76] ran-000542 OMISSION nonunique_grounding ok
[24/76] ran-000542 UNDERSPECIFIED nonunique_grounding ok
[25/76] gra-000184 OMISSION nonunique_grounding ok
[26/76] gra-000184 UNDERSPECIFIED nonunique_grounding ok
[27/76] lin-000257 OMISSION nonunique_grounding ok
[28/76] lin-000257 UNDERSPECIFIED nonunique_grounding ok
[29/76] lin-000268 OMISSION nonunique_grounding ok
[30/76] lin-000268 UNDERSPECIFIED nonunique_grounding ok
[31/76] lin-000296 OMISSION nonunique_grounding ok
[32/76] lin-000296 UNDERSPECIFIED nonunique_grounding ok
[33/76] ran-000599 OMISSION nonunique_grounding ok
[34/76] ran-000599 UNDERSPECIFIED nonunique_grounding ok
[35/76] mom-000361 OMISSION nonunique_grounding ok
[36/76] mom-000361 UNDERSPECIFIED nonunique_grounding ok
[37/76] gra-000228 OMISSION nonunique_grounding ok
[38/76] gra-000228 UNDERSPECIFIED nonunique_grounding error
[39/76] ran-000552 OMISSION nonunique_grounding ok
[40/76] ran-000552 UNDERSPECIFIED nonunique_grounding ok
[41/76] gra-000225 OMISSION nonunique_grounding ok
[42/76] gra-000225 UNDERSPECIFIED nonunique_grounding ok
[43/76] ran-000553 OMISSION nonunique_grounding ok
[44/76] ran-000553 UNDERSPECIFIED nonunique_grounding ok
[45/76] crt-000061 OMISSION nonunique_grounding ok
[46/76] crt-000061 UNDERSPECIFIED nonunique_grounding ok
[47/76] mom-000374 OMISSION nonunique_grounding ok
[48/76] mom-000374 UNDERSPECIFIED nonunique_grounding ok
[49/76] crt-000092 OMISSION nonunique_grounding ok
[50/76] crt-000092 UNDERSPECIFIED nonunique_grounding ok
[51/76] ran-000566 OMISSION nonunique_grounding ok
[52/76] ran-000566 UNDERSPECIFIED nonunique_grounding ok
[53/76] mom-000370 OMISSION nonunique_grounding ok
