[1/76] gra-000198 OMISSION grounded_self_review ok
[2/76] gra-000198 UNDERSPECIFIED grounded_self_review ok
[3/76] lin-000245 OMISSION grounded_self_review ok
[4/76] lin-000245 UNDERSPECIFIED grounded_self_review ok
[5/76] ran-000554 OMISSION grounded_self_review ok
[6/76] ran-000554 UNDERSPECIFIED grounded_self_review ok
[7/76] lin-000264 OMISSION grounded_self_review ok
[8/76] lin-000264 UNDERSPECIFIED grounded_self_review ok
[9/76] gra-000204 OMISSION grounded_self_review ok
[10/76] gra-000204 UNDERSPECIFIED grounded_self_review ok
[11/76] lin-000287 OMISSION grounded_self_review ok
[12/76] lin-000287 UNDERSPECIFIED grounded_self_review ok
[13/76] gra-000215 OMISSION grounded_self_review ok
[14/76] gra-000215 UNDERSPECIFIED grounded_self_review ok
[15/76] gra-000221 OMISSION grounded_self_review ok
[16/76] gra-000221 UNDERSPECIFIED grounded_self_review ok
[17/76] crt-000091 OMISSION grounded_self_review ok
[18/76] crt-000091 UNDERSPECIFIED grounded_self_review ok
[19/76] lin-000270 OMISSION grounded_self_review ok
[20/76] lin-000270 UNDERSPECIFIED grounded_self_review ok
[21/76] gra-000227 OMISSION grounded_self_review ok
[22/76] gra-000227 UNDERSPECIFIED grounded_self_review ok
[23/76] mom-000401 OMISSION grounded_self_review ok
[24/76] mom-000401 UNDERSPECIFIED grounded_self_review ok
[25/76] mom-000395 OMISSION grounded_self_review ok
[26/76] mom-000395 UNDERSPECIFIED grounded_self_review ok
[27/76] mom-000398 OMISSION grounded_self_review ok
[28/76] mom-000398 UNDERSPECIFIED grounded_self_review ok
[29/76] ran-000568 OMISSION grounded_self_review ok
[30/76] ran-000568 UNDERSPECIFIED grounded_self_review ok
[31/76] ran-000575 OMISSION grounded_self_review ok
[32/76] ran-000575 UNDERSPECIFIED grounded_self_review ok
[33/76] ran-000549 OMISSION grounded_self_review ok
[34/76] ran-000549 UNDERSPECIFIED grounded_self_review ok
[35/76] gra-000210 OMISSION grounded_self_review ok
[36/76] gra-000210 UNDERSPECIFIED grounded_self_review ok
[37/76] mom-000366 OMISSION grounded_self_review ok
[38/76] mom-000366 UNDERSPECIFIED grounded_self_review ok
[39/76] crt-000113 OMISSION grounded_self_review ok
[40/76] crt-000113 UNDERSPECIFIED grounded_self_review ok
[41/76] mom-000385 OMISSION grounded_self_review ok
[42/76] mom-000385 UNDERSPECIFIED grounded_self_review ok
[43/76] lin-000286 OMISSION grounded_self_review ok
[44/76] lin-000286 UNDERSPECIFIED grounded_self_review ok
[45/76] lin-000299 OMISSION grounded_self_review ok
[46/76] lin-000299 UNDERSPECIFIED grounded_self_review ok
[47/76] lin-000262 OMISSION grounded_self_review ok
[48/76] lin-000262 UNDERSPECIFIED grounded_self_review ok
[49/76] lin-000248 OMISSION grounded_self_review ok
[50/76] lin-000248 UNDERSPECIFIED grounded_self_review ok
[51/76] crt-000063 OMISSION grounded_self_review ok
[52/76] crt-000063 UNDERSPECIFIED grounded_self_review ok
[53/76] mom-000405 OMISSION grounded_self_review ok
[54/76] mom-000405 UNDERSPECIFIED grounded_self_review ok
[55/76] gra-000220 OMISSION grounded_self_review ok
[56/76] gra-000220 UNDERSPECIFIED grounded_self_review ok
[57/76] mom-000408 OMISSION grounded_self_review ok
[58/76] mom-000408 UNDERSPECIFIED grounded_self_review ok
[59/76] lin-000298 OMISSION grounded_self_review ok
[60/76] lin-000298 UNDERSPECIFIED grounded_self_review ok
[61/76] crt-000085 OMISSION grounded_self_review ok
[62/76] crt-000085 UNDERSPECIFIED grounded_self_review ok
[63/76] ran-000594 OMISSION grounded_self_review ok
[64/76] ran-000594 UNDERSPECIFIED grounded_self_review ok
[65/76] mom-000407 OMISSION grounded_self_review ok
[66/76] mom-000407 UNDERSPECIFIED grounded_self_review ok
[67/76] mom-000415 OMISSION grounded_self_review ok
[68/76] mom-000415 UNDERSPECIFIED grounded_self_review ok
[69/76] mom-000377 OMISSION grounded_self_review ok
[70/76] mom-000377 UNDERSPECIFIED grounded_self_review ok
[71/76] crt-000114 OMISSION grounded_self_review ok
[72/76] crt-000114 UNDERSPECIFIED grounded_self_review ok
[73/76] mom-000387 OMISSION grounded_self_review ok
[74/76] mom-000387 UNDERSPECIFIED grounded_self_review ok
[75/76] mom-000372 OMISSION grounded_self_review ok
[76/76] mom-000372 UNDERSPECIFIED grounded_self_review ok
