[1/74] gra-000208 OMISSION self_review ok
[2/74] gra-000208 UNDERSPECIFIED self_review ok
[3/74] crt-000077 OMISSION self_review ok
[4/74] crt-000077 UNDERSPECIFIED self_review ok
[5/74] gra-000191 OMISSION self_review ok
[6/74] gra-000191 UNDERSPECIFIED self_review ok
[7/74] ran-000557 OMISSION self_review ok
[8/74] ran-000557 UNDERSPECIFIED self_review ok
[9/74] crt-000117 OMISSION self_review ok
[10/74] crt-000117 UNDERSPECIFIED self_review ok
[11/74] lin-000291 OMISSION self_review ok
[12/74] lin-000291 UNDERSPECIFIED self_review ok
[13/74] crt-000075 OMISSION self_review ok
[14/74] crt-000075 UNDERSPECIFIED self_review ok
[15/74] gra-000211 OMISSION self_review ok
[16/74] gra-000211 UNDERSPECIFIED self_review ok
[17/74] gra-000195 OMISSION self_review ok
[18/74] gra-000195 UNDERSPECIFIED self_review ok
[19/74] gra-000239 OMISSION self_review ok
[20/74] gra-000239 UNDERSPECIFIED self_review ok
[21/74] crt-000080 OMISSION self_review ok
[22/74] crt-000080 UNDERSPECIFIED self_review ok
[23/74] crt-000064 OMISSION self_review ok
[24/74] crt-000064 UNDERSPECIFIED self_review ok
[25/74] lin-000274 OMISSION self_review ok
[26/74] lin-000274 UNDERSPECIFIED self_review ok
[27/74] mom-000414 OMISSION self_review ok
[28/74] mom-000414 UNDERSPECIFIED self_review ok
[29/74] gra-000193 OMISSION self_review ok
[30/74] gra-000193 UNDERSPECIFIED self_review ok
[31/74] gra-000206 OMISSION self_review ok
[32/74] gra-000206 UNDERSPECIFIED self_review ok
[33/74] crt-000103 OMISSION self_review ok
[34/74] crt-000103 UNDERSPECIFIED self_review ok
[35/74] lin-000272 OMISSION self_review ok
[36/74] lin-000272 UNDERSPECIFIED self_review ok
[37/74] gra-000202 OMISSION self_review ok
[38/74] gra-000202 UNDERSPECIFIED self_review ok
[39/74] mom-000388 OMISSION self_review ok
[40/74] mom-000388 UNDERSPECIFIED self_review ok
[41/74] gra-000229 OMISSION self_review ok
[42/74] gra-000229 UNDERSPECIFIED self_review ok
[43/74] gra-000192 OMISSION self_review ok
[44/74] gra-000192 UNDERSPECIFIED self_review ok
[45/74] lin-000241 OMISSION self_review ok
[46/74] lin-000241 UNDERSPECIFIED self_review ok
[47/74] mom-000381 OMISSION self_review ok
[48/74] mom-000381 UNDERSPECIFIED self_review ok
[49/74] crt-000095 OMISSION self_review ok
[50/74] crt-000095 UNDERSPECIFIED self_review ok
[51/74] crt-000102 OMISSION self_review ok
[52/74] crt-000102 UNDERSPECIFIED self_review ok
[53/74] mom-000371 OMISSION self_review ok
[54/74] mom-000371 UNDERSPECIFIED self_review ok
[55/74] crt-000076 OMISSION self_review ok
[56/74] crt-000076 UNDERSPECIFIED self_review ok
[57/74] lin-000284 OMISSION self_review ok
[58/74] lin-000284 UNDERSPECIFIED self_review ok
[59/74] mom-000362 OMISSION self_review ok
[60/74] mom-000362 UNDERSPECIFIED self_review ok
[61/74] gra-000235 OMISSION self_review ok
[62/74] gra-000235 UNDERSPECIFIED self_review ok
[63/74] mom-000379 OMISSION self_review ok
[64/74] mom-000379 UNDERSPECIFIED self_review ok
[65/74] ran-000577 OMISSION self_review ok
[66/74] ran-000577 UNDERSPECIFIED self_review ok
[67/74] mom-000365 OMISSION self_review ok
[68/74] mom-000365 UNDERSPECIFIED self_review ok
[69/74] gra-000238 OMISSION self_review ok
[70/74] gra-000238 UNDERSPECIFIED self_review ok
[71/74] ran-000578 OMISSION self_review ok
[72/74] ran-000578 UNDERSPECIFIED self_review ok
[73/74] lin-000246 OMISSION self_review ok
[74/74] lin-000246 UNDERSPECIFIED self_review ok
