[1/74] gra-000208 OMISSION nonunique ok
[2/74] gra-000208 UNDERSPECIFIED nonunique ok
[3/74] crt-000077 OMISSION nonunique ok
[4/74] crt-000077 UNDERSPECIFIED nonunique ok
[5/74] gra-000191 OMISSION nonunique ok
[6/74] gra-000191 UNDERSPECIFIED nonunique ok
[7/74] ran-000557 OMISSION nonunique ok
[8/74] ran-000557 UNDERSPECIFIED nonunique ok
[9/74] crt-000117 OMISSION nonunique ok
[10/74] crt-000117 UNDERSPECIFIED nonunique ok
[11/74] lin-000291 OMISSION nonunique ok
[12/74] lin-000291 UNDERSPECIFIED nonunique ok
[13/74] crt-000075 OMISSION nonunique ok
[14/74] crt-000075 UNDERSPECIFIED nonunique ok
[15/74] gra-000211 OMISSION nonunique ok
[16/74] gra-000211 UNDERSPECIFIED nonunique ok
[17/74] gra-000195 OMISSION nonunique ok
[18/74] gra-000195 UNDERSPECIFIED nonunique ok
[19/74] gra-000239 OMISSION nonunique ok
[20/74] gra-000239 UNDERSPECIFIED nonunique ok
[21/74] crt-000080 OMISSION nonunique ok
[22/74] crt-000080 UNDERSPECIFIED nonunique ok
[23/74] crt-000064 OMISSION nonunique ok
[24/74] crt-000064 UNDERSPECIFIED nonunique ok
[25/74] lin-000274 OMISSION nonunique ok
[26/74] lin-000274 UNDERSPECIFIED nonunique ok
[27/74] mom-000414 OMISSION nonunique ok
[28/74] mom-000414 UNDERSPECIFIED nonunique ok
[29/74] gra-000193 OMISSION nonunique ok
[30/74] gra-000193 UNDERSPECIFIED nonunique ok
[31/74] gra-000206 OMISSION nonunique ok
[32/74] gra-000206 UNDERSPECIFIED nonunique ok
[33/74] crt-000103 OMISSION nonunique ok
[34/74] crt-000103 UNDERSPECIFIED nonunique ok
[35/74] lin-000272 OMISSION nonunique ok
[36/74] lin-000272 UNDERSPECIFIED nonunique ok
[37/74] gra-000202 OMISSION nonunique ok
[38/74] gra-000202 UNDERSPECIFIED nonunique ok
[39/74] mom-000388 OMISSION nonunique ok
[40/74] mom-000388 UNDERSPECIFIED nonunique ok
[41/74] gra-000229 OMISSION nonunique ok
[42/74] gra-000229 UNDERSPECIFIED nonunique ok
[43/74] gra-000192 OMISSION nonunique ok
[44/74] gra-000192 UNDERSPECIFIED nonunique ok
[45/74] lin-000241 OMISSION nonunique ok
