[1/76] gra-000198 OMISSION nonunique_grounding ok
[2/76] gra-000198 UNDERSPECIFIED nonunique_grounding ok
[3/76] lin-000245 OMISSION nonunique_grounding ok
[4/76] lin-000245 UNDERSPECIFIED nonunique_grounding ok
[5/76] ran-000554 OMISSION nonunique_grounding ok
[6/76] ran-000554 UNDERSPECIFIED nonunique_grounding ok
[7/76] lin-000264 OMISSION nonunique_grounding ok
[8/76] lin-000264 UNDERSPECIFIED nonunique_grounding ok
[9/76] gra-000204 OMISSION nonunique_grounding ok
[10/76] gra-000204 UNDERSPECIFIED nonunique_grounding ok
[11/76] lin-000287 OMISSION nonunique_grounding ok
[12/76] lin-000287 UNDERSPECIFIED nonunique_grounding ok
[13/76] gra-000215 OMISSION nonunique_grounding ok
[14/76] gra-000215 UNDERSPECIFIED nonunique_grounding ok
[15/76] gra-000221 OMISSION nonunique_grounding ok
[16/76] gra-000221 UNDERSPECIFIED nonunique_grounding ok
[17/76] crt-000091 OMISSION nonunique_grounding ok
[18/76] crt-000091 UNDERSPECIFIED nonunique_grounding ok
[19/76] lin-000270 OMISSION nonunique_grounding ok
[20/76] lin-000270 UNDERSPECIFIED nonunique_grounding ok
[21/76] gra-000227 OMISSION nonunique_grounding ok
[22/76] gra-000227 UNDERSPECIFIED nonunique_grounding ok
[23/76] mom-000401 OMISSION nonunique_grounding ok
[24/76] mom-000401 UNDERSPECIFIED nonunique_grounding ok
[25/76] mom-000395 OMISSION nonunique_grounding ok
[26/76] mom-000395 UNDERSPECIFIED nonunique_grounding ok
[27/76] mom-000398 OMISSION nonunique_grounding ok
[28/76] mom-000398 UNDERSPECIFIED nonunique_grounding ok
[29/76] ran-000568 OMISSION nonunique_grounding ok
[30/76] ran-000568 UNDERSPECIFIED nonunique_grounding ok
[31/76] ran-000575 OMISSION nonunique_grounding ok
[32/76] ran-000575 UNDERSPECIFIED nonunique_grounding ok
[33/76] ran-000549 OMISSION nonunique_grounding ok
[34/76] ran-000549 UNDERSPECIFIED nonunique_grounding ok
[35/76] gra-000210 OMISSION nonunique_grounding ok
[36/76] gra-000210 UNDERSPECIFIED nonunique_grounding ok
[37/76] mom-000366 OMISSION nonunique_grounding ok
[38/76] mom-000366 UNDERSPECIFIED nonunique_grounding ok
[39/76] crt-000113 OMISSION nonunique_grounding ok
[40/76] crt-000113 UNDERSPECIFIED nonunique_grounding ok
[41/76] mom-000385 OMISSION nonunique_grounding ok
[42/76] mom-000385 UNDERSPECIFIED nonunique_grounding ok
[43/76] lin-000286 OMISSION nonunique_grounding ok
[44/76] lin-000286 UNDERSPECIFIED nonunique_grounding ok
[45/76] lin-000299 OMISSION nonunique_grounding ok
[46/76] lin-000299 UNDERSPECIFIED nonunique_grounding ok
[47/76] lin-000262 OMISSION nonunique_grounding ok
[48/76] lin-000262 UNDERSPECIFIED nonunique_grounding ok
[49/76] lin-000248 OMISSION nonunique_grounding ok
[50/76] lin-000248 UNDERSPECIFIED nonunique_grounding ok
[51/76] crt-000063 OMISSION nonunique_grounding ok
[52/76] crt-000063 UNDERSPECIFIED nonunique_grounding ok
