[1/74] gra-000236 OMISSION self_review ok
[2/74] gra-000236 UNDERSPECIFIED self_review ok
[3/74] crt-000087 OMISSION self_review ok
[4/74] crt-000087 UNDERSPECIFIED self_review ok
[5/74] lin-000255 OMISSION self_review ok
[6/74] lin-000255 UNDERSPECIFIED self_review ok
[7/74] gra-000216 OMISSION self_review ok
[8/74] gra-000216 UNDERSPECIFIED self_review ok
[9/74] ran-000597 OMISSION self_review ok
[10/74] ran-000597 UNDERSPECIFIED self_review ok
[11/74] gra-000190 OMISSION self_review ok
[12/74] gra-000190 UNDERSPECIFIED self_review ok
[13/74] crt-000115 OMISSION self_review ok
[14/74] crt-000115 UNDERSPECIFIED self_review ok
[15/74] gra-000201 OMISSION self_review ok
[16/74] gra-000201 UNDERSPECIFIED self_review ok
[17/74] ran-000588 OMISSION self_review ok
[18/74] ran-000588 UNDERSPECIFIED self_review ok
[19/74] crt-000099 OMISSION self_review ok
[20/74] crt-000099 UNDERSPECIFIED self_review ok
[21/74] lin-000277 OMISSION self_review ok
[22/74] lin-000277 UNDERSPECIFIED self_review ok
[23/74] mom-000393 OMISSION self_review ok
[24/74] mom-000393 UNDERSPECIFIED self_review ok
[25/74] gra-000199 OMISSION self_review ok
[26/74] gra-000199 UNDERSPECIFIED self_review ok
[27/74] lin-000273 OMISSION self_review ok
[28/74] lin-000273 UNDERSPECIFIED self_review ok
[29/74] mom-000406 OMISSION self_review ok
[30/74] mom-000406 UNDERSPECIFIED self_review ok
[31/74] gra-000233 OMISSION self_review ok
[32/74] gra-000233 UNDERSPECIFIED self_review ok
[33/74] ran-000582 OMISSION self_review ok
[34/74] ran-000582 UNDERSPECIFIED self_review ok
[35/74] ran-000591 OMISSION self_review ok
[36/74] ran-000591 UNDERSPECIFIED self_review ok
[37/74] crt-000069 OMISSION self_review ok
[38/74] crt-000069 UNDERSPECIFIED self_review ok
[39/74] gra-000231 OMISSION self_review ok
[40/74] gra-000231 UNDERSPECIFIED self_review ok
[41/74] crt-000106 OMISSION self_review ok
[42/74] crt-000106 UNDERSPECIFIED self_review ok
[43/74] ran-000590 OMISSION self_review ok
[44/74] ran-000590 UNDERSPECIFIED self_review ok
[45/74] ran-000544 OMISSION self_review ok
[46/74] ran-000544 UNDERSPECIFIED self_review ok
[47/74] gra-000230 OMISSION self_review ok
[48/74] gra-000230 UNDERSPECIFIED self_review ok
[49/74] lin-000276 OMISSION self_review ok
[50/74] lin-000276 UNDERSPECIFIED self_review ok
[51/74] ran-000551 OMISSION self_review ok
[52/74] ran-000551 UNDERSPECIFIED self_review ok
