[1/74] gra-000217 OMISSION nonunique ok
[2/74] gra-000217 UNDERSPECIFIED nonunique ok
[3/74] crt-000110 OMISSION nonunique ok
[4/74] crt-000110 UNDERSPECIFIED nonunique ok
[5/74] lin-000254 OMISSION nonunique ok
[6/74] lin-000254 UNDERSPECIFIED nonunique ok
[7/74] gra-000237 OMISSION nonunique ok
[8/74] gra-000237 UNDERSPECIFIED nonunique ok
[9/74] crt-000108 OMISSION nonunique ok
[10/74] crt-000108 UNDERSPECIFIED nonunique ok
[11/74] lin-000293 OMISSION nonunique ok
[12/74] lin-000293 UNDERSPECIFIED nonunique ok
[13/74] lin-000281 OMISSION nonunique ok
[14/74] lin-000281 UNDERSPECIFIED nonunique ok
[15/74] ran-000547 OMISSION nonunique ok
[16/74] ran-000547 UNDERSPECIFIED nonunique ok
[17/74] crt-000065 OMISSION nonunique ok
[18/74] crt-000065 UNDERSPECIFIED nonunique ok
[19/74] ran-000558 OMISSION nonunique ok
[20/74] ran-000558 UNDERSPECIFIED nonunique ok
[21/74] crt-000072 OMISSION nonunique ok
[22/74] crt-000072 UNDERSPECIFIED nonunique ok
[23/74] ran-000573 OMISSION nonunique ok
[24/74] ran-000573 UNDERSPECIFIED nonunique ok
[25/74] crt-000066 OMISSION nonunique ok
[26/74] crt-000066 UNDERSPECIFIED nonunique ok
[27/74] ran-000546 OMISSION nonunique ok
[28/74] ran-000546 UNDERSPECIFIED nonunique ok
[29/74] gra-000232 OMISSION nonunique ok
[30/74] gra-000232 UNDERSPECIFIED nonunique ok
[31/74] crt-000096 OMISSION nonunique ok
[32/74] crt-000096 UNDERSPECIFIED nonunique ok
[33/74] crt-000074 OMISSION nonunique ok
[34/74] crt-000074 UNDERSPECIFIED nonunique ok
[35/74] lin-000280 OMISSION nonunique ok
[36/74] lin-000280 UNDERSPECIFIED nonunique ok
[37/74] ran-000571 OMISSION nonunique ok
[38/74] ran-000571 UNDERSPECIFIED nonunique ok
[39/74] ran-000574 OMISSION nonunique ok
[40/74] ran-000574 UNDERSPECIFIED nonunique ok
[41/74] lin-000289 OMISSION nonunique ok
[42/74] lin-000289 UNDERSPECIFIED nonunique ok
[43/74] ran-000562 OMISSION nonunique ok
[44/74] ran-000562 UNDERSPECIFIED nonunique ok
[45/74] ran-000581 OMISSION nonunique ok
[46/74] ran-000581 UNDERSPECIFIED nonunique ok
[47/74] crt-000098 OMISSION nonunique ok
[48/74] crt-000098 UNDERSPECIFIED nonunique ok
[49/74] mom-000418 OMISSION nonunique ok
[50/74] mom-000418 UNDERSPECIFIED nonunique ok
[51/74] mom-000367 OMISSION nonunique ok
[52/74] mom-000367 UNDERSPECIFIED nonunique ok
[53/74] mom-000382 OMISSION nonunique ok
[54/74] mom-000382 UNDERSPECIFIED nonunique ok
[55/74] mom-000369 OMISSION nonunique ok
[56/74] mom-000369 UNDERSPECIFIED nonunique ok
[57/74] gra-000226 OMISSION nonunique ok
[58/74] gra-000226 UNDERSPECIFIED nonunique ok
[59/74] ran-000584 OMISSION nonunique ok
[60/74] ran-000584 UNDERSPECIFIED nonunique ok
[61/74] ran-000555 OMISSION nonunique ok
[62/74] ran-000555 UNDERSPECIFIED nonunique ok
