[1/76] crt-000094 OMISSION nonunique_grounding ok
[2/76] crt-000094 UNDERSPECIFIED nonunique_grounding ok
[3/76] crt-000070 OMISSION nonunique_grounding ok
[4/76] crt-000070 UNDERSPECIFIED nonunique_grounding ok
[5/76] lin-000253 OMISSION nonunique_grounding ok
[6/76] lin-000253 UNDERSPECIFIED nonunique_grounding ok
[7/76] ran-000589 OMISSION nonunique_grounding ok
[8/76] ran-000589 UNDERSPECIFIED nonunique_grounding ok
[9/76] lin-000292 OMISSION nonunique_grounding ok
[10/76] lin-000292 UNDERSPECIFIED nonunique_grounding ok
[11/76] gra-000213 OMISSION nonunique_grounding ok
[12/76] gra-000213 UNDERSPECIFIED nonunique_grounding ok
[13/76] ran-000563 OMISSION nonunique_grounding ok
[14/76] ran-000563 UNDERSPECIFIED nonunique_grounding ok
[15/76] ran-000548 OMISSION nonunique_grounding ok
[16/76] ran-000548 UNDERSPECIFIED nonunique_grounding ok
[17/76] lin-000275 OMISSION nonunique_grounding ok
[18/76] lin-000275 UNDERSPECIFIED nonunique_grounding ok
[19/76] ran-000541 OMISSION nonunique_grounding ok
[20/76] ran-000541 UNDERSPECIFIED nonunique_grounding ok
[21/76] ran-000592 OMISSION nonunique_grounding ok
[22/76] ran-000592 UNDERSPECIFIED nonunique_grounding ok
[23/76] gra-000223 OMISSION nonunique_grounding ok
[24/76] gra-000223 UNDERSPECIFIED nonunique_grounding ok
[25/76] mom-000400 OMISSION nonunique_grounding ok
[26/76] mom-000400 UNDERSPECIFIED nonunique_grounding ok
[27/76] crt-000084 OMISSION nonunique_grounding ok
[28/76] crt-000084 UNDERSPECIFIED nonunique_grounding ok
[29/76] lin-000265 OMISSION nonunique_grounding ok
[30/76] lin-000265 UNDERSPECIFIED nonunique_grounding ok
[31/76] ran-000576 OMISSION nonunique_grounding ok
