[1/74] gra-000217 OMISSION nonunique_grounding ok
[2/74] gra-000217 UNDERSPECIFIED nonunique_grounding ok
[3/74] crt-000110 OMISSION nonunique_grounding ok
[4/74] crt-000110 UNDERSPECIFIED nonunique_grounding ok
[5/74] lin-000254 OMISSION nonunique_grounding ok
[6/74] lin-000254 UNDERSPECIFIED nonunique_grounding ok
[7/74] gra-000237 OMISSION nonunique_grounding ok
[8/74] gra-000237 UNDERSPECIFIED nonunique_grounding ok
[9/74] crt-000108 OMISSION nonunique_grounding ok
[10/74] crt-000108 UNDERSPECIFIED nonunique_grounding ok
[11/74] lin-000293 OMISSION nonunique_grounding ok
[12/74] lin-000293 UNDERSPECIFIED nonunique_grounding ok
[13/74] lin-000281 OMISSION nonunique_grounding ok
[14/74] lin-000281 UNDERSPECIFIED nonunique_grounding ok
[15/74] ran-000547 OMISSION nonunique_grounding ok
[16/74] ran-000547 UNDERSPECIFIED nonunique_grounding ok
[17/74] crt-000065 OMISSION nonunique_grounding ok
[18/74] crt-000065 UNDERSPECIFIED nonunique_grounding ok
[19/74] ran-000558 OMISSION nonunique_grounding ok
[20/74] ran-000558 UNDERSPECIFIED nonunique_grounding ok
[21/74] crt-000072 OMISSION nonunique_grounding ok
[22/74] crt-000072 UNDERSPECIFIED nonunique_grounding ok
[23/74] ran-000573 OMISSION nonunique_grounding ok
[24/74] ran-000573 UNDERSPECIFIED nonunique_grounding ok
[25/74] crt-000066 OMISSION nonunique_grounding ok
[26/74] crt-000066 UNDERSPECIFIED nonunique_grounding ok
[27/74] ran-000546 OMISSION nonunique_grounding ok
[28/74] ran-000546 UNDERSPECIFIED nonunique_grounding ok
[29/74] gra-000232 OMISSION nonunique_grounding ok
[30/74] gra-000232 UNDERSPECIFIED nonunique_grounding ok
[31/74] crt-000096 OMISSION nonunique_grounding ok
[32/74] crt-000096 UNDERSPECIFIED nonunique_grounding ok
[33/74] crt-000074 OMISSION nonunique_grounding ok
[34/74] crt-000074 UNDERSPECIFIED nonunique_grounding ok
[35/74] lin-000280 OMISSION nonunique_grounding ok
[36/74] lin-000280 UNDERSPECIFIED nonunique_grounding ok
[37/74] ran-000571 OMISSION nonunique_grounding ok
[38/74] ran-000571 UNDERSPECIFIED nonunique_grounding ok
[39/74] ran-000574 OMISSION nonunique_grounding ok
[40/74] ran-000574 UNDERSPECIFIED nonunique_grounding ok
[41/74] lin-000289 OMISSION nonunique_grounding ok
[42/74] lin-000289 UNDERSPECIFIED nonunique_grounding ok
[43/74] ran-000562 OMISSION nonunique_grounding ok
[44/74] ran-000562 UNDERSPECIFIED nonunique_grounding ok
[45/74] ran-000581 OMISSION nonunique_grounding ok
[46/74] ran-000581 UNDERSPECIFIED nonunique_grounding ok
[47/74] crt-000098 OMISSION nonunique_grounding ok
[48/74] crt-000098 UNDERSPECIFIED nonunique_grounding ok
[49/74] mom-000418 OMISSION nonunique_grounding ok
[50/74] mom-000418 UNDERSPECIFIED nonunique_grounding ok
[51/74] mom-000367 OMISSION nonunique_grounding ok
[52/74] mom-000367 UNDERSPECIFIED nonunique_grounding ok
[53/74] mom-000382 OMISSION nonunique_grounding ok
[54/74] mom-000382 UNDERSPECIFIED nonunique_grounding ok
[55/74] mom-000369 OMISSION nonunique_grounding ok
[56/74] mom-000369 UNDERSPECIFIED nonunique_grounding ok
[57/74] gra-000226 OMISSION nonunique_grounding ok
[58/74] gra-000226 UNDERSPECIFIED nonunique_grounding ok
[59/74] ran-000584 OMISSION nonunique_grounding ok
[60/74] ran-000584 UNDERSPECIFIED nonunique_grounding ok
[61/74] ran-000555 OMISSION nonunique_grounding ok
[62/74] ran-000555 UNDERSPECIFIED nonunique_grounding ok
[63/74] ran-000556 OMISSION nonunique_grounding ok
[64/74] ran-000556 UNDERSPECIFIED nonunique_grounding ok
[65/74] gra-000182 OMISSION nonunique_grounding ok
[66/74] gra-000182 UNDERSPECIFIED nonunique_grounding ok
[67/74] crt-000105 OMISSION nonunique_grounding ok
[68/74] crt-000105 UNDERSPECIFIED nonunique_grounding ok
[69/74] ran-000560 OMISSION nonunique_grounding ok
[70/74] ran-000560 UNDERSPECIFIED nonunique_grounding ok
[71/74] gra-000222 OMISSION nonunique_grounding ok
[72/74] gra-000222 UNDERSPECIFIED nonunique_grounding ok
[73/74] ran-000583 OMISSION nonunique_grounding ok
[74/74] ran-000583 UNDERSPECIFIED nonunique_grounding ok
