[1/76] crt-000094 OMISSION nonunique ok
[2/76] crt-000094 UNDERSPECIFIED nonunique ok
[3/76] crt-000070 OMISSION nonunique ok
[4/76] crt-000070 UNDERSPECIFIED nonunique ok
[5/76] lin-000253 OMISSION nonunique ok
[6/76] lin-000253 UNDERSPECIFIED nonunique ok
[7/76] ran-000589 OMISSION nonunique ok
[8/76] ran-000589 UNDERSPECIFIED nonunique ok
[9/76] lin-000292 OMISSION nonunique ok
[10/76] lin-000292 UNDERSPECIFIED nonunique ok
[11/76] gra-000213 OMISSION nonunique ok
[12/76] gra-000213 UNDERSPECIFIED nonunique ok
[13/76] ran-000563 OMISSION nonunique ok
[14/76] ran-000563 UNDERSPECIFIED nonunique ok
[15/76] ran-000548 OMISSION nonunique ok
[16/76] ran-000548 UNDERSPECIFIED nonunique ok
[17/76] lin-000275 OMISSION nonunique ok
[18/76] lin-000275 UNDERSPECIFIED nonunique ok
[19/76] ran-000541 OMISSION nonunique ok
[20/76] ran-000541 UNDERSPECIFIED nonunique ok
[21/76] ran-000592 OMISSION nonunique ok
[22/76] ran-000592 UNDERSPECIFIED nonunique ok
[23/76] gra-000223 OMISSION nonunique ok
[24/76] gra-000223 UNDERSPECIFIED nonunique ok
[25/76] mom-000400 OMISSION nonunique ok
[26/76] mom-000400 UNDERSPECIFIED nonunique ok
[27/76] crt-000084 OMISSION nonunique ok
[28/76] crt-000084 UNDERSPECIFIED nonunique ok
[29/76] lin-000265 OMISSION nonunique ok
[30/76] lin-000265 UNDERSPECIFIED nonunique ok
[31/76] ran-000576 OMISSION nonunique ok
[32/76] ran-000576 UNDERSPECIFIED nonunique ok
[33/76] mom-000375 OMISSION nonunique ok
[34/76] mom-000375 UNDERSPECIFIED nonunique ok
[35/76] lin-000243 OMISSION nonunique ok
[36/76] lin-000243 UNDERSPECIFIED nonunique ok
[37/76] gra-000203 OMISSION nonunique ok
[38/76] gra-000203 UNDERSPECIFIED nonunique ok
[39/76] crt-000111 OMISSION nonunique ok
[40/76] crt-000111 UNDERSPECIFIED nonunique ok
[41/76] gra-000188 OMISSION nonunique ok
[42/76] gra-000188 UNDERSPECIFIED nonunique ok
[43/76] crt-000082 OMISSION nonunique ok
[44/76] crt-000082 UNDERSPECIFIED nonunique ok
[45/76] gra-000207 OMISSION nonunique ok
[46/76] gra-000207 UNDERSPECIFIED nonunique ok
[47/76] lin-000267 OMISSION nonunique ok
[48/76] lin-000267 UNDERSPECIFIED nonunique ok
[49/76] ran-000569 OMISSION nonunique ok
[50/76] ran-000569 UNDERSPECIFIED nonunique ok
[51/76] mom-000392 OMISSION nonunique ok
[52/76] mom-000392 UNDERSPECIFIED nonunique ok
[53/76] mom-000363 OMISSION nonunique ok
[54/76] mom-000363 UNDERSPECIFIED nonunique ok
[55/76] mom-000419 OMISSION nonunique ok
[56/76] mom-000419 UNDERSPECIFIED nonunique ok
[57/76] mom-000380 OMISSION nonunique ok
[58/76] mom-000380 UNDERSPECIFIED nonunique ok
[59/76] lin-000271 OMISSION nonunique ok
[60/76] lin-000271 UNDERSPECIFIED nonunique ok
[61/76] ran-000572 OMISSION nonunique ok
[62/76] ran-000572 UNDERSPECIFIED nonunique ok
[63/76] mom-000411 OMISSION nonunique ok
[64/76] mom-000411 UNDERSPECIFIED nonunique ok
[65/76] crt-000112 OMISSION nonunique ok
[66/76] crt-000112 UNDERSPECIFIED nonunique ok
[67/76] lin-000251 OMISSION nonunique ok
[68/76] lin-000251 UNDERSPECIFIED nonunique ok
[69/76] gra-000181 OMISSION nonunique ok
[70/76] gra-000181 UNDERSPECIFIED nonunique ok
[71/76] mom-000364 OMISSION nonunique ok
[72/76] mom-000364 UNDERSPECIFIED nonunique ok
[73/76] mom-000399 OMISSION nonunique ok
[74/76] mom-000399 UNDERSPECIFIED nonunique ok
[75/76] mom-000386 OMISSION nonunique ok
[76/76] mom-000386 UNDERSPECIFIED nonunique ok
