[1/74] gra-000208 OMISSION nonunique_grounding ok
[2/74] gra-000208 UNDERSPECIFIED nonunique_grounding ok
[3/74] crt-000077 OMISSION nonunique_grounding ok
[4/74] crt-000077 UNDERSPECIFIED nonunique_grounding ok
[5/74] gra-000191 OMISSION nonunique_grounding ok
[6/74] gra-000191 UNDERSPECIFIED nonunique_grounding ok
[7/74] ran-000557 OMISSION nonunique_grounding ok
[8/74] ran-000557 UNDERSPECIFIED nonunique_grounding ok
[9/74] crt-000117 OMISSION nonunique_grounding ok
[10/74] crt-000117 UNDERSPECIFIED nonunique_grounding ok
[11/74] lin-000291 OMISSION nonunique_grounding ok
[12/74] lin-000291 UNDERSPECIFIED nonunique_grounding ok
[13/74] crt-000075 OMISSION nonunique_grounding ok
[14/74] crt-000075 UNDERSPECIFIED nonunique_grounding ok
[15/74] gra-000211 OMISSION nonunique_grounding ok
[16/74] gra-000211 UNDERSPECIFIED nonunique_grounding ok
[17/74] gra-000195 OMISSION nonunique_grounding ok
[18/74] gra-000195 UNDERSPECIFIED nonunique_grounding ok
[19/74] gra-000239 OMISSION nonunique_grounding ok
[20/74] gra-000239 UNDERSPECIFIED nonunique_grounding ok
[21/74] crt-000080 OMISSION nonunique_grounding ok
[22/74] crt-000080 UNDERSPECIFIED nonunique_grounding ok
[23/74] crt-000064 OMISSION nonunique_grounding ok
[24/74] crt-000064 UNDERSPECIFIED nonunique_grounding ok
[25/74] lin-000274 OMISSION nonunique_grounding ok
[26/74] lin-000274 UNDERSPECIFIED nonunique_grounding ok
[27/74] mom-000414 OMISSION nonunique_grounding ok
[28/74] mom-000414 UNDERSPECIFIED nonunique_grounding ok
[29/74] gra-000193 OMISSION nonunique_grounding ok
[30/74] gra-000193 UNDERSPECIFIED nonunique_grounding ok
[31/74] gra-000206 OMISSION nonunique_grounding ok
[32/74] gra-000206 UNDERSPECIFIED nonunique_grounding ok
[33/74] crt-000103 OMISSION nonunique_grounding ok
[34/74] crt-000103 UNDERSPECIFIED nonunique_grounding ok
[35/74] lin-000272 OMISSION nonunique_grounding ok
[36/74] lin-000272 UNDERSPECIFIED nonunique_grounding ok
[37/74] gra-000202 OMISSION nonunique_grounding ok
[38/74] gra-000202 UNDERSPECIFIED nonunique_grounding ok
[39/74] mom-000388 OMISSION nonunique_grounding ok
[40/74] mom-000388 UNDERSPECIFIED nonunique_grounding ok
[41/74] gra-000229 OMISSION nonunique_grounding ok
[42/74] gra-000229 UNDERSPECIFIED nonunique_grounding ok
[43/74] gra-000192 OMISSION nonunique_grounding ok
[44/74] gra-000192 UNDERSPECIFIED nonunique_grounding ok
[45/74] lin-000241 OMISSION nonunique_grounding ok
[46/74] lin-000241 UNDERSPECIFIED nonunique_grounding ok
[47/74] mom-000381 OMISSION nonunique_grounding ok
[48/74] mom-000381 UNDERSPECIFIED nonunique_grounding ok
[49/74] crt-000095 OMISSION nonunique_grounding ok
[50/74] crt-000095 UNDERSPECIFIED nonunique_grounding ok
[51/74] crt-000102 OMISSION nonunique_grounding ok
[52/74] crt-000102 UNDERSPECIFIED nonunique_grounding ok
[53/74] mom-000371 OMISSION nonunique_grounding ok
[54/74] mom-000371 UNDERSPECIFIED nonunique_grounding ok
[55/74] crt-000076 OMISSION nonunique_grounding ok
[56/74] crt-000076 UNDERSPECIFIED nonunique_grounding ok
[57/74] lin-000284 OMISSION nonunique_grounding ok
[58/74] lin-000284 UNDERSPECIFIED nonunique_grounding ok
[59/74] mom-000362 OMISSION nonunique_grounding ok
[60/74] mom-000362 UNDERSPECIFIED nonunique_grounding ok
[61/74] gra-000235 OMISSION nonunique_grounding ok
[62/74] gra-000235 UNDERSPECIFIED nonunique_grounding ok
[63/74] mom-000379 OMISSION nonunique_grounding ok
[64/74] mom-000379 UNDERSPECIFIED nonunique_grounding ok
[65/74] ran-000577 OMISSION nonunique_grounding ok
[66/74] ran-000577 UNDERSPECIFIED nonunique_grounding ok
[67/74] mom-000365 OMISSION nonunique_grounding ok
[68/74] mom-000365 UNDERSPECIFIED nonunique_grounding ok
[69/74] gra-000238 OMISSION nonunique_grounding ok
[70/74] gra-000238 UNDERSPECIFIED nonunique_grounding ok
[71/74] ran-000578 OMISSION nonunique_grounding ok
[72/74] ran-000578 UNDERSPECIFIED nonunique_grounding ok
[73/74] lin-000246 OMISSION nonunique_grounding ok
[74/74] lin-000246 UNDERSPECIFIED nonunique_grounding ok
