[1/76] crt-000094 OMISSION grounded_self_review ok
[2/76] crt-000094 UNDERSPECIFIED grounded_self_review ok
[3/76] crt-000070 OMISSION grounded_self_review ok
[4/76] crt-000070 UNDERSPECIFIED grounded_self_review ok
[5/76] lin-000253 OMISSION grounded_self_review ok
[6/76] lin-000253 UNDERSPECIFIED grounded_self_review ok
[7/76] ran-000589 OMISSION grounded_self_review ok
[8/76] ran-000589 UNDERSPECIFIED grounded_self_review ok
[9/76] lin-000292 OMISSION grounded_self_review ok
[10/76] lin-000292 UNDERSPECIFIED grounded_self_review ok
[11/76] gra-000213 OMISSION grounded_self_review ok
[12/76] gra-000213 UNDERSPECIFIED grounded_self_review ok
[13/76] ran-000563 OMISSION grounded_self_review ok
[14/76] ran-000563 UNDERSPECIFIED grounded_self_review ok
[15/76] ran-000548 OMISSION grounded_self_review ok
[16/76] ran-000548 UNDERSPECIFIED grounded_self_review ok
[17/76] lin-000275 OMISSION grounded_self_review ok
[18/76] lin-000275 UNDERSPECIFIED grounded_self_review ok
[19/76] ran-000541 OMISSION grounded_self_review ok
[20/76] ran-000541 UNDERSPECIFIED grounded_self_review ok
[21/76] ran-000592 OMISSION grounded_self_review ok
[22/76] ran-000592 UNDERSPECIFIED grounded_self_review ok
[23/76] gra-000223 OMISSION grounded_self_review ok
[24/76] gra-000223 UNDERSPECIFIED grounded_self_review ok
[25/76] mom-000400 OMISSION grounded_self_review ok
[26/76] mom-000400 UNDERSPECIFIED grounded_self_review ok
[27/76] crt-000084 OMISSION grounded_self_review ok
[28/76] crt-000084 UNDERSPECIFIED grounded_self_review ok
[29/76] lin-000265 OMISSION grounded_self_review ok
[30/76] lin-000265 UNDERSPECIFIED grounded_self_review ok
[31/76] ran-000576 OMISSION grounded_self_review ok
[32/76] ran-000576 UNDERSPECIFIED grounded_self_review ok
[33/76] mom-000375 OMISSION grounded_self_review ok
[34/76] mom-000375 UNDERSPECIFIED grounded_self_review ok
[35/76] lin-000243 OMISSION grounded_self_review ok
[36/76] lin-000243 UNDERSPECIFIED grounded_self_review ok
[37/76] gra-000203 OMISSION grounded_self_review ok
[38/76] gra-000203 UNDERSPECIFIED grounded_self_review ok
[39/76] crt-000111 OMISSION grounded_self_review ok
[40/76] crt-000111 UNDERSPECIFIED grounded_self_review ok
[41/76] gra-000188 OMISSION grounded_self_review ok
[42/76] gra-000188 UNDERSPECIFIED grounded_self_review ok
[43/76] crt-000082 OMISSION grounded_self_review ok
[44/76] crt-000082 UNDERSPECIFIED grounded_self_review ok
[45/76] gra-000207 OMISSION grounded_self_review ok
[46/76] gra-000207 UNDERSPECIFIED grounded_self_review ok
[47/76] lin-000267 OMISSION grounded_self_review ok
[48/76] lin-000267 UNDERSPECIFIED grounded_self_review ok
[49/76] ran-000569 OMISSION grounded_self_review ok
[50/76] ran-000569 UNDERSPECIFIED grounded_self_review ok
[51/76] mom-000392 OMISSION grounded_self_review ok
[52/76] mom-000392 UNDERSPECIFIED grounded_self_review ok
[53/76] mom-000363 OMISSION grounded_self_review ok
[54/76] mom-000363 UNDERSPECIFIED grounded_self_review ok
[55/76] mom-000419 OMISSION grounded_self_review ok
[56/76] mom-000419 UNDERSPECIFIED grounded_self_review ok
[57/76] mom-000380 OMISSION grounded_self_review ok
[58/76] mom-000380 UNDERSPECIFIED grounded_self_review ok
[59/76] lin-000271 OMISSION grounded_self_review ok
[60/76] lin-000271 UNDERSPECIFIED grounded_self_review ok
[61/76] ran-000572 OMISSION grounded_self_review ok
[62/76] ran-000572 UNDERSPECIFIED grounded_self_review ok
