[1/76] gra-000198 OMISSION grounded_self_review ok
[2/76] gra-000198 UNDERSPECIFIED grounded_self_review ok
[3/76] lin-000245 OMISSION grounded_self_review ok
[4/76] lin-000245 UNDERSPECIFIED grounded_self_review ok
[5/76] ran-000554 OMISSION grounded_self_review ok
[6/76] ran-000554 UNDERSPECIFIED grounded_self_review ok
[7/76] lin-000264 OMISSION grounded_self_review ok
[8/76] lin-000264 UNDERSPECIFIED grounded_self_review ok
[9/76] gra-000204 OMISSION grounded_self_review ok
[10/76] gra-000204 UNDERSPECIFIED grounded_self_review ok
[11/76] lin-000287 OMISSION grounded_self_review ok
[12/76] lin-000287 UNDERSPECIFIED grounded_self_review ok
[13/76] gra-000215 OMISSION grounded_self_review ok
[14/76] gra-000215 UNDERSPECIFIED grounded_self_review ok
[15/76] gra-000221 OMISSION grounded_self_review ok
[16/76] gra-000221 UNDERSPECIFIED grounded_self_review ok
[17/76] crt-000091 OMISSION grounded_self_review ok
[18/76] crt-000091 UNDERSPECIFIED grounded_self_review ok
[19/76] lin-000270 OMISSION grounded_self_review ok
[20/76] lin-000270 UNDERSPECIFIED grounded_self_review ok
[21/76] gra-000227 OMISSION grounded_self_review ok
[22/76] gra-000227 UNDERSPECIFIED grounded_self_review ok
[23/76] mom-000401 OMISSION grounded_self_review ok
[24/76] mom-000401 UNDERSPECIFIED grounded_self_review ok
[25/76] mom-000395 OMISSION grounded_self_review ok
[26/76] mom-000395 UNDERSPECIFIED grounded_self_review ok
[27/76] mom-000398 OMISSION grounded_self_review ok
[28/76] mom-000398 UNDERSPECIFIED grounded_self_review ok
[29/76] ran-000568 OMISSION grounded_self_review ok
[30/76] ran-000568 UNDERSPECIFIED grounded_self_review ok
[31/76] ran-000575 OMISSION grounded_self_review ok
[32/76] ran-000575 UNDERSPECIFIED grounded_self_review ok
[33/76] ran-000549 OMISSION grounded_self_review ok
[34/76] ran-000549 UNDERSPECIFIED grounded_self_review ok
[35/76] gra-000210 OMISSION grounded_self_review ok
[36/76] gra-000210 UNDERSPECIFIED grounded_self_review ok
[37/76] mom-000366 OMISSION grounded_self_review ok
[38/76] mom-000366 UNDERSPECIFIED grounded_self_review ok
[39/76] crt-000113 OMISSION grounded_self_review ok
[40/76] crt-000113 UNDERSPECIFIED grounded_self_review ok
[41/76] mom-000385 OMISSION grounded_self_review ok
[42/76] mom-000385 UNDERSPECIFIED grounded_self_review ok
[43/76] lin-000286 OMISSION grounded_self_review ok
[44/76] lin-000286 UNDERSPECIFIED grounded_self_review ok
[45/76] lin-000299 OMISSION grounded_self_review ok
