[1/74] gra-000236 OMISSION nonunique ok
[2/74] gra-000236 UNDERSPECIFIED nonunique ok
[3/74] crt-000087 OMISSION nonunique ok
[4/74] crt-000087 UNDERSPECIFIED nonunique ok
[5/74] lin-000255 OMISSION nonunique ok
[6/74] lin-000255 UNDERSPECIFIED nonunique ok
[7/74] gra-000216 OMISSION nonunique ok
[8/74] gra-000216 UNDERSPECIFIED nonunique ok
[9/74] ran-000597 OMISSION nonunique ok
[10/74] ran-000597 UNDERSPECIFIED nonunique ok
[11/74] gra-000190 OMISSION nonunique ok
[12/74] gra-000190 UNDERSPECIFIED nonunique ok
[13/74] crt-000115 OMISSION nonunique ok
[14/74] crt-000115 UNDERSPECIFIED nonunique ok
[15/74] gra-000201 OMISSION nonunique ok
[16/74] gra-000201 UNDERSPECIFIED nonunique ok
[17/74] ran-000588 OMISSION nonunique ok
[18/74] ran-000588 UNDERSPECIFIED nonunique ok
[19/74] crt-000099 OMISSION nonunique ok
[20/74] crt-000099 UNDERSPECIFIED nonunique ok
[21/74] lin-000277 OMISSION nonunique ok
[22/74] lin-000277 UNDERSPECIFIED nonunique ok
[23/74] mom-000393 OMISSION nonunique ok
[24/74] mom-000393 UNDERSPECIFIED nonunique ok
[25/74] gra-000199 OMISSION nonunique ok
[26/74] gra-000199 UNDERSPECIFIED nonunique ok
[27/74] lin-000273 OMISSION nonunique ok
[28/74] lin-000273 UNDERSPECIFIED nonunique ok
[29/74] mom-000406 OMISSION nonunique ok
[30/74] mom-000406 UNDERSPECIFIED nonunique ok
[31/74] gra-000233 OMISSION nonunique ok
[32/74] gra-000233 UNDERSPECIFIED nonunique ok
[33/74] ran-000582 OMISSION nonunique ok
[34/74] ran-000582 UNDERSPECIFIED nonunique ok
[35/74] ran-000591 OMISSION nonunique ok
[36/74] ran-000591 UNDERSPECIFIED nonunique ok
[37/74] crt-000069 OMISSION nonunique ok
[38/74] crt-000069 UNDERSPECIFIED nonunique ok
[39/74] gra-000231 OMISSION nonunique ok
[40/74] gra-000231 UNDERSPECIFIED nonunique ok
[41/74] crt-000106 OMISSION nonunique ok
[42/74] crt-000106 UNDERSPECIFIED nonunique ok
[43/74] ran-000590 OMISSION nonunique ok
[44/74] ran-000590 UNDERSPECIFIED nonunique ok
[45/74] ran-000544 OMISSION nonunique ok
[46/74] ran-000544 UNDERSPECIFIED nonunique ok
[47/74] gra-000230 OMISSION nonunique ok
[48/74] gra-000230 UNDERSPECIFIED nonunique ok
[49/74] lin-000276 OMISSION nonunique ok
[50/74] lin-000276 UNDERSPECIFIED nonunique ok
[51/74] ran-000551 OMISSION nonunique ok
[52/74] ran-000551 UNDERSPECIFIED nonunique ok
[53/74] mom-000397 OMISSION nonunique ok
[54/74] mom-000397 UNDERSPECIFIED nonunique ok
[55/74] ran-000580 OMISSION nonunique ok
[56/74] ran-000580 UNDERSPECIFIED nonunique ok
[57/74] crt-000104 OMISSION nonunique ok
[58/74] crt-000104 UNDERSPECIFIED nonunique ok
[59/74] gra-000197 OMISSION nonunique ok
[60/74] gra-000197 UNDERSPECIFIED nonunique ok
[61/74] mom-000383 OMISSION nonunique ok
[62/74] mom-000383 UNDERSPECIFIED nonunique ok
[63/74] gra-000185 OMISSION nonunique ok
