[1/30] test/precalculus/807.json pending=1 elapsed=13.1s
[7/30] test/intermediate_algebra/431.json pending=2 elapsed=12.5s
[8/30] test/prealgebra/1733.json pending=6 elapsed=68.0s
[9/30] test/intermediate_algebra/2022.json pending=6 elapsed=75.0s
[10/30] test/counting_and_probability/230.json pending=6 elapsed=29.0s
[11/30] test/algebra/297.json pending=6 elapsed=12.7s
[12/30] test/algebra/2199.json pending=6 elapsed=12.8s
[13/30] test/intermediate_algebra/1510.json pending=6 elapsed=42.8s
[14/30] test/number_theory/89.json pending=6 elapsed=24.3s
[15/30] test/algebra/975.json pending=6 elapsed=16.1s
[16/30] test/precalculus/452.json pending=6 elapsed=13.6s
[17/30] test/number_theory/533.json pending=6 elapsed=30.7s
[18/30] test/intermediate_algebra/1300.json pending=6 elapsed=17.9s
[19/30] test/intermediate_algebra/1544.json pending=6 elapsed=40.5s
[20/30] test/counting_and_probability/870.json pending=6 elapsed=23.0s
[21/30] test/precalculus/801.json pending=6 elapsed=53.7s
[22/30] test/prealgebra/1353.json pending=6 elapsed=30.0s
[23/30] test/algebra/1303.json pending=6 elapsed=14.2s
[24/30] test/algebra/2277.json pending=6 elapsed=25.1s
[25/30] test/precalculus/398.json pending=6 elapsed=25.1s
[26/30] test/precalculus/1133.json pending=6 elapsed=49.3s
[27/30] test/algebra/1343.json pending=6 elapsed=7.8s
[28/30] test/algebra/2780.json pending=6 elapsed=17.5s
[29/30] test/prealgebra/1252.json pending=6 elapsed=18.4s
[30/30] test/algebra/2779.json pending=6 elapsed=26.5s
