[1/29] test/intermediate_algebra/134.json pending=6 elapsed=331.4s
[2/29] test/algebra/1072.json pending=6 elapsed=43.7s
[3/29] test/number_theory/1055.json pending=6 elapsed=70.5s
[4/29] test/prealgebra/1233.json pending=6 elapsed=44.4s
[5/29] test/algebra/893.json pending=6 elapsed=37.5s
[6/29] test/intermediate_algebra/582.json pending=6 elapsed=41.8s
[7/29] test/intermediate_algebra/232.json pending=6 elapsed=16.0s
[8/29] test/prealgebra/1297.json pending=6 elapsed=84.0s
[9/29] test/geometry/172.json pending=6 elapsed=422.4s
[10/29] test/geometry/802.json pending=6 elapsed=1161.3s
[11/29] test/number_theory/978.json pending=6 elapsed=369.7s
[12/29] test/intermediate_algebra/1555.json pending=6 elapsed=196.0s
[13/29] test/prealgebra/1961.json pending=6 elapsed=367.6s
[14/29] test/intermediate_algebra/337.json pending=6 elapsed=2.1s
[15/29] test/counting_and_probability/1009.json pending=6 elapsed=2.1s
[16/29] test/number_theory/634.json pending=6 elapsed=2.1s
[17/29] test/precalculus/1172.json pending=6 elapsed=2.1s
[18/29] test/algebra/2257.json pending=6 elapsed=2.1s
[19/29] test/algebra/1936.json pending=6 elapsed=2.1s
[20/29] test/intermediate_algebra/1566.json pending=6 elapsed=2.1s
[21/29] test/algebra/1078.json pending=6 elapsed=2.1s
[22/29] test/algebra/2264.json pending=6 elapsed=2.1s
[23/29] test/algebra/853.json pending=6 elapsed=2.1s
[24/29] test/algebra/1960.json pending=6 elapsed=2.1s
[25/29] test/algebra/1339.json pending=6 elapsed=2.2s
[26/29] test/prealgebra/2037.json pending=6 elapsed=2.1s
[27/29] test/prealgebra/805.json pending=6 elapsed=2.1s
[28/29] test/counting_and_probability/1003.json pending=6 elapsed=2.1s
[29/29] test/precalculus/356.json pending=6 elapsed=2.1s
