[1/30] test/algebra/2584.json pending=6 elapsed=42.5s
[2/30] test/intermediate_algebra/1000.json pending=6 elapsed=95.3s
[3/30] test/intermediate_algebra/428.json pending=6 elapsed=71.7s
[4/30] test/precalculus/1105.json pending=6 elapsed=13.5s
[5/30] test/number_theory/46.json pending=6 elapsed=56.1s
[6/30] test/algebra/567.json pending=6 elapsed=194.7s
[7/30] test/intermediate_algebra/362.json pending=6 elapsed=67.8s
[8/30] test/prealgebra/505.json pending=6 elapsed=20.1s
[9/30] test/counting_and_probability/430.json pending=6 elapsed=453.3s
[10/30] test/counting_and_probability/803.json pending=6 elapsed=1248.3s
[11/30] test/algebra/841.json pending=6 elapsed=613.2s
[12/30] test/geometry/702.json pending=6 elapsed=365.7s
[13/30] test/precalculus/541.json pending=6 elapsed=2.1s
[14/30] test/number_theory/183.json pending=6 elapsed=2.1s
[15/30] test/prealgebra/874.json pending=6 elapsed=2.1s
[16/30] test/geometry/473.json pending=6 elapsed=2.1s
[17/30] test/geometry/686.json pending=6 elapsed=2.1s
[18/30] test/counting_and_probability/25149.json pending=6 elapsed=2.1s
[19/30] test/geometry/711.json pending=6 elapsed=2.0s
[20/30] test/geometry/73.json pending=6 elapsed=2.1s
[21/30] test/prealgebra/1238.json pending=6 elapsed=2.0s
[22/30] test/intermediate_algebra/1407.json pending=6 elapsed=2.1s
[23/30] test/geometry/538.json pending=6 elapsed=2.1s
[24/30] test/algebra/518.json pending=6 elapsed=68.5s
[25/30] test/prealgebra/65.json pending=6 elapsed=242.1s
[26/30] test/algebra/2743.json pending=6 elapsed=33.0s
[27/30] test/counting_and_probability/731.json pending=6 elapsed=85.4s
[28/30] test/algebra/824.json pending=6 elapsed=99.1s
[29/30] test/intermediate_algebra/1279.json pending=6 elapsed=100.0s
[30/30] test/intermediate_algebra/1981.json pending=6 elapsed=66.8s
