[1/29] test/algebra/2036.json pending=6 elapsed=15.0s
[2/29] test/intermediate_algebra/1388.json pending=6 elapsed=49.2s
[3/29] test/algebra/2214.json pending=6 elapsed=16.5s
[4/29] test/prealgebra/1247.json pending=6 elapsed=19.3s
[5/29] test/intermediate_algebra/623.json pending=6 elapsed=20.6s
[6/29] test/algebra/873.json pending=6 elapsed=14.7s
[7/29] test/intermediate_algebra/345.json pending=6 elapsed=70.7s
[8/29] test/number_theory/847.json pending=6 elapsed=18.0s
[9/29] test/precalculus/43.json pending=6 elapsed=14.1s
[10/29] test/algebra/1255.json pending=6 elapsed=9.7s
[11/29] test/prealgebra/1113.json pending=6 elapsed=16.4s
[12/29] test/intermediate_algebra/591.json pending=6 elapsed=14.9s
[13/29] test/algebra/2102.json pending=6 elapsed=33.1s
[14/29] test/prealgebra/2057.json pending=6 elapsed=18.8s
[15/29] test/algebra/1787.json pending=6 elapsed=30.8s
[16/29] test/geometry/483.json pending=6 elapsed=17.8s
[17/29] test/number_theory/1287.json pending=6 elapsed=11.9s
[18/29] test/number_theory/1172.json pending=6 elapsed=23.4s
[19/29] test/geometry/1108.json pending=6 elapsed=12.7s
[20/29] test/algebra/509.json pending=6 elapsed=18.2s
[21/29] test/counting_and_probability/116.json pending=6 elapsed=10.8s
[22/29] test/number_theory/820.json pending=6 elapsed=22.1s
[23/29] test/intermediate_algebra/1111.json pending=6 elapsed=34.6s
[24/29] test/prealgebra/1784.json pending=6 elapsed=8.3s
[25/29] test/precalculus/681.json pending=6 elapsed=11.2s
[26/29] test/number_theory/410.json pending=6 elapsed=9.8s
[27/29] test/number_theory/13.json pending=6 elapsed=25.7s
[28/29] test/prealgebra/1114.json pending=6 elapsed=12.9s
[29/29] test/intermediate_algebra/101.json pending=6 elapsed=38.8s
