[1/29] test/precalculus/1303.json pending=6 elapsed=16.4s
[2/29] test/prealgebra/1302.json pending=6 elapsed=12.9s
[3/29] test/algebra/1265.json pending=6 elapsed=8.6s
[4/29] test/prealgebra/1747.json pending=6 elapsed=20.5s
[5/29] test/algebra/2700.json pending=6 elapsed=33.4s
[6/29] test/precalculus/1300.json pending=6 elapsed=20.1s
[7/29] test/algebra/2157.json pending=6 elapsed=14.9s
[8/29] test/prealgebra/1807.json pending=6 elapsed=15.7s
[9/29] test/intermediate_algebra/964.json pending=6 elapsed=29.5s
[10/29] test/algebra/478.json pending=6 elapsed=17.0s
[11/29] test/intermediate_algebra/183.json pending=6 elapsed=45.5s
[12/29] test/number_theory/149.json pending=6 elapsed=14.6s
[13/29] test/algebra/864.json pending=6 elapsed=15.8s
[14/29] test/prealgebra/153.json pending=6 elapsed=16.0s
[15/29] test/algebra/2064.json pending=6 elapsed=21.9s
[16/29] test/counting_and_probability/913.json pending=6 elapsed=15.8s
[17/29] test/intermediate_algebra/960.json pending=6 elapsed=26.1s
[18/29] test/geometry/965.json pending=6 elapsed=33.0s
[19/29] test/geometry/947.json pending=6 elapsed=32.8s
[20/29] test/prealgebra/1730.json pending=6 elapsed=12.2s
[21/29] test/algebra/529.json pending=6 elapsed=11.1s
[22/29] test/intermediate_algebra/955.json pending=6 elapsed=20.8s
[23/29] test/algebra/1031.json pending=6 elapsed=33.4s
[24/29] test/prealgebra/1572.json pending=6 elapsed=12.0s
[25/29] test/intermediate_algebra/2015.json pending=6 elapsed=21.7s
[26/29] test/intermediate_algebra/199.json pending=6 elapsed=19.1s
[27/29] test/intermediate_algebra/1102.json pending=6 elapsed=24.3s
[28/29] test/prealgebra/1930.json pending=6 elapsed=24.5s
[29/29] test/intermediate_algebra/1350.json pending=6 elapsed=73.0s
