[1/30] test/intermediate_algebra/1994.json pending=6 elapsed=387.2s
[2/30] test/geometry/434.json pending=6 elapsed=156.6s
[3/30] test/number_theory/627.json pending=6 elapsed=35.4s
[4/30] test/prealgebra/951.json pending=6 elapsed=34.3s
[5/30] test/intermediate_algebra/207.json pending=6 elapsed=38.2s
[6/30] test/prealgebra/307.json pending=6 elapsed=24.8s
[7/30] test/intermediate_algebra/558.json pending=6 elapsed=175.5s
[8/30] test/intermediate_algebra/128.json pending=6 elapsed=37.6s
[9/30] test/number_theory/1257.json pending=6 elapsed=51.9s
[10/30] test/geometry/880.json pending=6 elapsed=241.0s
[11/30] test/prealgebra/1272.json pending=6 elapsed=29.9s
[12/30] test/algebra/733.json pending=6 elapsed=42.9s
[13/30] test/precalculus/263.json pending=6 elapsed=61.5s
[14/30] test/geometry/547.json pending=6 elapsed=440.5s
[15/30] test/geometry/229.json pending=6 elapsed=288.1s
[16/30] test/prealgebra/1995.json pending=6 elapsed=79.5s
[17/30] test/prealgebra/993.json pending=6 elapsed=47.3s
[18/30] test/algebra/634.json pending=6 elapsed=60.5s
[19/30] test/precalculus/695.json pending=6 elapsed=408.9s
[20/30] test/geometry/465.json pending=6 elapsed=428.0s
[21/30] test/algebra/858.json pending=6 elapsed=2.1s
[22/30] test/intermediate_algebra/860.json pending=6 elapsed=2.1s
[23/30] test/number_theory/427.json pending=6 elapsed=2.1s
[24/30] test/precalculus/902.json pending=6 elapsed=2.1s
[25/30] test/intermediate_algebra/1797.json pending=6 elapsed=2.1s
[26/30] test/geometry/843.json pending=6 elapsed=2.1s
[27/30] test/algebra/668.json pending=6 elapsed=2.1s
[28/30] test/prealgebra/914.json pending=6 elapsed=2.1s
[29/30] test/number_theory/22.json pending=6 elapsed=2.1s
[30/30] test/intermediate_algebra/1930.json pending=6 elapsed=2.1s
