[1/30] test/algebra/2584.json pending=6 elapsed=23.0s
[2/30] test/intermediate_algebra/1000.json pending=6 elapsed=23.5s
[3/30] test/intermediate_algebra/428.json pending=6 elapsed=40.3s
[4/30] test/precalculus/1105.json pending=6 elapsed=7.9s
[5/30] test/number_theory/46.json pending=6 elapsed=18.9s
[6/30] test/algebra/567.json pending=6 elapsed=17.5s
[7/30] test/intermediate_algebra/362.json pending=6 elapsed=19.2s
[8/30] test/prealgebra/505.json pending=6 elapsed=10.3s
[9/30] test/counting_and_probability/430.json pending=6 elapsed=35.8s
[10/30] test/counting_and_probability/803.json pending=6 elapsed=16.2s
[11/30] test/algebra/841.json pending=6 elapsed=15.9s
[12/30] test/geometry/702.json pending=6 elapsed=38.8s
[13/30] test/precalculus/541.json pending=6 elapsed=21.4s
[14/30] test/number_theory/183.json pending=6 elapsed=32.4s
[15/30] test/prealgebra/874.json pending=6 elapsed=59.6s
[16/30] test/geometry/473.json pending=6 elapsed=12.4s
[17/30] test/geometry/686.json pending=6 elapsed=18.1s
[18/30] test/counting_and_probability/25149.json pending=6 elapsed=14.8s
[19/30] test/geometry/711.json pending=6 elapsed=55.3s
[20/30] test/geometry/73.json pending=6 elapsed=16.4s
[21/30] test/prealgebra/1238.json pending=6 elapsed=27.7s
[22/30] test/intermediate_algebra/1407.json pending=6 elapsed=27.8s
[23/30] test/geometry/538.json pending=6 elapsed=12.6s
[24/30] test/algebra/518.json pending=6 elapsed=21.5s
[25/30] test/prealgebra/65.json pending=6 elapsed=35.2s
[26/30] test/algebra/2743.json pending=6 elapsed=14.1s
[27/30] test/counting_and_probability/731.json pending=6 elapsed=78.9s
[28/30] test/algebra/824.json pending=6 elapsed=24.7s
