[1/30] test/number_theory/515.json pending=6 elapsed=627.9s
[2/30] test/algebra/2193.json pending=6 elapsed=26.0s
[3/30] test/prealgebra/930.json pending=6 elapsed=52.4s
[4/30] test/intermediate_algebra/1168.json pending=6 elapsed=80.5s
[5/30] test/precalculus/24313.json pending=6 elapsed=19.9s
[6/30] test/algebra/2023.json pending=6 elapsed=368.0s
[7/30] test/intermediate_algebra/894.json pending=6 elapsed=1297.4s
[8/30] test/algebra/2232.json pending=6 elapsed=558.8s
[9/30] test/counting_and_probability/159.json pending=6 elapsed=205.5s
[10/30] test/algebra/621.json pending=6 elapsed=2.1s
[11/30] test/number_theory/598.json pending=6 elapsed=2.1s
[12/30] test/intermediate_algebra/1422.json pending=6 elapsed=2.1s
[13/30] test/prealgebra/378.json pending=6 elapsed=2.1s
[14/30] test/precalculus/819.json pending=6 elapsed=2.1s
[15/30] test/prealgebra/1251.json pending=6 elapsed=2.0s
[16/30] test/geometry/347.json pending=6 elapsed=2.1s
[17/30] test/number_theory/691.json pending=6 elapsed=2.1s
[18/30] test/precalculus/1201.json pending=6 elapsed=2.1s
[19/30] test/intermediate_algebra/1714.json pending=6 elapsed=2.0s
[20/30] test/prealgebra/1973.json pending=6 elapsed=2.1s
[21/30] test/algebra/1338.json pending=6 elapsed=2.1s
[22/30] test/algebra/251.json pending=6 elapsed=2.1s
[23/30] test/intermediate_algebra/1992.json pending=6 elapsed=85.4s
[24/30] test/prealgebra/977.json pending=6 elapsed=82.9s
[25/30] test/algebra/2391.json pending=6 elapsed=97.7s
[26/30] test/precalculus/499.json pending=6 elapsed=72.7s
[27/30] test/number_theory/1000.json pending=6 elapsed=29.2s
[28/30] test/number_theory/72.json pending=6 elapsed=376.2s
[29/30] test/number_theory/1090.json pending=6 elapsed=1620.5s
[30/30] test/geometry/615.json pending=6 elapsed=207.0s
