[1/29] test/geometry/248.json pending=6 elapsed=15.4s
[2/29] test/number_theory/864.json pending=6 elapsed=20.6s
[3/29] test/algebra/305.json pending=6 elapsed=16.5s
[4/29] test/precalculus/1146.json pending=6 elapsed=31.8s
[5/29] test/algebra/1035.json pending=6 elapsed=23.4s
[6/29] test/prealgebra/1924.json pending=6 elapsed=20.8s
[7/29] test/counting_and_probability/1060.json pending=6 elapsed=13.3s
[8/29] test/prealgebra/1686.json pending=6 elapsed=20.2s
[9/29] test/number_theory/931.json pending=6 elapsed=46.1s
[10/29] test/prealgebra/1003.json pending=6 elapsed=21.3s
[11/29] test/algebra/1082.json pending=6 elapsed=35.0s
[12/29] test/prealgebra/2086.json pending=6 elapsed=28.0s
[13/29] test/number_theory/417.json pending=6 elapsed=37.6s
[14/29] test/intermediate_algebra/1837.json pending=6 elapsed=26.4s
[15/29] test/counting_and_probability/894.json pending=6 elapsed=23.0s
[16/29] test/number_theory/466.json pending=6 elapsed=14.1s
[17/29] test/intermediate_algebra/1411.json pending=6 elapsed=60.8s
[18/29] test/prealgebra/465.json pending=6 elapsed=13.2s
[19/29] test/algebra/425.json pending=6 elapsed=24.6s
[20/29] test/algebra/2592.json pending=6 elapsed=12.0s
[21/29] test/counting_and_probability/1014.json pending=6 elapsed=22.0s
[22/29] test/precalculus/1289.json pending=6 elapsed=14.0s
[23/29] test/algebra/849.json pending=6 elapsed=13.3s
[24/29] test/counting_and_probability/761.json pending=6 elapsed=19.1s
[25/29] test/precalculus/1202.json pending=6 elapsed=51.2s
[26/29] test/number_theory/255.json pending=6 elapsed=101.7s
[27/29] test/counting_and_probability/190.json pending=6 elapsed=13.6s
[28/29] test/algebra/2470.json pending=6 elapsed=14.0s
