[1/29] test/number_theory/737.json pending=6 elapsed=17.9s
[2/29] test/counting_and_probability/666.json pending=6 elapsed=19.0s
[3/29] test/precalculus/285.json pending=6 elapsed=34.7s
[4/29] test/intermediate_algebra/279.json pending=6 elapsed=13.6s
[5/29] test/intermediate_algebra/1849.json pending=6 elapsed=37.4s
[6/29] test/prealgebra/105.json pending=6 elapsed=19.7s
[7/29] test/intermediate_algebra/1898.json pending=6 elapsed=18.2s
[8/29] test/algebra/246.json pending=6 elapsed=17.3s
[9/29] test/algebra/988.json pending=6 elapsed=18.5s
[10/29] test/prealgebra/1356.json pending=6 elapsed=18.8s
[11/29] test/prealgebra/1922.json pending=6 elapsed=13.8s
[12/29] test/prealgebra/1907.json pending=6 elapsed=12.3s
[13/29] test/prealgebra/1436.json pending=6 elapsed=20.1s
[14/29] test/precalculus/441.json pending=6 elapsed=29.7s
[15/29] test/algebra/1934.json pending=6 elapsed=29.6s
[16/29] test/geometry/226.json pending=6 elapsed=52.2s
[17/29] test/precalculus/768.json pending=6 elapsed=32.2s
[18/29] test/prealgebra/1044.json pending=6 elapsed=20.1s
[19/29] test/algebra/2735.json pending=6 elapsed=142.9s
[20/29] test/number_theory/483.json pending=6 elapsed=39.3s
[21/29] test/precalculus/1281.json pending=6 elapsed=74.6s
[22/29] test/prealgebra/1187.json pending=6 elapsed=29.4s
[23/29] test/algebra/170.json pending=6 elapsed=8.4s
[24/29] test/number_theory/928.json pending=6 elapsed=23.3s
[25/29] test/precalculus/625.json pending=6 elapsed=19.6s
