[1/30] test/prealgebra/1622.json pending=6 elapsed=11.9s
[2/30] test/algebra/1837.json pending=6 elapsed=33.6s
[3/30] test/number_theory/45.json pending=6 elapsed=21.4s
[4/30] test/algebra/769.json pending=6 elapsed=17.4s
[5/30] test/algebra/2253.json pending=6 elapsed=9.7s
[6/30] test/prealgebra/1761.json pending=6 elapsed=11.8s
[7/30] test/number_theory/914.json pending=6 elapsed=22.1s
[8/30] test/algebra/972.json pending=6 elapsed=15.7s
[9/30] test/number_theory/612.json pending=6 elapsed=8.9s
[10/30] test/algebra/2570.json pending=6 elapsed=17.5s
[11/30] test/intermediate_algebra/991.json pending=6 elapsed=25.2s
[12/30] test/geometry/221.json pending=6 elapsed=31.7s
[13/30] test/number_theory/234.json pending=6 elapsed=11.6s
[14/30] test/counting_and_probability/71.json pending=6 elapsed=23.3s
[15/30] test/geometry/254.json pending=6 elapsed=24.3s
[16/30] test/precalculus/580.json pending=6 elapsed=15.7s
[17/30] test/prealgebra/1834.json pending=6 elapsed=19.4s
[18/30] test/number_theory/488.json pending=6 elapsed=35.8s
[19/30] test/number_theory/911.json pending=6 elapsed=17.8s
[20/30] test/algebra/2176.json pending=6 elapsed=32.4s
[21/30] test/algebra/1529.json pending=6 elapsed=16.7s
[22/30] test/counting_and_probability/14.json pending=6 elapsed=12.7s
[23/30] test/prealgebra/1865.json pending=6 elapsed=22.8s
[24/30] test/prealgebra/631.json pending=6 elapsed=16.4s
[25/30] test/algebra/2680.json pending=6 elapsed=22.9s
[26/30] test/prealgebra/2019.json pending=6 elapsed=10.2s
[27/30] test/prealgebra/996.json pending=6 elapsed=26.4s
[28/30] test/intermediate_algebra/834.json pending=6 elapsed=30.0s
[29/30] test/intermediate_algebra/1467.json pending=6 elapsed=33.7s
[30/30] test/intermediate_algebra/1508.json pending=6 elapsed=25.2s
