[1/30] test/number_theory/572.json pending=6 elapsed=14.8s
[2/30] test/algebra/1098.json pending=6 elapsed=11.7s
[3/30] test/geometry/967.json pending=6 elapsed=33.6s
[4/30] test/prealgebra/572.json pending=6 elapsed=14.8s
[5/30] test/number_theory/516.json pending=6 elapsed=19.0s
[6/30] test/algebra/892.json pending=6 elapsed=31.9s
[7/30] test/prealgebra/1804.json pending=6 elapsed=11.8s
[8/30] test/algebra/1332.json pending=6 elapsed=13.9s
[9/30] test/intermediate_algebra/1151.json pending=6 elapsed=19.0s
[10/30] test/precalculus/117.json pending=6 elapsed=37.2s
[11/30] test/algebra/686.json pending=6 elapsed=32.9s
[12/30] test/counting_and_probability/51.json pending=6 elapsed=18.7s
[13/30] test/counting_and_probability/389.json pending=6 elapsed=12.4s
[14/30] test/precalculus/190.json pending=6 elapsed=24.9s
[15/30] test/algebra/1143.json pending=6 elapsed=29.6s
[16/30] test/algebra/694.json pending=6 elapsed=23.8s
[17/30] test/algebra/346.json pending=6 elapsed=15.0s
[18/30] test/intermediate_algebra/90.json pending=6 elapsed=37.0s
[19/30] test/number_theory/203.json pending=6 elapsed=55.5s
[20/30] test/precalculus/742.json pending=6 elapsed=24.3s
[21/30] test/counting_and_probability/737.json pending=6 elapsed=25.3s
[22/30] test/precalculus/96.json pending=6 elapsed=17.0s
[23/30] test/number_theory/1185.json pending=6 elapsed=13.1s
[24/30] test/intermediate_algebra/1791.json pending=6 elapsed=44.0s
[25/30] test/prealgebra/1227.json pending=6 elapsed=15.1s
[26/30] test/intermediate_algebra/121.json pending=6 elapsed=28.5s
[27/30] test/intermediate_algebra/1779.json pending=6 elapsed=79.3s
[28/30] test/number_theory/679.json pending=6 elapsed=26.5s
[29/30] test/number_theory/1128.json pending=6 elapsed=27.0s
