[1/30] test/number_theory/572.json pending=6 elapsed=12.2s
[2/30] test/algebra/1098.json pending=6 elapsed=7.1s
[3/30] test/geometry/967.json pending=6 elapsed=16.5s
[4/30] test/prealgebra/572.json pending=6 elapsed=10.8s
[5/30] test/number_theory/516.json pending=6 elapsed=23.9s
[6/30] test/algebra/892.json pending=6 elapsed=35.4s
[7/30] test/prealgebra/1804.json pending=6 elapsed=16.3s
[8/30] test/algebra/1332.json pending=6 elapsed=12.6s
[9/30] test/intermediate_algebra/1151.json pending=6 elapsed=25.0s
[10/30] test/precalculus/117.json pending=6 elapsed=30.6s
[11/30] test/algebra/686.json pending=6 elapsed=56.8s
[12/30] test/counting_and_probability/51.json pending=6 elapsed=20.0s
[13/30] test/counting_and_probability/389.json pending=6 elapsed=24.8s
[14/30] test/precalculus/190.json pending=6 elapsed=35.3s
[15/30] test/algebra/1143.json pending=6 elapsed=32.4s
[16/30] test/algebra/694.json pending=6 elapsed=13.1s
[17/30] test/algebra/346.json pending=6 elapsed=13.5s
[18/30] test/intermediate_algebra/90.json pending=6 elapsed=19.0s
[19/30] test/number_theory/203.json pending=6 elapsed=63.3s
[20/30] test/precalculus/742.json pending=6 elapsed=23.2s
[21/30] test/counting_and_probability/737.json pending=6 elapsed=26.2s
[22/30] test/precalculus/96.json pending=6 elapsed=13.6s
[23/30] test/number_theory/1185.json pending=6 elapsed=20.6s
[24/30] test/intermediate_algebra/1791.json pending=6 elapsed=40.8s
[25/30] test/prealgebra/1227.json pending=6 elapsed=10.3s
[26/30] test/intermediate_algebra/121.json pending=6 elapsed=32.7s
[27/30] test/intermediate_algebra/1779.json pending=6 elapsed=67.9s
[28/30] test/number_theory/679.json pending=6 elapsed=24.5s
[29/30] test/number_theory/1128.json pending=6 elapsed=27.1s
[30/30] test/intermediate_algebra/1232.json pending=6 elapsed=19.8s
