[1/30] test/precalculus/807.json pending=6 elapsed=433.6s
[2/30] test/precalculus/1199.json pending=6 elapsed=84.3s
[3/30] test/counting_and_probability/119.json pending=6 elapsed=102.5s
[4/30] test/intermediate_algebra/1217.json pending=6 elapsed=54.0s
[5/30] test/precalculus/1313.json pending=6 elapsed=85.4s
[6/30] test/geometry/353.json pending=6 elapsed=47.9s
[7/30] test/intermediate_algebra/431.json pending=6 elapsed=381.8s
[8/30] test/prealgebra/1733.json pending=6 elapsed=1443.7s
[9/30] test/intermediate_algebra/2022.json pending=6 elapsed=543.7s
[10/30] test/counting_and_probability/230.json pending=6 elapsed=2.1s
[11/30] test/algebra/297.json pending=6 elapsed=2.0s
[12/30] test/algebra/2199.json pending=6 elapsed=2.1s
[13/30] test/intermediate_algebra/1510.json pending=6 elapsed=2.1s
[14/30] test/number_theory/89.json pending=6 elapsed=2.1s
[15/30] test/algebra/975.json pending=6 elapsed=2.1s
[16/30] test/precalculus/452.json pending=6 elapsed=2.1s
[17/30] test/number_theory/533.json pending=6 elapsed=2.1s
[18/30] test/intermediate_algebra/1300.json pending=6 elapsed=2.1s
[19/30] test/intermediate_algebra/1544.json pending=6 elapsed=2.1s
[20/30] test/counting_and_probability/870.json pending=6 elapsed=2.1s
[21/30] test/precalculus/801.json pending=6 elapsed=2.1s
[22/30] test/prealgebra/1353.json pending=6 elapsed=2.1s
[23/30] test/algebra/1303.json pending=6 elapsed=2.1s
[24/30] test/algebra/2277.json pending=6 elapsed=2.1s
[25/30] test/precalculus/398.json pending=6 elapsed=2.1s
[26/30] test/precalculus/1133.json pending=6 elapsed=2.1s
[27/30] test/algebra/1343.json pending=6 elapsed=2.1s
[28/30] test/algebra/2780.json pending=6 elapsed=2.1s
[29/30] test/prealgebra/1252.json pending=6 elapsed=2.1s
[30/30] test/algebra/2779.json pending=6 elapsed=2.1s
