[1/29] test/precalculus/927.json pending=6 elapsed=21.7s
[2/29] test/algebra/2427.json pending=6 elapsed=15.5s
[3/29] test/geometry/627.json pending=6 elapsed=36.1s
[4/29] test/algebra/722.json pending=6 elapsed=12.1s
[5/29] test/counting_and_probability/1114.json pending=6 elapsed=25.0s
[6/29] test/counting_and_probability/377.json pending=6 elapsed=18.2s
[7/29] test/precalculus/44.json pending=6 elapsed=36.9s
[8/29] test/intermediate_algebra/1063.json pending=6 elapsed=26.2s
[9/29] test/precalculus/477.json pending=6 elapsed=41.9s
[10/29] test/number_theory/521.json pending=6 elapsed=13.8s
[11/29] test/geometry/65.json pending=6 elapsed=18.2s
[12/29] test/intermediate_algebra/2196.json pending=6 elapsed=14.3s
[13/29] test/prealgebra/1555.json pending=6 elapsed=13.4s
[14/29] test/precalculus/1056.json pending=6 elapsed=49.5s
[15/29] test/intermediate_algebra/1210.json pending=6 elapsed=31.3s
[16/29] test/prealgebra/1317.json pending=6 elapsed=14.6s
[17/29] test/prealgebra/1512.json pending=6 elapsed=37.2s
[18/29] test/intermediate_algebra/754.json pending=6 elapsed=35.0s
[19/29] test/prealgebra/1423.json pending=6 elapsed=14.5s
[20/29] test/counting_and_probability/216.json pending=6 elapsed=14.5s
[21/29] test/algebra/1547.json pending=6 elapsed=38.3s
[22/29] test/intermediate_algebra/690.json pending=6 elapsed=36.1s
[23/29] test/counting_and_probability/188.json pending=6 elapsed=20.9s
[24/29] test/prealgebra/1991.json pending=6 elapsed=47.8s
[25/29] test/number_theory/769.json pending=6 elapsed=15.4s
[26/29] test/intermediate_algebra/1462.json pending=6 elapsed=114.1s
