[1/30] test/algebra/1349.json pending=6 elapsed=20.3s
[2/30] test/intermediate_algebra/607.json pending=6 elapsed=15.0s
[3/30] test/algebra/24.json pending=6 elapsed=9.5s
[4/30] test/algebra/187.json pending=6 elapsed=32.0s
[5/30] test/geometry/456.json pending=6 elapsed=25.8s
[6/30] test/number_theory/357.json pending=6 elapsed=18.5s
[7/30] test/intermediate_algebra/515.json pending=6 elapsed=22.1s
[8/30] test/geometry/283.json pending=6 elapsed=25.2s
[9/30] test/number_theory/156.json pending=6 elapsed=25.1s
[10/30] test/intermediate_algebra/1410.json pending=6 elapsed=32.9s
[11/30] test/algebra/351.json pending=6 elapsed=16.4s
[12/30] test/algebra/109.json pending=6 elapsed=10.7s
[13/30] test/number_theory/1201.json pending=6 elapsed=32.4s
[14/30] test/algebra/2159.json pending=6 elapsed=21.7s
[15/30] test/algebra/2626.json pending=6 elapsed=13.6s
[16/30] test/intermediate_algebra/149.json pending=6 elapsed=13.2s
[17/30] test/algebra/1282.json pending=6 elapsed=35.1s
[18/30] test/algebra/2486.json pending=6 elapsed=36.7s
[19/30] test/algebra/1842.json pending=6 elapsed=26.1s
[20/30] test/intermediate_algebra/117.json pending=6 elapsed=36.4s
[21/30] test/intermediate_algebra/1572.json pending=6 elapsed=15.3s
[22/30] test/intermediate_algebra/1405.json pending=6 elapsed=43.5s
[23/30] test/prealgebra/1743.json pending=6 elapsed=90.9s
[24/30] test/algebra/114.json pending=6 elapsed=15.1s
[25/30] test/intermediate_algebra/2146.json pending=6 elapsed=47.0s
[26/30] test/intermediate_algebra/1014.json pending=6 elapsed=29.1s
[27/30] test/algebra/2430.json pending=6 elapsed=14.9s
[28/30] test/algebra/1425.json pending=6 elapsed=20.8s
