[1/29] test/precalculus/990.json pending=6 elapsed=21.4s
[2/29] test/counting_and_probability/134.json pending=6 elapsed=16.2s
[3/29] test/prealgebra/1388.json pending=6 elapsed=11.6s
[4/29] test/algebra/2046.json pending=6 elapsed=28.8s
[5/29] test/intermediate_algebra/2046.json pending=6 elapsed=29.7s
[6/29] test/geometry/183.json pending=6 elapsed=41.1s
[7/29] test/algebra/2251.json pending=6 elapsed=16.1s
[8/29] test/intermediate_algebra/1126.json pending=6 elapsed=32.5s
[9/29] test/precalculus/986.json pending=6 elapsed=40.2s
[10/29] test/counting_and_probability/181.json pending=6 elapsed=44.5s
[11/29] test/algebra/1214.json pending=6 elapsed=10.5s
[12/29] test/algebra/291.json pending=6 elapsed=34.8s
[13/29] test/counting_and_probability/282.json pending=6 elapsed=31.6s
[14/29] test/precalculus/989.json pending=6 elapsed=43.2s
[15/29] test/prealgebra/1458.json pending=6 elapsed=12.4s
[16/29] test/algebra/2551.json pending=6 elapsed=17.1s
[17/29] test/number_theory/631.json pending=6 elapsed=30.7s
[18/29] test/intermediate_algebra/446.json pending=6 elapsed=22.9s
[19/29] test/prealgebra/954.json pending=6 elapsed=19.8s
[20/29] test/number_theory/368.json pending=6 elapsed=16.3s
[21/29] test/intermediate_algebra/1166.json pending=6 elapsed=42.8s
[22/29] test/geometry/846.json pending=6 elapsed=45.6s
[23/29] test/geometry/795.json pending=6 elapsed=30.8s
[24/29] test/number_theory/132.json pending=6 elapsed=13.2s
[25/29] test/number_theory/1002.json pending=6 elapsed=27.0s
[26/29] test/algebra/2080.json pending=6 elapsed=17.9s
[27/29] test/number_theory/342.json pending=6 elapsed=22.4s
[28/29] test/intermediate_algebra/752.json pending=6 elapsed=11.3s
[29/29] test/prealgebra/1128.json pending=6 elapsed=20.8s
