[9/29] test/geometry/172.json pending=4 elapsed=18.9s
[10/29] test/geometry/802.json pending=2 elapsed=5.4s
[11/29] test/number_theory/978.json pending=4 elapsed=2.5s
[13/29] test/prealgebra/1961.json pending=4 elapsed=8.3s
[14/29] test/intermediate_algebra/337.json pending=6 elapsed=14.7s
[15/29] test/counting_and_probability/1009.json pending=6 elapsed=19.4s
[16/29] test/number_theory/634.json pending=6 elapsed=28.6s
[17/29] test/precalculus/1172.json pending=6 elapsed=30.1s
[18/29] test/algebra/2257.json pending=6 elapsed=13.6s
[19/29] test/algebra/1936.json pending=6 elapsed=13.1s
[20/29] test/intermediate_algebra/1566.json pending=6 elapsed=41.5s
[21/29] test/algebra/1078.json pending=6 elapsed=37.8s
[22/29] test/algebra/2264.json pending=6 elapsed=14.2s
[23/29] test/algebra/853.json pending=6 elapsed=27.3s
[24/29] test/algebra/1960.json pending=6 elapsed=13.6s
[25/29] test/algebra/1339.json pending=6 elapsed=22.6s
[26/29] test/prealgebra/2037.json pending=6 elapsed=12.5s
[27/29] test/prealgebra/805.json pending=6 elapsed=55.6s
[28/29] test/counting_and_probability/1003.json pending=6 elapsed=23.9s
[29/29] test/precalculus/356.json pending=6 elapsed=14.2s
