[1/30] test/algebra/1349.json pending=6 elapsed=23.1s
[2/30] test/intermediate_algebra/607.json pending=6 elapsed=29.6s
[3/30] test/algebra/24.json pending=6 elapsed=14.9s
[4/30] test/algebra/187.json pending=6 elapsed=31.2s
[5/30] test/geometry/456.json pending=6 elapsed=13.9s
[6/30] test/number_theory/357.json pending=6 elapsed=58.6s
[7/30] test/intermediate_algebra/515.json pending=6 elapsed=29.6s
[8/30] test/geometry/283.json pending=6 elapsed=28.5s
[9/30] test/number_theory/156.json pending=6 elapsed=14.3s
[10/30] test/intermediate_algebra/1410.json pending=6 elapsed=44.7s
[11/30] test/algebra/351.json pending=6 elapsed=35.8s
[12/30] test/algebra/109.json pending=6 elapsed=9.1s
[13/30] test/number_theory/1201.json pending=6 elapsed=53.2s
[14/30] test/algebra/2159.json pending=6 elapsed=18.0s
[15/30] test/algebra/2626.json pending=6 elapsed=12.2s
[16/30] test/intermediate_algebra/149.json pending=6 elapsed=11.7s
[17/30] test/algebra/1282.json pending=6 elapsed=43.2s
[18/30] test/algebra/2486.json pending=6 elapsed=26.8s
[19/30] test/algebra/1842.json pending=6 elapsed=13.0s
[20/30] test/intermediate_algebra/117.json pending=6 elapsed=32.7s
[21/30] test/intermediate_algebra/1572.json pending=6 elapsed=12.8s
[22/30] test/intermediate_algebra/1405.json pending=6 elapsed=51.9s
[23/30] test/prealgebra/1743.json pending=6 elapsed=31.0s
[24/30] test/algebra/114.json pending=6 elapsed=7.4s
[25/30] test/intermediate_algebra/2146.json pending=6 elapsed=50.7s
[26/30] test/intermediate_algebra/1014.json pending=6 elapsed=16.6s
[27/30] test/algebra/2430.json pending=6 elapsed=18.1s
[28/30] test/algebra/1425.json pending=6 elapsed=19.3s
[29/30] test/precalculus/1252.json pending=6 elapsed=22.3s
[30/30] test/geometry/561.json pending=6 elapsed=56.1s
