[1/29] test/precalculus/927.json pending=6 elapsed=27.5s
[2/29] test/algebra/2427.json pending=6 elapsed=35.2s
[3/29] test/geometry/627.json pending=6 elapsed=43.0s
[4/29] test/algebra/722.json pending=6 elapsed=9.4s
[5/29] test/counting_and_probability/1114.json pending=6 elapsed=12.0s
[6/29] test/counting_and_probability/377.json pending=6 elapsed=13.5s
[7/29] test/precalculus/44.json pending=6 elapsed=41.3s
[8/29] test/intermediate_algebra/1063.json pending=6 elapsed=33.8s
[9/29] test/precalculus/477.json pending=6 elapsed=26.6s
[10/29] test/number_theory/521.json pending=6 elapsed=12.7s
[11/29] test/geometry/65.json pending=6 elapsed=31.4s
[12/29] test/intermediate_algebra/2196.json pending=6 elapsed=30.6s
[13/29] test/prealgebra/1555.json pending=6 elapsed=17.9s
[14/29] test/precalculus/1056.json pending=6 elapsed=28.1s
[15/29] test/intermediate_algebra/1210.json pending=6 elapsed=25.7s
[16/29] test/prealgebra/1317.json pending=6 elapsed=10.6s
[17/29] test/prealgebra/1512.json pending=6 elapsed=17.3s
[18/29] test/intermediate_algebra/754.json pending=6 elapsed=33.8s
[19/29] test/prealgebra/1423.json pending=6 elapsed=13.5s
[20/29] test/counting_and_probability/216.json pending=6 elapsed=29.9s
[21/29] test/algebra/1547.json pending=6 elapsed=36.3s
[22/29] test/intermediate_algebra/690.json pending=6 elapsed=41.0s
[23/29] test/counting_and_probability/188.json pending=6 elapsed=46.6s
[24/29] test/prealgebra/1991.json pending=6 elapsed=18.1s
[25/29] test/number_theory/769.json pending=6 elapsed=12.1s
[26/29] test/intermediate_algebra/1462.json pending=6 elapsed=76.3s
[27/29] test/algebra/2789.json pending=6 elapsed=12.4s
[28/29] test/precalculus/703.json pending=6 elapsed=14.3s
[29/29] test/precalculus/1082.json pending=6 elapsed=57.8s
