[1/29] test/precalculus/990.json pending=6 elapsed=154.8s
[2/29] test/counting_and_probability/134.json pending=6 elapsed=365.3s
[3/29] test/prealgebra/1388.json pending=6 elapsed=17.6s
[4/29] test/algebra/2046.json pending=6 elapsed=27.4s
[5/29] test/intermediate_algebra/2046.json pending=6 elapsed=23.8s
[6/29] test/geometry/183.json pending=6 elapsed=210.3s
[7/29] test/algebra/2251.json pending=6 elapsed=28.8s
[8/29] test/intermediate_algebra/1126.json pending=6 elapsed=158.6s
[9/29] test/precalculus/986.json pending=6 elapsed=36.7s
[10/29] test/counting_and_probability/181.json pending=6 elapsed=391.6s
[11/29] test/algebra/1214.json pending=6 elapsed=1176.2s
[12/29] test/algebra/291.json pending=6 elapsed=36.0s
[13/29] test/counting_and_probability/282.json pending=6 elapsed=434.3s
[14/29] test/precalculus/989.json pending=6 elapsed=182.2s
[15/29] test/prealgebra/1458.json pending=6 elapsed=2.1s
[16/29] test/algebra/2551.json pending=6 elapsed=2.1s
[17/29] test/number_theory/631.json pending=6 elapsed=2.1s
[18/29] test/intermediate_algebra/446.json pending=6 elapsed=2.0s
[19/29] test/prealgebra/954.json pending=6 elapsed=2.1s
[20/29] test/number_theory/368.json pending=6 elapsed=2.1s
[21/29] test/intermediate_algebra/1166.json pending=6 elapsed=2.1s
[22/29] test/geometry/846.json pending=6 elapsed=2.1s
[23/29] test/geometry/795.json pending=6 elapsed=2.1s
[24/29] test/number_theory/132.json pending=6 elapsed=2.1s
[25/29] test/number_theory/1002.json pending=6 elapsed=328.3s
[26/29] test/algebra/2080.json pending=6 elapsed=35.2s
[27/29] test/number_theory/342.json pending=6 elapsed=20.1s
[28/29] test/intermediate_algebra/752.json pending=6 elapsed=31.0s
[29/29] test/prealgebra/1128.json pending=6 elapsed=51.5s
