[1/29] test/number_theory/737.json pending=6 elapsed=21.5s
[2/29] test/counting_and_probability/666.json pending=6 elapsed=18.2s
[3/29] test/precalculus/285.json pending=6 elapsed=40.5s
[4/29] test/intermediate_algebra/279.json pending=6 elapsed=13.9s
[5/29] test/intermediate_algebra/1849.json pending=6 elapsed=36.1s
[6/29] test/prealgebra/105.json pending=6 elapsed=20.3s
[7/29] test/intermediate_algebra/1898.json pending=6 elapsed=64.3s
[8/29] test/algebra/246.json pending=6 elapsed=18.1s
[9/29] test/algebra/988.json pending=6 elapsed=22.5s
[10/29] test/prealgebra/1356.json pending=6 elapsed=19.8s
[11/29] test/prealgebra/1922.json pending=6 elapsed=23.2s
[12/29] test/prealgebra/1907.json pending=6 elapsed=13.5s
[13/29] test/prealgebra/1436.json pending=6 elapsed=26.0s
[14/29] test/precalculus/441.json pending=6 elapsed=21.1s
[15/29] test/algebra/1934.json pending=6 elapsed=23.1s
[16/29] test/geometry/226.json pending=6 elapsed=37.0s
[17/29] test/precalculus/768.json pending=6 elapsed=14.1s
[18/29] test/prealgebra/1044.json pending=6 elapsed=23.5s
[19/29] test/algebra/2735.json pending=6 elapsed=19.0s
[20/29] test/number_theory/483.json pending=6 elapsed=68.8s
[21/29] test/precalculus/1281.json pending=6 elapsed=13.1s
[22/29] test/prealgebra/1187.json pending=6 elapsed=20.7s
[23/29] test/algebra/170.json pending=6 elapsed=15.6s
[24/29] test/number_theory/928.json pending=6 elapsed=23.5s
[25/29] test/precalculus/625.json pending=6 elapsed=16.1s
[26/29] test/algebra/1553.json pending=6 elapsed=33.2s
[27/29] test/precalculus/323.json pending=6 elapsed=47.1s
[28/29] test/prealgebra/846.json pending=6 elapsed=9.3s
[29/29] test/prealgebra/1203.json pending=6 elapsed=12.9s
