[1/29] test/number_theory/1032.json pending=6 elapsed=39.8s
[2/29] test/prealgebra/1840.json pending=6 elapsed=41.1s
[3/29] test/prealgebra/1558.json pending=6 elapsed=150.5s
[4/29] test/intermediate_algebra/1247.json pending=6 elapsed=486.6s
[5/29] test/intermediate_algebra/47.json pending=6 elapsed=51.9s
[6/29] test/precalculus/34.json pending=6 elapsed=27.4s
[7/29] test/algebra/2058.json pending=6 elapsed=74.3s
[8/29] test/geometry/1140.json pending=6 elapsed=114.2s
[9/29] test/algebra/1519.json pending=6 elapsed=44.1s
[10/29] test/algebra/2517.json pending=6 elapsed=80.0s
[11/29] test/prealgebra/1908.json pending=6 elapsed=367.8s
[12/29] test/number_theory/838.json pending=6 elapsed=1269.0s
[13/29] test/counting_and_probability/765.json pending=6 elapsed=29.4s
[14/29] test/algebra/1578.json pending=6 elapsed=14.2s
[15/29] test/precalculus/920.json pending=6 elapsed=33.5s
[16/29] test/algebra/524.json pending=6 elapsed=13.4s
[17/29] test/algebra/1184.json pending=6 elapsed=215.0s
[18/29] test/geometry/1097.json pending=6 elapsed=185.4s
[19/29] test/algebra/276.json pending=6 elapsed=2.1s
[20/29] test/intermediate_algebra/776.json pending=6 elapsed=2.1s
[21/29] test/number_theory/686.json pending=6 elapsed=2.1s
[22/29] test/algebra/1199.json pending=6 elapsed=2.1s
[23/29] test/prealgebra/1298.json pending=6 elapsed=2.1s
[24/29] test/intermediate_algebra/1806.json pending=6 elapsed=2.1s
[25/29] test/algebra/1796.json pending=6 elapsed=2.1s
[26/29] test/algebra/2043.json pending=6 elapsed=2.1s
[27/29] test/algebra/1814.json pending=6 elapsed=2.1s
[28/29] test/algebra/435.json pending=6 elapsed=2.1s
[29/29] test/geometry/477.json pending=6 elapsed=2.1s
