[1/29] test/number_theory/1032.json pending=6 elapsed=25.9s
[2/29] test/prealgebra/1840.json pending=6 elapsed=14.6s
[3/29] test/prealgebra/1558.json pending=6 elapsed=24.8s
[4/29] test/intermediate_algebra/1247.json pending=6 elapsed=29.9s
[5/29] test/intermediate_algebra/47.json pending=6 elapsed=17.5s
[6/29] test/precalculus/34.json pending=6 elapsed=17.7s
[7/29] test/algebra/2058.json pending=6 elapsed=19.5s
[8/29] test/geometry/1140.json pending=6 elapsed=43.9s
[9/29] test/algebra/1519.json pending=6 elapsed=13.4s
[10/29] test/algebra/2517.json pending=6 elapsed=40.0s
[11/29] test/prealgebra/1908.json pending=6 elapsed=18.4s
[12/29] test/number_theory/838.json pending=6 elapsed=15.7s
[13/29] test/counting_and_probability/765.json pending=6 elapsed=48.3s
[14/29] test/algebra/1578.json pending=6 elapsed=16.9s
[15/29] test/precalculus/920.json pending=6 elapsed=16.1s
[16/29] test/algebra/524.json pending=6 elapsed=9.7s
[17/29] test/algebra/1184.json pending=6 elapsed=30.1s
[18/29] test/geometry/1097.json pending=6 elapsed=20.5s
[19/29] test/algebra/276.json pending=6 elapsed=37.5s
[20/29] test/intermediate_algebra/776.json pending=6 elapsed=34.4s
[21/29] test/number_theory/686.json pending=6 elapsed=21.9s
[22/29] test/algebra/1199.json pending=6 elapsed=20.3s
[23/29] test/prealgebra/1298.json pending=6 elapsed=22.2s
[24/29] test/intermediate_algebra/1806.json pending=6 elapsed=38.8s
[25/29] test/algebra/1796.json pending=6 elapsed=23.8s
[26/29] test/algebra/2043.json pending=6 elapsed=31.6s
[27/29] test/algebra/1814.json pending=6 elapsed=25.2s
[28/29] test/algebra/435.json pending=6 elapsed=22.1s
[29/29] test/geometry/477.json pending=6 elapsed=15.9s
