[1/29] test/intermediate_algebra/1197.json pending=6 elapsed=24.5s
[2/29] test/precalculus/779.json pending=6 elapsed=11.1s
[3/29] test/geometry/178.json pending=6 elapsed=13.5s
[4/29] test/precalculus/675.json pending=6 elapsed=33.7s
[5/29] test/prealgebra/192.json pending=6 elapsed=8.8s
[6/29] test/intermediate_algebra/662.json pending=6 elapsed=26.1s
[7/29] test/algebra/2593.json pending=6 elapsed=13.0s
[8/29] test/number_theory/753.json pending=6 elapsed=16.4s
[9/29] test/intermediate_algebra/966.json pending=6 elapsed=22.7s
[10/29] test/precalculus/697.json pending=6 elapsed=29.8s
[11/29] test/algebra/1275.json pending=6 elapsed=31.7s
[12/29] test/counting_and_probability/508.json pending=6 elapsed=17.1s
[13/29] test/algebra/907.json pending=6 elapsed=21.5s
[14/29] test/intermediate_algebra/1354.json pending=6 elapsed=28.3s
[15/29] test/number_theory/1065.json pending=6 elapsed=24.6s
[16/29] test/prealgebra/1742.json pending=6 elapsed=24.3s
[17/29] test/prealgebra/1787.json pending=6 elapsed=8.6s
[18/29] test/counting_and_probability/339.json pending=6 elapsed=75.8s
[19/29] test/intermediate_algebra/2152.json pending=6 elapsed=21.7s
[20/29] test/algebra/1457.json pending=6 elapsed=26.1s
[21/29] test/precalculus/826.json pending=6 elapsed=22.5s
[22/29] test/geometry/106.json pending=6 elapsed=28.7s
[23/29] test/prealgebra/2066.json pending=6 elapsed=14.7s
[24/29] test/precalculus/1291.json pending=6 elapsed=20.4s
[25/29] test/precalculus/145.json pending=6 elapsed=62.5s
[26/29] test/counting_and_probability/10.json pending=6 elapsed=30.0s
[27/29] test/algebra/2476.json pending=6 elapsed=19.3s
[28/29] test/intermediate_algebra/158.json pending=6 elapsed=21.8s
[29/29] test/number_theory/239.json pending=6 elapsed=16.4s
