[1/29] test/algebra/2036.json pending=6 elapsed=22.7s
[2/29] test/intermediate_algebra/1388.json pending=6 elapsed=21.6s
[3/29] test/algebra/2214.json pending=6 elapsed=15.5s
[4/29] test/prealgebra/1247.json pending=6 elapsed=15.5s
[5/29] test/intermediate_algebra/623.json pending=6 elapsed=33.8s
[6/29] test/algebra/873.json pending=6 elapsed=17.0s
[7/29] test/intermediate_algebra/345.json pending=6 elapsed=95.4s
[8/29] test/number_theory/847.json pending=6 elapsed=35.3s
[9/29] test/precalculus/43.json pending=6 elapsed=12.8s
[10/29] test/algebra/1255.json pending=6 elapsed=11.9s
[11/29] test/prealgebra/1113.json pending=6 elapsed=11.4s
[12/29] test/intermediate_algebra/591.json pending=6 elapsed=18.2s
[13/29] test/algebra/2102.json pending=6 elapsed=61.5s
[14/29] test/prealgebra/2057.json pending=6 elapsed=14.1s
[15/29] test/algebra/1787.json pending=6 elapsed=16.2s
[16/29] test/geometry/483.json pending=6 elapsed=26.4s
[17/29] test/number_theory/1287.json pending=6 elapsed=24.8s
[18/29] test/number_theory/1172.json pending=6 elapsed=24.8s
[19/29] test/geometry/1108.json pending=6 elapsed=15.0s
[20/29] test/algebra/509.json pending=6 elapsed=33.9s
[21/29] test/counting_and_probability/116.json pending=6 elapsed=14.5s
[22/29] test/number_theory/820.json pending=6 elapsed=21.3s
[23/29] test/intermediate_algebra/1111.json pending=6 elapsed=26.4s
[24/29] test/prealgebra/1784.json pending=6 elapsed=12.0s
[25/29] test/precalculus/681.json pending=6 elapsed=11.9s
[26/29] test/number_theory/410.json pending=6 elapsed=21.6s
[27/29] test/number_theory/13.json pending=6 elapsed=33.6s
[28/29] test/prealgebra/1114.json pending=6 elapsed=21.0s
[29/29] test/intermediate_algebra/101.json pending=6 elapsed=32.1s
