[1/29] test/geometry/248.json pending=6 elapsed=13.1s
[2/29] test/number_theory/864.json pending=6 elapsed=17.7s
[3/29] test/algebra/305.json pending=6 elapsed=31.3s
[4/29] test/precalculus/1146.json pending=6 elapsed=32.9s
[5/29] test/algebra/1035.json pending=6 elapsed=25.2s
[6/29] test/prealgebra/1924.json pending=6 elapsed=19.0s
[7/29] test/counting_and_probability/1060.json pending=6 elapsed=14.1s
[8/29] test/prealgebra/1686.json pending=6 elapsed=11.3s
[9/29] test/number_theory/931.json pending=6 elapsed=30.9s
[10/29] test/prealgebra/1003.json pending=6 elapsed=46.8s
[11/29] test/algebra/1082.json pending=6 elapsed=40.3s
[12/29] test/prealgebra/2086.json pending=6 elapsed=30.1s
[13/29] test/number_theory/417.json pending=6 elapsed=26.1s
[14/29] test/intermediate_algebra/1837.json pending=6 elapsed=33.4s
[15/29] test/counting_and_probability/894.json pending=6 elapsed=19.4s
[16/29] test/number_theory/466.json pending=6 elapsed=11.7s
[17/29] test/intermediate_algebra/1411.json pending=6 elapsed=40.4s
[18/29] test/prealgebra/465.json pending=6 elapsed=14.6s
[19/29] test/algebra/425.json pending=6 elapsed=28.5s
[20/29] test/algebra/2592.json pending=6 elapsed=8.9s
[21/29] test/counting_and_probability/1014.json pending=6 elapsed=17.2s
[22/29] test/precalculus/1289.json pending=6 elapsed=13.4s
[23/29] test/algebra/849.json pending=6 elapsed=8.8s
[24/29] test/counting_and_probability/761.json pending=6 elapsed=18.8s
[25/29] test/precalculus/1202.json pending=6 elapsed=26.4s
[26/29] test/number_theory/255.json pending=6 elapsed=13.7s
[27/29] test/counting_and_probability/190.json pending=6 elapsed=8.4s
[28/29] test/algebra/2470.json pending=6 elapsed=14.8s
[29/29] test/intermediate_algebra/1365.json pending=6 elapsed=24.5s
