[1/29] test/intermediate_algebra/1197.json pending=6 elapsed=24.9s
[2/29] test/precalculus/779.json pending=6 elapsed=15.1s
[3/29] test/geometry/178.json pending=6 elapsed=18.6s
[4/29] test/precalculus/675.json pending=6 elapsed=15.8s
[5/29] test/prealgebra/192.json pending=6 elapsed=11.8s
[6/29] test/intermediate_algebra/662.json pending=6 elapsed=25.1s
[7/29] test/algebra/2593.json pending=6 elapsed=9.9s
[8/29] test/number_theory/753.json pending=6 elapsed=15.9s
[9/29] test/intermediate_algebra/966.json pending=6 elapsed=20.8s
[10/29] test/precalculus/697.json pending=6 elapsed=19.1s
[11/29] test/algebra/1275.json pending=6 elapsed=14.8s
[12/29] test/counting_and_probability/508.json pending=6 elapsed=15.0s
[13/29] test/algebra/907.json pending=6 elapsed=14.1s
[14/29] test/intermediate_algebra/1354.json pending=6 elapsed=40.0s
[15/29] test/number_theory/1065.json pending=6 elapsed=18.9s
[16/29] test/prealgebra/1742.json pending=6 elapsed=20.4s
[17/29] test/prealgebra/1787.json pending=6 elapsed=8.2s
[18/29] test/counting_and_probability/339.json pending=6 elapsed=43.0s
[19/29] test/intermediate_algebra/2152.json pending=6 elapsed=15.2s
[20/29] test/algebra/1457.json pending=6 elapsed=13.3s
[21/29] test/precalculus/826.json pending=6 elapsed=14.2s
[22/29] test/geometry/106.json pending=6 elapsed=21.2s
[23/29] test/prealgebra/2066.json pending=6 elapsed=12.3s
[24/29] test/precalculus/1291.json pending=6 elapsed=18.9s
[25/29] test/precalculus/145.json pending=6 elapsed=37.1s
[26/29] test/counting_and_probability/10.json pending=6 elapsed=21.9s
[27/29] test/algebra/2476.json pending=6 elapsed=16.3s
[28/29] test/intermediate_algebra/158.json pending=6 elapsed=16.3s
[29/29] test/number_theory/239.json pending=6 elapsed=12.8s
