[1/29] test/prealgebra/1139.json pending=6 elapsed=605.1s
[2/29] test/counting_and_probability/525.json pending=6 elapsed=66.8s
[3/29] test/intermediate_algebra/1454.json pending=6 elapsed=153.7s
[4/29] test/intermediate_algebra/956.json pending=6 elapsed=71.4s
[5/29] test/algebra/1004.json pending=6 elapsed=19.5s
[6/29] test/prealgebra/1646.json pending=6 elapsed=721.8s
[7/29] test/counting_and_probability/23957.json pending=6 elapsed=1061.3s
[8/29] test/algebra/661.json pending=6 elapsed=543.4s
[9/29] test/intermediate_algebra/1408.json pending=6 elapsed=2.1s
[10/29] test/prealgebra/1655.json pending=6 elapsed=2.1s
[11/29] test/precalculus/659.json pending=6 elapsed=2.1s
[12/29] test/algebra/1937.json pending=6 elapsed=2.1s
[13/29] test/intermediate_algebra/102.json pending=6 elapsed=2.1s
[14/29] test/intermediate_algebra/986.json pending=6 elapsed=2.1s
[15/29] test/intermediate_algebra/1123.json pending=6 elapsed=2.1s
[16/29] test/geometry/826.json pending=6 elapsed=2.1s
[17/29] test/prealgebra/260.json pending=6 elapsed=2.1s
[18/29] test/precalculus/881.json pending=6 elapsed=2.1s
[19/29] test/algebra/791.json pending=6 elapsed=384.7s
[20/29] test/intermediate_algebra/190.json pending=6 elapsed=1449.3s
[21/29] test/counting_and_probability/238.json pending=6 elapsed=619.0s
[22/29] test/number_theory/109.json pending=6 elapsed=47.5s
[23/29] test/algebra/101.json pending=6 elapsed=59.0s
[24/29] test/geometry/817.json pending=6 elapsed=244.1s
[25/29] test/algebra/776.json pending=6 elapsed=51.9s
[26/29] test/prealgebra/1640.json pending=6 elapsed=146.1s
[27/29] test/number_theory/459.json pending=6 elapsed=43.1s
[28/29] test/algebra/224.json pending=6 elapsed=54.1s
[29/29] test/counting_and_probability/199.json pending=6 elapsed=410.2s
