[1/100] ran-000592 OMISSION nonunique error
[2/100] ran-000592 OMISSION nonunique_grounding error
[3/100] ran-000592 UNDERSPECIFIED nonunique error
[4/100] ran-000592 UNDERSPECIFIED nonunique_grounding error
[5/100] crt-000072 OMISSION nonunique error
[6/100] crt-000072 OMISSION nonunique_grounding error
[7/100] crt-000072 UNDERSPECIFIED nonunique error
[8/100] crt-000072 UNDERSPECIFIED nonunique_grounding error
[9/100] gra-000223 OMISSION nonunique error
[10/100] gra-000223 OMISSION nonunique_grounding error
[11/100] gra-000223 UNDERSPECIFIED nonunique error
[12/100] gra-000223 UNDERSPECIFIED nonunique_grounding error
[13/100] ran-000573 OMISSION nonunique error
[14/100] ran-000573 OMISSION nonunique_grounding error
[15/100] ran-000573 UNDERSPECIFIED nonunique error
[16/100] ran-000573 UNDERSPECIFIED nonunique_grounding error
[17/100] mom-000400 OMISSION nonunique error
[18/100] mom-000400 OMISSION nonunique_grounding error
[19/100] mom-000400 UNDERSPECIFIED nonunique error
[20/100] mom-000400 UNDERSPECIFIED nonunique_grounding error
[21/100] crt-000066 OMISSION nonunique error
[22/100] crt-000066 OMISSION nonunique_grounding error
[23/100] crt-000066 UNDERSPECIFIED nonunique error
[24/100] crt-000066 UNDERSPECIFIED nonunique_grounding error
[25/100] crt-000084 OMISSION nonunique error
[26/100] crt-000084 OMISSION nonunique_grounding error
[27/100] crt-000084 UNDERSPECIFIED nonunique error
[28/100] crt-000084 UNDERSPECIFIED nonunique_grounding error
[29/100] ran-000546 OMISSION nonunique error
[30/100] ran-000546 OMISSION nonunique_grounding error
[31/100] ran-000546 UNDERSPECIFIED nonunique error
[32/100] ran-000546 UNDERSPECIFIED nonunique_grounding error
[33/100] lin-000265 OMISSION nonunique error
[34/100] lin-000265 OMISSION nonunique_grounding error
[35/100] lin-000265 UNDERSPECIFIED nonunique error
[36/100] lin-000265 UNDERSPECIFIED nonunique_grounding error
[37/100] gra-000232 OMISSION nonunique error
[38/100] gra-000232 OMISSION nonunique_grounding error
[39/100] gra-000232 UNDERSPECIFIED nonunique error
[40/100] gra-000232 UNDERSPECIFIED nonunique_grounding error
[41/100] ran-000576 OMISSION nonunique error
[42/100] ran-000576 OMISSION nonunique_grounding error
[43/100] ran-000576 UNDERSPECIFIED nonunique error
[44/100] ran-000576 UNDERSPECIFIED nonunique_grounding error
[45/100] crt-000096 OMISSION nonunique error
[46/100] crt-000096 OMISSION nonunique_grounding error
[47/100] crt-000096 UNDERSPECIFIED nonunique error
[48/100] crt-000096 UNDERSPECIFIED nonunique_grounding error
[49/100] mom-000375 OMISSION nonunique error
[50/100] mom-000375 OMISSION nonunique_grounding error
[51/100] mom-000375 UNDERSPECIFIED nonunique error
[52/100] mom-000375 UNDERSPECIFIED nonunique_grounding error
[53/100] crt-000074 OMISSION nonunique error
[54/100] crt-000074 OMISSION nonunique_grounding error
[55/100] crt-000074 UNDERSPECIFIED nonunique error
[56/100] crt-000074 UNDERSPECIFIED nonunique_grounding error
[57/100] lin-000243 OMISSION nonunique error
[58/100] lin-000243 OMISSION nonunique_grounding error
[59/100] lin-000243 UNDERSPECIFIED nonunique error
[60/100] lin-000243 UNDERSPECIFIED nonunique_grounding error
[61/100] lin-000280 OMISSION nonunique error
[62/100] lin-000280 OMISSION nonunique_grounding error
[63/100] lin-000280 UNDERSPECIFIED nonunique error
[64/100] lin-000280 UNDERSPECIFIED nonunique_grounding error
[65/100] gra-000203 OMISSION nonunique error
[66/100] gra-000203 OMISSION nonunique_grounding error
[67/100] gra-000203 UNDERSPECIFIED nonunique error
[68/100] gra-000203 UNDERSPECIFIED nonunique_grounding error
[69/100] ran-000571 OMISSION nonunique error
[70/100] ran-000571 OMISSION nonunique_grounding error
[71/100] ran-000571 UNDERSPECIFIED nonunique error
[72/100] ran-000571 UNDERSPECIFIED nonunique_grounding error
[73/100] crt-000111 OMISSION nonunique error
[74/100] crt-000111 OMISSION nonunique_grounding error
[75/100] crt-000111 UNDERSPECIFIED nonunique error
[76/100] crt-000111 UNDERSPECIFIED nonunique_grounding error
[77/100] ran-000574 OMISSION nonunique error
[78/100] ran-000574 OMISSION nonunique_grounding error
[79/100] ran-000574 UNDERSPECIFIED nonunique error
[80/100] ran-000574 UNDERSPECIFIED nonunique_grounding error
[81/100] gra-000188 OMISSION nonunique error
[82/100] gra-000188 OMISSION nonunique_grounding error
[83/100] gra-000188 UNDERSPECIFIED nonunique error
[84/100] gra-000188 UNDERSPECIFIED nonunique_grounding error
[85/100] lin-000289 OMISSION nonunique error
[86/100] lin-000289 OMISSION nonunique_grounding error
[87/100] lin-000289 UNDERSPECIFIED nonunique error
[88/100] lin-000289 UNDERSPECIFIED nonunique_grounding error
[89/100] crt-000082 OMISSION nonunique error
[90/100] crt-000082 OMISSION nonunique_grounding error
[91/100] crt-000082 UNDERSPECIFIED nonunique error
[92/100] crt-000082 UNDERSPECIFIED nonunique_grounding error
[93/100] ran-000562 OMISSION nonunique error
[94/100] ran-000562 OMISSION nonunique_grounding error
[95/100] ran-000562 UNDERSPECIFIED nonunique error
[96/100] ran-000562 UNDERSPECIFIED nonunique_grounding error
[97/100] gra-000207 OMISSION nonunique error
[98/100] gra-000207 OMISSION nonunique_grounding error
[99/100] gra-000207 UNDERSPECIFIED nonunique error
[100/100] gra-000207 UNDERSPECIFIED nonunique_grounding error
[1/100] ran-000592 OMISSION nonunique error
[2/100] ran-000592 OMISSION nonunique_grounding error
[3/100] ran-000592 UNDERSPECIFIED nonunique error
[4/100] ran-000592 UNDERSPECIFIED nonunique_grounding error
[5/100] crt-000072 OMISSION nonunique error
[6/100] crt-000072 OMISSION nonunique_grounding error
[7/100] crt-000072 UNDERSPECIFIED nonunique error
[8/100] crt-000072 UNDERSPECIFIED nonunique_grounding error
[9/100] gra-000223 OMISSION nonunique error
[10/100] gra-000223 OMISSION nonunique_grounding error
[11/100] gra-000223 UNDERSPECIFIED nonunique error
[12/100] gra-000223 UNDERSPECIFIED nonunique_grounding error
[13/100] ran-000573 OMISSION nonunique error
[14/100] ran-000573 OMISSION nonunique_grounding error
[15/100] ran-000573 UNDERSPECIFIED nonunique error
[16/100] ran-000573 UNDERSPECIFIED nonunique_grounding error
[17/100] mom-000400 OMISSION nonunique error
[18/100] mom-000400 OMISSION nonunique_grounding error
[19/100] mom-000400 UNDERSPECIFIED nonunique error
[20/100] mom-000400 UNDERSPECIFIED nonunique_grounding error
[21/100] crt-000066 OMISSION nonunique error
[22/100] crt-000066 OMISSION nonunique_grounding error
[23/100] crt-000066 UNDERSPECIFIED nonunique error
[24/100] crt-000066 UNDERSPECIFIED nonunique_grounding error
[25/100] crt-000084 OMISSION nonunique error
[26/100] crt-000084 OMISSION nonunique_grounding error
[27/100] crt-000084 UNDERSPECIFIED nonunique error
[28/100] crt-000084 UNDERSPECIFIED nonunique_grounding error
[29/100] ran-000546 OMISSION nonunique error
[30/100] ran-000546 OMISSION nonunique_grounding error
[31/100] ran-000546 UNDERSPECIFIED nonunique error
[32/100] ran-000546 UNDERSPECIFIED nonunique_grounding error
[33/100] lin-000265 OMISSION nonunique error
[34/100] lin-000265 OMISSION nonunique_grounding error
[35/100] lin-000265 UNDERSPECIFIED nonunique error
[36/100] lin-000265 UNDERSPECIFIED nonunique_grounding error
[37/100] gra-000232 OMISSION nonunique error
[38/100] gra-000232 OMISSION nonunique_grounding error
[39/100] gra-000232 UNDERSPECIFIED nonunique error
[40/100] gra-000232 UNDERSPECIFIED nonunique_grounding error
[41/100] ran-000576 OMISSION nonunique error
[42/100] ran-000576 OMISSION nonunique_grounding error
[43/100] ran-000576 UNDERSPECIFIED nonunique error
[44/100] ran-000576 UNDERSPECIFIED nonunique_grounding error
[45/100] crt-000096 OMISSION nonunique error
[46/100] crt-000096 OMISSION nonunique_grounding error
[47/100] crt-000096 UNDERSPECIFIED nonunique error
[48/100] crt-000096 UNDERSPECIFIED nonunique_grounding error
[49/100] mom-000375 OMISSION nonunique error
[50/100] mom-000375 OMISSION nonunique_grounding error
[51/100] mom-000375 UNDERSPECIFIED nonunique error
[52/100] mom-000375 UNDERSPECIFIED nonunique_grounding error
[53/100] crt-000074 OMISSION nonunique error
[54/100] crt-000074 OMISSION nonunique_grounding error
[55/100] crt-000074 UNDERSPECIFIED nonunique error
[56/100] crt-000074 UNDERSPECIFIED nonunique_grounding error
[57/100] lin-000243 OMISSION nonunique error
[58/100] lin-000243 OMISSION nonunique_grounding error
[59/100] lin-000243 UNDERSPECIFIED nonunique error
[60/100] lin-000243 UNDERSPECIFIED nonunique_grounding error
[61/100] lin-000280 OMISSION nonunique error
[62/100] lin-000280 OMISSION nonunique_grounding error
[63/100] lin-000280 UNDERSPECIFIED nonunique error
[64/100] lin-000280 UNDERSPECIFIED nonunique_grounding error
[65/100] gra-000203 OMISSION nonunique error
[66/100] gra-000203 OMISSION nonunique_grounding error
[67/100] gra-000203 UNDERSPECIFIED nonunique error
[68/100] gra-000203 UNDERSPECIFIED nonunique_grounding error
[69/100] ran-000571 OMISSION nonunique error
[70/100] ran-000571 OMISSION nonunique_grounding error
[71/100] ran-000571 UNDERSPECIFIED nonunique error
[72/100] ran-000571 UNDERSPECIFIED nonunique_grounding error
[73/100] crt-000111 OMISSION nonunique error
[74/100] crt-000111 OMISSION nonunique_grounding error
[75/100] crt-000111 UNDERSPECIFIED nonunique error
[76/100] crt-000111 UNDERSPECIFIED nonunique_grounding error
[77/100] ran-000574 OMISSION nonunique error
[78/100] ran-000574 OMISSION nonunique_grounding error
[79/100] ran-000574 UNDERSPECIFIED nonunique error
[80/100] ran-000574 UNDERSPECIFIED nonunique_grounding error
[81/100] gra-000188 OMISSION nonunique error
[82/100] gra-000188 OMISSION nonunique_grounding error
[83/100] gra-000188 UNDERSPECIFIED nonunique error
[84/100] gra-000188 UNDERSPECIFIED nonunique_grounding error
[85/100] lin-000289 OMISSION nonunique error
[86/100] lin-000289 OMISSION nonunique_grounding error
[87/100] lin-000289 UNDERSPECIFIED nonunique error
[88/100] lin-000289 UNDERSPECIFIED nonunique_grounding error
[89/100] crt-000082 OMISSION nonunique error
[90/100] crt-000082 OMISSION nonunique_grounding error
[91/100] crt-000082 UNDERSPECIFIED nonunique error
[92/100] crt-000082 UNDERSPECIFIED nonunique_grounding error
[93/100] ran-000562 OMISSION nonunique error
[94/100] ran-000562 OMISSION nonunique_grounding error
[95/100] ran-000562 UNDERSPECIFIED nonunique error
[96/100] ran-000562 UNDERSPECIFIED nonunique_grounding error
[97/100] gra-000207 OMISSION nonunique error
[98/100] gra-000207 OMISSION nonunique_grounding error
[99/100] gra-000207 UNDERSPECIFIED nonunique error
[100/100] gra-000207 UNDERSPECIFIED nonunique_grounding error
