[1/120] ran-000544 OMISSION self_review ok
[2/120] ran-000544 OMISSION grounded_self_review ok
[3/120] ran-000544 UNDERSPECIFIED self_review ok
[4/120] ran-000544 UNDERSPECIFIED grounded_self_review ok
[5/120] lin-000278 OMISSION self_review ok
[6/120] lin-000278 OMISSION grounded_self_review ok
[7/120] lin-000278 UNDERSPECIFIED self_review ok
[8/120] lin-000278 UNDERSPECIFIED grounded_self_review ok
[9/120] gra-000230 OMISSION self_review ok
[10/120] gra-000230 OMISSION grounded_self_review ok
[11/120] gra-000230 UNDERSPECIFIED self_review ok
[12/120] gra-000230 UNDERSPECIFIED grounded_self_review ok
[13/120] ran-000596 OMISSION self_review ok
[14/120] ran-000596 OMISSION grounded_self_review ok
[15/120] ran-000596 UNDERSPECIFIED self_review ok
[16/120] ran-000596 UNDERSPECIFIED grounded_self_review ok
[17/120] lin-000276 OMISSION self_review ok
[18/120] lin-000276 OMISSION grounded_self_review ok
[19/120] lin-000276 UNDERSPECIFIED self_review ok
[20/120] lin-000276 UNDERSPECIFIED grounded_self_review ok
[21/120] lin-000297 OMISSION self_review ok
[22/120] lin-000297 OMISSION grounded_self_review ok
[23/120] lin-000297 UNDERSPECIFIED self_review ok
[24/120] lin-000297 UNDERSPECIFIED grounded_self_review ok
[25/120] ran-000551 OMISSION self_review ok
[26/120] ran-000551 OMISSION grounded_self_review ok
[27/120] ran-000551 UNDERSPECIFIED self_review ok
[28/120] ran-000551 UNDERSPECIFIED grounded_self_review ok
[29/120] mom-000389 OMISSION self_review ok
[30/120] mom-000389 OMISSION grounded_self_review ok
[31/120] mom-000389 UNDERSPECIFIED self_review ok
[32/120] mom-000389 UNDERSPECIFIED grounded_self_review ok
[33/120] mom-000397 OMISSION self_review ok
[34/120] mom-000397 OMISSION grounded_self_review ok
[35/120] mom-000397 UNDERSPECIFIED self_review ok
[36/120] mom-000397 UNDERSPECIFIED grounded_self_review ok
[37/120] lin-000249 OMISSION self_review ok
[38/120] lin-000249 OMISSION grounded_self_review ok
[39/120] lin-000249 UNDERSPECIFIED self_review ok
[40/120] lin-000249 UNDERSPECIFIED grounded_self_review ok
[41/120] ran-000580 OMISSION self_review ok
[42/120] ran-000580 OMISSION grounded_self_review ok
[43/120] ran-000580 UNDERSPECIFIED self_review ok
[44/120] ran-000580 UNDERSPECIFIED grounded_self_review ok
[45/120] gra-000194 OMISSION self_review ok
[46/120] gra-000194 OMISSION grounded_self_review ok
[47/120] gra-000194 UNDERSPECIFIED self_review ok
[48/120] gra-000194 UNDERSPECIFIED grounded_self_review ok
[49/120] crt-000104 OMISSION self_review ok
[50/120] crt-000104 OMISSION grounded_self_review ok
[51/120] crt-000104 UNDERSPECIFIED self_review ok
[52/120] crt-000104 UNDERSPECIFIED grounded_self_review ok
[53/120] crt-000060 OMISSION self_review ok
[54/120] crt-000060 OMISSION grounded_self_review ok
[55/120] crt-000060 UNDERSPECIFIED self_review ok
[56/120] crt-000060 UNDERSPECIFIED grounded_self_review ok
[57/120] gra-000197 OMISSION self_review ok
[58/120] gra-000197 OMISSION grounded_self_review ok
[59/120] gra-000197 UNDERSPECIFIED self_review ok
[60/120] gra-000197 UNDERSPECIFIED grounded_self_review ok
[61/120] gra-000183 OMISSION self_review ok
[62/120] gra-000183 OMISSION grounded_self_review ok
[63/120] gra-000183 UNDERSPECIFIED self_review ok
[64/120] gra-000183 UNDERSPECIFIED grounded_self_review ok
[65/120] mom-000383 OMISSION self_review ok
[66/120] mom-000383 OMISSION grounded_self_review ok
[67/120] mom-000383 UNDERSPECIFIED self_review ok
[68/120] mom-000383 UNDERSPECIFIED grounded_self_review ok
[69/120] gra-000186 OMISSION self_review ok
[70/120] gra-000186 OMISSION grounded_self_review ok
[71/120] gra-000186 UNDERSPECIFIED self_review ok
[72/120] gra-000186 UNDERSPECIFIED grounded_self_review ok
[73/120] gra-000185 OMISSION self_review ok
[74/120] gra-000185 OMISSION grounded_self_review ok
[75/120] gra-000185 UNDERSPECIFIED self_review ok
[76/120] gra-000185 UNDERSPECIFIED grounded_self_review ok
[77/120] crt-000100 OMISSION self_review ok
[78/120] crt-000100 OMISSION grounded_self_review ok
[79/120] crt-000100 UNDERSPECIFIED self_review ok
[80/120] crt-000100 UNDERSPECIFIED grounded_self_review ok
[81/120] lin-000295 OMISSION self_review ok
[82/120] lin-000295 OMISSION grounded_self_review ok
[83/120] lin-000295 UNDERSPECIFIED self_review ok
[84/120] lin-000295 UNDERSPECIFIED grounded_self_review ok
[85/120] mom-000394 OMISSION self_review ok
[86/120] mom-000394 OMISSION grounded_self_review ok
[87/120] mom-000394 UNDERSPECIFIED self_review ok
[88/120] mom-000394 UNDERSPECIFIED grounded_self_review ok
[89/120] gra-000218 OMISSION self_review ok
[90/120] gra-000218 OMISSION grounded_self_review ok
[91/120] gra-000218 UNDERSPECIFIED self_review ok
[92/120] gra-000218 UNDERSPECIFIED grounded_self_review ok
[93/120] mom-000378 OMISSION self_review ok
[94/120] mom-000378 OMISSION grounded_self_review ok
[95/120] mom-000378 UNDERSPECIFIED self_review ok
[96/120] mom-000378 UNDERSPECIFIED grounded_self_review ok
[97/120] lin-000263 OMISSION self_review ok
[98/120] lin-000263 OMISSION grounded_self_review ok
[99/120] lin-000263 UNDERSPECIFIED self_review ok
[100/120] lin-000263 UNDERSPECIFIED grounded_self_review ok
[101/120] mom-000368 OMISSION self_review ok
[102/120] mom-000368 OMISSION grounded_self_review ok
[103/120] mom-000368 UNDERSPECIFIED self_review ok
[104/120] mom-000368 UNDERSPECIFIED grounded_self_review ok
[105/120] gra-000196 OMISSION self_review ok
[106/120] gra-000196 OMISSION grounded_self_review ok
[107/120] gra-000196 UNDERSPECIFIED self_review ok
[108/120] gra-000196 UNDERSPECIFIED grounded_self_review ok
[109/120] mom-000402 OMISSION self_review ok
[110/120] mom-000402 OMISSION grounded_self_review ok
[111/120] mom-000402 UNDERSPECIFIED self_review ok
[112/120] mom-000402 UNDERSPECIFIED grounded_self_review ok
[113/120] mom-000403 OMISSION self_review ok
[114/120] mom-000403 OMISSION grounded_self_review ok
[115/120] mom-000403 UNDERSPECIFIED self_review ok
[116/120] mom-000403 UNDERSPECIFIED grounded_self_review ok
[117/120] mom-000404 OMISSION self_review ok
[118/120] mom-000404 OMISSION grounded_self_review ok
[119/120] mom-000404 UNDERSPECIFIED self_review ok
[120/120] mom-000404 UNDERSPECIFIED grounded_self_review ok
