[1/100] ran-000592 OMISSION self_review error
[2/100] ran-000592 OMISSION grounded_self_review error
[3/100] ran-000592 UNDERSPECIFIED self_review error
[4/100] ran-000592 UNDERSPECIFIED grounded_self_review error
[5/100] crt-000072 OMISSION self_review error
[6/100] crt-000072 OMISSION grounded_self_review error
[7/100] crt-000072 UNDERSPECIFIED self_review error
[8/100] crt-000072 UNDERSPECIFIED grounded_self_review error
[9/100] gra-000223 OMISSION self_review error
[10/100] gra-000223 OMISSION grounded_self_review error
[11/100] gra-000223 UNDERSPECIFIED self_review error
[12/100] gra-000223 UNDERSPECIFIED grounded_self_review error
[13/100] ran-000573 OMISSION self_review error
[14/100] ran-000573 OMISSION grounded_self_review error
[15/100] ran-000573 UNDERSPECIFIED self_review error
[16/100] ran-000573 UNDERSPECIFIED grounded_self_review error
[17/100] mom-000400 OMISSION self_review error
[18/100] mom-000400 OMISSION grounded_self_review error
[19/100] mom-000400 UNDERSPECIFIED self_review error
[20/100] mom-000400 UNDERSPECIFIED grounded_self_review error
[21/100] crt-000066 OMISSION self_review error
[22/100] crt-000066 OMISSION grounded_self_review error
[23/100] crt-000066 UNDERSPECIFIED self_review error
[24/100] crt-000066 UNDERSPECIFIED grounded_self_review error
[25/100] crt-000084 OMISSION self_review error
[26/100] crt-000084 OMISSION grounded_self_review error
[27/100] crt-000084 UNDERSPECIFIED self_review error
[28/100] crt-000084 UNDERSPECIFIED grounded_self_review error
[29/100] ran-000546 OMISSION self_review error
[30/100] ran-000546 OMISSION grounded_self_review error
[31/100] ran-000546 UNDERSPECIFIED self_review error
[32/100] ran-000546 UNDERSPECIFIED grounded_self_review error
[33/100] lin-000265 OMISSION self_review error
[34/100] lin-000265 OMISSION grounded_self_review error
[35/100] lin-000265 UNDERSPECIFIED self_review error
[36/100] lin-000265 UNDERSPECIFIED grounded_self_review error
[37/100] gra-000232 OMISSION self_review error
[38/100] gra-000232 OMISSION grounded_self_review error
[39/100] gra-000232 UNDERSPECIFIED self_review error
[40/100] gra-000232 UNDERSPECIFIED grounded_self_review error
[41/100] ran-000576 OMISSION self_review error
[42/100] ran-000576 OMISSION grounded_self_review error
[43/100] ran-000576 UNDERSPECIFIED self_review error
[44/100] ran-000576 UNDERSPECIFIED grounded_self_review error
[45/100] crt-000096 OMISSION self_review error
[46/100] crt-000096 OMISSION grounded_self_review error
[47/100] crt-000096 UNDERSPECIFIED self_review error
[48/100] crt-000096 UNDERSPECIFIED grounded_self_review error
[49/100] mom-000375 OMISSION self_review error
[50/100] mom-000375 OMISSION grounded_self_review error
[51/100] mom-000375 UNDERSPECIFIED self_review error
[52/100] mom-000375 UNDERSPECIFIED grounded_self_review error
[53/100] crt-000074 OMISSION self_review error
[54/100] crt-000074 OMISSION grounded_self_review error
[55/100] crt-000074 UNDERSPECIFIED self_review error
[56/100] crt-000074 UNDERSPECIFIED grounded_self_review error
[57/100] lin-000243 OMISSION self_review error
[58/100] lin-000243 OMISSION grounded_self_review error
[59/100] lin-000243 UNDERSPECIFIED self_review error
[60/100] lin-000243 UNDERSPECIFIED grounded_self_review error
[61/100] lin-000280 OMISSION self_review error
[62/100] lin-000280 OMISSION grounded_self_review error
[63/100] lin-000280 UNDERSPECIFIED self_review error
[64/100] lin-000280 UNDERSPECIFIED grounded_self_review error
[65/100] gra-000203 OMISSION self_review error
[66/100] gra-000203 OMISSION grounded_self_review error
[67/100] gra-000203 UNDERSPECIFIED self_review error
[68/100] gra-000203 UNDERSPECIFIED grounded_self_review error
[69/100] ran-000571 OMISSION self_review error
[70/100] ran-000571 OMISSION grounded_self_review error
[71/100] ran-000571 UNDERSPECIFIED self_review error
[72/100] ran-000571 UNDERSPECIFIED grounded_self_review error
[73/100] crt-000111 OMISSION self_review error
[74/100] crt-000111 OMISSION grounded_self_review error
[75/100] crt-000111 UNDERSPECIFIED self_review error
[76/100] crt-000111 UNDERSPECIFIED grounded_self_review error
[77/100] ran-000574 OMISSION self_review error
[78/100] ran-000574 OMISSION grounded_self_review error
[79/100] ran-000574 UNDERSPECIFIED self_review error
[80/100] ran-000574 UNDERSPECIFIED grounded_self_review error
[81/100] gra-000188 OMISSION self_review error
[82/100] gra-000188 OMISSION grounded_self_review error
[83/100] gra-000188 UNDERSPECIFIED self_review error
[84/100] gra-000188 UNDERSPECIFIED grounded_self_review error
[85/100] lin-000289 OMISSION self_review error
[86/100] lin-000289 OMISSION grounded_self_review error
[87/100] lin-000289 UNDERSPECIFIED self_review error
[88/100] lin-000289 UNDERSPECIFIED grounded_self_review error
[89/100] crt-000082 OMISSION self_review error
[90/100] crt-000082 OMISSION grounded_self_review error
[91/100] crt-000082 UNDERSPECIFIED self_review error
[92/100] crt-000082 UNDERSPECIFIED grounded_self_review error
[93/100] ran-000562 OMISSION self_review error
[94/100] ran-000562 OMISSION grounded_self_review error
[95/100] ran-000562 UNDERSPECIFIED self_review error
[96/100] ran-000562 UNDERSPECIFIED grounded_self_review error
[97/100] gra-000207 OMISSION self_review error
[98/100] gra-000207 OMISSION grounded_self_review error
[99/100] gra-000207 UNDERSPECIFIED self_review error
[100/100] gra-000207 UNDERSPECIFIED grounded_self_review error
[1/100] ran-000592 OMISSION self_review error
[2/100] ran-000592 OMISSION grounded_self_review error
[3/100] ran-000592 UNDERSPECIFIED self_review error
[4/100] ran-000592 UNDERSPECIFIED grounded_self_review error
[5/100] crt-000072 OMISSION self_review error
[6/100] crt-000072 OMISSION grounded_self_review error
[7/100] crt-000072 UNDERSPECIFIED self_review error
[8/100] crt-000072 UNDERSPECIFIED grounded_self_review error
[9/100] gra-000223 OMISSION self_review error
[10/100] gra-000223 OMISSION grounded_self_review error
[11/100] gra-000223 UNDERSPECIFIED self_review error
[12/100] gra-000223 UNDERSPECIFIED grounded_self_review error
[13/100] ran-000573 OMISSION self_review error
[14/100] ran-000573 OMISSION grounded_self_review error
[15/100] ran-000573 UNDERSPECIFIED self_review error
[16/100] ran-000573 UNDERSPECIFIED grounded_self_review error
[17/100] mom-000400 OMISSION self_review error
[18/100] mom-000400 OMISSION grounded_self_review error
[19/100] mom-000400 UNDERSPECIFIED self_review error
[20/100] mom-000400 UNDERSPECIFIED grounded_self_review error
[21/100] crt-000066 OMISSION self_review error
[22/100] crt-000066 OMISSION grounded_self_review error
[23/100] crt-000066 UNDERSPECIFIED self_review error
[24/100] crt-000066 UNDERSPECIFIED grounded_self_review error
[25/100] crt-000084 OMISSION self_review error
[26/100] crt-000084 OMISSION grounded_self_review error
[27/100] crt-000084 UNDERSPECIFIED self_review error
[28/100] crt-000084 UNDERSPECIFIED grounded_self_review error
[29/100] ran-000546 OMISSION self_review error
[30/100] ran-000546 OMISSION grounded_self_review error
[31/100] ran-000546 UNDERSPECIFIED self_review error
[32/100] ran-000546 UNDERSPECIFIED grounded_self_review error
[33/100] lin-000265 OMISSION self_review error
[34/100] lin-000265 OMISSION grounded_self_review error
[35/100] lin-000265 UNDERSPECIFIED self_review error
[36/100] lin-000265 UNDERSPECIFIED grounded_self_review error
[37/100] gra-000232 OMISSION self_review error
[38/100] gra-000232 OMISSION grounded_self_review error
[39/100] gra-000232 UNDERSPECIFIED self_review error
[40/100] gra-000232 UNDERSPECIFIED grounded_self_review error
[41/100] ran-000576 OMISSION self_review error
[42/100] ran-000576 OMISSION grounded_self_review error
[43/100] ran-000576 UNDERSPECIFIED self_review error
[44/100] ran-000576 UNDERSPECIFIED grounded_self_review error
[45/100] crt-000096 OMISSION self_review error
[46/100] crt-000096 OMISSION grounded_self_review error
[47/100] crt-000096 UNDERSPECIFIED self_review error
[48/100] crt-000096 UNDERSPECIFIED grounded_self_review error
[49/100] mom-000375 OMISSION self_review error
[50/100] mom-000375 OMISSION grounded_self_review error
[51/100] mom-000375 UNDERSPECIFIED self_review error
[52/100] mom-000375 UNDERSPECIFIED grounded_self_review error
[53/100] crt-000074 OMISSION self_review error
[54/100] crt-000074 OMISSION grounded_self_review error
[55/100] crt-000074 UNDERSPECIFIED self_review error
[56/100] crt-000074 UNDERSPECIFIED grounded_self_review error
[57/100] lin-000243 OMISSION self_review error
[58/100] lin-000243 OMISSION grounded_self_review error
[59/100] lin-000243 UNDERSPECIFIED self_review error
[60/100] lin-000243 UNDERSPECIFIED grounded_self_review error
[61/100] lin-000280 OMISSION self_review error
[62/100] lin-000280 OMISSION grounded_self_review error
[63/100] lin-000280 UNDERSPECIFIED self_review error
[64/100] lin-000280 UNDERSPECIFIED grounded_self_review error
[65/100] gra-000203 OMISSION self_review error
[66/100] gra-000203 OMISSION grounded_self_review error
[67/100] gra-000203 UNDERSPECIFIED self_review error
[68/100] gra-000203 UNDERSPECIFIED grounded_self_review error
[69/100] ran-000571 OMISSION self_review error
[70/100] ran-000571 OMISSION grounded_self_review error
[71/100] ran-000571 UNDERSPECIFIED self_review error
[72/100] ran-000571 UNDERSPECIFIED grounded_self_review error
[73/100] crt-000111 OMISSION self_review error
[74/100] crt-000111 OMISSION grounded_self_review error
[75/100] crt-000111 UNDERSPECIFIED self_review error
[76/100] crt-000111 UNDERSPECIFIED grounded_self_review error
[77/100] ran-000574 OMISSION self_review error
[78/100] ran-000574 OMISSION grounded_self_review error
[79/100] ran-000574 UNDERSPECIFIED self_review error
[80/100] ran-000574 UNDERSPECIFIED grounded_self_review error
[81/100] gra-000188 OMISSION self_review error
[82/100] gra-000188 OMISSION grounded_self_review error
[83/100] gra-000188 UNDERSPECIFIED self_review error
[84/100] gra-000188 UNDERSPECIFIED grounded_self_review error
[85/100] lin-000289 OMISSION self_review error
[86/100] lin-000289 OMISSION grounded_self_review error
[87/100] lin-000289 UNDERSPECIFIED self_review error
[88/100] lin-000289 UNDERSPECIFIED grounded_self_review error
[89/100] crt-000082 OMISSION self_review error
[90/100] crt-000082 OMISSION grounded_self_review error
[91/100] crt-000082 UNDERSPECIFIED self_review error
[92/100] crt-000082 UNDERSPECIFIED grounded_self_review ok
[93/100] ran-000562 OMISSION self_review error
[94/100] ran-000562 OMISSION grounded_self_review error
[95/100] ran-000562 UNDERSPECIFIED self_review error
[96/100] ran-000562 UNDERSPECIFIED grounded_self_review error
[97/100] gra-000207 OMISSION self_review error
[98/100] gra-000207 OMISSION grounded_self_review error
[99/100] gra-000207 UNDERSPECIFIED self_review error
[100/100] gra-000207 UNDERSPECIFIED grounded_self_review error
