[1/100] mom-000409 OMISSION self_review error
[2/100] mom-000409 OMISSION grounded_self_review error
[3/100] mom-000409 UNDERSPECIFIED self_review error
[4/100] mom-000409 UNDERSPECIFIED grounded_self_review error
[5/100] lin-000258 OMISSION self_review error
[6/100] lin-000258 OMISSION grounded_self_review error
[7/100] lin-000258 UNDERSPECIFIED self_review error
[8/100] lin-000258 UNDERSPECIFIED grounded_self_review error
[9/100] ran-000542 OMISSION self_review error
[10/100] ran-000542 OMISSION grounded_self_review error
[11/100] ran-000542 UNDERSPECIFIED self_review error
[12/100] ran-000542 UNDERSPECIFIED grounded_self_review error
[13/100] gra-000200 OMISSION self_review error
[14/100] gra-000200 OMISSION grounded_self_review error
[15/100] gra-000200 UNDERSPECIFIED self_review error
[16/100] gra-000200 UNDERSPECIFIED grounded_self_review error
[17/100] gra-000184 OMISSION self_review error
[18/100] gra-000184 OMISSION grounded_self_review error
[19/100] gra-000184 UNDERSPECIFIED self_review error
[20/100] gra-000184 UNDERSPECIFIED grounded_self_review error
[21/100] lin-000285 OMISSION self_review error
[22/100] lin-000285 OMISSION grounded_self_review error
[23/100] lin-000285 UNDERSPECIFIED self_review error
[24/100] lin-000285 UNDERSPECIFIED grounded_self_review error
[25/100] lin-000257 OMISSION self_review error
[26/100] lin-000257 OMISSION grounded_self_review error
[27/100] lin-000257 UNDERSPECIFIED self_review error
[28/100] lin-000257 UNDERSPECIFIED grounded_self_review error
[29/100] crt-000118 OMISSION self_review error
[30/100] crt-000118 OMISSION grounded_self_review error
[31/100] crt-000118 UNDERSPECIFIED self_review ok
[32/100] crt-000118 UNDERSPECIFIED grounded_self_review error
[33/100] lin-000268 OMISSION self_review error
[34/100] lin-000268 OMISSION grounded_self_review error
[35/100] lin-000268 UNDERSPECIFIED self_review error
[36/100] lin-000268 UNDERSPECIFIED grounded_self_review error
[37/100] gra-000212 OMISSION self_review error
[38/100] gra-000212 OMISSION grounded_self_review error
[39/100] gra-000212 UNDERSPECIFIED self_review error
[40/100] gra-000212 UNDERSPECIFIED grounded_self_review error
[41/100] lin-000296 OMISSION self_review error
[42/100] lin-000296 OMISSION grounded_self_review error
[43/100] lin-000296 UNDERSPECIFIED self_review error
[44/100] lin-000296 UNDERSPECIFIED grounded_self_review error
[45/100] lin-000242 OMISSION self_review error
[46/100] lin-000242 OMISSION grounded_self_review error
[47/100] lin-000242 UNDERSPECIFIED self_review error
[48/100] lin-000242 UNDERSPECIFIED grounded_self_review error
[49/100] ran-000599 OMISSION self_review error
[50/100] ran-000599 OMISSION grounded_self_review error
[51/100] ran-000599 UNDERSPECIFIED self_review error
[52/100] ran-000599 UNDERSPECIFIED grounded_self_review error
[53/100] lin-000250 OMISSION self_review error
[54/100] lin-000250 OMISSION grounded_self_review error
[55/100] lin-000250 UNDERSPECIFIED self_review error
[56/100] lin-000250 UNDERSPECIFIED grounded_self_review error
[57/100] mom-000361 OMISSION self_review error
[58/100] mom-000361 OMISSION grounded_self_review error
[59/100] mom-000361 UNDERSPECIFIED self_review error
[60/100] mom-000361 UNDERSPECIFIED grounded_self_review error
[61/100] crt-000109 OMISSION self_review error
[62/100] crt-000109 OMISSION grounded_self_review error
[63/100] crt-000109 UNDERSPECIFIED self_review error
[64/100] crt-000109 UNDERSPECIFIED grounded_self_review error
[65/100] gra-000228 OMISSION self_review error
[66/100] gra-000228 OMISSION grounded_self_review error
[67/100] gra-000228 UNDERSPECIFIED self_review error
[68/100] gra-000228 UNDERSPECIFIED grounded_self_review error
[69/100] ran-000587 OMISSION self_review error
[70/100] ran-000587 OMISSION grounded_self_review error
[71/100] ran-000587 UNDERSPECIFIED self_review error
[72/100] ran-000587 UNDERSPECIFIED grounded_self_review error
[73/100] ran-000552 OMISSION self_review error
[74/100] ran-000552 OMISSION grounded_self_review error
[75/100] ran-000552 UNDERSPECIFIED self_review error
[76/100] ran-000552 UNDERSPECIFIED grounded_self_review error
[77/100] lin-000266 OMISSION self_review error
[78/100] lin-000266 OMISSION grounded_self_review error
[79/100] lin-000266 UNDERSPECIFIED self_review error
[80/100] lin-000266 UNDERSPECIFIED grounded_self_review error
[81/100] gra-000225 OMISSION self_review error
[82/100] gra-000225 OMISSION grounded_self_review error
[83/100] gra-000225 UNDERSPECIFIED self_review error
[84/100] gra-000225 UNDERSPECIFIED grounded_self_review error
[85/100] crt-000119 OMISSION self_review error
[86/100] crt-000119 OMISSION grounded_self_review error
[87/100] crt-000119 UNDERSPECIFIED self_review error
[88/100] crt-000119 UNDERSPECIFIED grounded_self_review error
[89/100] ran-000553 OMISSION self_review error
[90/100] ran-000553 OMISSION grounded_self_review error
[91/100] ran-000553 UNDERSPECIFIED self_review error
[92/100] ran-000553 UNDERSPECIFIED grounded_self_review error
[93/100] lin-000290 OMISSION self_review error
[94/100] lin-000290 OMISSION grounded_self_review error
[95/100] lin-000290 UNDERSPECIFIED self_review error
[96/100] lin-000290 UNDERSPECIFIED grounded_self_review error
[97/100] crt-000061 OMISSION self_review error
[98/100] crt-000061 OMISSION grounded_self_review error
[99/100] crt-000061 UNDERSPECIFIED self_review error
[100/100] crt-000061 UNDERSPECIFIED grounded_self_review error
[2/100] mom-000409 OMISSION self_review error
[3/100] mom-000409 OMISSION grounded_self_review error
[4/100] mom-000409 UNDERSPECIFIED self_review error
[5/100] mom-000409 UNDERSPECIFIED grounded_self_review error
[6/100] lin-000258 OMISSION self_review error
[7/100] lin-000258 OMISSION grounded_self_review error
[8/100] lin-000258 UNDERSPECIFIED self_review error
[9/100] lin-000258 UNDERSPECIFIED grounded_self_review error
[10/100] ran-000542 OMISSION self_review error
[11/100] ran-000542 OMISSION grounded_self_review error
[12/100] ran-000542 UNDERSPECIFIED self_review error
[13/100] ran-000542 UNDERSPECIFIED grounded_self_review error
[14/100] gra-000200 OMISSION self_review error
[15/100] gra-000200 OMISSION grounded_self_review error
[16/100] gra-000200 UNDERSPECIFIED self_review error
[17/100] gra-000200 UNDERSPECIFIED grounded_self_review error
[18/100] gra-000184 OMISSION self_review error
[19/100] gra-000184 OMISSION grounded_self_review error
[20/100] gra-000184 UNDERSPECIFIED self_review error
[21/100] gra-000184 UNDERSPECIFIED grounded_self_review error
[22/100] lin-000285 OMISSION self_review error
[23/100] lin-000285 OMISSION grounded_self_review error
[24/100] lin-000285 UNDERSPECIFIED self_review error
[25/100] lin-000285 UNDERSPECIFIED grounded_self_review error
[26/100] lin-000257 OMISSION self_review error
[27/100] lin-000257 OMISSION grounded_self_review error
[28/100] lin-000257 UNDERSPECIFIED self_review error
[29/100] lin-000257 UNDERSPECIFIED grounded_self_review error
[30/100] crt-000118 OMISSION self_review error
[31/100] crt-000118 OMISSION grounded_self_review error
[32/100] crt-000118 UNDERSPECIFIED grounded_self_review error
[33/100] lin-000268 OMISSION self_review error
[34/100] lin-000268 OMISSION grounded_self_review error
[35/100] lin-000268 UNDERSPECIFIED self_review error
[36/100] lin-000268 UNDERSPECIFIED grounded_self_review error
[37/100] gra-000212 OMISSION self_review error
[38/100] gra-000212 OMISSION grounded_self_review error
[39/100] gra-000212 UNDERSPECIFIED self_review error
[40/100] gra-000212 UNDERSPECIFIED grounded_self_review error
[41/100] lin-000296 OMISSION self_review error
[42/100] lin-000296 OMISSION grounded_self_review error
[43/100] lin-000296 UNDERSPECIFIED self_review error
[44/100] lin-000296 UNDERSPECIFIED grounded_self_review error
[45/100] lin-000242 OMISSION self_review error
[46/100] lin-000242 OMISSION grounded_self_review error
[47/100] lin-000242 UNDERSPECIFIED self_review error
[48/100] lin-000242 UNDERSPECIFIED grounded_self_review error
[49/100] ran-000599 OMISSION self_review error
[50/100] ran-000599 OMISSION grounded_self_review error
[51/100] ran-000599 UNDERSPECIFIED self_review error
[52/100] ran-000599 UNDERSPECIFIED grounded_self_review error
[53/100] lin-000250 OMISSION self_review error
[54/100] lin-000250 OMISSION grounded_self_review error
[55/100] lin-000250 UNDERSPECIFIED self_review error
[56/100] lin-000250 UNDERSPECIFIED grounded_self_review error
[57/100] mom-000361 OMISSION self_review error
[58/100] mom-000361 OMISSION grounded_self_review error
[59/100] mom-000361 UNDERSPECIFIED self_review error
[60/100] mom-000361 UNDERSPECIFIED grounded_self_review error
[61/100] crt-000109 OMISSION self_review error
[62/100] crt-000109 OMISSION grounded_self_review error
[63/100] crt-000109 UNDERSPECIFIED self_review error
[64/100] crt-000109 UNDERSPECIFIED grounded_self_review error
[65/100] gra-000228 OMISSION self_review error
[66/100] gra-000228 OMISSION grounded_self_review error
[67/100] gra-000228 UNDERSPECIFIED self_review error
[68/100] gra-000228 UNDERSPECIFIED grounded_self_review error
[69/100] ran-000587 OMISSION self_review error
[70/100] ran-000587 OMISSION grounded_self_review error
[71/100] ran-000587 UNDERSPECIFIED self_review error
[72/100] ran-000587 UNDERSPECIFIED grounded_self_review error
[73/100] ran-000552 OMISSION self_review error
[74/100] ran-000552 OMISSION grounded_self_review error
[75/100] ran-000552 UNDERSPECIFIED self_review error
[76/100] ran-000552 UNDERSPECIFIED grounded_self_review error
[77/100] lin-000266 OMISSION self_review error
[78/100] lin-000266 OMISSION grounded_self_review error
[79/100] lin-000266 UNDERSPECIFIED self_review error
[80/100] lin-000266 UNDERSPECIFIED grounded_self_review error
[81/100] gra-000225 OMISSION self_review error
[82/100] gra-000225 OMISSION grounded_self_review error
[83/100] gra-000225 UNDERSPECIFIED self_review error
[84/100] gra-000225 UNDERSPECIFIED grounded_self_review error
[85/100] crt-000119 OMISSION self_review error
[86/100] crt-000119 OMISSION grounded_self_review error
[87/100] crt-000119 UNDERSPECIFIED self_review error
[88/100] crt-000119 UNDERSPECIFIED grounded_self_review error
[89/100] ran-000553 OMISSION self_review error
[90/100] ran-000553 OMISSION grounded_self_review error
[91/100] ran-000553 UNDERSPECIFIED self_review error
[92/100] ran-000553 UNDERSPECIFIED grounded_self_review error
[93/100] lin-000290 OMISSION self_review error
[94/100] lin-000290 OMISSION grounded_self_review error
[95/100] lin-000290 UNDERSPECIFIED self_review error
[96/100] lin-000290 UNDERSPECIFIED grounded_self_review error
[97/100] crt-000061 OMISSION self_review error
[98/100] crt-000061 OMISSION grounded_self_review error
[99/100] crt-000061 UNDERSPECIFIED self_review error
[100/100] crt-000061 UNDERSPECIFIED grounded_self_review error
