[1/120] ran-000581 OMISSION self_review ok
[2/120] ran-000581 OMISSION grounded_self_review ok
[3/120] ran-000581 UNDERSPECIFIED self_review ok
[4/120] ran-000581 UNDERSPECIFIED grounded_self_review ok
[5/120] lin-000267 OMISSION self_review ok
[6/120] lin-000267 OMISSION grounded_self_review ok
[7/120] lin-000267 UNDERSPECIFIED self_review ok
[8/120] lin-000267 UNDERSPECIFIED grounded_self_review ok
[9/120] crt-000098 OMISSION self_review ok
[10/120] crt-000098 OMISSION grounded_self_review ok
[11/120] crt-000098 UNDERSPECIFIED self_review ok
[12/120] crt-000098 UNDERSPECIFIED grounded_self_review ok
[13/120] ran-000569 OMISSION self_review ok
[14/120] ran-000569 OMISSION grounded_self_review ok
[15/120] ran-000569 UNDERSPECIFIED self_review ok
[16/120] ran-000569 UNDERSPECIFIED grounded_self_review ok
[17/120] mom-000418 OMISSION self_review ok
[18/120] mom-000418 OMISSION grounded_self_review ok
[19/120] mom-000418 UNDERSPECIFIED self_review ok
[20/120] mom-000418 UNDERSPECIFIED grounded_self_review ok
[21/120] mom-000392 OMISSION self_review ok
[22/120] mom-000392 OMISSION grounded_self_review ok
[23/120] mom-000392 UNDERSPECIFIED self_review ok
[24/120] mom-000392 UNDERSPECIFIED grounded_self_review ok
[25/120] mom-000367 OMISSION self_review ok
[26/120] mom-000367 OMISSION grounded_self_review ok
[27/120] mom-000367 UNDERSPECIFIED self_review ok
[28/120] mom-000367 UNDERSPECIFIED grounded_self_review ok
[29/120] mom-000363 OMISSION self_review ok
[30/120] mom-000363 OMISSION grounded_self_review ok
[31/120] mom-000363 UNDERSPECIFIED self_review ok
[32/120] mom-000363 UNDERSPECIFIED grounded_self_review ok
[33/120] mom-000382 OMISSION self_review ok
[34/120] mom-000382 OMISSION grounded_self_review ok
[35/120] mom-000382 UNDERSPECIFIED self_review ok
[36/120] mom-000382 UNDERSPECIFIED grounded_self_review ok
[37/120] mom-000419 OMISSION self_review ok
[38/120] mom-000419 OMISSION grounded_self_review ok
[39/120] mom-000419 UNDERSPECIFIED self_review ok
[40/120] mom-000419 UNDERSPECIFIED grounded_self_review ok
[41/120] mom-000369 OMISSION self_review ok
[42/120] mom-000369 OMISSION grounded_self_review ok
[43/120] mom-000369 UNDERSPECIFIED self_review ok
[44/120] mom-000369 UNDERSPECIFIED grounded_self_review ok
[45/120] mom-000380 OMISSION self_review ok
[46/120] mom-000380 OMISSION grounded_self_review ok
[47/120] mom-000380 UNDERSPECIFIED self_review ok
[48/120] mom-000380 UNDERSPECIFIED grounded_self_review ok
[49/120] gra-000226 OMISSION self_review ok
[50/120] gra-000226 OMISSION grounded_self_review ok
[51/120] gra-000226 UNDERSPECIFIED self_review ok
[52/120] gra-000226 UNDERSPECIFIED grounded_self_review ok
[53/120] lin-000271 OMISSION self_review ok
[54/120] lin-000271 OMISSION grounded_self_review ok
[55/120] lin-000271 UNDERSPECIFIED self_review ok
[56/120] lin-000271 UNDERSPECIFIED grounded_self_review ok
[57/120] ran-000584 OMISSION self_review ok
[58/120] ran-000584 OMISSION grounded_self_review ok
[59/120] ran-000584 UNDERSPECIFIED self_review ok
[60/120] ran-000584 UNDERSPECIFIED grounded_self_review ok
[61/120] ran-000572 OMISSION self_review ok
[62/120] ran-000572 OMISSION grounded_self_review ok
[63/120] ran-000572 UNDERSPECIFIED self_review ok
[64/120] ran-000572 UNDERSPECIFIED grounded_self_review ok
[65/120] ran-000555 OMISSION self_review ok
[66/120] ran-000555 OMISSION grounded_self_review ok
[67/120] ran-000555 UNDERSPECIFIED self_review ok
[68/120] ran-000555 UNDERSPECIFIED grounded_self_review ok
[69/120] mom-000411 OMISSION self_review ok
[70/120] mom-000411 OMISSION grounded_self_review ok
[71/120] mom-000411 UNDERSPECIFIED self_review ok
[72/120] mom-000411 UNDERSPECIFIED grounded_self_review ok
[73/120] ran-000556 OMISSION self_review ok
[74/120] ran-000556 OMISSION grounded_self_review ok
[75/120] ran-000556 UNDERSPECIFIED self_review ok
[76/120] ran-000556 UNDERSPECIFIED grounded_self_review ok
[77/120] crt-000112 OMISSION self_review ok
[78/120] crt-000112 OMISSION grounded_self_review ok
[79/120] crt-000112 UNDERSPECIFIED self_review ok
[80/120] crt-000112 UNDERSPECIFIED grounded_self_review ok
[81/120] gra-000182 OMISSION self_review ok
[82/120] gra-000182 OMISSION grounded_self_review ok
[83/120] gra-000182 UNDERSPECIFIED self_review ok
[84/120] gra-000182 UNDERSPECIFIED grounded_self_review ok
[85/120] lin-000251 OMISSION self_review ok
[86/120] lin-000251 OMISSION grounded_self_review ok
[87/120] lin-000251 UNDERSPECIFIED self_review ok
[88/120] lin-000251 UNDERSPECIFIED grounded_self_review ok
[89/120] crt-000105 OMISSION self_review ok
[90/120] crt-000105 OMISSION grounded_self_review ok
[91/120] crt-000105 UNDERSPECIFIED self_review ok
[92/120] crt-000105 UNDERSPECIFIED grounded_self_review ok
[93/120] gra-000181 OMISSION self_review ok
[94/120] gra-000181 OMISSION grounded_self_review ok
[95/120] gra-000181 UNDERSPECIFIED self_review ok
[96/120] gra-000181 UNDERSPECIFIED grounded_self_review ok
[97/120] ran-000560 OMISSION self_review ok
[98/120] ran-000560 OMISSION grounded_self_review ok
[99/120] ran-000560 UNDERSPECIFIED self_review ok
[100/120] ran-000560 UNDERSPECIFIED grounded_self_review ok
[101/120] mom-000364 OMISSION self_review ok
[102/120] mom-000364 OMISSION grounded_self_review ok
[103/120] mom-000364 UNDERSPECIFIED self_review ok
[104/120] mom-000364 UNDERSPECIFIED grounded_self_review ok
[105/120] gra-000222 OMISSION self_review ok
[106/120] gra-000222 OMISSION grounded_self_review ok
[107/120] gra-000222 UNDERSPECIFIED self_review ok
[108/120] gra-000222 UNDERSPECIFIED grounded_self_review ok
[109/120] mom-000399 OMISSION self_review ok
[110/120] mom-000399 OMISSION grounded_self_review ok
[111/120] mom-000399 UNDERSPECIFIED self_review ok
[112/120] mom-000399 UNDERSPECIFIED grounded_self_review ok
[113/120] ran-000583 OMISSION self_review ok
[114/120] ran-000583 OMISSION grounded_self_review ok
[115/120] ran-000583 UNDERSPECIFIED self_review ok
[116/120] ran-000583 UNDERSPECIFIED grounded_self_review ok
[117/120] mom-000386 OMISSION self_review ok
[118/120] mom-000386 OMISSION grounded_self_review ok
[119/120] mom-000386 UNDERSPECIFIED self_review ok
[120/120] mom-000386 UNDERSPECIFIED grounded_self_review ok
