[1/100] crt-000083 OMISSION nonunique error
[2/100] crt-000083 OMISSION nonunique_grounding error
[3/100] crt-000083 UNDERSPECIFIED nonunique error
[4/100] crt-000083 UNDERSPECIFIED nonunique_grounding error
[5/100] lin-000277 OMISSION nonunique error
[6/100] lin-000277 OMISSION nonunique_grounding error
[7/100] lin-000277 UNDERSPECIFIED nonunique error
[8/100] lin-000277 UNDERSPECIFIED nonunique_grounding error
[9/100] mom-000413 OMISSION nonunique error
[10/100] mom-000413 OMISSION nonunique_grounding error
[11/100] mom-000413 UNDERSPECIFIED nonunique error
[12/100] mom-000413 UNDERSPECIFIED nonunique_grounding error
[13/100] mom-000393 OMISSION nonunique error
[14/100] mom-000393 OMISSION nonunique_grounding error
[15/100] mom-000393 UNDERSPECIFIED nonunique error
[16/100] mom-000393 UNDERSPECIFIED nonunique_grounding error
[17/100] ran-000586 OMISSION nonunique error
[18/100] ran-000586 OMISSION nonunique_grounding error
[19/100] ran-000586 UNDERSPECIFIED nonunique error
[20/100] ran-000586 UNDERSPECIFIED nonunique_grounding error
[21/100] gra-000199 OMISSION nonunique error
[22/100] gra-000199 OMISSION nonunique_grounding error
[23/100] gra-000199 UNDERSPECIFIED nonunique error
[24/100] gra-000199 UNDERSPECIFIED nonunique_grounding error
[25/100] mom-000360 OMISSION nonunique error
[26/100] mom-000360 OMISSION nonunique_grounding error
[27/100] mom-000360 UNDERSPECIFIED nonunique error
[28/100] mom-000360 UNDERSPECIFIED nonunique_grounding error
[29/100] lin-000273 OMISSION nonunique error
[30/100] lin-000273 OMISSION nonunique_grounding error
[31/100] lin-000273 UNDERSPECIFIED nonunique error
[32/100] lin-000273 UNDERSPECIFIED nonunique_grounding error
[33/100] crt-000107 OMISSION nonunique error
[34/100] crt-000107 OMISSION nonunique_grounding error
[35/100] crt-000107 UNDERSPECIFIED nonunique error
[36/100] crt-000107 UNDERSPECIFIED nonunique_grounding error
[37/100] mom-000406 OMISSION nonunique error
[38/100] mom-000406 OMISSION nonunique_grounding error
[39/100] mom-000406 UNDERSPECIFIED nonunique error
[40/100] mom-000406 UNDERSPECIFIED nonunique_grounding error
[41/100] mom-000391 OMISSION nonunique error
[42/100] mom-000391 OMISSION nonunique_grounding error
[43/100] mom-000391 UNDERSPECIFIED nonunique error
[44/100] mom-000391 UNDERSPECIFIED nonunique_grounding error
[45/100] gra-000233 OMISSION nonunique error
[46/100] gra-000233 OMISSION nonunique_grounding error
[47/100] gra-000233 UNDERSPECIFIED nonunique error
[48/100] gra-000233 UNDERSPECIFIED nonunique_grounding error
[49/100] ran-000593 OMISSION nonunique error
[50/100] ran-000593 OMISSION nonunique_grounding error
[51/100] ran-000593 UNDERSPECIFIED nonunique error
[52/100] ran-000593 UNDERSPECIFIED nonunique_grounding error
[53/100] ran-000582 OMISSION nonunique error
[54/100] ran-000582 OMISSION nonunique_grounding error
[55/100] ran-000582 UNDERSPECIFIED nonunique error
[56/100] ran-000582 UNDERSPECIFIED nonunique_grounding error
[57/100] mom-000384 OMISSION nonunique error
[58/100] mom-000384 OMISSION nonunique_grounding error
[59/100] mom-000384 UNDERSPECIFIED nonunique error
[60/100] mom-000384 UNDERSPECIFIED nonunique_grounding error
[61/100] ran-000591 OMISSION nonunique error
[62/100] ran-000591 OMISSION nonunique_grounding error
[63/100] ran-000591 UNDERSPECIFIED nonunique error
[64/100] ran-000591 UNDERSPECIFIED nonunique_grounding error
[65/100] mom-000416 OMISSION nonunique error
[66/100] mom-000416 OMISSION nonunique_grounding error
[67/100] mom-000416 UNDERSPECIFIED nonunique error
[68/100] mom-000416 UNDERSPECIFIED nonunique_grounding error
[69/100] crt-000069 OMISSION nonunique error
[70/100] crt-000069 OMISSION nonunique_grounding error
[71/100] crt-000069 UNDERSPECIFIED nonunique error
[72/100] crt-000069 UNDERSPECIFIED nonunique_grounding error
[73/100] lin-000294 OMISSION nonunique error
[74/100] lin-000294 OMISSION nonunique_grounding error
[75/100] lin-000294 UNDERSPECIFIED nonunique error
[76/100] lin-000294 UNDERSPECIFIED nonunique_grounding error
[77/100] gra-000231 OMISSION nonunique error
[78/100] gra-000231 OMISSION nonunique_grounding error
[79/100] gra-000231 UNDERSPECIFIED nonunique error
[80/100] gra-000231 UNDERSPECIFIED nonunique_grounding error
[81/100] mom-000410 OMISSION nonunique error
[82/100] mom-000410 OMISSION nonunique_grounding error
[83/100] mom-000410 UNDERSPECIFIED nonunique error
[84/100] mom-000410 UNDERSPECIFIED nonunique_grounding error
[85/100] crt-000106 OMISSION nonunique error
[86/100] crt-000106 OMISSION nonunique_grounding error
[87/100] crt-000106 UNDERSPECIFIED nonunique error
[88/100] crt-000106 UNDERSPECIFIED nonunique_grounding error
[89/100] mom-000376 OMISSION nonunique error
[90/100] mom-000376 OMISSION nonunique_grounding error
[91/100] mom-000376 UNDERSPECIFIED nonunique error
[92/100] mom-000376 UNDERSPECIFIED nonunique_grounding error
[93/100] ran-000590 OMISSION nonunique error
[94/100] ran-000590 OMISSION nonunique_grounding error
[95/100] ran-000590 UNDERSPECIFIED nonunique error
[96/100] ran-000590 UNDERSPECIFIED nonunique_grounding error
[97/100] crt-000079 OMISSION nonunique error
[98/100] crt-000079 OMISSION nonunique_grounding error
[99/100] crt-000079 UNDERSPECIFIED nonunique error
[100/100] crt-000079 UNDERSPECIFIED nonunique_grounding error
[1/100] crt-000083 OMISSION nonunique error
[2/100] crt-000083 OMISSION nonunique_grounding error
[3/100] crt-000083 UNDERSPECIFIED nonunique error
[4/100] crt-000083 UNDERSPECIFIED nonunique_grounding error
[5/100] lin-000277 OMISSION nonunique error
[6/100] lin-000277 OMISSION nonunique_grounding error
[7/100] lin-000277 UNDERSPECIFIED nonunique error
[8/100] lin-000277 UNDERSPECIFIED nonunique_grounding error
[9/100] mom-000413 OMISSION nonunique error
[10/100] mom-000413 OMISSION nonunique_grounding error
[11/100] mom-000413 UNDERSPECIFIED nonunique error
[12/100] mom-000413 UNDERSPECIFIED nonunique_grounding error
[13/100] mom-000393 OMISSION nonunique error
[14/100] mom-000393 OMISSION nonunique_grounding error
[15/100] mom-000393 UNDERSPECIFIED nonunique error
[16/100] mom-000393 UNDERSPECIFIED nonunique_grounding error
[17/100] ran-000586 OMISSION nonunique error
[18/100] ran-000586 OMISSION nonunique_grounding error
[19/100] ran-000586 UNDERSPECIFIED nonunique error
[20/100] ran-000586 UNDERSPECIFIED nonunique_grounding error
[21/100] gra-000199 OMISSION nonunique error
[22/100] gra-000199 OMISSION nonunique_grounding error
[23/100] gra-000199 UNDERSPECIFIED nonunique error
[24/100] gra-000199 UNDERSPECIFIED nonunique_grounding error
[25/100] mom-000360 OMISSION nonunique error
[26/100] mom-000360 OMISSION nonunique_grounding error
[27/100] mom-000360 UNDERSPECIFIED nonunique error
[28/100] mom-000360 UNDERSPECIFIED nonunique_grounding error
[29/100] lin-000273 OMISSION nonunique error
[30/100] lin-000273 OMISSION nonunique_grounding error
[31/100] lin-000273 UNDERSPECIFIED nonunique error
[32/100] lin-000273 UNDERSPECIFIED nonunique_grounding error
[33/100] crt-000107 OMISSION nonunique error
[34/100] crt-000107 OMISSION nonunique_grounding error
[35/100] crt-000107 UNDERSPECIFIED nonunique error
[36/100] crt-000107 UNDERSPECIFIED nonunique_grounding error
[37/100] mom-000406 OMISSION nonunique error
[38/100] mom-000406 OMISSION nonunique_grounding error
[39/100] mom-000406 UNDERSPECIFIED nonunique error
[40/100] mom-000406 UNDERSPECIFIED nonunique_grounding error
[41/100] mom-000391 OMISSION nonunique error
[42/100] mom-000391 OMISSION nonunique_grounding error
[43/100] mom-000391 UNDERSPECIFIED nonunique error
[44/100] mom-000391 UNDERSPECIFIED nonunique_grounding error
[45/100] gra-000233 OMISSION nonunique error
[46/100] gra-000233 OMISSION nonunique_grounding error
[47/100] gra-000233 UNDERSPECIFIED nonunique error
[48/100] gra-000233 UNDERSPECIFIED nonunique_grounding error
[49/100] ran-000593 OMISSION nonunique error
[50/100] ran-000593 OMISSION nonunique_grounding error
[51/100] ran-000593 UNDERSPECIFIED nonunique error
[52/100] ran-000593 UNDERSPECIFIED nonunique_grounding error
[53/100] ran-000582 OMISSION nonunique error
[54/100] ran-000582 OMISSION nonunique_grounding error
[55/100] ran-000582 UNDERSPECIFIED nonunique error
[56/100] ran-000582 UNDERSPECIFIED nonunique_grounding error
[57/100] mom-000384 OMISSION nonunique error
[58/100] mom-000384 OMISSION nonunique_grounding error
[59/100] mom-000384 UNDERSPECIFIED nonunique error
[60/100] mom-000384 UNDERSPECIFIED nonunique_grounding error
[61/100] ran-000591 OMISSION nonunique error
[62/100] ran-000591 OMISSION nonunique_grounding error
[63/100] ran-000591 UNDERSPECIFIED nonunique error
[64/100] ran-000591 UNDERSPECIFIED nonunique_grounding error
[65/100] mom-000416 OMISSION nonunique error
[66/100] mom-000416 OMISSION nonunique_grounding error
[67/100] mom-000416 UNDERSPECIFIED nonunique error
[68/100] mom-000416 UNDERSPECIFIED nonunique_grounding error
[69/100] crt-000069 OMISSION nonunique error
[70/100] crt-000069 OMISSION nonunique_grounding error
[71/100] crt-000069 UNDERSPECIFIED nonunique error
[72/100] crt-000069 UNDERSPECIFIED nonunique_grounding error
[73/100] lin-000294 OMISSION nonunique error
[74/100] lin-000294 OMISSION nonunique_grounding error
[75/100] lin-000294 UNDERSPECIFIED nonunique error
[76/100] lin-000294 UNDERSPECIFIED nonunique_grounding error
[77/100] gra-000231 OMISSION nonunique error
[78/100] gra-000231 OMISSION nonunique_grounding error
[79/100] gra-000231 UNDERSPECIFIED nonunique error
[80/100] gra-000231 UNDERSPECIFIED nonunique_grounding error
[81/100] mom-000410 OMISSION nonunique error
[82/100] mom-000410 OMISSION nonunique_grounding error
[83/100] mom-000410 UNDERSPECIFIED nonunique error
[84/100] mom-000410 UNDERSPECIFIED nonunique_grounding error
[85/100] crt-000106 OMISSION nonunique error
[86/100] crt-000106 OMISSION nonunique_grounding error
[87/100] crt-000106 UNDERSPECIFIED nonunique error
[88/100] crt-000106 UNDERSPECIFIED nonunique_grounding error
[89/100] mom-000376 OMISSION nonunique error
[90/100] mom-000376 OMISSION nonunique_grounding error
[91/100] mom-000376 UNDERSPECIFIED nonunique error
[92/100] mom-000376 UNDERSPECIFIED nonunique_grounding error
[93/100] ran-000590 OMISSION nonunique error
[94/100] ran-000590 OMISSION nonunique_grounding error
[95/100] ran-000590 UNDERSPECIFIED nonunique error
[96/100] ran-000590 UNDERSPECIFIED nonunique_grounding error
[97/100] crt-000079 OMISSION nonunique error
[98/100] crt-000079 OMISSION nonunique_grounding error
[99/100] crt-000079 UNDERSPECIFIED nonunique error
[100/100] crt-000079 UNDERSPECIFIED nonunique_grounding error
