[1/80] ran-000570 OMISSION nonunique ok
[2/80] ran-000570 OMISSION nonunique_grounding ok
[3/80] ran-000570 UNDERSPECIFIED nonunique ok
[4/80] ran-000570 UNDERSPECIFIED nonunique_grounding ok
[5/80] lin-000279 OMISSION nonunique ok
[6/80] lin-000279 OMISSION nonunique_grounding ok
[7/80] lin-000279 UNDERSPECIFIED nonunique ok
[8/80] lin-000279 UNDERSPECIFIED nonunique_grounding ok
[9/80] gra-000189 OMISSION nonunique ok
[10/80] gra-000189 OMISSION nonunique_grounding ok
[11/80] gra-000189 UNDERSPECIFIED nonunique ok
[12/80] gra-000189 UNDERSPECIFIED nonunique_grounding ok
[13/80] lin-000244 OMISSION nonunique ok
[14/80] lin-000244 OMISSION nonunique_grounding ok
[15/80] lin-000244 UNDERSPECIFIED nonunique ok
[16/80] lin-000244 UNDERSPECIFIED nonunique_grounding ok
[17/80] lin-000259 OMISSION nonunique ok
[18/80] lin-000259 OMISSION nonunique_grounding ok
[19/80] lin-000259 UNDERSPECIFIED nonunique ok
[20/80] lin-000259 UNDERSPECIFIED nonunique_grounding ok
[21/80] crt-000078 OMISSION nonunique ok
[22/80] crt-000078 OMISSION nonunique_grounding ok
[23/80] crt-000078 UNDERSPECIFIED nonunique ok
[24/80] crt-000078 UNDERSPECIFIED nonunique_grounding ok
[25/80] crt-000062 OMISSION nonunique ok
[26/80] crt-000062 OMISSION nonunique_grounding ok
[27/80] crt-000062 UNDERSPECIFIED nonunique ok
[28/80] crt-000062 UNDERSPECIFIED nonunique_grounding ok
[29/80] ran-000564 OMISSION nonunique ok
[30/80] ran-000564 OMISSION nonunique_grounding ok
[31/80] ran-000564 UNDERSPECIFIED nonunique ok
[32/80] ran-000564 UNDERSPECIFIED nonunique_grounding ok
[33/80] crt-000089 OMISSION nonunique ok
[34/80] crt-000089 OMISSION nonunique_grounding ok
[35/80] crt-000089 UNDERSPECIFIED nonunique ok
[36/80] crt-000089 UNDERSPECIFIED nonunique_grounding ok
[37/80] ran-000595 OMISSION nonunique ok
[38/80] ran-000595 OMISSION nonunique_grounding ok
[39/80] ran-000595 UNDERSPECIFIED nonunique ok
[40/80] ran-000595 UNDERSPECIFIED nonunique_grounding ok
[41/80] gra-000234 OMISSION nonunique ok
[42/80] gra-000234 OMISSION nonunique_grounding ok
[43/80] gra-000234 UNDERSPECIFIED nonunique ok
[44/80] gra-000234 UNDERSPECIFIED nonunique_grounding ok
[45/80] ran-000543 OMISSION nonunique ok
[46/80] ran-000543 OMISSION nonunique_grounding ok
[47/80] ran-000543 UNDERSPECIFIED nonunique ok
[48/80] ran-000543 UNDERSPECIFIED nonunique_grounding ok
[49/80] ran-000565 OMISSION nonunique ok
[50/80] ran-000565 OMISSION nonunique_grounding ok
[51/80] ran-000565 UNDERSPECIFIED nonunique ok
[52/80] ran-000565 UNDERSPECIFIED nonunique_grounding ok
[53/80] ran-000579 OMISSION nonunique ok
[54/80] ran-000579 OMISSION nonunique_grounding ok
[55/80] ran-000579 UNDERSPECIFIED nonunique ok
[56/80] ran-000579 UNDERSPECIFIED nonunique_grounding ok
[57/80] lin-000260 OMISSION nonunique ok
[58/80] lin-000260 OMISSION nonunique_grounding ok
[59/80] lin-000260 UNDERSPECIFIED nonunique ok
[60/80] lin-000260 UNDERSPECIFIED nonunique_grounding ok
[61/80] ran-000550 OMISSION nonunique ok
[62/80] ran-000550 OMISSION nonunique_grounding ok
[63/80] ran-000550 UNDERSPECIFIED nonunique ok
[64/80] ran-000550 UNDERSPECIFIED nonunique_grounding ok
[65/80] crt-000068 OMISSION nonunique ok
[66/80] crt-000068 OMISSION nonunique_grounding ok
[67/80] crt-000068 UNDERSPECIFIED nonunique ok
[68/80] crt-000068 UNDERSPECIFIED nonunique_grounding ok
[69/80] gra-000209 OMISSION nonunique ok
[70/80] gra-000209 OMISSION nonunique_grounding ok
[71/80] gra-000209 UNDERSPECIFIED nonunique ok
[72/80] gra-000209 UNDERSPECIFIED nonunique_grounding ok
[73/80] crt-000097 OMISSION nonunique ok
[74/80] crt-000097 OMISSION nonunique_grounding ok
[75/80] crt-000097 UNDERSPECIFIED nonunique ok
[76/80] crt-000097 UNDERSPECIFIED nonunique_grounding ok
[77/80] lin-000261 OMISSION nonunique ok
[78/80] lin-000261 OMISSION nonunique_grounding ok
[79/80] lin-000261 UNDERSPECIFIED nonunique ok
[80/80] lin-000261 UNDERSPECIFIED nonunique_grounding ok
