[1/100] gra-000227 OMISSION nonunique error
[2/100] gra-000227 OMISSION nonunique_grounding error
[3/100] gra-000227 UNDERSPECIFIED nonunique error
[4/100] gra-000227 UNDERSPECIFIED nonunique_grounding error
[5/100] crt-000080 OMISSION nonunique error
[6/100] crt-000080 OMISSION nonunique_grounding error
[7/100] crt-000080 UNDERSPECIFIED nonunique error
[8/100] crt-000080 UNDERSPECIFIED nonunique_grounding error
[9/100] mom-000401 OMISSION nonunique error
[10/100] mom-000401 OMISSION nonunique_grounding error
[11/100] mom-000401 UNDERSPECIFIED nonunique error
[12/100] mom-000401 UNDERSPECIFIED nonunique_grounding error
[13/100] crt-000064 OMISSION nonunique error
[14/100] crt-000064 OMISSION nonunique_grounding error
[15/100] crt-000064 UNDERSPECIFIED nonunique error
[16/100] crt-000064 UNDERSPECIFIED nonunique_grounding error
[17/100] mom-000395 OMISSION nonunique error
[18/100] mom-000395 OMISSION nonunique_grounding error
[19/100] mom-000395 UNDERSPECIFIED nonunique error
[20/100] mom-000395 UNDERSPECIFIED nonunique_grounding error
[21/100] lin-000274 OMISSION nonunique error
[22/100] lin-000274 OMISSION nonunique_grounding error
[23/100] lin-000274 UNDERSPECIFIED nonunique error
[24/100] lin-000274 UNDERSPECIFIED nonunique_grounding error
[25/100] mom-000398 OMISSION nonunique error
[26/100] mom-000398 OMISSION nonunique_grounding error
[27/100] mom-000398 UNDERSPECIFIED nonunique error
[28/100] mom-000398 UNDERSPECIFIED nonunique_grounding error
[29/100] mom-000414 OMISSION nonunique error
[30/100] mom-000414 OMISSION nonunique_grounding error
[31/100] mom-000414 UNDERSPECIFIED nonunique error
[32/100] mom-000414 UNDERSPECIFIED nonunique_grounding error
[33/100] ran-000568 OMISSION nonunique error
[34/100] ran-000568 OMISSION nonunique_grounding error
[35/100] ran-000568 UNDERSPECIFIED nonunique error
[36/100] ran-000568 UNDERSPECIFIED nonunique_grounding error
[37/100] gra-000193 OMISSION nonunique error
[38/100] gra-000193 OMISSION nonunique_grounding error
[39/100] gra-000193 UNDERSPECIFIED nonunique error
[40/100] gra-000193 UNDERSPECIFIED nonunique_grounding error
[41/100] ran-000575 OMISSION nonunique error
[42/100] ran-000575 OMISSION nonunique_grounding error
[43/100] ran-000575 UNDERSPECIFIED nonunique error
[44/100] ran-000575 UNDERSPECIFIED nonunique_grounding error
[45/100] gra-000206 OMISSION nonunique error
[46/100] gra-000206 OMISSION nonunique_grounding error
[47/100] gra-000206 UNDERSPECIFIED nonunique error
[48/100] gra-000206 UNDERSPECIFIED nonunique_grounding error
[49/100] ran-000549 OMISSION nonunique error
[50/100] ran-000549 OMISSION nonunique_grounding error
[51/100] ran-000549 UNDERSPECIFIED nonunique error
[52/100] ran-000549 UNDERSPECIFIED nonunique_grounding error
[53/100] crt-000103 OMISSION nonunique error
[54/100] crt-000103 OMISSION nonunique_grounding error
[55/100] crt-000103 UNDERSPECIFIED nonunique error
[56/100] crt-000103 UNDERSPECIFIED nonunique_grounding error
[57/100] gra-000210 OMISSION nonunique error
[58/100] gra-000210 OMISSION nonunique_grounding error
[59/100] gra-000210 UNDERSPECIFIED nonunique error
[60/100] gra-000210 UNDERSPECIFIED nonunique_grounding error
[61/100] lin-000272 OMISSION nonunique error
[62/100] lin-000272 OMISSION nonunique_grounding error
[63/100] lin-000272 UNDERSPECIFIED nonunique error
[64/100] lin-000272 UNDERSPECIFIED nonunique_grounding error
[65/100] mom-000366 OMISSION nonunique error
[66/100] mom-000366 OMISSION nonunique_grounding error
[67/100] mom-000366 UNDERSPECIFIED nonunique error
[68/100] mom-000366 UNDERSPECIFIED nonunique_grounding error
[69/100] gra-000202 OMISSION nonunique error
[70/100] gra-000202 OMISSION nonunique_grounding error
[71/100] gra-000202 UNDERSPECIFIED nonunique error
[72/100] gra-000202 UNDERSPECIFIED nonunique_grounding error
[73/100] crt-000113 OMISSION nonunique error
[74/100] crt-000113 OMISSION nonunique_grounding error
[75/100] crt-000113 UNDERSPECIFIED nonunique error
[76/100] crt-000113 UNDERSPECIFIED nonunique_grounding error
[77/100] mom-000388 OMISSION nonunique error
[78/100] mom-000388 OMISSION nonunique_grounding error
[79/100] mom-000388 UNDERSPECIFIED nonunique error
[80/100] mom-000388 UNDERSPECIFIED nonunique_grounding error
[81/100] mom-000385 OMISSION nonunique error
[82/100] mom-000385 OMISSION nonunique_grounding error
[83/100] mom-000385 UNDERSPECIFIED nonunique error
[84/100] mom-000385 UNDERSPECIFIED nonunique_grounding error
[85/100] gra-000229 OMISSION nonunique error
[86/100] gra-000229 OMISSION nonunique_grounding error
[87/100] gra-000229 UNDERSPECIFIED nonunique error
[88/100] gra-000229 UNDERSPECIFIED nonunique_grounding error
[89/100] lin-000286 OMISSION nonunique error
[90/100] lin-000286 OMISSION nonunique_grounding error
[91/100] lin-000286 UNDERSPECIFIED nonunique error
[92/100] lin-000286 UNDERSPECIFIED nonunique_grounding error
[93/100] gra-000192 OMISSION nonunique error
[94/100] gra-000192 OMISSION nonunique_grounding error
[95/100] gra-000192 UNDERSPECIFIED nonunique error
[96/100] gra-000192 UNDERSPECIFIED nonunique_grounding error
[97/100] lin-000299 OMISSION nonunique error
[98/100] lin-000299 OMISSION nonunique_grounding error
[99/100] lin-000299 UNDERSPECIFIED nonunique error
[100/100] lin-000299 UNDERSPECIFIED nonunique_grounding error
[1/100] gra-000227 OMISSION nonunique error
[2/100] gra-000227 OMISSION nonunique_grounding error
[3/100] gra-000227 UNDERSPECIFIED nonunique error
[4/100] gra-000227 UNDERSPECIFIED nonunique_grounding error
[5/100] crt-000080 OMISSION nonunique error
[6/100] crt-000080 OMISSION nonunique_grounding error
[7/100] crt-000080 UNDERSPECIFIED nonunique error
[8/100] crt-000080 UNDERSPECIFIED nonunique_grounding error
[9/100] mom-000401 OMISSION nonunique error
[10/100] mom-000401 OMISSION nonunique_grounding error
[11/100] mom-000401 UNDERSPECIFIED nonunique error
[12/100] mom-000401 UNDERSPECIFIED nonunique_grounding error
[13/100] crt-000064 OMISSION nonunique error
[14/100] crt-000064 OMISSION nonunique_grounding error
[15/100] crt-000064 UNDERSPECIFIED nonunique error
[16/100] crt-000064 UNDERSPECIFIED nonunique_grounding error
[17/100] mom-000395 OMISSION nonunique error
[18/100] mom-000395 OMISSION nonunique_grounding error
[19/100] mom-000395 UNDERSPECIFIED nonunique error
[20/100] mom-000395 UNDERSPECIFIED nonunique_grounding error
[21/100] lin-000274 OMISSION nonunique error
[22/100] lin-000274 OMISSION nonunique_grounding error
[23/100] lin-000274 UNDERSPECIFIED nonunique error
[24/100] lin-000274 UNDERSPECIFIED nonunique_grounding error
[25/100] mom-000398 OMISSION nonunique error
[26/100] mom-000398 OMISSION nonunique_grounding error
[27/100] mom-000398 UNDERSPECIFIED nonunique error
[28/100] mom-000398 UNDERSPECIFIED nonunique_grounding error
[29/100] mom-000414 OMISSION nonunique error
[30/100] mom-000414 OMISSION nonunique_grounding error
[31/100] mom-000414 UNDERSPECIFIED nonunique error
[32/100] mom-000414 UNDERSPECIFIED nonunique_grounding error
[33/100] ran-000568 OMISSION nonunique error
[34/100] ran-000568 OMISSION nonunique_grounding error
[35/100] ran-000568 UNDERSPECIFIED nonunique error
[36/100] ran-000568 UNDERSPECIFIED nonunique_grounding error
[37/100] gra-000193 OMISSION nonunique error
[38/100] gra-000193 OMISSION nonunique_grounding error
[39/100] gra-000193 UNDERSPECIFIED nonunique error
[40/100] gra-000193 UNDERSPECIFIED nonunique_grounding error
[41/100] ran-000575 OMISSION nonunique error
[42/100] ran-000575 OMISSION nonunique_grounding error
[43/100] ran-000575 UNDERSPECIFIED nonunique error
[44/100] ran-000575 UNDERSPECIFIED nonunique_grounding error
[45/100] gra-000206 OMISSION nonunique error
[46/100] gra-000206 OMISSION nonunique_grounding error
[47/100] gra-000206 UNDERSPECIFIED nonunique error
[48/100] gra-000206 UNDERSPECIFIED nonunique_grounding error
[49/100] ran-000549 OMISSION nonunique error
[50/100] ran-000549 OMISSION nonunique_grounding error
[51/100] ran-000549 UNDERSPECIFIED nonunique error
[52/100] ran-000549 UNDERSPECIFIED nonunique_grounding error
[53/100] crt-000103 OMISSION nonunique error
[54/100] crt-000103 OMISSION nonunique_grounding error
[55/100] crt-000103 UNDERSPECIFIED nonunique error
[56/100] crt-000103 UNDERSPECIFIED nonunique_grounding error
[57/100] gra-000210 OMISSION nonunique error
[58/100] gra-000210 OMISSION nonunique_grounding error
[59/100] gra-000210 UNDERSPECIFIED nonunique error
[60/100] gra-000210 UNDERSPECIFIED nonunique_grounding error
[61/100] lin-000272 OMISSION nonunique error
[62/100] lin-000272 OMISSION nonunique_grounding error
[63/100] lin-000272 UNDERSPECIFIED nonunique error
[64/100] lin-000272 UNDERSPECIFIED nonunique_grounding error
[65/100] mom-000366 OMISSION nonunique error
[66/100] mom-000366 OMISSION nonunique_grounding error
[67/100] mom-000366 UNDERSPECIFIED nonunique error
[68/100] mom-000366 UNDERSPECIFIED nonunique_grounding error
[69/100] gra-000202 OMISSION nonunique error
[70/100] gra-000202 OMISSION nonunique_grounding error
[71/100] gra-000202 UNDERSPECIFIED nonunique error
[72/100] gra-000202 UNDERSPECIFIED nonunique_grounding error
[73/100] crt-000113 OMISSION nonunique error
[74/100] crt-000113 OMISSION nonunique_grounding error
[75/100] crt-000113 UNDERSPECIFIED nonunique error
[76/100] crt-000113 UNDERSPECIFIED nonunique_grounding error
[77/100] mom-000388 OMISSION nonunique error
[78/100] mom-000388 OMISSION nonunique_grounding error
[79/100] mom-000388 UNDERSPECIFIED nonunique error
[80/100] mom-000388 UNDERSPECIFIED nonunique_grounding error
[81/100] mom-000385 OMISSION nonunique error
[82/100] mom-000385 OMISSION nonunique_grounding error
[83/100] mom-000385 UNDERSPECIFIED nonunique error
[84/100] mom-000385 UNDERSPECIFIED nonunique_grounding error
[85/100] gra-000229 OMISSION nonunique error
[86/100] gra-000229 OMISSION nonunique_grounding error
[87/100] gra-000229 UNDERSPECIFIED nonunique error
[88/100] gra-000229 UNDERSPECIFIED nonunique_grounding error
[89/100] lin-000286 OMISSION nonunique error
[90/100] lin-000286 OMISSION nonunique_grounding error
[91/100] lin-000286 UNDERSPECIFIED nonunique error
[92/100] lin-000286 UNDERSPECIFIED nonunique_grounding error
[93/100] gra-000192 OMISSION nonunique error
[94/100] gra-000192 OMISSION nonunique_grounding error
[95/100] gra-000192 UNDERSPECIFIED nonunique error
[96/100] gra-000192 UNDERSPECIFIED nonunique_grounding error
[97/100] lin-000299 OMISSION nonunique error
[98/100] lin-000299 OMISSION nonunique_grounding error
[99/100] lin-000299 UNDERSPECIFIED nonunique error
[100/100] lin-000299 UNDERSPECIFIED nonunique_grounding error
