[1/80] crt-000094 OMISSION nonunique ok
[2/80] crt-000094 OMISSION nonunique_grounding ok
[3/80] crt-000094 UNDERSPECIFIED nonunique ok
[4/80] crt-000094 UNDERSPECIFIED nonunique_grounding ok
[5/80] gra-000217 OMISSION nonunique ok
[6/80] gra-000217 OMISSION nonunique_grounding ok
[7/80] gra-000217 UNDERSPECIFIED nonunique ok
[8/80] gra-000217 UNDERSPECIFIED nonunique_grounding ok
[9/80] crt-000070 OMISSION nonunique ok
[10/80] crt-000070 OMISSION nonunique_grounding ok
[11/80] crt-000070 UNDERSPECIFIED nonunique ok
[12/80] crt-000070 UNDERSPECIFIED nonunique_grounding ok
[13/80] crt-000110 OMISSION nonunique ok
[14/80] crt-000110 OMISSION nonunique_grounding ok
[15/80] crt-000110 UNDERSPECIFIED nonunique ok
[16/80] crt-000110 UNDERSPECIFIED nonunique_grounding ok
[17/80] lin-000253 OMISSION nonunique ok
[18/80] lin-000253 OMISSION nonunique_grounding ok
[19/80] lin-000253 UNDERSPECIFIED nonunique ok
[20/80] lin-000253 UNDERSPECIFIED nonunique_grounding ok
[21/80] lin-000254 OMISSION nonunique ok
[22/80] lin-000254 OMISSION nonunique_grounding ok
[23/80] lin-000254 UNDERSPECIFIED nonunique ok
[24/80] lin-000254 UNDERSPECIFIED nonunique_grounding ok
[25/80] ran-000589 OMISSION nonunique ok
[26/80] ran-000589 OMISSION nonunique_grounding ok
[27/80] ran-000589 UNDERSPECIFIED nonunique ok
[28/80] ran-000589 UNDERSPECIFIED nonunique_grounding ok
[29/80] gra-000237 OMISSION nonunique ok
[30/80] gra-000237 OMISSION nonunique_grounding ok
[31/80] gra-000237 UNDERSPECIFIED nonunique ok
[32/80] gra-000237 UNDERSPECIFIED nonunique_grounding ok
[33/80] lin-000292 OMISSION nonunique ok
[34/80] lin-000292 OMISSION nonunique_grounding ok
[35/80] lin-000292 UNDERSPECIFIED nonunique ok
[36/80] lin-000292 UNDERSPECIFIED nonunique_grounding ok
[37/80] crt-000108 OMISSION nonunique ok
[38/80] crt-000108 OMISSION nonunique_grounding ok
[39/80] crt-000108 UNDERSPECIFIED nonunique ok
[40/80] crt-000108 UNDERSPECIFIED nonunique_grounding ok
[41/80] gra-000213 OMISSION nonunique ok
[42/80] gra-000213 OMISSION nonunique_grounding ok
[43/80] gra-000213 UNDERSPECIFIED nonunique ok
[44/80] gra-000213 UNDERSPECIFIED nonunique_grounding ok
[45/80] lin-000293 OMISSION nonunique ok
[46/80] lin-000293 OMISSION nonunique_grounding ok
[47/80] lin-000293 UNDERSPECIFIED nonunique ok
[48/80] lin-000293 UNDERSPECIFIED nonunique_grounding ok
[49/80] ran-000563 OMISSION nonunique ok
[50/80] ran-000563 OMISSION nonunique_grounding ok
[51/80] ran-000563 UNDERSPECIFIED nonunique ok
[52/80] ran-000563 UNDERSPECIFIED nonunique_grounding ok
[53/80] lin-000281 OMISSION nonunique ok
[54/80] lin-000281 OMISSION nonunique_grounding ok
[55/80] lin-000281 UNDERSPECIFIED nonunique ok
[56/80] lin-000281 UNDERSPECIFIED nonunique_grounding ok
[57/80] ran-000548 OMISSION nonunique ok
[58/80] ran-000548 OMISSION nonunique_grounding ok
[59/80] ran-000548 UNDERSPECIFIED nonunique ok
[60/80] ran-000548 UNDERSPECIFIED nonunique_grounding ok
[61/80] ran-000547 OMISSION nonunique ok
[62/80] ran-000547 OMISSION nonunique_grounding ok
[63/80] ran-000547 UNDERSPECIFIED nonunique ok
[64/80] ran-000547 UNDERSPECIFIED nonunique_grounding ok
[65/80] lin-000275 OMISSION nonunique ok
[66/80] lin-000275 OMISSION nonunique_grounding ok
[67/80] lin-000275 UNDERSPECIFIED nonunique ok
[68/80] lin-000275 UNDERSPECIFIED nonunique_grounding ok
[69/80] crt-000065 OMISSION nonunique ok
[70/80] crt-000065 OMISSION nonunique_grounding ok
[71/80] crt-000065 UNDERSPECIFIED nonunique ok
[72/80] crt-000065 UNDERSPECIFIED nonunique_grounding ok
[73/80] ran-000541 OMISSION nonunique ok
[74/80] ran-000541 OMISSION nonunique_grounding ok
[75/80] ran-000541 UNDERSPECIFIED nonunique ok
[76/80] ran-000541 UNDERSPECIFIED nonunique_grounding ok
[77/80] ran-000558 OMISSION nonunique ok
[78/80] ran-000558 OMISSION nonunique_grounding ok
[79/80] ran-000558 UNDERSPECIFIED nonunique ok
[80/80] ran-000558 UNDERSPECIFIED nonunique_grounding ok
