[1/100] mom-000409 OMISSION nonunique error
[2/100] mom-000409 OMISSION nonunique_grounding error
[3/100] mom-000409 UNDERSPECIFIED nonunique error
[4/100] mom-000409 UNDERSPECIFIED nonunique_grounding error
[5/100] lin-000258 OMISSION nonunique error
[6/100] lin-000258 OMISSION nonunique_grounding error
[7/100] lin-000258 UNDERSPECIFIED nonunique error
[8/100] lin-000258 UNDERSPECIFIED nonunique_grounding error
[9/100] ran-000542 OMISSION nonunique error
[10/100] ran-000542 OMISSION nonunique_grounding error
[11/100] ran-000542 UNDERSPECIFIED nonunique error
[12/100] ran-000542 UNDERSPECIFIED nonunique_grounding error
[13/100] gra-000200 OMISSION nonunique error
[14/100] gra-000200 OMISSION nonunique_grounding error
[15/100] gra-000200 UNDERSPECIFIED nonunique error
[16/100] gra-000200 UNDERSPECIFIED nonunique_grounding error
[17/100] gra-000184 OMISSION nonunique error
[18/100] gra-000184 OMISSION nonunique_grounding error
[19/100] gra-000184 UNDERSPECIFIED nonunique error
[20/100] gra-000184 UNDERSPECIFIED nonunique_grounding error
[21/100] lin-000285 OMISSION nonunique error
[22/100] lin-000285 OMISSION nonunique_grounding error
[23/100] lin-000285 UNDERSPECIFIED nonunique error
[24/100] lin-000285 UNDERSPECIFIED nonunique_grounding error
[25/100] lin-000257 OMISSION nonunique error
[26/100] lin-000257 OMISSION nonunique_grounding error
[27/100] lin-000257 UNDERSPECIFIED nonunique error
[28/100] lin-000257 UNDERSPECIFIED nonunique_grounding error
[29/100] crt-000118 OMISSION nonunique error
[30/100] crt-000118 OMISSION nonunique_grounding error
[31/100] crt-000118 UNDERSPECIFIED nonunique error
[32/100] crt-000118 UNDERSPECIFIED nonunique_grounding error
[33/100] lin-000268 OMISSION nonunique error
[34/100] lin-000268 OMISSION nonunique_grounding error
[35/100] lin-000268 UNDERSPECIFIED nonunique error
[36/100] lin-000268 UNDERSPECIFIED nonunique_grounding error
[37/100] gra-000212 OMISSION nonunique error
[38/100] gra-000212 OMISSION nonunique_grounding error
[39/100] gra-000212 UNDERSPECIFIED nonunique error
[40/100] gra-000212 UNDERSPECIFIED nonunique_grounding error
[41/100] lin-000296 OMISSION nonunique error
[42/100] lin-000296 OMISSION nonunique_grounding error
[43/100] lin-000296 UNDERSPECIFIED nonunique error
[44/100] lin-000296 UNDERSPECIFIED nonunique_grounding error
[45/100] lin-000242 OMISSION nonunique error
[46/100] lin-000242 OMISSION nonunique_grounding error
[47/100] lin-000242 UNDERSPECIFIED nonunique error
[48/100] lin-000242 UNDERSPECIFIED nonunique_grounding error
[49/100] ran-000599 OMISSION nonunique error
[50/100] ran-000599 OMISSION nonunique_grounding error
[51/100] ran-000599 UNDERSPECIFIED nonunique error
[52/100] ran-000599 UNDERSPECIFIED nonunique_grounding error
[53/100] lin-000250 OMISSION nonunique error
[54/100] lin-000250 OMISSION nonunique_grounding error
[55/100] lin-000250 UNDERSPECIFIED nonunique error
[56/100] lin-000250 UNDERSPECIFIED nonunique_grounding error
[57/100] mom-000361 OMISSION nonunique error
[58/100] mom-000361 OMISSION nonunique_grounding error
[59/100] mom-000361 UNDERSPECIFIED nonunique error
[60/100] mom-000361 UNDERSPECIFIED nonunique_grounding error
[61/100] crt-000109 OMISSION nonunique error
[62/100] crt-000109 OMISSION nonunique_grounding error
[63/100] crt-000109 UNDERSPECIFIED nonunique error
[64/100] crt-000109 UNDERSPECIFIED nonunique_grounding error
[65/100] gra-000228 OMISSION nonunique error
[66/100] gra-000228 OMISSION nonunique_grounding error
[67/100] gra-000228 UNDERSPECIFIED nonunique error
[68/100] gra-000228 UNDERSPECIFIED nonunique_grounding error
[69/100] ran-000587 OMISSION nonunique error
[70/100] ran-000587 OMISSION nonunique_grounding error
[71/100] ran-000587 UNDERSPECIFIED nonunique error
[72/100] ran-000587 UNDERSPECIFIED nonunique_grounding error
[73/100] ran-000552 OMISSION nonunique error
[74/100] ran-000552 OMISSION nonunique_grounding error
[75/100] ran-000552 UNDERSPECIFIED nonunique error
[76/100] ran-000552 UNDERSPECIFIED nonunique_grounding error
[77/100] lin-000266 OMISSION nonunique error
[78/100] lin-000266 OMISSION nonunique_grounding error
[79/100] lin-000266 UNDERSPECIFIED nonunique error
[80/100] lin-000266 UNDERSPECIFIED nonunique_grounding error
[81/100] gra-000225 OMISSION nonunique error
[82/100] gra-000225 OMISSION nonunique_grounding error
[83/100] gra-000225 UNDERSPECIFIED nonunique error
[84/100] gra-000225 UNDERSPECIFIED nonunique_grounding error
[85/100] crt-000119 OMISSION nonunique error
[86/100] crt-000119 OMISSION nonunique_grounding error
[87/100] crt-000119 UNDERSPECIFIED nonunique error
[88/100] crt-000119 UNDERSPECIFIED nonunique_grounding error
[89/100] ran-000553 OMISSION nonunique error
[90/100] ran-000553 OMISSION nonunique_grounding error
[91/100] ran-000553 UNDERSPECIFIED nonunique error
[92/100] ran-000553 UNDERSPECIFIED nonunique_grounding error
[93/100] lin-000290 OMISSION nonunique error
[94/100] lin-000290 OMISSION nonunique_grounding error
[95/100] lin-000290 UNDERSPECIFIED nonunique error
[96/100] lin-000290 UNDERSPECIFIED nonunique_grounding error
[97/100] crt-000061 OMISSION nonunique error
[98/100] crt-000061 OMISSION nonunique_grounding error
[99/100] crt-000061 UNDERSPECIFIED nonunique error
[100/100] crt-000061 UNDERSPECIFIED nonunique_grounding error
[1/100] mom-000409 OMISSION nonunique error
[2/100] mom-000409 OMISSION nonunique_grounding error
[3/100] mom-000409 UNDERSPECIFIED nonunique error
[4/100] mom-000409 UNDERSPECIFIED nonunique_grounding error
[5/100] lin-000258 OMISSION nonunique error
[6/100] lin-000258 OMISSION nonunique_grounding error
[7/100] lin-000258 UNDERSPECIFIED nonunique error
[8/100] lin-000258 UNDERSPECIFIED nonunique_grounding error
[9/100] ran-000542 OMISSION nonunique error
[10/100] ran-000542 OMISSION nonunique_grounding error
[11/100] ran-000542 UNDERSPECIFIED nonunique error
[12/100] ran-000542 UNDERSPECIFIED nonunique_grounding error
[13/100] gra-000200 OMISSION nonunique error
[14/100] gra-000200 OMISSION nonunique_grounding error
[15/100] gra-000200 UNDERSPECIFIED nonunique error
[16/100] gra-000200 UNDERSPECIFIED nonunique_grounding error
[17/100] gra-000184 OMISSION nonunique error
[18/100] gra-000184 OMISSION nonunique_grounding error
[19/100] gra-000184 UNDERSPECIFIED nonunique error
[20/100] gra-000184 UNDERSPECIFIED nonunique_grounding error
[21/100] lin-000285 OMISSION nonunique error
[22/100] lin-000285 OMISSION nonunique_grounding error
[23/100] lin-000285 UNDERSPECIFIED nonunique error
[24/100] lin-000285 UNDERSPECIFIED nonunique_grounding error
[25/100] lin-000257 OMISSION nonunique error
[26/100] lin-000257 OMISSION nonunique_grounding error
[27/100] lin-000257 UNDERSPECIFIED nonunique error
[28/100] lin-000257 UNDERSPECIFIED nonunique_grounding error
[29/100] crt-000118 OMISSION nonunique error
[30/100] crt-000118 OMISSION nonunique_grounding error
[31/100] crt-000118 UNDERSPECIFIED nonunique error
[32/100] crt-000118 UNDERSPECIFIED nonunique_grounding error
[33/100] lin-000268 OMISSION nonunique error
[34/100] lin-000268 OMISSION nonunique_grounding error
[35/100] lin-000268 UNDERSPECIFIED nonunique error
[36/100] lin-000268 UNDERSPECIFIED nonunique_grounding error
[37/100] gra-000212 OMISSION nonunique error
[38/100] gra-000212 OMISSION nonunique_grounding error
[39/100] gra-000212 UNDERSPECIFIED nonunique error
[40/100] gra-000212 UNDERSPECIFIED nonunique_grounding error
[41/100] lin-000296 OMISSION nonunique error
[42/100] lin-000296 OMISSION nonunique_grounding error
[43/100] lin-000296 UNDERSPECIFIED nonunique error
[44/100] lin-000296 UNDERSPECIFIED nonunique_grounding error
[45/100] lin-000242 OMISSION nonunique error
[46/100] lin-000242 OMISSION nonunique_grounding error
[47/100] lin-000242 UNDERSPECIFIED nonunique error
[48/100] lin-000242 UNDERSPECIFIED nonunique_grounding error
[49/100] ran-000599 OMISSION nonunique error
[50/100] ran-000599 OMISSION nonunique_grounding error
[51/100] ran-000599 UNDERSPECIFIED nonunique error
[52/100] ran-000599 UNDERSPECIFIED nonunique_grounding error
[53/100] lin-000250 OMISSION nonunique error
[54/100] lin-000250 OMISSION nonunique_grounding error
[55/100] lin-000250 UNDERSPECIFIED nonunique error
[56/100] lin-000250 UNDERSPECIFIED nonunique_grounding error
[57/100] mom-000361 OMISSION nonunique error
[58/100] mom-000361 OMISSION nonunique_grounding error
[59/100] mom-000361 UNDERSPECIFIED nonunique error
[60/100] mom-000361 UNDERSPECIFIED nonunique_grounding error
[61/100] crt-000109 OMISSION nonunique error
[62/100] crt-000109 OMISSION nonunique_grounding error
[63/100] crt-000109 UNDERSPECIFIED nonunique error
[64/100] crt-000109 UNDERSPECIFIED nonunique_grounding error
[65/100] gra-000228 OMISSION nonunique error
[66/100] gra-000228 OMISSION nonunique_grounding error
[67/100] gra-000228 UNDERSPECIFIED nonunique error
[68/100] gra-000228 UNDERSPECIFIED nonunique_grounding error
[69/100] ran-000587 OMISSION nonunique error
[70/100] ran-000587 OMISSION nonunique_grounding error
[71/100] ran-000587 UNDERSPECIFIED nonunique error
[72/100] ran-000587 UNDERSPECIFIED nonunique_grounding error
[73/100] ran-000552 OMISSION nonunique error
[74/100] ran-000552 OMISSION nonunique_grounding error
[75/100] ran-000552 UNDERSPECIFIED nonunique error
[76/100] ran-000552 UNDERSPECIFIED nonunique_grounding error
[77/100] lin-000266 OMISSION nonunique error
[78/100] lin-000266 OMISSION nonunique_grounding error
[79/100] lin-000266 UNDERSPECIFIED nonunique error
[80/100] lin-000266 UNDERSPECIFIED nonunique_grounding error
[81/100] gra-000225 OMISSION nonunique error
[82/100] gra-000225 OMISSION nonunique_grounding error
[83/100] gra-000225 UNDERSPECIFIED nonunique error
[84/100] gra-000225 UNDERSPECIFIED nonunique_grounding error
[85/100] crt-000119 OMISSION nonunique error
[86/100] crt-000119 OMISSION nonunique_grounding error
[87/100] crt-000119 UNDERSPECIFIED nonunique error
[88/100] crt-000119 UNDERSPECIFIED nonunique_grounding error
[89/100] ran-000553 OMISSION nonunique error
[90/100] ran-000553 OMISSION nonunique_grounding error
[91/100] ran-000553 UNDERSPECIFIED nonunique error
[92/100] ran-000553 UNDERSPECIFIED nonunique_grounding error
[93/100] lin-000290 OMISSION nonunique error
[94/100] lin-000290 OMISSION nonunique_grounding error
[95/100] lin-000290 UNDERSPECIFIED nonunique error
[96/100] lin-000290 UNDERSPECIFIED nonunique_grounding error
[97/100] crt-000061 OMISSION nonunique error
[98/100] crt-000061 OMISSION nonunique_grounding error
[99/100] crt-000061 UNDERSPECIFIED nonunique error
[100/100] crt-000061 UNDERSPECIFIED nonunique_grounding error
