[1/100] gra-000227 OMISSION self_review error
[2/100] gra-000227 OMISSION grounded_self_review error
[3/100] gra-000227 UNDERSPECIFIED self_review error
[4/100] gra-000227 UNDERSPECIFIED grounded_self_review error
[5/100] crt-000080 OMISSION self_review error
[6/100] crt-000080 OMISSION grounded_self_review error
[7/100] crt-000080 UNDERSPECIFIED self_review error
[8/100] crt-000080 UNDERSPECIFIED grounded_self_review error
[9/100] mom-000401 OMISSION self_review error
[10/100] mom-000401 OMISSION grounded_self_review error
[11/100] mom-000401 UNDERSPECIFIED self_review error
[12/100] mom-000401 UNDERSPECIFIED grounded_self_review error
[13/100] crt-000064 OMISSION self_review error
[14/100] crt-000064 OMISSION grounded_self_review error
[15/100] crt-000064 UNDERSPECIFIED self_review error
[16/100] crt-000064 UNDERSPECIFIED grounded_self_review error
[17/100] mom-000395 OMISSION self_review error
[18/100] mom-000395 OMISSION grounded_self_review error
[19/100] mom-000395 UNDERSPECIFIED self_review error
[20/100] mom-000395 UNDERSPECIFIED grounded_self_review error
[21/100] lin-000274 OMISSION self_review error
[22/100] lin-000274 OMISSION grounded_self_review error
[23/100] lin-000274 UNDERSPECIFIED self_review error
[24/100] lin-000274 UNDERSPECIFIED grounded_self_review error
[25/100] mom-000398 OMISSION self_review error
[26/100] mom-000398 OMISSION grounded_self_review error
[27/100] mom-000398 UNDERSPECIFIED self_review error
[28/100] mom-000398 UNDERSPECIFIED grounded_self_review error
[29/100] mom-000414 OMISSION self_review error
[30/100] mom-000414 OMISSION grounded_self_review error
[31/100] mom-000414 UNDERSPECIFIED self_review error
[32/100] mom-000414 UNDERSPECIFIED grounded_self_review error
[33/100] ran-000568 OMISSION self_review error
[34/100] ran-000568 OMISSION grounded_self_review error
[35/100] ran-000568 UNDERSPECIFIED self_review error
[36/100] ran-000568 UNDERSPECIFIED grounded_self_review error
[37/100] gra-000193 OMISSION self_review error
[38/100] gra-000193 OMISSION grounded_self_review error
[39/100] gra-000193 UNDERSPECIFIED self_review error
[40/100] gra-000193 UNDERSPECIFIED grounded_self_review error
[41/100] ran-000575 OMISSION self_review error
[42/100] ran-000575 OMISSION grounded_self_review error
[43/100] ran-000575 UNDERSPECIFIED self_review error
[44/100] ran-000575 UNDERSPECIFIED grounded_self_review error
[45/100] gra-000206 OMISSION self_review error
[46/100] gra-000206 OMISSION grounded_self_review error
[47/100] gra-000206 UNDERSPECIFIED self_review error
[48/100] gra-000206 UNDERSPECIFIED grounded_self_review error
[49/100] ran-000549 OMISSION self_review error
[50/100] ran-000549 OMISSION grounded_self_review error
[51/100] ran-000549 UNDERSPECIFIED self_review error
[52/100] ran-000549 UNDERSPECIFIED grounded_self_review error
[53/100] crt-000103 OMISSION self_review error
[54/100] crt-000103 OMISSION grounded_self_review error
[55/100] crt-000103 UNDERSPECIFIED self_review error
[56/100] crt-000103 UNDERSPECIFIED grounded_self_review error
[57/100] gra-000210 OMISSION self_review error
[58/100] gra-000210 OMISSION grounded_self_review error
[59/100] gra-000210 UNDERSPECIFIED self_review error
[60/100] gra-000210 UNDERSPECIFIED grounded_self_review error
[61/100] lin-000272 OMISSION self_review error
[62/100] lin-000272 OMISSION grounded_self_review error
[63/100] lin-000272 UNDERSPECIFIED self_review error
[64/100] lin-000272 UNDERSPECIFIED grounded_self_review error
[65/100] mom-000366 OMISSION self_review error
[66/100] mom-000366 OMISSION grounded_self_review error
[67/100] mom-000366 UNDERSPECIFIED self_review error
[68/100] mom-000366 UNDERSPECIFIED grounded_self_review error
[69/100] gra-000202 OMISSION self_review error
[70/100] gra-000202 OMISSION grounded_self_review error
[71/100] gra-000202 UNDERSPECIFIED self_review error
[72/100] gra-000202 UNDERSPECIFIED grounded_self_review error
[73/100] crt-000113 OMISSION self_review error
[74/100] crt-000113 OMISSION grounded_self_review error
[75/100] crt-000113 UNDERSPECIFIED self_review error
[76/100] crt-000113 UNDERSPECIFIED grounded_self_review error
[77/100] mom-000388 OMISSION self_review error
[78/100] mom-000388 OMISSION grounded_self_review error
[79/100] mom-000388 UNDERSPECIFIED self_review error
[80/100] mom-000388 UNDERSPECIFIED grounded_self_review error
[81/100] mom-000385 OMISSION self_review error
[82/100] mom-000385 OMISSION grounded_self_review error
[83/100] mom-000385 UNDERSPECIFIED self_review error
[84/100] mom-000385 UNDERSPECIFIED grounded_self_review error
[85/100] gra-000229 OMISSION self_review error
[86/100] gra-000229 OMISSION grounded_self_review error
[87/100] gra-000229 UNDERSPECIFIED self_review error
[88/100] gra-000229 UNDERSPECIFIED grounded_self_review error
[89/100] lin-000286 OMISSION self_review error
[90/100] lin-000286 OMISSION grounded_self_review error
[91/100] lin-000286 UNDERSPECIFIED self_review error
[92/100] lin-000286 UNDERSPECIFIED grounded_self_review error
[93/100] gra-000192 OMISSION self_review error
[94/100] gra-000192 OMISSION grounded_self_review error
[95/100] gra-000192 UNDERSPECIFIED self_review error
[96/100] gra-000192 UNDERSPECIFIED grounded_self_review error
[97/100] lin-000299 OMISSION self_review error
[98/100] lin-000299 OMISSION grounded_self_review error
[99/100] lin-000299 UNDERSPECIFIED self_review error
[100/100] lin-000299 UNDERSPECIFIED grounded_self_review error
[1/100] gra-000227 OMISSION self_review error
[2/100] gra-000227 OMISSION grounded_self_review error
[3/100] gra-000227 UNDERSPECIFIED self_review error
[4/100] gra-000227 UNDERSPECIFIED grounded_self_review error
[5/100] crt-000080 OMISSION self_review error
[6/100] crt-000080 OMISSION grounded_self_review error
[7/100] crt-000080 UNDERSPECIFIED self_review error
[8/100] crt-000080 UNDERSPECIFIED grounded_self_review error
[9/100] mom-000401 OMISSION self_review error
[10/100] mom-000401 OMISSION grounded_self_review error
[11/100] mom-000401 UNDERSPECIFIED self_review error
[12/100] mom-000401 UNDERSPECIFIED grounded_self_review error
[13/100] crt-000064 OMISSION self_review error
[14/100] crt-000064 OMISSION grounded_self_review error
[15/100] crt-000064 UNDERSPECIFIED self_review error
[16/100] crt-000064 UNDERSPECIFIED grounded_self_review error
[17/100] mom-000395 OMISSION self_review error
[18/100] mom-000395 OMISSION grounded_self_review error
[19/100] mom-000395 UNDERSPECIFIED self_review error
[20/100] mom-000395 UNDERSPECIFIED grounded_self_review error
[21/100] lin-000274 OMISSION self_review error
[22/100] lin-000274 OMISSION grounded_self_review error
[23/100] lin-000274 UNDERSPECIFIED self_review error
[24/100] lin-000274 UNDERSPECIFIED grounded_self_review error
[25/100] mom-000398 OMISSION self_review error
[26/100] mom-000398 OMISSION grounded_self_review error
[27/100] mom-000398 UNDERSPECIFIED self_review error
[28/100] mom-000398 UNDERSPECIFIED grounded_self_review error
[29/100] mom-000414 OMISSION self_review error
[30/100] mom-000414 OMISSION grounded_self_review error
[31/100] mom-000414 UNDERSPECIFIED self_review error
[32/100] mom-000414 UNDERSPECIFIED grounded_self_review error
[33/100] ran-000568 OMISSION self_review error
[34/100] ran-000568 OMISSION grounded_self_review error
[35/100] ran-000568 UNDERSPECIFIED self_review error
[36/100] ran-000568 UNDERSPECIFIED grounded_self_review error
[37/100] gra-000193 OMISSION self_review error
[38/100] gra-000193 OMISSION grounded_self_review error
[39/100] gra-000193 UNDERSPECIFIED self_review error
[40/100] gra-000193 UNDERSPECIFIED grounded_self_review error
[41/100] ran-000575 OMISSION self_review error
[42/100] ran-000575 OMISSION grounded_self_review error
[43/100] ran-000575 UNDERSPECIFIED self_review error
[44/100] ran-000575 UNDERSPECIFIED grounded_self_review error
[45/100] gra-000206 OMISSION self_review error
[46/100] gra-000206 OMISSION grounded_self_review error
[47/100] gra-000206 UNDERSPECIFIED self_review error
[48/100] gra-000206 UNDERSPECIFIED grounded_self_review error
[49/100] ran-000549 OMISSION self_review error
[50/100] ran-000549 OMISSION grounded_self_review error
[51/100] ran-000549 UNDERSPECIFIED self_review error
[52/100] ran-000549 UNDERSPECIFIED grounded_self_review error
[53/100] crt-000103 OMISSION self_review error
[54/100] crt-000103 OMISSION grounded_self_review error
[55/100] crt-000103 UNDERSPECIFIED self_review error
[56/100] crt-000103 UNDERSPECIFIED grounded_self_review error
[57/100] gra-000210 OMISSION self_review error
[58/100] gra-000210 OMISSION grounded_self_review error
[59/100] gra-000210 UNDERSPECIFIED self_review error
[60/100] gra-000210 UNDERSPECIFIED grounded_self_review error
[61/100] lin-000272 OMISSION self_review error
[62/100] lin-000272 OMISSION grounded_self_review error
[63/100] lin-000272 UNDERSPECIFIED self_review error
[64/100] lin-000272 UNDERSPECIFIED grounded_self_review error
[65/100] mom-000366 OMISSION self_review error
[66/100] mom-000366 OMISSION grounded_self_review error
[67/100] mom-000366 UNDERSPECIFIED self_review error
[68/100] mom-000366 UNDERSPECIFIED grounded_self_review error
[69/100] gra-000202 OMISSION self_review error
[70/100] gra-000202 OMISSION grounded_self_review error
[71/100] gra-000202 UNDERSPECIFIED self_review error
[72/100] gra-000202 UNDERSPECIFIED grounded_self_review error
[73/100] crt-000113 OMISSION self_review error
[74/100] crt-000113 OMISSION grounded_self_review error
[75/100] crt-000113 UNDERSPECIFIED self_review error
[76/100] crt-000113 UNDERSPECIFIED grounded_self_review error
[77/100] mom-000388 OMISSION self_review error
[78/100] mom-000388 OMISSION grounded_self_review error
[79/100] mom-000388 UNDERSPECIFIED self_review error
[80/100] mom-000388 UNDERSPECIFIED grounded_self_review error
[81/100] mom-000385 OMISSION self_review error
[82/100] mom-000385 OMISSION grounded_self_review error
[83/100] mom-000385 UNDERSPECIFIED self_review error
[84/100] mom-000385 UNDERSPECIFIED grounded_self_review error
[85/100] gra-000229 OMISSION self_review error
[86/100] gra-000229 OMISSION grounded_self_review error
[87/100] gra-000229 UNDERSPECIFIED self_review error
[88/100] gra-000229 UNDERSPECIFIED grounded_self_review error
[89/100] lin-000286 OMISSION self_review error
[90/100] lin-000286 OMISSION grounded_self_review error
[91/100] lin-000286 UNDERSPECIFIED self_review error
[92/100] lin-000286 UNDERSPECIFIED grounded_self_review error
[93/100] gra-000192 OMISSION self_review error
[94/100] gra-000192 OMISSION grounded_self_review error
[95/100] gra-000192 UNDERSPECIFIED self_review error
[96/100] gra-000192 UNDERSPECIFIED grounded_self_review error
[97/100] lin-000299 OMISSION self_review error
[98/100] lin-000299 OMISSION grounded_self_review error
[99/100] lin-000299 UNDERSPECIFIED self_review error
[100/100] lin-000299 UNDERSPECIFIED grounded_self_review error
