[1/80] crt-000094 OMISSION self_review ok
[2/80] crt-000094 OMISSION grounded_self_review ok
[3/80] crt-000094 UNDERSPECIFIED self_review ok
[4/80] crt-000094 UNDERSPECIFIED grounded_self_review ok
[5/80] gra-000217 OMISSION self_review ok
[6/80] gra-000217 OMISSION grounded_self_review ok
[7/80] gra-000217 UNDERSPECIFIED self_review ok
[8/80] gra-000217 UNDERSPECIFIED grounded_self_review ok
[9/80] crt-000070 OMISSION self_review ok
[10/80] crt-000070 OMISSION grounded_self_review ok
[11/80] crt-000070 UNDERSPECIFIED self_review ok
[12/80] crt-000070 UNDERSPECIFIED grounded_self_review ok
[13/80] crt-000110 OMISSION self_review ok
[14/80] crt-000110 OMISSION grounded_self_review ok
[15/80] crt-000110 UNDERSPECIFIED self_review ok
[16/80] crt-000110 UNDERSPECIFIED grounded_self_review ok
[17/80] lin-000253 OMISSION self_review ok
[18/80] lin-000253 OMISSION grounded_self_review ok
[19/80] lin-000253 UNDERSPECIFIED self_review ok
[20/80] lin-000253 UNDERSPECIFIED grounded_self_review ok
[21/80] lin-000254 OMISSION self_review ok
[22/80] lin-000254 OMISSION grounded_self_review ok
[23/80] lin-000254 UNDERSPECIFIED self_review ok
[24/80] lin-000254 UNDERSPECIFIED grounded_self_review ok
[25/80] ran-000589 OMISSION self_review ok
[26/80] ran-000589 OMISSION grounded_self_review ok
[27/80] ran-000589 UNDERSPECIFIED self_review ok
[28/80] ran-000589 UNDERSPECIFIED grounded_self_review ok
[29/80] gra-000237 OMISSION self_review ok
[30/80] gra-000237 OMISSION grounded_self_review ok
[31/80] gra-000237 UNDERSPECIFIED self_review ok
[32/80] gra-000237 UNDERSPECIFIED grounded_self_review ok
[33/80] lin-000292 OMISSION self_review ok
[34/80] lin-000292 OMISSION grounded_self_review ok
[35/80] lin-000292 UNDERSPECIFIED self_review ok
[36/80] lin-000292 UNDERSPECIFIED grounded_self_review ok
[37/80] crt-000108 OMISSION self_review ok
[38/80] crt-000108 OMISSION grounded_self_review ok
[39/80] crt-000108 UNDERSPECIFIED self_review ok
[40/80] crt-000108 UNDERSPECIFIED grounded_self_review ok
[41/80] gra-000213 OMISSION self_review ok
[42/80] gra-000213 OMISSION grounded_self_review ok
[43/80] gra-000213 UNDERSPECIFIED self_review ok
[44/80] gra-000213 UNDERSPECIFIED grounded_self_review ok
[45/80] lin-000293 OMISSION self_review ok
[46/80] lin-000293 OMISSION grounded_self_review ok
[47/80] lin-000293 UNDERSPECIFIED self_review ok
[48/80] lin-000293 UNDERSPECIFIED grounded_self_review ok
[49/80] ran-000563 OMISSION self_review ok
[50/80] ran-000563 OMISSION grounded_self_review ok
[51/80] ran-000563 UNDERSPECIFIED self_review ok
[52/80] ran-000563 UNDERSPECIFIED grounded_self_review ok
[53/80] lin-000281 OMISSION self_review ok
[54/80] lin-000281 OMISSION grounded_self_review ok
[55/80] lin-000281 UNDERSPECIFIED self_review ok
[56/80] lin-000281 UNDERSPECIFIED grounded_self_review ok
[57/80] ran-000548 OMISSION self_review ok
[58/80] ran-000548 OMISSION grounded_self_review ok
[59/80] ran-000548 UNDERSPECIFIED self_review ok
[60/80] ran-000548 UNDERSPECIFIED grounded_self_review ok
[61/80] ran-000547 OMISSION self_review ok
[62/80] ran-000547 OMISSION grounded_self_review ok
[63/80] ran-000547 UNDERSPECIFIED self_review ok
[64/80] ran-000547 UNDERSPECIFIED grounded_self_review ok
[65/80] lin-000275 OMISSION self_review ok
[66/80] lin-000275 OMISSION grounded_self_review ok
[67/80] lin-000275 UNDERSPECIFIED self_review ok
[68/80] lin-000275 UNDERSPECIFIED grounded_self_review ok
[69/80] crt-000065 OMISSION self_review ok
[70/80] crt-000065 OMISSION grounded_self_review ok
[71/80] crt-000065 UNDERSPECIFIED self_review ok
[72/80] crt-000065 UNDERSPECIFIED grounded_self_review ok
[73/80] ran-000541 OMISSION self_review ok
[74/80] ran-000541 OMISSION grounded_self_review ok
[75/80] ran-000541 UNDERSPECIFIED self_review ok
[76/80] ran-000541 UNDERSPECIFIED grounded_self_review ok
[77/80] ran-000558 OMISSION self_review ok
[78/80] ran-000558 OMISSION grounded_self_review ok
[79/80] ran-000558 UNDERSPECIFIED self_review ok
[80/80] ran-000558 UNDERSPECIFIED grounded_self_review ok
