[1/80] ran-000585 OMISSION self_review ok
[2/80] ran-000585 OMISSION grounded_self_review ok
[3/80] ran-000585 UNDERSPECIFIED self_review ok
[4/80] ran-000585 UNDERSPECIFIED grounded_self_review ok
[5/80] gra-000236 OMISSION self_review ok
[6/80] gra-000236 OMISSION grounded_self_review ok
[7/80] gra-000236 UNDERSPECIFIED self_review ok
[8/80] gra-000236 UNDERSPECIFIED grounded_self_review ok
[9/80] ran-000545 OMISSION self_review ok
[10/80] ran-000545 OMISSION grounded_self_review ok
[11/80] ran-000545 UNDERSPECIFIED self_review ok
[12/80] ran-000545 UNDERSPECIFIED grounded_self_review ok
[13/80] crt-000087 OMISSION self_review ok
[14/80] crt-000087 OMISSION grounded_self_review ok
[15/80] crt-000087 UNDERSPECIFIED self_review ok
[16/80] crt-000087 UNDERSPECIFIED grounded_self_review ok
[17/80] lin-000288 OMISSION self_review ok
[18/80] lin-000288 OMISSION grounded_self_review ok
[19/80] lin-000288 UNDERSPECIFIED self_review ok
[20/80] lin-000288 UNDERSPECIFIED grounded_self_review ok
[21/80] lin-000255 OMISSION self_review ok
[22/80] lin-000255 OMISSION grounded_self_review ok
[23/80] lin-000255 UNDERSPECIFIED self_review ok
[24/80] lin-000255 UNDERSPECIFIED grounded_self_review ok
[25/80] lin-000252 OMISSION self_review ok
[26/80] lin-000252 OMISSION grounded_self_review ok
[27/80] lin-000252 UNDERSPECIFIED self_review ok
[28/80] lin-000252 UNDERSPECIFIED grounded_self_review ok
[29/80] gra-000216 OMISSION self_review ok
[30/80] gra-000216 OMISSION grounded_self_review ok
[31/80] gra-000216 UNDERSPECIFIED self_review ok
[32/80] gra-000216 UNDERSPECIFIED grounded_self_review ok
[33/80] ran-000540 OMISSION self_review ok
[34/80] ran-000540 OMISSION grounded_self_review ok
[35/80] ran-000540 UNDERSPECIFIED self_review ok
[36/80] ran-000540 UNDERSPECIFIED grounded_self_review ok
[37/80] ran-000597 OMISSION self_review ok
[38/80] ran-000597 OMISSION grounded_self_review ok
[39/80] ran-000597 UNDERSPECIFIED self_review ok
[40/80] ran-000597 UNDERSPECIFIED grounded_self_review ok
[41/80] lin-000247 OMISSION self_review ok
[42/80] lin-000247 OMISSION grounded_self_review ok
[43/80] lin-000247 UNDERSPECIFIED self_review ok
[44/80] lin-000247 UNDERSPECIFIED grounded_self_review ok
[45/80] gra-000190 OMISSION self_review ok
[46/80] gra-000190 OMISSION grounded_self_review ok
[47/80] gra-000190 UNDERSPECIFIED self_review ok
[48/80] gra-000190 UNDERSPECIFIED grounded_self_review ok
[49/80] gra-000224 OMISSION self_review ok
[50/80] gra-000224 OMISSION grounded_self_review ok
[51/80] gra-000224 UNDERSPECIFIED self_review ok
[52/80] gra-000224 UNDERSPECIFIED grounded_self_review ok
[53/80] crt-000115 OMISSION self_review ok
[54/80] crt-000115 OMISSION grounded_self_review ok
[55/80] crt-000115 UNDERSPECIFIED self_review ok
[56/80] crt-000115 UNDERSPECIFIED grounded_self_review ok
[57/80] crt-000071 OMISSION self_review ok
[58/80] crt-000071 OMISSION grounded_self_review ok
[59/80] crt-000071 UNDERSPECIFIED self_review ok
[60/80] crt-000071 UNDERSPECIFIED grounded_self_review ok
[61/80] gra-000201 OMISSION self_review ok
[62/80] gra-000201 OMISSION grounded_self_review ok
[63/80] gra-000201 UNDERSPECIFIED self_review ok
[64/80] gra-000201 UNDERSPECIFIED grounded_self_review ok
[65/80] crt-000067 OMISSION self_review ok
[66/80] crt-000067 OMISSION grounded_self_review ok
[67/80] crt-000067 UNDERSPECIFIED self_review ok
[68/80] crt-000067 UNDERSPECIFIED grounded_self_review ok
[69/80] ran-000588 OMISSION self_review ok
[70/80] ran-000588 OMISSION grounded_self_review ok
[71/80] ran-000588 UNDERSPECIFIED self_review ok
[72/80] ran-000588 UNDERSPECIFIED grounded_self_review ok
[73/80] crt-000081 OMISSION self_review ok
[74/80] crt-000081 OMISSION grounded_self_review ok
[75/80] crt-000081 UNDERSPECIFIED self_review ok
[76/80] crt-000081 UNDERSPECIFIED grounded_self_review ok
[77/80] crt-000099 OMISSION self_review ok
[78/80] crt-000099 OMISSION grounded_self_review ok
[79/80] crt-000099 UNDERSPECIFIED self_review ok
[80/80] crt-000099 UNDERSPECIFIED grounded_self_review ok
