[1/100] crt-000083 OMISSION self_review error
[2/100] crt-000083 OMISSION grounded_self_review error
[3/100] crt-000083 UNDERSPECIFIED self_review error
[4/100] crt-000083 UNDERSPECIFIED grounded_self_review error
[5/100] lin-000277 OMISSION self_review error
[6/100] lin-000277 OMISSION grounded_self_review error
[7/100] lin-000277 UNDERSPECIFIED self_review error
[8/100] lin-000277 UNDERSPECIFIED grounded_self_review error
[9/100] mom-000413 OMISSION self_review error
[10/100] mom-000413 OMISSION grounded_self_review error
[11/100] mom-000413 UNDERSPECIFIED self_review error
[12/100] mom-000413 UNDERSPECIFIED grounded_self_review error
[13/100] mom-000393 OMISSION self_review error
[14/100] mom-000393 OMISSION grounded_self_review error
[15/100] mom-000393 UNDERSPECIFIED self_review error
[16/100] mom-000393 UNDERSPECIFIED grounded_self_review error
[17/100] ran-000586 OMISSION self_review error
[18/100] ran-000586 OMISSION grounded_self_review error
[19/100] ran-000586 UNDERSPECIFIED self_review error
[20/100] ran-000586 UNDERSPECIFIED grounded_self_review error
[21/100] gra-000199 OMISSION self_review error
[22/100] gra-000199 OMISSION grounded_self_review error
[23/100] gra-000199 UNDERSPECIFIED self_review error
[24/100] gra-000199 UNDERSPECIFIED grounded_self_review error
[25/100] mom-000360 OMISSION self_review error
[26/100] mom-000360 OMISSION grounded_self_review error
[27/100] mom-000360 UNDERSPECIFIED self_review error
[28/100] mom-000360 UNDERSPECIFIED grounded_self_review error
[29/100] lin-000273 OMISSION self_review error
[30/100] lin-000273 OMISSION grounded_self_review error
[31/100] lin-000273 UNDERSPECIFIED self_review error
[32/100] lin-000273 UNDERSPECIFIED grounded_self_review error
[33/100] crt-000107 OMISSION self_review error
[34/100] crt-000107 OMISSION grounded_self_review error
[35/100] crt-000107 UNDERSPECIFIED self_review error
[36/100] crt-000107 UNDERSPECIFIED grounded_self_review error
[37/100] mom-000406 OMISSION self_review error
[38/100] mom-000406 OMISSION grounded_self_review error
[39/100] mom-000406 UNDERSPECIFIED self_review error
[40/100] mom-000406 UNDERSPECIFIED grounded_self_review error
[41/100] mom-000391 OMISSION self_review error
[42/100] mom-000391 OMISSION grounded_self_review error
[43/100] mom-000391 UNDERSPECIFIED self_review error
[44/100] mom-000391 UNDERSPECIFIED grounded_self_review error
[45/100] gra-000233 OMISSION self_review error
[46/100] gra-000233 OMISSION grounded_self_review error
[47/100] gra-000233 UNDERSPECIFIED self_review error
[48/100] gra-000233 UNDERSPECIFIED grounded_self_review error
[49/100] ran-000593 OMISSION self_review error
[50/100] ran-000593 OMISSION grounded_self_review error
[51/100] ran-000593 UNDERSPECIFIED self_review error
[52/100] ran-000593 UNDERSPECIFIED grounded_self_review error
[53/100] ran-000582 OMISSION self_review error
[54/100] ran-000582 OMISSION grounded_self_review error
[55/100] ran-000582 UNDERSPECIFIED self_review error
[56/100] ran-000582 UNDERSPECIFIED grounded_self_review error
[57/100] mom-000384 OMISSION self_review error
[58/100] mom-000384 OMISSION grounded_self_review error
[59/100] mom-000384 UNDERSPECIFIED self_review error
[60/100] mom-000384 UNDERSPECIFIED grounded_self_review error
[61/100] ran-000591 OMISSION self_review error
[62/100] ran-000591 OMISSION grounded_self_review error
[63/100] ran-000591 UNDERSPECIFIED self_review error
[64/100] ran-000591 UNDERSPECIFIED grounded_self_review error
[65/100] mom-000416 OMISSION self_review error
[66/100] mom-000416 OMISSION grounded_self_review error
[67/100] mom-000416 UNDERSPECIFIED self_review error
[68/100] mom-000416 UNDERSPECIFIED grounded_self_review error
[69/100] crt-000069 OMISSION self_review error
[70/100] crt-000069 OMISSION grounded_self_review error
[71/100] crt-000069 UNDERSPECIFIED self_review error
[72/100] crt-000069 UNDERSPECIFIED grounded_self_review error
[73/100] lin-000294 OMISSION self_review error
[74/100] lin-000294 OMISSION grounded_self_review error
[75/100] lin-000294 UNDERSPECIFIED self_review error
[76/100] lin-000294 UNDERSPECIFIED grounded_self_review error
[77/100] gra-000231 OMISSION self_review error
[78/100] gra-000231 OMISSION grounded_self_review error
[79/100] gra-000231 UNDERSPECIFIED self_review error
[80/100] gra-000231 UNDERSPECIFIED grounded_self_review error
[81/100] mom-000410 OMISSION self_review error
[82/100] mom-000410 OMISSION grounded_self_review error
[83/100] mom-000410 UNDERSPECIFIED self_review error
[84/100] mom-000410 UNDERSPECIFIED grounded_self_review error
[85/100] crt-000106 OMISSION self_review error
[86/100] crt-000106 OMISSION grounded_self_review error
[87/100] crt-000106 UNDERSPECIFIED self_review error
[88/100] crt-000106 UNDERSPECIFIED grounded_self_review error
[89/100] mom-000376 OMISSION self_review error
[90/100] mom-000376 OMISSION grounded_self_review error
[91/100] mom-000376 UNDERSPECIFIED self_review error
[92/100] mom-000376 UNDERSPECIFIED grounded_self_review error
[93/100] ran-000590 OMISSION self_review error
[94/100] ran-000590 OMISSION grounded_self_review error
[95/100] ran-000590 UNDERSPECIFIED self_review error
[96/100] ran-000590 UNDERSPECIFIED grounded_self_review error
[97/100] crt-000079 OMISSION self_review error
[98/100] crt-000079 OMISSION grounded_self_review error
[99/100] crt-000079 UNDERSPECIFIED self_review error
[100/100] crt-000079 UNDERSPECIFIED grounded_self_review error
[1/100] crt-000083 OMISSION self_review error
[2/100] crt-000083 OMISSION grounded_self_review error
[3/100] crt-000083 UNDERSPECIFIED self_review error
[4/100] crt-000083 UNDERSPECIFIED grounded_self_review error
[5/100] lin-000277 OMISSION self_review error
[6/100] lin-000277 OMISSION grounded_self_review error
[7/100] lin-000277 UNDERSPECIFIED self_review error
[8/100] lin-000277 UNDERSPECIFIED grounded_self_review error
[9/100] mom-000413 OMISSION self_review error
[10/100] mom-000413 OMISSION grounded_self_review error
[11/100] mom-000413 UNDERSPECIFIED self_review error
[12/100] mom-000413 UNDERSPECIFIED grounded_self_review error
[13/100] mom-000393 OMISSION self_review error
[14/100] mom-000393 OMISSION grounded_self_review error
[15/100] mom-000393 UNDERSPECIFIED self_review error
[16/100] mom-000393 UNDERSPECIFIED grounded_self_review error
[17/100] ran-000586 OMISSION self_review error
[18/100] ran-000586 OMISSION grounded_self_review error
[19/100] ran-000586 UNDERSPECIFIED self_review error
[20/100] ran-000586 UNDERSPECIFIED grounded_self_review error
[21/100] gra-000199 OMISSION self_review error
[22/100] gra-000199 OMISSION grounded_self_review error
[23/100] gra-000199 UNDERSPECIFIED self_review error
[24/100] gra-000199 UNDERSPECIFIED grounded_self_review error
[25/100] mom-000360 OMISSION self_review error
[26/100] mom-000360 OMISSION grounded_self_review error
[27/100] mom-000360 UNDERSPECIFIED self_review error
[28/100] mom-000360 UNDERSPECIFIED grounded_self_review error
[29/100] lin-000273 OMISSION self_review error
[30/100] lin-000273 OMISSION grounded_self_review error
[31/100] lin-000273 UNDERSPECIFIED self_review error
[32/100] lin-000273 UNDERSPECIFIED grounded_self_review error
[33/100] crt-000107 OMISSION self_review error
[34/100] crt-000107 OMISSION grounded_self_review error
[35/100] crt-000107 UNDERSPECIFIED self_review error
[36/100] crt-000107 UNDERSPECIFIED grounded_self_review error
[37/100] mom-000406 OMISSION self_review error
[38/100] mom-000406 OMISSION grounded_self_review error
[39/100] mom-000406 UNDERSPECIFIED self_review error
[40/100] mom-000406 UNDERSPECIFIED grounded_self_review error
[41/100] mom-000391 OMISSION self_review error
[42/100] mom-000391 OMISSION grounded_self_review error
[43/100] mom-000391 UNDERSPECIFIED self_review error
[44/100] mom-000391 UNDERSPECIFIED grounded_self_review error
[45/100] gra-000233 OMISSION self_review error
[46/100] gra-000233 OMISSION grounded_self_review error
[47/100] gra-000233 UNDERSPECIFIED self_review error
[48/100] gra-000233 UNDERSPECIFIED grounded_self_review error
[49/100] ran-000593 OMISSION self_review error
[50/100] ran-000593 OMISSION grounded_self_review error
[51/100] ran-000593 UNDERSPECIFIED self_review error
[52/100] ran-000593 UNDERSPECIFIED grounded_self_review error
[53/100] ran-000582 OMISSION self_review error
[54/100] ran-000582 OMISSION grounded_self_review error
[55/100] ran-000582 UNDERSPECIFIED self_review error
[56/100] ran-000582 UNDERSPECIFIED grounded_self_review error
[57/100] mom-000384 OMISSION self_review error
[58/100] mom-000384 OMISSION grounded_self_review error
[59/100] mom-000384 UNDERSPECIFIED self_review error
[60/100] mom-000384 UNDERSPECIFIED grounded_self_review error
[61/100] ran-000591 OMISSION self_review error
[62/100] ran-000591 OMISSION grounded_self_review error
[63/100] ran-000591 UNDERSPECIFIED self_review error
[64/100] ran-000591 UNDERSPECIFIED grounded_self_review error
[65/100] mom-000416 OMISSION self_review error
[66/100] mom-000416 OMISSION grounded_self_review error
[67/100] mom-000416 UNDERSPECIFIED self_review error
[68/100] mom-000416 UNDERSPECIFIED grounded_self_review error
[69/100] crt-000069 OMISSION self_review error
[70/100] crt-000069 OMISSION grounded_self_review error
[71/100] crt-000069 UNDERSPECIFIED self_review error
[72/100] crt-000069 UNDERSPECIFIED grounded_self_review ok
[73/100] lin-000294 OMISSION self_review error
[74/100] lin-000294 OMISSION grounded_self_review error
[75/100] lin-000294 UNDERSPECIFIED self_review error
[76/100] lin-000294 UNDERSPECIFIED grounded_self_review error
[77/100] gra-000231 OMISSION self_review error
[78/100] gra-000231 OMISSION grounded_self_review error
[79/100] gra-000231 UNDERSPECIFIED self_review error
[80/100] gra-000231 UNDERSPECIFIED grounded_self_review error
[81/100] mom-000410 OMISSION self_review error
[82/100] mom-000410 OMISSION grounded_self_review error
[83/100] mom-000410 UNDERSPECIFIED self_review error
[84/100] mom-000410 UNDERSPECIFIED grounded_self_review error
[85/100] crt-000106 OMISSION self_review error
[86/100] crt-000106 OMISSION grounded_self_review error
[87/100] crt-000106 UNDERSPECIFIED self_review error
[88/100] crt-000106 UNDERSPECIFIED grounded_self_review error
[89/100] mom-000376 OMISSION self_review error
[90/100] mom-000376 OMISSION grounded_self_review error
[91/100] mom-000376 UNDERSPECIFIED self_review error
[92/100] mom-000376 UNDERSPECIFIED grounded_self_review error
[93/100] ran-000590 OMISSION self_review error
[94/100] ran-000590 OMISSION grounded_self_review error
[95/100] ran-000590 UNDERSPECIFIED self_review error
[96/100] ran-000590 UNDERSPECIFIED grounded_self_review error
[97/100] crt-000079 OMISSION self_review error
[98/100] crt-000079 OMISSION grounded_self_review error
[99/100] crt-000079 UNDERSPECIFIED self_review error
[100/100] crt-000079 UNDERSPECIFIED grounded_self_review error
