[1/80] ran-000585 OMISSION nonunique ok
[2/80] ran-000585 OMISSION nonunique_grounding ok
[3/80] ran-000585 UNDERSPECIFIED nonunique ok
[4/80] ran-000585 UNDERSPECIFIED nonunique_grounding ok
[5/80] gra-000236 OMISSION nonunique ok
[6/80] gra-000236 OMISSION nonunique_grounding ok
[7/80] gra-000236 UNDERSPECIFIED nonunique ok
[8/80] gra-000236 UNDERSPECIFIED nonunique_grounding ok
[9/80] ran-000545 OMISSION nonunique ok
[10/80] ran-000545 OMISSION nonunique_grounding ok
[11/80] ran-000545 UNDERSPECIFIED nonunique ok
[12/80] ran-000545 UNDERSPECIFIED nonunique_grounding ok
[13/80] crt-000087 OMISSION nonunique ok
[14/80] crt-000087 OMISSION nonunique_grounding ok
[15/80] crt-000087 UNDERSPECIFIED nonunique ok
[16/80] crt-000087 UNDERSPECIFIED nonunique_grounding ok
[17/80] lin-000288 OMISSION nonunique ok
[18/80] lin-000288 OMISSION nonunique_grounding ok
[19/80] lin-000288 UNDERSPECIFIED nonunique ok
[20/80] lin-000288 UNDERSPECIFIED nonunique_grounding ok
[21/80] lin-000255 OMISSION nonunique ok
[22/80] lin-000255 OMISSION nonunique_grounding ok
[23/80] lin-000255 UNDERSPECIFIED nonunique ok
[24/80] lin-000255 UNDERSPECIFIED nonunique_grounding ok
[25/80] lin-000252 OMISSION nonunique ok
[26/80] lin-000252 OMISSION nonunique_grounding ok
[27/80] lin-000252 UNDERSPECIFIED nonunique ok
[28/80] lin-000252 UNDERSPECIFIED nonunique_grounding ok
[29/80] gra-000216 OMISSION nonunique ok
[30/80] gra-000216 OMISSION nonunique_grounding ok
[31/80] gra-000216 UNDERSPECIFIED nonunique ok
[32/80] gra-000216 UNDERSPECIFIED nonunique_grounding ok
[33/80] ran-000540 OMISSION nonunique ok
[34/80] ran-000540 OMISSION nonunique_grounding ok
[35/80] ran-000540 UNDERSPECIFIED nonunique ok
[36/80] ran-000540 UNDERSPECIFIED nonunique_grounding ok
[37/80] ran-000597 OMISSION nonunique ok
[38/80] ran-000597 OMISSION nonunique_grounding ok
[39/80] ran-000597 UNDERSPECIFIED nonunique ok
[40/80] ran-000597 UNDERSPECIFIED nonunique_grounding ok
[41/80] lin-000247 OMISSION nonunique ok
[42/80] lin-000247 OMISSION nonunique_grounding ok
[43/80] lin-000247 UNDERSPECIFIED nonunique ok
[44/80] lin-000247 UNDERSPECIFIED nonunique_grounding ok
[45/80] gra-000190 OMISSION nonunique ok
[46/80] gra-000190 OMISSION nonunique_grounding ok
[47/80] gra-000190 UNDERSPECIFIED nonunique ok
[48/80] gra-000190 UNDERSPECIFIED nonunique_grounding ok
[49/80] gra-000224 OMISSION nonunique ok
[50/80] gra-000224 OMISSION nonunique_grounding ok
[51/80] gra-000224 UNDERSPECIFIED nonunique ok
[52/80] gra-000224 UNDERSPECIFIED nonunique_grounding ok
[53/80] crt-000115 OMISSION nonunique ok
[54/80] crt-000115 OMISSION nonunique_grounding ok
[55/80] crt-000115 UNDERSPECIFIED nonunique ok
[56/80] crt-000115 UNDERSPECIFIED nonunique_grounding ok
[57/80] crt-000071 OMISSION nonunique ok
[58/80] crt-000071 OMISSION nonunique_grounding ok
[59/80] crt-000071 UNDERSPECIFIED nonunique ok
[60/80] crt-000071 UNDERSPECIFIED nonunique_grounding ok
[61/80] gra-000201 OMISSION nonunique ok
[62/80] gra-000201 OMISSION nonunique_grounding ok
[63/80] gra-000201 UNDERSPECIFIED nonunique ok
[64/80] gra-000201 UNDERSPECIFIED nonunique_grounding ok
[65/80] crt-000067 OMISSION nonunique ok
[66/80] crt-000067 OMISSION nonunique_grounding ok
[67/80] crt-000067 UNDERSPECIFIED nonunique ok
[68/80] crt-000067 UNDERSPECIFIED nonunique_grounding ok
[69/80] ran-000588 OMISSION nonunique ok
[70/80] ran-000588 OMISSION nonunique_grounding ok
[71/80] ran-000588 UNDERSPECIFIED nonunique ok
[72/80] ran-000588 UNDERSPECIFIED nonunique_grounding ok
[73/80] crt-000081 OMISSION nonunique ok
[74/80] crt-000081 OMISSION nonunique_grounding ok
[75/80] crt-000081 UNDERSPECIFIED nonunique ok
[76/80] crt-000081 UNDERSPECIFIED nonunique_grounding ok
[77/80] crt-000099 OMISSION nonunique ok
[78/80] crt-000099 OMISSION nonunique_grounding ok
[79/80] crt-000099 UNDERSPECIFIED nonunique ok
[80/80] crt-000099 UNDERSPECIFIED nonunique_grounding ok
