[1/120] ran-000544 OMISSION nonunique ok
[2/120] ran-000544 OMISSION nonunique_grounding ok
[3/120] ran-000544 UNDERSPECIFIED nonunique ok
[4/120] ran-000544 UNDERSPECIFIED nonunique_grounding ok
[5/120] lin-000278 OMISSION nonunique ok
[6/120] lin-000278 OMISSION nonunique_grounding ok
[7/120] lin-000278 UNDERSPECIFIED nonunique ok
[8/120] lin-000278 UNDERSPECIFIED nonunique_grounding ok
[9/120] gra-000230 OMISSION nonunique ok
[10/120] gra-000230 OMISSION nonunique_grounding ok
[11/120] gra-000230 UNDERSPECIFIED nonunique ok
[12/120] gra-000230 UNDERSPECIFIED nonunique_grounding ok
[13/120] ran-000596 OMISSION nonunique ok
[14/120] ran-000596 OMISSION nonunique_grounding ok
[15/120] ran-000596 UNDERSPECIFIED nonunique ok
[16/120] ran-000596 UNDERSPECIFIED nonunique_grounding ok
[17/120] lin-000276 OMISSION nonunique ok
[18/120] lin-000276 OMISSION nonunique_grounding ok
[19/120] lin-000276 UNDERSPECIFIED nonunique ok
[20/120] lin-000276 UNDERSPECIFIED nonunique_grounding ok
[21/120] lin-000297 OMISSION nonunique ok
[22/120] lin-000297 OMISSION nonunique_grounding ok
[23/120] lin-000297 UNDERSPECIFIED nonunique ok
[24/120] lin-000297 UNDERSPECIFIED nonunique_grounding ok
[25/120] ran-000551 OMISSION nonunique ok
[26/120] ran-000551 OMISSION nonunique_grounding ok
[27/120] ran-000551 UNDERSPECIFIED nonunique ok
[28/120] ran-000551 UNDERSPECIFIED nonunique_grounding ok
[29/120] mom-000389 OMISSION nonunique ok
[30/120] mom-000389 OMISSION nonunique_grounding ok
[31/120] mom-000389 UNDERSPECIFIED nonunique ok
[32/120] mom-000389 UNDERSPECIFIED nonunique_grounding ok
[33/120] mom-000397 OMISSION nonunique ok
[34/120] mom-000397 OMISSION nonunique_grounding ok
[35/120] mom-000397 UNDERSPECIFIED nonunique ok
[36/120] mom-000397 UNDERSPECIFIED nonunique_grounding ok
[37/120] lin-000249 OMISSION nonunique ok
[38/120] lin-000249 OMISSION nonunique_grounding ok
[39/120] lin-000249 UNDERSPECIFIED nonunique ok
[40/120] lin-000249 UNDERSPECIFIED nonunique_grounding ok
[41/120] ran-000580 OMISSION nonunique ok
[42/120] ran-000580 OMISSION nonunique_grounding ok
[43/120] ran-000580 UNDERSPECIFIED nonunique ok
[44/120] ran-000580 UNDERSPECIFIED nonunique_grounding ok
[45/120] gra-000194 OMISSION nonunique ok
[46/120] gra-000194 OMISSION nonunique_grounding ok
[47/120] gra-000194 UNDERSPECIFIED nonunique ok
[48/120] gra-000194 UNDERSPECIFIED nonunique_grounding ok
[49/120] crt-000104 OMISSION nonunique ok
[50/120] crt-000104 OMISSION nonunique_grounding ok
[51/120] crt-000104 UNDERSPECIFIED nonunique ok
[52/120] crt-000104 UNDERSPECIFIED nonunique_grounding ok
[53/120] crt-000060 OMISSION nonunique ok
[54/120] crt-000060 OMISSION nonunique_grounding ok
[55/120] crt-000060 UNDERSPECIFIED nonunique ok
[56/120] crt-000060 UNDERSPECIFIED nonunique_grounding ok
[57/120] gra-000197 OMISSION nonunique ok
[58/120] gra-000197 OMISSION nonunique_grounding ok
[59/120] gra-000197 UNDERSPECIFIED nonunique ok
[60/120] gra-000197 UNDERSPECIFIED nonunique_grounding ok
[61/120] gra-000183 OMISSION nonunique ok
[62/120] gra-000183 OMISSION nonunique_grounding ok
[63/120] gra-000183 UNDERSPECIFIED nonunique ok
[64/120] gra-000183 UNDERSPECIFIED nonunique_grounding ok
[65/120] mom-000383 OMISSION nonunique ok
[66/120] mom-000383 OMISSION nonunique_grounding ok
[67/120] mom-000383 UNDERSPECIFIED nonunique ok
[68/120] mom-000383 UNDERSPECIFIED nonunique_grounding ok
[69/120] gra-000186 OMISSION nonunique ok
[70/120] gra-000186 OMISSION nonunique_grounding ok
[71/120] gra-000186 UNDERSPECIFIED nonunique ok
[72/120] gra-000186 UNDERSPECIFIED nonunique_grounding ok
[73/120] gra-000185 OMISSION nonunique ok
[74/120] gra-000185 OMISSION nonunique_grounding ok
[75/120] gra-000185 UNDERSPECIFIED nonunique ok
[76/120] gra-000185 UNDERSPECIFIED nonunique_grounding ok
[77/120] crt-000100 OMISSION nonunique ok
[78/120] crt-000100 OMISSION nonunique_grounding ok
[79/120] crt-000100 UNDERSPECIFIED nonunique ok
[80/120] crt-000100 UNDERSPECIFIED nonunique_grounding ok
[81/120] lin-000295 OMISSION nonunique ok
[82/120] lin-000295 OMISSION nonunique_grounding ok
[83/120] lin-000295 UNDERSPECIFIED nonunique ok
[84/120] lin-000295 UNDERSPECIFIED nonunique_grounding ok
[85/120] mom-000394 OMISSION nonunique ok
[86/120] mom-000394 OMISSION nonunique_grounding ok
[87/120] mom-000394 UNDERSPECIFIED nonunique ok
[88/120] mom-000394 UNDERSPECIFIED nonunique_grounding ok
[89/120] gra-000218 OMISSION nonunique ok
[90/120] gra-000218 OMISSION nonunique_grounding ok
[91/120] gra-000218 UNDERSPECIFIED nonunique ok
[92/120] gra-000218 UNDERSPECIFIED nonunique_grounding ok
[93/120] mom-000378 OMISSION nonunique ok
[94/120] mom-000378 OMISSION nonunique_grounding ok
[95/120] mom-000378 UNDERSPECIFIED nonunique ok
[96/120] mom-000378 UNDERSPECIFIED nonunique_grounding ok
[97/120] lin-000263 OMISSION nonunique ok
[98/120] lin-000263 OMISSION nonunique_grounding ok
[99/120] lin-000263 UNDERSPECIFIED nonunique ok
[100/120] lin-000263 UNDERSPECIFIED nonunique_grounding ok
[101/120] mom-000368 OMISSION nonunique ok
[102/120] mom-000368 OMISSION nonunique_grounding ok
[103/120] mom-000368 UNDERSPECIFIED nonunique ok
[104/120] mom-000368 UNDERSPECIFIED nonunique_grounding ok
[105/120] gra-000196 OMISSION nonunique ok
[106/120] gra-000196 OMISSION nonunique_grounding ok
[107/120] gra-000196 UNDERSPECIFIED nonunique ok
[108/120] gra-000196 UNDERSPECIFIED nonunique_grounding ok
[109/120] mom-000402 OMISSION nonunique ok
[110/120] mom-000402 OMISSION nonunique_grounding ok
[111/120] mom-000402 UNDERSPECIFIED nonunique ok
[112/120] mom-000402 UNDERSPECIFIED nonunique_grounding ok
[113/120] mom-000403 OMISSION nonunique ok
[114/120] mom-000403 OMISSION nonunique_grounding ok
[115/120] mom-000403 UNDERSPECIFIED nonunique ok
[116/120] mom-000403 UNDERSPECIFIED nonunique_grounding ok
[117/120] mom-000404 OMISSION nonunique ok
[118/120] mom-000404 OMISSION nonunique_grounding ok
[119/120] mom-000404 UNDERSPECIFIED nonunique ok
[120/120] mom-000404 UNDERSPECIFIED nonunique_grounding ok
