[1/120] lin-000241 OMISSION nonunique ok
[2/120] lin-000241 OMISSION nonunique_grounding ok
[3/120] lin-000241 UNDERSPECIFIED nonunique ok
[4/120] lin-000241 UNDERSPECIFIED nonunique_grounding ok
[5/120] lin-000262 OMISSION nonunique ok
[6/120] lin-000262 OMISSION nonunique_grounding ok
[7/120] lin-000262 UNDERSPECIFIED nonunique ok
[8/120] lin-000262 UNDERSPECIFIED nonunique_grounding ok
[9/120] mom-000381 OMISSION nonunique ok
[10/120] mom-000381 OMISSION nonunique_grounding ok
[11/120] mom-000381 UNDERSPECIFIED nonunique ok
[12/120] mom-000381 UNDERSPECIFIED nonunique_grounding ok
[13/120] lin-000248 OMISSION nonunique ok
[14/120] lin-000248 OMISSION nonunique_grounding ok
[15/120] lin-000248 UNDERSPECIFIED nonunique ok
[16/120] lin-000248 UNDERSPECIFIED nonunique_grounding ok
[17/120] crt-000095 OMISSION nonunique ok
[18/120] crt-000095 OMISSION nonunique_grounding ok
[19/120] crt-000095 UNDERSPECIFIED nonunique ok
[20/120] crt-000095 UNDERSPECIFIED nonunique_grounding ok
[21/120] crt-000063 OMISSION nonunique ok
[22/120] crt-000063 OMISSION nonunique_grounding ok
[23/120] crt-000063 UNDERSPECIFIED nonunique ok
[24/120] crt-000063 UNDERSPECIFIED nonunique_grounding ok
[25/120] crt-000102 OMISSION nonunique ok
[26/120] crt-000102 OMISSION nonunique_grounding ok
[27/120] crt-000102 UNDERSPECIFIED nonunique ok
[28/120] crt-000102 UNDERSPECIFIED nonunique_grounding ok
[29/120] mom-000405 OMISSION nonunique ok
[30/120] mom-000405 OMISSION nonunique_grounding ok
[31/120] mom-000405 UNDERSPECIFIED nonunique ok
[32/120] mom-000405 UNDERSPECIFIED nonunique_grounding ok
[33/120] mom-000371 OMISSION nonunique ok
[34/120] mom-000371 OMISSION nonunique_grounding ok
[35/120] mom-000371 UNDERSPECIFIED nonunique ok
[36/120] mom-000371 UNDERSPECIFIED nonunique_grounding ok
[37/120] gra-000220 OMISSION nonunique ok
[38/120] gra-000220 OMISSION nonunique_grounding ok
[39/120] gra-000220 UNDERSPECIFIED nonunique ok
[40/120] gra-000220 UNDERSPECIFIED nonunique_grounding ok
[41/120] crt-000076 OMISSION nonunique ok
[42/120] crt-000076 OMISSION nonunique_grounding ok
[43/120] crt-000076 UNDERSPECIFIED nonunique ok
[44/120] crt-000076 UNDERSPECIFIED nonunique_grounding ok
[45/120] mom-000408 OMISSION nonunique ok
[46/120] mom-000408 OMISSION nonunique_grounding ok
[47/120] mom-000408 UNDERSPECIFIED nonunique ok
[48/120] mom-000408 UNDERSPECIFIED nonunique_grounding ok
[49/120] lin-000284 OMISSION nonunique ok
[50/120] lin-000284 OMISSION nonunique_grounding ok
[51/120] lin-000284 UNDERSPECIFIED nonunique ok
[52/120] lin-000284 UNDERSPECIFIED nonunique_grounding ok
[53/120] lin-000298 OMISSION nonunique ok
[54/120] lin-000298 OMISSION nonunique_grounding ok
[55/120] lin-000298 UNDERSPECIFIED nonunique ok
[56/120] lin-000298 UNDERSPECIFIED nonunique_grounding ok
[57/120] mom-000362 OMISSION nonunique ok
[58/120] mom-000362 OMISSION nonunique_grounding ok
[59/120] mom-000362 UNDERSPECIFIED nonunique ok
[60/120] mom-000362 UNDERSPECIFIED nonunique_grounding ok
[61/120] crt-000085 OMISSION nonunique ok
[62/120] crt-000085 OMISSION nonunique_grounding ok
[63/120] crt-000085 UNDERSPECIFIED nonunique ok
[64/120] crt-000085 UNDERSPECIFIED nonunique_grounding ok
[65/120] gra-000235 OMISSION nonunique ok
[66/120] gra-000235 OMISSION nonunique_grounding ok
[67/120] gra-000235 UNDERSPECIFIED nonunique ok
[68/120] gra-000235 UNDERSPECIFIED nonunique_grounding ok
[69/120] ran-000594 OMISSION nonunique ok
[70/120] ran-000594 OMISSION nonunique_grounding ok
[71/120] ran-000594 UNDERSPECIFIED nonunique ok
[72/120] ran-000594 UNDERSPECIFIED nonunique_grounding ok
[73/120] mom-000379 OMISSION nonunique ok
[74/120] mom-000379 OMISSION nonunique_grounding ok
[75/120] mom-000379 UNDERSPECIFIED nonunique ok
[76/120] mom-000379 UNDERSPECIFIED nonunique_grounding ok
[77/120] mom-000407 OMISSION nonunique ok
[78/120] mom-000407 OMISSION nonunique_grounding ok
[79/120] mom-000407 UNDERSPECIFIED nonunique ok
[80/120] mom-000407 UNDERSPECIFIED nonunique_grounding ok
[81/120] ran-000577 OMISSION nonunique ok
[82/120] ran-000577 OMISSION nonunique_grounding ok
[83/120] ran-000577 UNDERSPECIFIED nonunique ok
[84/120] ran-000577 UNDERSPECIFIED nonunique_grounding ok
[85/120] mom-000415 OMISSION nonunique ok
[86/120] mom-000415 OMISSION nonunique_grounding ok
[87/120] mom-000415 UNDERSPECIFIED nonunique ok
[88/120] mom-000415 UNDERSPECIFIED nonunique_grounding ok
[89/120] mom-000365 OMISSION nonunique ok
[90/120] mom-000365 OMISSION nonunique_grounding ok
[91/120] mom-000365 UNDERSPECIFIED nonunique ok
[92/120] mom-000365 UNDERSPECIFIED nonunique_grounding ok
[93/120] mom-000377 OMISSION nonunique ok
[94/120] mom-000377 OMISSION nonunique_grounding ok
[95/120] mom-000377 UNDERSPECIFIED nonunique ok
[96/120] mom-000377 UNDERSPECIFIED nonunique_grounding ok
[97/120] gra-000238 OMISSION nonunique ok
[98/120] gra-000238 OMISSION nonunique_grounding ok
[99/120] gra-000238 UNDERSPECIFIED nonunique ok
[100/120] gra-000238 UNDERSPECIFIED nonunique_grounding ok
[101/120] crt-000114 OMISSION nonunique ok
[102/120] crt-000114 OMISSION nonunique_grounding ok
[103/120] crt-000114 UNDERSPECIFIED nonunique ok
[104/120] crt-000114 UNDERSPECIFIED nonunique_grounding ok
[105/120] ran-000578 OMISSION nonunique ok
[106/120] ran-000578 OMISSION nonunique_grounding ok
[107/120] ran-000578 UNDERSPECIFIED nonunique ok
[108/120] ran-000578 UNDERSPECIFIED nonunique_grounding ok
[109/120] mom-000387 OMISSION nonunique ok
[110/120] mom-000387 OMISSION nonunique_grounding ok
[111/120] mom-000387 UNDERSPECIFIED nonunique ok
[112/120] mom-000387 UNDERSPECIFIED nonunique_grounding ok
[113/120] lin-000246 OMISSION nonunique ok
[114/120] lin-000246 OMISSION nonunique_grounding ok
[115/120] lin-000246 UNDERSPECIFIED nonunique ok
[116/120] lin-000246 UNDERSPECIFIED nonunique_grounding ok
[117/120] mom-000372 OMISSION nonunique ok
[118/120] mom-000372 OMISSION nonunique_grounding ok
[119/120] mom-000372 UNDERSPECIFIED nonunique ok
[120/120] mom-000372 UNDERSPECIFIED nonunique_grounding ok
