[1/120] mom-000390 OMISSION nonunique ok
[2/120] mom-000390 OMISSION nonunique_grounding ok
[3/120] mom-000390 UNDERSPECIFIED nonunique ok
[4/120] mom-000390 UNDERSPECIFIED nonunique_grounding ok
[5/120] mom-000374 OMISSION nonunique ok
[6/120] mom-000374 OMISSION nonunique_grounding ok
[7/120] mom-000374 UNDERSPECIFIED nonunique ok
[8/120] mom-000374 UNDERSPECIFIED nonunique_grounding ok
[9/120] gra-000219 OMISSION nonunique ok
[10/120] gra-000219 OMISSION nonunique_grounding ok
[11/120] gra-000219 UNDERSPECIFIED nonunique ok
[12/120] gra-000219 UNDERSPECIFIED nonunique_grounding ok
[13/120] crt-000092 OMISSION nonunique ok
[14/120] crt-000092 OMISSION nonunique_grounding ok
[15/120] crt-000092 UNDERSPECIFIED nonunique ok
[16/120] crt-000092 UNDERSPECIFIED nonunique_grounding ok
[17/120] gra-000205 OMISSION nonunique ok
[18/120] gra-000205 OMISSION nonunique_grounding ok
[19/120] gra-000205 UNDERSPECIFIED nonunique ok
[20/120] gra-000205 UNDERSPECIFIED nonunique_grounding ok
[21/120] ran-000566 OMISSION nonunique error
[22/120] ran-000566 OMISSION nonunique_grounding ok
[23/120] ran-000566 UNDERSPECIFIED nonunique ok
[24/120] ran-000566 UNDERSPECIFIED nonunique_grounding ok
[25/120] ran-000598 OMISSION nonunique ok
[26/120] ran-000598 OMISSION nonunique_grounding ok
[27/120] ran-000598 UNDERSPECIFIED nonunique ok
[28/120] ran-000598 UNDERSPECIFIED nonunique_grounding ok
[29/120] mom-000370 OMISSION nonunique ok
[30/120] mom-000370 OMISSION nonunique_grounding ok
[31/120] mom-000370 UNDERSPECIFIED nonunique ok
[32/120] mom-000370 UNDERSPECIFIED nonunique_grounding ok
[33/120] mom-000373 OMISSION nonunique ok
[34/120] mom-000373 OMISSION nonunique_grounding ok
[35/120] mom-000373 UNDERSPECIFIED nonunique ok
[36/120] mom-000373 UNDERSPECIFIED nonunique_grounding ok
[37/120] crt-000073 OMISSION nonunique ok
[38/120] crt-000073 OMISSION nonunique_grounding ok
[39/120] crt-000073 UNDERSPECIFIED nonunique ok
[40/120] crt-000073 UNDERSPECIFIED nonunique_grounding ok
[41/120] lin-000240 OMISSION nonunique ok
[42/120] lin-000240 OMISSION nonunique_grounding ok
[43/120] lin-000240 UNDERSPECIFIED nonunique ok
[44/120] lin-000240 UNDERSPECIFIED nonunique_grounding ok
[45/120] ran-000559 OMISSION nonunique ok
[46/120] ran-000559 OMISSION nonunique_grounding ok
[47/120] ran-000559 UNDERSPECIFIED nonunique ok
[48/120] ran-000559 UNDERSPECIFIED nonunique_grounding ok
[49/120] gra-000187 OMISSION nonunique ok
[50/120] gra-000187 OMISSION nonunique_grounding ok
[51/120] gra-000187 UNDERSPECIFIED nonunique ok
[52/120] gra-000187 UNDERSPECIFIED nonunique_grounding ok
[53/120] lin-000256 OMISSION nonunique ok
[54/120] lin-000256 OMISSION nonunique_grounding ok
[55/120] lin-000256 UNDERSPECIFIED nonunique ok
[56/120] lin-000256 UNDERSPECIFIED nonunique_grounding ok
[57/120] ran-000561 OMISSION nonunique ok
[58/120] ran-000561 OMISSION nonunique_grounding ok
[59/120] ran-000561 UNDERSPECIFIED nonunique ok
[60/120] ran-000561 UNDERSPECIFIED nonunique_grounding ok
[61/120] mom-000412 OMISSION nonunique ok
[62/120] mom-000412 OMISSION nonunique_grounding ok
[63/120] mom-000412 UNDERSPECIFIED nonunique ok
[64/120] mom-000412 UNDERSPECIFIED nonunique_grounding ok
[65/120] gra-000180 OMISSION nonunique ok
[66/120] gra-000180 OMISSION nonunique_grounding ok
[67/120] gra-000180 UNDERSPECIFIED nonunique ok
[68/120] gra-000180 UNDERSPECIFIED nonunique_grounding ok
[69/120] crt-000101 OMISSION nonunique ok
[70/120] crt-000101 OMISSION nonunique_grounding ok
[71/120] crt-000101 UNDERSPECIFIED nonunique ok
[72/120] crt-000101 UNDERSPECIFIED nonunique_grounding ok
[73/120] crt-000093 OMISSION nonunique ok
[74/120] crt-000093 OMISSION nonunique_grounding ok
[75/120] crt-000093 UNDERSPECIFIED nonunique ok
[76/120] crt-000093 UNDERSPECIFIED nonunique_grounding ok
[77/120] lin-000269 OMISSION nonunique ok
[78/120] lin-000269 OMISSION nonunique_grounding ok
[79/120] lin-000269 UNDERSPECIFIED nonunique ok
[80/120] lin-000269 UNDERSPECIFIED nonunique_grounding ok
[81/120] crt-000116 OMISSION nonunique ok
[82/120] crt-000116 OMISSION nonunique_grounding ok
[83/120] crt-000116 UNDERSPECIFIED nonunique ok
[84/120] crt-000116 UNDERSPECIFIED nonunique_grounding ok
[85/120] mom-000417 OMISSION nonunique ok
[86/120] mom-000417 OMISSION nonunique_grounding ok
[87/120] mom-000417 UNDERSPECIFIED nonunique ok
[88/120] mom-000417 UNDERSPECIFIED nonunique_grounding ok
[89/120] lin-000282 OMISSION nonunique ok
[90/120] lin-000282 OMISSION nonunique_grounding ok
[91/120] lin-000282 UNDERSPECIFIED nonunique ok
[92/120] lin-000282 UNDERSPECIFIED nonunique_grounding ok
[93/120] crt-000086 OMISSION nonunique ok
[94/120] crt-000086 OMISSION nonunique_grounding ok
[95/120] crt-000086 UNDERSPECIFIED nonunique ok
[96/120] crt-000086 UNDERSPECIFIED nonunique_grounding ok
[97/120] crt-000088 OMISSION nonunique ok
[98/120] crt-000088 OMISSION nonunique_grounding ok
[99/120] crt-000088 UNDERSPECIFIED nonunique ok
[100/120] crt-000088 UNDERSPECIFIED nonunique_grounding ok
[101/120] gra-000214 OMISSION nonunique ok
[102/120] gra-000214 OMISSION nonunique_grounding ok
[103/120] gra-000214 UNDERSPECIFIED nonunique ok
[104/120] gra-000214 UNDERSPECIFIED nonunique_grounding ok
[105/120] crt-000090 OMISSION nonunique ok
[106/120] crt-000090 OMISSION nonunique_grounding ok
[107/120] crt-000090 UNDERSPECIFIED nonunique ok
[108/120] crt-000090 UNDERSPECIFIED nonunique_grounding ok
[109/120] ran-000567 OMISSION nonunique ok
[110/120] ran-000567 OMISSION nonunique_grounding ok
[111/120] ran-000567 UNDERSPECIFIED nonunique ok
[112/120] ran-000567 UNDERSPECIFIED nonunique_grounding ok
[113/120] mom-000396 OMISSION nonunique ok
[114/120] mom-000396 OMISSION nonunique_grounding ok
[115/120] mom-000396 UNDERSPECIFIED nonunique ok
[116/120] mom-000396 UNDERSPECIFIED nonunique_grounding ok
[117/120] lin-000283 OMISSION nonunique ok
[118/120] lin-000283 OMISSION nonunique_grounding ok
[119/120] lin-000283 UNDERSPECIFIED nonunique ok
[120/120] lin-000283 UNDERSPECIFIED nonunique_grounding ok
[120/120] ran-000566 OMISSION nonunique ok
