[1/120] mom-000390 OMISSION self_review ok
[2/120] mom-000390 OMISSION grounded_self_review ok
[3/120] mom-000390 UNDERSPECIFIED self_review ok
[4/120] mom-000390 UNDERSPECIFIED grounded_self_review ok
[5/120] mom-000374 OMISSION self_review ok
[6/120] mom-000374 OMISSION grounded_self_review ok
[7/120] mom-000374 UNDERSPECIFIED self_review ok
[8/120] mom-000374 UNDERSPECIFIED grounded_self_review ok
[9/120] gra-000219 OMISSION self_review ok
[10/120] gra-000219 OMISSION grounded_self_review ok
[11/120] gra-000219 UNDERSPECIFIED self_review ok
[12/120] gra-000219 UNDERSPECIFIED grounded_self_review ok
[13/120] crt-000092 OMISSION self_review ok
[14/120] crt-000092 OMISSION grounded_self_review ok
[15/120] crt-000092 UNDERSPECIFIED self_review ok
[16/120] crt-000092 UNDERSPECIFIED grounded_self_review ok
[17/120] gra-000205 OMISSION self_review ok
[18/120] gra-000205 OMISSION grounded_self_review ok
[19/120] gra-000205 UNDERSPECIFIED self_review ok
[20/120] gra-000205 UNDERSPECIFIED grounded_self_review ok
[21/120] ran-000566 OMISSION self_review ok
[22/120] ran-000566 OMISSION grounded_self_review ok
[23/120] ran-000566 UNDERSPECIFIED self_review ok
[24/120] ran-000566 UNDERSPECIFIED grounded_self_review ok
[25/120] ran-000598 OMISSION self_review ok
[26/120] ran-000598 OMISSION grounded_self_review ok
[27/120] ran-000598 UNDERSPECIFIED self_review ok
[28/120] ran-000598 UNDERSPECIFIED grounded_self_review ok
[29/120] mom-000370 OMISSION self_review ok
[30/120] mom-000370 OMISSION grounded_self_review ok
[31/120] mom-000370 UNDERSPECIFIED self_review ok
[32/120] mom-000370 UNDERSPECIFIED grounded_self_review ok
[33/120] mom-000373 OMISSION self_review ok
[34/120] mom-000373 OMISSION grounded_self_review ok
[35/120] mom-000373 UNDERSPECIFIED self_review ok
[36/120] mom-000373 UNDERSPECIFIED grounded_self_review ok
[37/120] crt-000073 OMISSION self_review ok
[38/120] crt-000073 OMISSION grounded_self_review ok
[39/120] crt-000073 UNDERSPECIFIED self_review ok
[40/120] crt-000073 UNDERSPECIFIED grounded_self_review ok
[41/120] lin-000240 OMISSION self_review ok
[42/120] lin-000240 OMISSION grounded_self_review ok
[43/120] lin-000240 UNDERSPECIFIED self_review ok
[44/120] lin-000240 UNDERSPECIFIED grounded_self_review ok
[45/120] ran-000559 OMISSION self_review ok
[46/120] ran-000559 OMISSION grounded_self_review ok
[47/120] ran-000559 UNDERSPECIFIED self_review ok
[48/120] ran-000559 UNDERSPECIFIED grounded_self_review ok
[49/120] gra-000187 OMISSION self_review ok
[50/120] gra-000187 OMISSION grounded_self_review ok
[51/120] gra-000187 UNDERSPECIFIED self_review ok
[52/120] gra-000187 UNDERSPECIFIED grounded_self_review ok
[53/120] lin-000256 OMISSION self_review ok
[54/120] lin-000256 OMISSION grounded_self_review ok
[55/120] lin-000256 UNDERSPECIFIED self_review ok
[56/120] lin-000256 UNDERSPECIFIED grounded_self_review ok
[57/120] ran-000561 OMISSION self_review ok
[58/120] ran-000561 OMISSION grounded_self_review ok
[59/120] ran-000561 UNDERSPECIFIED self_review ok
[60/120] ran-000561 UNDERSPECIFIED grounded_self_review ok
[61/120] mom-000412 OMISSION self_review ok
[62/120] mom-000412 OMISSION grounded_self_review ok
[63/120] mom-000412 UNDERSPECIFIED self_review ok
[64/120] mom-000412 UNDERSPECIFIED grounded_self_review ok
[65/120] gra-000180 OMISSION self_review ok
[66/120] gra-000180 OMISSION grounded_self_review ok
[67/120] gra-000180 UNDERSPECIFIED self_review ok
[68/120] gra-000180 UNDERSPECIFIED grounded_self_review ok
[69/120] crt-000101 OMISSION self_review ok
[70/120] crt-000101 OMISSION grounded_self_review ok
[71/120] crt-000101 UNDERSPECIFIED self_review ok
[72/120] crt-000101 UNDERSPECIFIED grounded_self_review ok
[73/120] crt-000093 OMISSION self_review ok
[74/120] crt-000093 OMISSION grounded_self_review ok
[75/120] crt-000093 UNDERSPECIFIED self_review ok
[76/120] crt-000093 UNDERSPECIFIED grounded_self_review ok
[77/120] lin-000269 OMISSION self_review ok
[78/120] lin-000269 OMISSION grounded_self_review ok
[79/120] lin-000269 UNDERSPECIFIED self_review ok
[80/120] lin-000269 UNDERSPECIFIED grounded_self_review ok
[81/120] crt-000116 OMISSION self_review ok
[82/120] crt-000116 OMISSION grounded_self_review ok
[83/120] crt-000116 UNDERSPECIFIED self_review ok
[84/120] crt-000116 UNDERSPECIFIED grounded_self_review ok
[85/120] mom-000417 OMISSION self_review ok
[86/120] mom-000417 OMISSION grounded_self_review ok
[87/120] mom-000417 UNDERSPECIFIED self_review ok
[88/120] mom-000417 UNDERSPECIFIED grounded_self_review ok
[89/120] lin-000282 OMISSION self_review ok
[90/120] lin-000282 OMISSION grounded_self_review ok
[91/120] lin-000282 UNDERSPECIFIED self_review ok
[92/120] lin-000282 UNDERSPECIFIED grounded_self_review ok
[93/120] crt-000086 OMISSION self_review ok
[94/120] crt-000086 OMISSION grounded_self_review ok
[95/120] crt-000086 UNDERSPECIFIED self_review ok
[96/120] crt-000086 UNDERSPECIFIED grounded_self_review ok
[97/120] crt-000088 OMISSION self_review ok
[98/120] crt-000088 OMISSION grounded_self_review ok
[99/120] crt-000088 UNDERSPECIFIED self_review ok
[100/120] crt-000088 UNDERSPECIFIED grounded_self_review ok
[101/120] gra-000214 OMISSION self_review ok
[102/120] gra-000214 OMISSION grounded_self_review ok
[103/120] gra-000214 UNDERSPECIFIED self_review ok
[104/120] gra-000214 UNDERSPECIFIED grounded_self_review ok
[105/120] crt-000090 OMISSION self_review ok
[106/120] crt-000090 OMISSION grounded_self_review ok
[107/120] crt-000090 UNDERSPECIFIED self_review ok
[108/120] crt-000090 UNDERSPECIFIED grounded_self_review ok
[109/120] ran-000567 OMISSION self_review ok
[110/120] ran-000567 OMISSION grounded_self_review ok
[111/120] ran-000567 UNDERSPECIFIED self_review ok
[112/120] ran-000567 UNDERSPECIFIED grounded_self_review ok
[113/120] mom-000396 OMISSION self_review ok
[114/120] mom-000396 OMISSION grounded_self_review ok
[115/120] mom-000396 UNDERSPECIFIED self_review ok
[116/120] mom-000396 UNDERSPECIFIED grounded_self_review ok
[117/120] lin-000283 OMISSION self_review ok
[118/120] lin-000283 OMISSION grounded_self_review ok
[119/120] lin-000283 UNDERSPECIFIED self_review ok
[120/120] lin-000283 UNDERSPECIFIED grounded_self_review ok
