[1/120] ran-000581 OMISSION nonunique ok
[2/120] ran-000581 OMISSION nonunique_grounding ok
[3/120] ran-000581 UNDERSPECIFIED nonunique ok
[4/120] ran-000581 UNDERSPECIFIED nonunique_grounding ok
[5/120] lin-000267 OMISSION nonunique ok
[6/120] lin-000267 OMISSION nonunique_grounding ok
[7/120] lin-000267 UNDERSPECIFIED nonunique ok
[8/120] lin-000267 UNDERSPECIFIED nonunique_grounding ok
[9/120] crt-000098 OMISSION nonunique ok
[10/120] crt-000098 OMISSION nonunique_grounding ok
[11/120] crt-000098 UNDERSPECIFIED nonunique ok
[12/120] crt-000098 UNDERSPECIFIED nonunique_grounding ok
[13/120] ran-000569 OMISSION nonunique ok
[14/120] ran-000569 OMISSION nonunique_grounding ok
[15/120] ran-000569 UNDERSPECIFIED nonunique ok
[16/120] ran-000569 UNDERSPECIFIED nonunique_grounding ok
[17/120] mom-000418 OMISSION nonunique ok
[18/120] mom-000418 OMISSION nonunique_grounding ok
[19/120] mom-000418 UNDERSPECIFIED nonunique ok
[20/120] mom-000418 UNDERSPECIFIED nonunique_grounding ok
[21/120] mom-000392 OMISSION nonunique ok
[22/120] mom-000392 OMISSION nonunique_grounding ok
[23/120] mom-000392 UNDERSPECIFIED nonunique ok
[24/120] mom-000392 UNDERSPECIFIED nonunique_grounding ok
[25/120] mom-000367 OMISSION nonunique ok
[26/120] mom-000367 OMISSION nonunique_grounding ok
[27/120] mom-000367 UNDERSPECIFIED nonunique ok
[28/120] mom-000367 UNDERSPECIFIED nonunique_grounding ok
[29/120] mom-000363 OMISSION nonunique ok
[30/120] mom-000363 OMISSION nonunique_grounding ok
[31/120] mom-000363 UNDERSPECIFIED nonunique ok
[32/120] mom-000363 UNDERSPECIFIED nonunique_grounding ok
[33/120] mom-000382 OMISSION nonunique ok
[34/120] mom-000382 OMISSION nonunique_grounding ok
[35/120] mom-000382 UNDERSPECIFIED nonunique ok
[36/120] mom-000382 UNDERSPECIFIED nonunique_grounding ok
[37/120] mom-000419 OMISSION nonunique ok
[38/120] mom-000419 OMISSION nonunique_grounding ok
[39/120] mom-000419 UNDERSPECIFIED nonunique ok
[40/120] mom-000419 UNDERSPECIFIED nonunique_grounding ok
[41/120] mom-000369 OMISSION nonunique ok
[42/120] mom-000369 OMISSION nonunique_grounding ok
[43/120] mom-000369 UNDERSPECIFIED nonunique ok
[44/120] mom-000369 UNDERSPECIFIED nonunique_grounding ok
[45/120] mom-000380 OMISSION nonunique ok
[46/120] mom-000380 OMISSION nonunique_grounding ok
[47/120] mom-000380 UNDERSPECIFIED nonunique ok
[48/120] mom-000380 UNDERSPECIFIED nonunique_grounding ok
[49/120] gra-000226 OMISSION nonunique ok
[50/120] gra-000226 OMISSION nonunique_grounding ok
[51/120] gra-000226 UNDERSPECIFIED nonunique ok
[52/120] gra-000226 UNDERSPECIFIED nonunique_grounding ok
[53/120] lin-000271 OMISSION nonunique ok
[54/120] lin-000271 OMISSION nonunique_grounding ok
[55/120] lin-000271 UNDERSPECIFIED nonunique ok
[56/120] lin-000271 UNDERSPECIFIED nonunique_grounding ok
[57/120] ran-000584 OMISSION nonunique ok
[58/120] ran-000584 OMISSION nonunique_grounding ok
[59/120] ran-000584 UNDERSPECIFIED nonunique ok
[60/120] ran-000584 UNDERSPECIFIED nonunique_grounding ok
[61/120] ran-000572 OMISSION nonunique ok
[62/120] ran-000572 OMISSION nonunique_grounding ok
[63/120] ran-000572 UNDERSPECIFIED nonunique ok
[64/120] ran-000572 UNDERSPECIFIED nonunique_grounding ok
[65/120] ran-000555 OMISSION nonunique ok
[66/120] ran-000555 OMISSION nonunique_grounding ok
[67/120] ran-000555 UNDERSPECIFIED nonunique ok
[68/120] ran-000555 UNDERSPECIFIED nonunique_grounding ok
[69/120] mom-000411 OMISSION nonunique ok
[70/120] mom-000411 OMISSION nonunique_grounding ok
[71/120] mom-000411 UNDERSPECIFIED nonunique ok
[72/120] mom-000411 UNDERSPECIFIED nonunique_grounding ok
[73/120] ran-000556 OMISSION nonunique ok
[74/120] ran-000556 OMISSION nonunique_grounding ok
[75/120] ran-000556 UNDERSPECIFIED nonunique ok
[76/120] ran-000556 UNDERSPECIFIED nonunique_grounding ok
[77/120] crt-000112 OMISSION nonunique ok
[78/120] crt-000112 OMISSION nonunique_grounding ok
[79/120] crt-000112 UNDERSPECIFIED nonunique ok
[80/120] crt-000112 UNDERSPECIFIED nonunique_grounding ok
[81/120] gra-000182 OMISSION nonunique ok
[82/120] gra-000182 OMISSION nonunique_grounding ok
[83/120] gra-000182 UNDERSPECIFIED nonunique ok
[84/120] gra-000182 UNDERSPECIFIED nonunique_grounding ok
[85/120] lin-000251 OMISSION nonunique ok
[86/120] lin-000251 OMISSION nonunique_grounding ok
[87/120] lin-000251 UNDERSPECIFIED nonunique ok
[88/120] lin-000251 UNDERSPECIFIED nonunique_grounding ok
[89/120] crt-000105 OMISSION nonunique ok
[90/120] crt-000105 OMISSION nonunique_grounding ok
[91/120] crt-000105 UNDERSPECIFIED nonunique ok
[92/120] crt-000105 UNDERSPECIFIED nonunique_grounding ok
[93/120] gra-000181 OMISSION nonunique ok
[94/120] gra-000181 OMISSION nonunique_grounding ok
[95/120] gra-000181 UNDERSPECIFIED nonunique ok
[96/120] gra-000181 UNDERSPECIFIED nonunique_grounding ok
[97/120] ran-000560 OMISSION nonunique ok
[98/120] ran-000560 OMISSION nonunique_grounding ok
[99/120] ran-000560 UNDERSPECIFIED nonunique ok
[100/120] ran-000560 UNDERSPECIFIED nonunique_grounding ok
[101/120] mom-000364 OMISSION nonunique ok
[102/120] mom-000364 OMISSION nonunique_grounding ok
[103/120] mom-000364 UNDERSPECIFIED nonunique ok
[104/120] mom-000364 UNDERSPECIFIED nonunique_grounding ok
[105/120] gra-000222 OMISSION nonunique ok
[106/120] gra-000222 OMISSION nonunique_grounding ok
[107/120] gra-000222 UNDERSPECIFIED nonunique ok
[108/120] gra-000222 UNDERSPECIFIED nonunique_grounding ok
[109/120] mom-000399 OMISSION nonunique ok
[110/120] mom-000399 OMISSION nonunique_grounding ok
[111/120] mom-000399 UNDERSPECIFIED nonunique ok
[112/120] mom-000399 UNDERSPECIFIED nonunique_grounding ok
[113/120] ran-000583 OMISSION nonunique ok
[114/120] ran-000583 OMISSION nonunique_grounding ok
[115/120] ran-000583 UNDERSPECIFIED nonunique ok
[116/120] ran-000583 UNDERSPECIFIED nonunique_grounding ok
[117/120] mom-000386 OMISSION nonunique ok
[118/120] mom-000386 OMISSION nonunique_grounding ok
[119/120] mom-000386 UNDERSPECIFIED nonunique ok
[120/120] mom-000386 UNDERSPECIFIED nonunique_grounding ok
