[1/120] lin-000241 OMISSION self_review ok
[2/120] lin-000241 OMISSION grounded_self_review ok
[3/120] lin-000241 UNDERSPECIFIED self_review ok
[4/120] lin-000241 UNDERSPECIFIED grounded_self_review ok
[5/120] lin-000262 OMISSION self_review ok
[6/120] lin-000262 OMISSION grounded_self_review ok
[7/120] lin-000262 UNDERSPECIFIED self_review ok
[8/120] lin-000262 UNDERSPECIFIED grounded_self_review ok
[9/120] mom-000381 OMISSION self_review ok
[10/120] mom-000381 OMISSION grounded_self_review ok
[11/120] mom-000381 UNDERSPECIFIED self_review ok
[12/120] mom-000381 UNDERSPECIFIED grounded_self_review ok
[13/120] lin-000248 OMISSION self_review ok
[14/120] lin-000248 OMISSION grounded_self_review ok
[15/120] lin-000248 UNDERSPECIFIED self_review ok
[16/120] lin-000248 UNDERSPECIFIED grounded_self_review ok
[17/120] crt-000095 OMISSION self_review ok
[18/120] crt-000095 OMISSION grounded_self_review ok
[19/120] crt-000095 UNDERSPECIFIED self_review ok
[20/120] crt-000095 UNDERSPECIFIED grounded_self_review ok
[21/120] crt-000063 OMISSION self_review ok
[22/120] crt-000063 OMISSION grounded_self_review ok
[23/120] crt-000063 UNDERSPECIFIED self_review ok
[24/120] crt-000063 UNDERSPECIFIED grounded_self_review ok
[25/120] crt-000102 OMISSION self_review ok
[26/120] crt-000102 OMISSION grounded_self_review ok
[27/120] crt-000102 UNDERSPECIFIED self_review ok
[28/120] crt-000102 UNDERSPECIFIED grounded_self_review ok
[29/120] mom-000405 OMISSION self_review ok
[30/120] mom-000405 OMISSION grounded_self_review ok
[31/120] mom-000405 UNDERSPECIFIED self_review ok
[32/120] mom-000405 UNDERSPECIFIED grounded_self_review ok
[33/120] mom-000371 OMISSION self_review ok
[34/120] mom-000371 OMISSION grounded_self_review ok
[35/120] mom-000371 UNDERSPECIFIED self_review ok
[36/120] mom-000371 UNDERSPECIFIED grounded_self_review ok
[37/120] gra-000220 OMISSION self_review ok
[38/120] gra-000220 OMISSION grounded_self_review ok
[39/120] gra-000220 UNDERSPECIFIED self_review ok
[40/120] gra-000220 UNDERSPECIFIED grounded_self_review ok
[41/120] crt-000076 OMISSION self_review ok
[42/120] crt-000076 OMISSION grounded_self_review ok
[43/120] crt-000076 UNDERSPECIFIED self_review ok
[44/120] crt-000076 UNDERSPECIFIED grounded_self_review ok
[45/120] mom-000408 OMISSION self_review ok
[46/120] mom-000408 OMISSION grounded_self_review ok
[47/120] mom-000408 UNDERSPECIFIED self_review ok
[48/120] mom-000408 UNDERSPECIFIED grounded_self_review ok
[49/120] lin-000284 OMISSION self_review ok
[50/120] lin-000284 OMISSION grounded_self_review ok
[51/120] lin-000284 UNDERSPECIFIED self_review ok
[52/120] lin-000284 UNDERSPECIFIED grounded_self_review ok
[53/120] lin-000298 OMISSION self_review ok
[54/120] lin-000298 OMISSION grounded_self_review ok
[55/120] lin-000298 UNDERSPECIFIED self_review ok
[56/120] lin-000298 UNDERSPECIFIED grounded_self_review ok
[57/120] mom-000362 OMISSION self_review ok
[58/120] mom-000362 OMISSION grounded_self_review ok
[59/120] mom-000362 UNDERSPECIFIED self_review ok
[60/120] mom-000362 UNDERSPECIFIED grounded_self_review ok
[61/120] crt-000085 OMISSION self_review ok
[62/120] crt-000085 OMISSION grounded_self_review ok
[63/120] crt-000085 UNDERSPECIFIED self_review ok
[64/120] crt-000085 UNDERSPECIFIED grounded_self_review ok
[65/120] gra-000235 OMISSION self_review ok
[66/120] gra-000235 OMISSION grounded_self_review ok
[67/120] gra-000235 UNDERSPECIFIED self_review ok
[68/120] gra-000235 UNDERSPECIFIED grounded_self_review ok
[69/120] ran-000594 OMISSION self_review ok
[70/120] ran-000594 OMISSION grounded_self_review ok
[71/120] ran-000594 UNDERSPECIFIED self_review ok
[72/120] ran-000594 UNDERSPECIFIED grounded_self_review ok
[73/120] mom-000379 OMISSION self_review ok
[74/120] mom-000379 OMISSION grounded_self_review ok
[75/120] mom-000379 UNDERSPECIFIED self_review ok
[76/120] mom-000379 UNDERSPECIFIED grounded_self_review ok
[77/120] mom-000407 OMISSION self_review ok
[78/120] mom-000407 OMISSION grounded_self_review ok
[79/120] mom-000407 UNDERSPECIFIED self_review ok
[80/120] mom-000407 UNDERSPECIFIED grounded_self_review ok
[81/120] ran-000577 OMISSION self_review ok
[82/120] ran-000577 OMISSION grounded_self_review ok
[83/120] ran-000577 UNDERSPECIFIED self_review ok
[84/120] ran-000577 UNDERSPECIFIED grounded_self_review ok
[85/120] mom-000415 OMISSION self_review ok
[86/120] mom-000415 OMISSION grounded_self_review ok
[87/120] mom-000415 UNDERSPECIFIED self_review ok
[88/120] mom-000415 UNDERSPECIFIED grounded_self_review ok
[89/120] mom-000365 OMISSION self_review ok
[90/120] mom-000365 OMISSION grounded_self_review ok
[91/120] mom-000365 UNDERSPECIFIED self_review ok
[92/120] mom-000365 UNDERSPECIFIED grounded_self_review ok
[93/120] mom-000377 OMISSION self_review ok
[94/120] mom-000377 OMISSION grounded_self_review ok
[95/120] mom-000377 UNDERSPECIFIED self_review ok
[96/120] mom-000377 UNDERSPECIFIED grounded_self_review ok
[97/120] gra-000238 OMISSION self_review ok
[98/120] gra-000238 OMISSION grounded_self_review ok
[99/120] gra-000238 UNDERSPECIFIED self_review ok
[100/120] gra-000238 UNDERSPECIFIED grounded_self_review ok
[101/120] crt-000114 OMISSION self_review ok
[102/120] crt-000114 OMISSION grounded_self_review ok
[103/120] crt-000114 UNDERSPECIFIED self_review ok
[104/120] crt-000114 UNDERSPECIFIED grounded_self_review ok
[105/120] ran-000578 OMISSION self_review ok
[106/120] ran-000578 OMISSION grounded_self_review ok
[107/120] ran-000578 UNDERSPECIFIED self_review ok
[108/120] ran-000578 UNDERSPECIFIED grounded_self_review ok
[109/120] mom-000387 OMISSION self_review ok
[110/120] mom-000387 OMISSION grounded_self_review ok
[111/120] mom-000387 UNDERSPECIFIED self_review ok
[112/120] mom-000387 UNDERSPECIFIED grounded_self_review ok
[113/120] lin-000246 OMISSION self_review ok
[114/120] lin-000246 OMISSION grounded_self_review ok
[115/120] lin-000246 UNDERSPECIFIED self_review ok
[116/120] lin-000246 UNDERSPECIFIED grounded_self_review ok
[117/120] mom-000372 OMISSION self_review ok
[118/120] mom-000372 OMISSION grounded_self_review ok
[119/120] mom-000372 UNDERSPECIFIED self_review ok
[120/120] mom-000372 UNDERSPECIFIED grounded_self_review ok
