[1/40] gra-000198 OMISSION nonunique_grounding ok
[2/40] gra-000198 UNDERSPECIFIED nonunique_grounding ok
[3/40] gra-000208 OMISSION nonunique_grounding ok
[4/40] gra-000208 UNDERSPECIFIED nonunique_grounding ok
[5/40] lin-000245 OMISSION nonunique_grounding ok
[6/40] lin-000245 UNDERSPECIFIED nonunique_grounding ok
[7/40] crt-000077 OMISSION nonunique_grounding ok
[8/40] crt-000077 UNDERSPECIFIED nonunique_grounding ok
[9/40] ran-000554 OMISSION nonunique_grounding ok
[10/40] ran-000554 UNDERSPECIFIED nonunique_grounding ok
[11/40] gra-000191 OMISSION nonunique_grounding ok
[12/40] gra-000191 UNDERSPECIFIED nonunique_grounding ok
[13/40] lin-000264 OMISSION nonunique_grounding ok
[14/40] lin-000264 UNDERSPECIFIED nonunique_grounding ok
[15/40] ran-000557 OMISSION nonunique_grounding ok
[16/40] ran-000557 UNDERSPECIFIED nonunique_grounding ok
[17/40] gra-000204 OMISSION nonunique_grounding ok
[18/40] gra-000204 UNDERSPECIFIED nonunique_grounding ok
[19/40] crt-000117 OMISSION nonunique_grounding ok
[20/40] crt-000117 UNDERSPECIFIED nonunique_grounding ok
[21/40] lin-000287 OMISSION nonunique_grounding ok
[22/40] lin-000287 UNDERSPECIFIED nonunique_grounding ok
[23/40] lin-000291 OMISSION nonunique_grounding ok
[24/40] lin-000291 UNDERSPECIFIED nonunique_grounding ok
[25/40] gra-000215 OMISSION nonunique_grounding ok
[26/40] gra-000215 UNDERSPECIFIED nonunique_grounding ok
[27/40] crt-000075 OMISSION nonunique_grounding ok
[28/40] crt-000075 UNDERSPECIFIED nonunique_grounding ok
[29/40] gra-000221 OMISSION nonunique_grounding ok
[30/40] gra-000221 UNDERSPECIFIED nonunique_grounding ok
[31/40] gra-000211 OMISSION nonunique_grounding ok
[32/40] gra-000211 UNDERSPECIFIED nonunique_grounding ok
[33/40] crt-000091 OMISSION nonunique_grounding ok
[34/40] crt-000091 UNDERSPECIFIED nonunique_grounding ok
[35/40] gra-000195 OMISSION nonunique_grounding ok
[36/40] gra-000195 UNDERSPECIFIED nonunique_grounding ok
[37/40] lin-000270 OMISSION nonunique_grounding ok
[38/40] lin-000270 UNDERSPECIFIED nonunique_grounding ok
[39/40] gra-000239 OMISSION nonunique_grounding ok
[40/40] gra-000239 UNDERSPECIFIED nonunique_grounding ok
