[1/150] crt-000083 OMISSION self_review ok
[2/150] crt-000083 OMISSION nonunique ok
[3/150] crt-000083 OMISSION nonunique_grounding ok
[4/150] crt-000083 UNDERSPECIFIED self_review ok
[5/150] crt-000083 UNDERSPECIFIED nonunique ok
[6/150] crt-000083 UNDERSPECIFIED nonunique_grounding ok
[7/150] lin-000277 OMISSION self_review ok
[8/150] lin-000277 OMISSION nonunique ok
[9/150] lin-000277 OMISSION nonunique_grounding ok
[10/150] lin-000277 UNDERSPECIFIED self_review ok
[11/150] lin-000277 UNDERSPECIFIED nonunique ok
[12/150] lin-000277 UNDERSPECIFIED nonunique_grounding ok
[13/150] mom-000413 OMISSION self_review ok
[14/150] mom-000413 OMISSION nonunique ok
[15/150] mom-000413 OMISSION nonunique_grounding ok
[16/150] mom-000413 UNDERSPECIFIED self_review ok
[17/150] mom-000413 UNDERSPECIFIED nonunique ok
[18/150] mom-000413 UNDERSPECIFIED nonunique_grounding ok
[19/150] mom-000393 OMISSION self_review ok
[20/150] mom-000393 OMISSION nonunique ok
[21/150] mom-000393 OMISSION nonunique_grounding ok
[22/150] mom-000393 UNDERSPECIFIED self_review ok
[23/150] mom-000393 UNDERSPECIFIED nonunique ok
[24/150] mom-000393 UNDERSPECIFIED nonunique_grounding ok
[25/150] ran-000586 OMISSION self_review ok
[26/150] ran-000586 OMISSION nonunique ok
[27/150] ran-000586 OMISSION nonunique_grounding ok
[28/150] ran-000586 UNDERSPECIFIED self_review ok
[29/150] ran-000586 UNDERSPECIFIED nonunique ok
[30/150] ran-000586 UNDERSPECIFIED nonunique_grounding ok
[31/150] gra-000199 OMISSION self_review ok
[32/150] gra-000199 OMISSION nonunique ok
[33/150] gra-000199 OMISSION nonunique_grounding ok
[34/150] gra-000199 UNDERSPECIFIED self_review ok
[35/150] gra-000199 UNDERSPECIFIED nonunique ok
[36/150] gra-000199 UNDERSPECIFIED nonunique_grounding ok
[37/150] mom-000360 OMISSION self_review ok
[38/150] mom-000360 OMISSION nonunique ok
[39/150] mom-000360 OMISSION nonunique_grounding ok
[40/150] mom-000360 UNDERSPECIFIED self_review ok
[41/150] mom-000360 UNDERSPECIFIED nonunique ok
[42/150] mom-000360 UNDERSPECIFIED nonunique_grounding ok
[43/150] lin-000273 OMISSION self_review ok
[44/150] lin-000273 OMISSION nonunique ok
[45/150] lin-000273 OMISSION nonunique_grounding ok
[46/150] lin-000273 UNDERSPECIFIED self_review ok
[47/150] lin-000273 UNDERSPECIFIED nonunique ok
[48/150] lin-000273 UNDERSPECIFIED nonunique_grounding ok
[49/150] crt-000107 OMISSION self_review ok
[50/150] crt-000107 OMISSION nonunique ok
[51/150] crt-000107 OMISSION nonunique_grounding ok
[52/150] crt-000107 UNDERSPECIFIED self_review error
[53/150] crt-000107 UNDERSPECIFIED nonunique ok
[54/150] crt-000107 UNDERSPECIFIED nonunique_grounding error
[55/150] mom-000406 OMISSION self_review error
[56/150] mom-000406 OMISSION nonunique error
[57/150] mom-000406 OMISSION nonunique_grounding error
[58/150] mom-000406 UNDERSPECIFIED self_review error
[59/150] mom-000406 UNDERSPECIFIED nonunique error
[60/150] mom-000406 UNDERSPECIFIED nonunique_grounding error
[61/150] mom-000391 OMISSION self_review error
[62/150] mom-000391 OMISSION nonunique error
[63/150] mom-000391 OMISSION nonunique_grounding error
[64/150] mom-000391 UNDERSPECIFIED self_review error
[65/150] mom-000391 UNDERSPECIFIED nonunique error
[66/150] mom-000391 UNDERSPECIFIED nonunique_grounding error
[67/150] gra-000233 OMISSION self_review error
[68/150] gra-000233 OMISSION nonunique error
[69/150] gra-000233 OMISSION nonunique_grounding error
[70/150] gra-000233 UNDERSPECIFIED self_review error
[71/150] gra-000233 UNDERSPECIFIED nonunique error
[72/150] gra-000233 UNDERSPECIFIED nonunique_grounding ok
[73/150] ran-000593 OMISSION self_review ok
[74/150] ran-000593 OMISSION nonunique ok
[75/150] ran-000593 OMISSION nonunique_grounding error
[76/150] ran-000593 UNDERSPECIFIED self_review error
[77/150] ran-000593 UNDERSPECIFIED nonunique ok
[78/150] ran-000593 UNDERSPECIFIED nonunique_grounding error
[79/150] ran-000582 OMISSION self_review ok
[80/150] ran-000582 OMISSION nonunique ok
[81/150] ran-000582 OMISSION nonunique_grounding ok
[82/150] ran-000582 UNDERSPECIFIED self_review ok
[83/150] ran-000582 UNDERSPECIFIED nonunique ok
[84/150] ran-000582 UNDERSPECIFIED nonunique_grounding error
[85/150] mom-000384 OMISSION self_review error
[86/150] mom-000384 OMISSION nonunique error
[87/150] mom-000384 OMISSION nonunique_grounding ok
[88/150] mom-000384 UNDERSPECIFIED self_review ok
[89/150] mom-000384 UNDERSPECIFIED nonunique ok
[90/150] mom-000384 UNDERSPECIFIED nonunique_grounding ok
[91/150] ran-000591 OMISSION self_review ok
[92/150] ran-000591 OMISSION nonunique ok
[93/150] ran-000591 OMISSION nonunique_grounding ok
[94/150] ran-000591 UNDERSPECIFIED self_review ok
[95/150] ran-000591 UNDERSPECIFIED nonunique ok
[96/150] ran-000591 UNDERSPECIFIED nonunique_grounding ok
[97/150] mom-000416 OMISSION self_review ok
[98/150] mom-000416 OMISSION nonunique ok
[99/150] mom-000416 OMISSION nonunique_grounding ok
[100/150] mom-000416 UNDERSPECIFIED self_review ok
[101/150] mom-000416 UNDERSPECIFIED nonunique ok
[102/150] mom-000416 UNDERSPECIFIED nonunique_grounding ok
[103/150] crt-000069 OMISSION self_review ok
[104/150] crt-000069 OMISSION nonunique ok
[105/150] crt-000069 OMISSION nonunique_grounding ok
[106/150] crt-000069 UNDERSPECIFIED self_review ok
[107/150] crt-000069 UNDERSPECIFIED nonunique ok
[108/150] crt-000069 UNDERSPECIFIED nonunique_grounding ok
[109/150] lin-000294 OMISSION self_review error
[110/150] lin-000294 OMISSION nonunique ok
[111/150] lin-000294 OMISSION nonunique_grounding ok
[112/150] lin-000294 UNDERSPECIFIED self_review ok
[113/150] lin-000294 UNDERSPECIFIED nonunique error
[114/150] lin-000294 UNDERSPECIFIED nonunique_grounding ok
[115/150] gra-000231 OMISSION self_review ok
[116/150] gra-000231 OMISSION nonunique ok
[117/150] gra-000231 OMISSION nonunique_grounding ok
[118/150] gra-000231 UNDERSPECIFIED self_review ok
[119/150] gra-000231 UNDERSPECIFIED nonunique ok
[120/150] gra-000231 UNDERSPECIFIED nonunique_grounding ok
[121/150] mom-000410 OMISSION self_review ok
[122/150] mom-000410 OMISSION nonunique ok
[123/150] mom-000410 OMISSION nonunique_grounding ok
[124/150] mom-000410 UNDERSPECIFIED self_review ok
[125/150] mom-000410 UNDERSPECIFIED nonunique ok
[126/150] mom-000410 UNDERSPECIFIED nonunique_grounding ok
[127/150] crt-000106 OMISSION self_review ok
[128/150] crt-000106 OMISSION nonunique ok
[129/150] crt-000106 OMISSION nonunique_grounding ok
[130/150] crt-000106 UNDERSPECIFIED self_review ok
[131/150] crt-000106 UNDERSPECIFIED nonunique ok
[132/150] crt-000106 UNDERSPECIFIED nonunique_grounding ok
[133/150] mom-000376 OMISSION self_review ok
[134/150] mom-000376 OMISSION nonunique ok
[135/150] mom-000376 OMISSION nonunique_grounding ok
[136/150] mom-000376 UNDERSPECIFIED self_review ok
[137/150] mom-000376 UNDERSPECIFIED nonunique ok
[138/150] mom-000376 UNDERSPECIFIED nonunique_grounding ok
[112/150] crt-000107 UNDERSPECIFIED self_review ok
[113/150] crt-000107 UNDERSPECIFIED nonunique_grounding ok
[114/150] mom-000406 OMISSION self_review ok
[115/150] mom-000406 OMISSION nonunique ok
[116/150] mom-000406 OMISSION nonunique_grounding ok
[117/150] mom-000406 UNDERSPECIFIED self_review ok
[118/150] mom-000406 UNDERSPECIFIED nonunique ok
[119/150] mom-000406 UNDERSPECIFIED nonunique_grounding ok
[120/150] mom-000391 OMISSION self_review ok
[121/150] mom-000391 OMISSION nonunique ok
[122/150] mom-000391 OMISSION nonunique_grounding ok
[123/150] mom-000391 UNDERSPECIFIED self_review ok
[124/150] mom-000391 UNDERSPECIFIED nonunique ok
[125/150] mom-000391 UNDERSPECIFIED nonunique_grounding ok
[126/150] gra-000233 OMISSION self_review ok
[127/150] gra-000233 OMISSION nonunique ok
[128/150] gra-000233 OMISSION nonunique_grounding ok
[129/150] gra-000233 UNDERSPECIFIED self_review ok
[130/150] gra-000233 UNDERSPECIFIED nonunique ok
[131/150] ran-000593 OMISSION nonunique_grounding ok
[132/150] ran-000593 UNDERSPECIFIED self_review ok
[133/150] ran-000593 UNDERSPECIFIED nonunique_grounding ok
[134/150] ran-000582 UNDERSPECIFIED nonunique_grounding ok
[135/150] mom-000384 OMISSION self_review ok
[136/150] mom-000384 OMISSION nonunique ok
[137/150] lin-000294 OMISSION self_review ok
[138/150] lin-000294 UNDERSPECIFIED nonunique ok
[139/150] ran-000590 OMISSION self_review ok
[140/150] ran-000590 OMISSION nonunique ok
[141/150] ran-000590 OMISSION nonunique_grounding ok
[142/150] ran-000590 UNDERSPECIFIED self_review ok
[143/150] ran-000590 UNDERSPECIFIED nonunique ok
[144/150] ran-000590 UNDERSPECIFIED nonunique_grounding ok
[145/150] crt-000079 OMISSION self_review ok
[146/150] crt-000079 OMISSION nonunique ok
[147/150] crt-000079 OMISSION nonunique_grounding ok
[148/150] crt-000079 UNDERSPECIFIED self_review ok
[149/150] crt-000079 UNDERSPECIFIED nonunique ok
[150/150] crt-000079 UNDERSPECIFIED nonunique_grounding ok
