[1/50] ran-000592 OMISSION minimal_witness_grounding ok
[2/50] ran-000592 UNDERSPECIFIED minimal_witness_grounding ok
[3/50] crt-000072 OMISSION minimal_witness_grounding ok
[4/50] crt-000072 UNDERSPECIFIED minimal_witness_grounding ok
[5/50] gra-000223 OMISSION minimal_witness_grounding ok
[6/50] gra-000223 UNDERSPECIFIED minimal_witness_grounding ok
[7/50] ran-000573 OMISSION minimal_witness_grounding ok
[8/50] ran-000573 UNDERSPECIFIED minimal_witness_grounding ok
[9/50] mom-000400 OMISSION minimal_witness_grounding ok
[10/50] mom-000400 UNDERSPECIFIED minimal_witness_grounding ok
[11/50] crt-000066 OMISSION minimal_witness_grounding ok
[12/50] crt-000066 UNDERSPECIFIED minimal_witness_grounding ok
[13/50] crt-000084 OMISSION minimal_witness_grounding ok
[14/50] crt-000084 UNDERSPECIFIED minimal_witness_grounding ok
[15/50] ran-000546 OMISSION minimal_witness_grounding ok
[16/50] ran-000546 UNDERSPECIFIED minimal_witness_grounding ok
[17/50] lin-000265 OMISSION minimal_witness_grounding ok
[18/50] lin-000265 UNDERSPECIFIED minimal_witness_grounding ok
[19/50] gra-000232 OMISSION minimal_witness_grounding ok
[20/50] gra-000232 UNDERSPECIFIED minimal_witness_grounding ok
[21/50] ran-000576 OMISSION minimal_witness_grounding ok
[22/50] ran-000576 UNDERSPECIFIED minimal_witness_grounding ok
[23/50] crt-000096 OMISSION minimal_witness_grounding ok
[24/50] crt-000096 UNDERSPECIFIED minimal_witness_grounding ok
[25/50] mom-000375 OMISSION minimal_witness_grounding ok
[26/50] mom-000375 UNDERSPECIFIED minimal_witness_grounding ok
[27/50] crt-000074 OMISSION minimal_witness_grounding ok
[28/50] crt-000074 UNDERSPECIFIED minimal_witness_grounding ok
[29/50] lin-000243 OMISSION minimal_witness_grounding ok
[30/50] lin-000243 UNDERSPECIFIED minimal_witness_grounding ok
[31/50] lin-000280 OMISSION minimal_witness_grounding ok
[32/50] lin-000280 UNDERSPECIFIED minimal_witness_grounding ok
[33/50] gra-000203 OMISSION minimal_witness_grounding ok
[34/50] gra-000203 UNDERSPECIFIED minimal_witness_grounding ok
[35/50] ran-000571 OMISSION minimal_witness_grounding ok
[36/50] ran-000571 UNDERSPECIFIED minimal_witness_grounding ok
[37/50] crt-000111 OMISSION minimal_witness_grounding ok
[38/50] crt-000111 UNDERSPECIFIED minimal_witness_grounding ok
[39/50] ran-000574 OMISSION minimal_witness_grounding ok
[40/50] ran-000574 UNDERSPECIFIED minimal_witness_grounding ok
[41/50] gra-000188 OMISSION minimal_witness_grounding ok
[42/50] gra-000188 UNDERSPECIFIED minimal_witness_grounding ok
[43/50] lin-000289 OMISSION minimal_witness_grounding ok
[44/50] lin-000289 UNDERSPECIFIED minimal_witness_grounding ok
[45/50] crt-000082 OMISSION minimal_witness_grounding ok
[46/50] crt-000082 UNDERSPECIFIED minimal_witness_grounding ok
[47/50] ran-000562 OMISSION minimal_witness_grounding ok
[48/50] ran-000562 UNDERSPECIFIED minimal_witness_grounding ok
[49/50] gra-000207 OMISSION minimal_witness_grounding ok
[50/50] gra-000207 UNDERSPECIFIED minimal_witness_grounding ok
