[1/60] lin-000241 OMISSION self_review ok
[2/60] lin-000241 UNDERSPECIFIED self_review ok
[3/60] lin-000262 OMISSION self_review ok
[4/60] lin-000262 UNDERSPECIFIED self_review ok
[5/60] mom-000381 OMISSION self_review ok
[6/60] mom-000381 UNDERSPECIFIED self_review ok
[7/60] lin-000248 OMISSION self_review ok
[8/60] lin-000248 UNDERSPECIFIED self_review ok
[9/60] crt-000095 OMISSION self_review ok
[10/60] crt-000095 UNDERSPECIFIED self_review ok
[11/60] crt-000063 OMISSION self_review ok
[12/60] crt-000063 UNDERSPECIFIED self_review ok
[13/60] crt-000102 OMISSION self_review ok
[14/60] crt-000102 UNDERSPECIFIED self_review ok
[15/60] mom-000405 OMISSION self_review ok
[16/60] mom-000405 UNDERSPECIFIED self_review ok
[17/60] mom-000371 OMISSION self_review ok
[18/60] mom-000371 UNDERSPECIFIED self_review ok
[19/60] gra-000220 OMISSION self_review ok
[20/60] gra-000220 UNDERSPECIFIED self_review ok
[21/60] crt-000076 OMISSION self_review ok
[22/60] crt-000076 UNDERSPECIFIED self_review ok
[23/60] mom-000408 OMISSION self_review ok
[24/60] mom-000408 UNDERSPECIFIED self_review ok
[25/60] lin-000284 OMISSION self_review ok
[26/60] lin-000284 UNDERSPECIFIED self_review ok
[27/60] lin-000298 OMISSION self_review ok
[28/60] lin-000298 UNDERSPECIFIED self_review ok
[29/60] mom-000362 OMISSION self_review ok
[30/60] mom-000362 UNDERSPECIFIED self_review ok
[31/60] crt-000085 OMISSION self_review ok
[32/60] crt-000085 UNDERSPECIFIED self_review ok
[33/60] gra-000235 OMISSION self_review ok
[34/60] gra-000235 UNDERSPECIFIED self_review ok
[35/60] ran-000594 OMISSION self_review ok
[36/60] ran-000594 UNDERSPECIFIED self_review ok
[37/60] mom-000379 OMISSION self_review ok
[38/60] mom-000379 UNDERSPECIFIED self_review ok
[39/60] mom-000407 OMISSION self_review ok
[40/60] mom-000407 UNDERSPECIFIED self_review ok
[41/60] ran-000577 OMISSION self_review ok
[42/60] ran-000577 UNDERSPECIFIED self_review ok
[43/60] mom-000415 OMISSION self_review ok
[44/60] mom-000415 UNDERSPECIFIED self_review ok
[45/60] mom-000365 OMISSION self_review ok
[46/60] mom-000365 UNDERSPECIFIED self_review ok
[47/60] mom-000377 OMISSION self_review ok
[48/60] mom-000377 UNDERSPECIFIED self_review ok
[49/60] gra-000238 OMISSION self_review ok
[50/60] gra-000238 UNDERSPECIFIED self_review ok
[51/60] crt-000114 OMISSION self_review ok
[52/60] crt-000114 UNDERSPECIFIED self_review ok
[53/60] ran-000578 OMISSION self_review ok
[54/60] ran-000578 UNDERSPECIFIED self_review ok
[55/60] mom-000387 OMISSION self_review ok
[56/60] mom-000387 UNDERSPECIFIED self_review ok
[57/60] lin-000246 OMISSION self_review ok
[58/60] lin-000246 UNDERSPECIFIED self_review ok
[59/60] mom-000372 OMISSION self_review ok
[60/60] mom-000372 UNDERSPECIFIED self_review ok
