[1/40] crt-000094 OMISSION nonunique_grounding ok
[2/40] crt-000094 UNDERSPECIFIED nonunique_grounding ok
[3/40] gra-000217 OMISSION nonunique_grounding ok
[4/40] gra-000217 UNDERSPECIFIED nonunique_grounding ok
[5/40] crt-000070 OMISSION nonunique_grounding ok
[6/40] crt-000070 UNDERSPECIFIED nonunique_grounding ok
[7/40] crt-000110 OMISSION nonunique_grounding ok
[8/40] crt-000110 UNDERSPECIFIED nonunique_grounding ok
[9/40] lin-000253 OMISSION nonunique_grounding ok
[10/40] lin-000253 UNDERSPECIFIED nonunique_grounding ok
[11/40] lin-000254 OMISSION nonunique_grounding ok
[12/40] lin-000254 UNDERSPECIFIED nonunique_grounding ok
[13/40] ran-000589 OMISSION nonunique_grounding ok
[14/40] ran-000589 UNDERSPECIFIED nonunique_grounding ok
[15/40] gra-000237 OMISSION nonunique_grounding ok
[16/40] gra-000237 UNDERSPECIFIED nonunique_grounding ok
[17/40] lin-000292 OMISSION nonunique_grounding ok
[18/40] lin-000292 UNDERSPECIFIED nonunique_grounding ok
[19/40] crt-000108 OMISSION nonunique_grounding ok
[20/40] crt-000108 UNDERSPECIFIED nonunique_grounding ok
[21/40] gra-000213 OMISSION nonunique_grounding ok
[22/40] gra-000213 UNDERSPECIFIED nonunique_grounding ok
[23/40] lin-000293 OMISSION nonunique_grounding ok
[24/40] lin-000293 UNDERSPECIFIED nonunique_grounding ok
[25/40] ran-000563 OMISSION nonunique_grounding ok
[26/40] ran-000563 UNDERSPECIFIED nonunique_grounding ok
[27/40] lin-000281 OMISSION nonunique_grounding ok
[28/40] lin-000281 UNDERSPECIFIED nonunique_grounding ok
[29/40] ran-000548 OMISSION nonunique_grounding ok
[30/40] ran-000548 UNDERSPECIFIED nonunique_grounding ok
[31/40] ran-000547 OMISSION nonunique_grounding ok
[32/40] ran-000547 UNDERSPECIFIED nonunique_grounding ok
[33/40] lin-000275 OMISSION nonunique_grounding ok
[34/40] lin-000275 UNDERSPECIFIED nonunique_grounding ok
[35/40] crt-000065 OMISSION nonunique_grounding ok
[36/40] crt-000065 UNDERSPECIFIED nonunique_grounding ok
[37/40] ran-000541 OMISSION nonunique_grounding ok
[38/40] ran-000541 UNDERSPECIFIED nonunique_grounding ok
[39/40] ran-000558 OMISSION nonunique_grounding ok
[40/40] ran-000558 UNDERSPECIFIED nonunique_grounding ok
