[1/60] lin-000241 OMISSION nonunique ok
[2/60] lin-000241 UNDERSPECIFIED nonunique ok
[3/60] lin-000262 OMISSION nonunique ok
[4/60] lin-000262 UNDERSPECIFIED nonunique ok
[5/60] mom-000381 OMISSION nonunique ok
[6/60] mom-000381 UNDERSPECIFIED nonunique ok
[7/60] lin-000248 OMISSION nonunique ok
[8/60] lin-000248 UNDERSPECIFIED nonunique ok
[9/60] crt-000095 OMISSION nonunique ok
[10/60] crt-000095 UNDERSPECIFIED nonunique ok
[11/60] crt-000063 OMISSION nonunique ok
[12/60] crt-000063 UNDERSPECIFIED nonunique ok
[13/60] crt-000102 OMISSION nonunique ok
[14/60] crt-000102 UNDERSPECIFIED nonunique ok
[15/60] mom-000405 OMISSION nonunique ok
[16/60] mom-000405 UNDERSPECIFIED nonunique ok
[17/60] mom-000371 OMISSION nonunique ok
[18/60] mom-000371 UNDERSPECIFIED nonunique ok
[19/60] gra-000220 OMISSION nonunique ok
[20/60] gra-000220 UNDERSPECIFIED nonunique ok
[21/60] crt-000076 OMISSION nonunique ok
[22/60] crt-000076 UNDERSPECIFIED nonunique ok
[23/60] mom-000408 OMISSION nonunique ok
[24/60] mom-000408 UNDERSPECIFIED nonunique ok
[25/60] lin-000284 OMISSION nonunique ok
[26/60] lin-000284 UNDERSPECIFIED nonunique ok
[27/60] lin-000298 OMISSION nonunique ok
[28/60] lin-000298 UNDERSPECIFIED nonunique ok
[29/60] mom-000362 OMISSION nonunique ok
[30/60] mom-000362 UNDERSPECIFIED nonunique ok
[31/60] crt-000085 OMISSION nonunique ok
[32/60] crt-000085 UNDERSPECIFIED nonunique ok
[33/60] gra-000235 OMISSION nonunique ok
[34/60] gra-000235 UNDERSPECIFIED nonunique ok
[35/60] ran-000594 OMISSION nonunique ok
[36/60] ran-000594 UNDERSPECIFIED nonunique ok
[37/60] mom-000379 OMISSION nonunique ok
[38/60] mom-000379 UNDERSPECIFIED nonunique ok
[39/60] mom-000407 OMISSION nonunique ok
[40/60] mom-000407 UNDERSPECIFIED nonunique ok
[41/60] ran-000577 OMISSION nonunique ok
[42/60] ran-000577 UNDERSPECIFIED nonunique ok
[43/60] mom-000415 OMISSION nonunique ok
[44/60] mom-000415 UNDERSPECIFIED nonunique ok
[45/60] mom-000365 OMISSION nonunique ok
[46/60] mom-000365 UNDERSPECIFIED nonunique ok
[47/60] mom-000377 OMISSION nonunique ok
[48/60] mom-000377 UNDERSPECIFIED nonunique ok
[49/60] gra-000238 OMISSION nonunique ok
[50/60] gra-000238 UNDERSPECIFIED nonunique ok
[51/60] crt-000114 OMISSION nonunique ok
[52/60] crt-000114 UNDERSPECIFIED nonunique ok
[53/60] ran-000578 OMISSION nonunique ok
[54/60] ran-000578 UNDERSPECIFIED nonunique ok
[55/60] mom-000387 OMISSION nonunique ok
[56/60] mom-000387 UNDERSPECIFIED nonunique ok
[57/60] lin-000246 OMISSION nonunique ok
[58/60] lin-000246 UNDERSPECIFIED nonunique ok
[59/60] mom-000372 OMISSION nonunique ok
[60/60] mom-000372 UNDERSPECIFIED nonunique ok
