[1/150] mom-000409 OMISSION self_review ok
[2/150] mom-000409 OMISSION nonunique ok
[3/150] mom-000409 OMISSION nonunique_grounding ok
[4/150] mom-000409 UNDERSPECIFIED self_review ok
[5/150] mom-000409 UNDERSPECIFIED nonunique ok
[6/150] mom-000409 UNDERSPECIFIED nonunique_grounding ok
[7/150] lin-000258 OMISSION self_review ok
[8/150] lin-000258 OMISSION nonunique ok
[9/150] lin-000258 OMISSION nonunique_grounding ok
[10/150] lin-000258 UNDERSPECIFIED self_review ok
[11/150] lin-000258 UNDERSPECIFIED nonunique ok
[12/150] lin-000258 UNDERSPECIFIED nonunique_grounding ok
[13/150] ran-000542 OMISSION self_review ok
[14/150] ran-000542 OMISSION nonunique ok
[15/150] ran-000542 OMISSION nonunique_grounding ok
[16/150] ran-000542 UNDERSPECIFIED self_review ok
[17/150] ran-000542 UNDERSPECIFIED nonunique ok
[18/150] ran-000542 UNDERSPECIFIED nonunique_grounding ok
[19/150] gra-000200 OMISSION self_review ok
[20/150] gra-000200 OMISSION nonunique ok
[21/150] gra-000200 OMISSION nonunique_grounding ok
[22/150] gra-000200 UNDERSPECIFIED self_review ok
[23/150] gra-000200 UNDERSPECIFIED nonunique ok
[24/150] gra-000200 UNDERSPECIFIED nonunique_grounding ok
[25/150] gra-000184 OMISSION self_review ok
[26/150] gra-000184 OMISSION nonunique ok
[27/150] gra-000184 OMISSION nonunique_grounding ok
[28/150] gra-000184 UNDERSPECIFIED self_review ok
[29/150] gra-000184 UNDERSPECIFIED nonunique ok
[30/150] gra-000184 UNDERSPECIFIED nonunique_grounding ok
[31/150] lin-000285 OMISSION self_review ok
[32/150] lin-000285 OMISSION nonunique ok
[33/150] lin-000285 OMISSION nonunique_grounding ok
[34/150] lin-000285 UNDERSPECIFIED self_review ok
[35/150] lin-000285 UNDERSPECIFIED nonunique ok
[36/150] lin-000285 UNDERSPECIFIED nonunique_grounding ok
[37/150] lin-000257 OMISSION self_review ok
[38/150] lin-000257 OMISSION nonunique ok
[39/150] lin-000257 OMISSION nonunique_grounding ok
[40/150] lin-000257 UNDERSPECIFIED self_review ok
[41/150] lin-000257 UNDERSPECIFIED nonunique ok
[42/150] lin-000257 UNDERSPECIFIED nonunique_grounding ok
[43/150] crt-000118 OMISSION self_review ok
[44/150] crt-000118 OMISSION nonunique ok
[45/150] crt-000118 OMISSION nonunique_grounding ok
[46/150] crt-000118 UNDERSPECIFIED self_review ok
[47/150] crt-000118 UNDERSPECIFIED nonunique ok
[48/150] crt-000118 UNDERSPECIFIED nonunique_grounding ok
[49/150] lin-000268 OMISSION self_review ok
[50/150] lin-000268 OMISSION nonunique error
[51/150] lin-000268 OMISSION nonunique_grounding ok
[52/150] lin-000268 UNDERSPECIFIED self_review error
[53/150] lin-000268 UNDERSPECIFIED nonunique error
[54/150] lin-000268 UNDERSPECIFIED nonunique_grounding error
[55/150] gra-000212 OMISSION self_review error
[56/150] gra-000212 OMISSION nonunique error
[57/150] gra-000212 OMISSION nonunique_grounding error
[58/150] gra-000212 UNDERSPECIFIED self_review error
[59/150] gra-000212 UNDERSPECIFIED nonunique error
[60/150] gra-000212 UNDERSPECIFIED nonunique_grounding error
[61/150] lin-000296 OMISSION self_review error
[62/150] lin-000296 OMISSION nonunique error
[63/150] lin-000296 OMISSION nonunique_grounding error
[64/150] lin-000296 UNDERSPECIFIED self_review error
[65/150] lin-000296 UNDERSPECIFIED nonunique error
[66/150] lin-000296 UNDERSPECIFIED nonunique_grounding error
[67/150] lin-000242 OMISSION self_review error
[68/150] lin-000242 OMISSION nonunique error
[69/150] lin-000242 OMISSION nonunique_grounding error
[70/150] lin-000242 UNDERSPECIFIED self_review error
[71/150] lin-000242 UNDERSPECIFIED nonunique error
[72/150] lin-000242 UNDERSPECIFIED nonunique_grounding error
[73/150] ran-000599 OMISSION self_review error
[74/150] ran-000599 OMISSION nonunique error
[75/150] ran-000599 OMISSION nonunique_grounding error
[76/150] ran-000599 UNDERSPECIFIED self_review error
[77/150] ran-000599 UNDERSPECIFIED nonunique error
[78/150] ran-000599 UNDERSPECIFIED nonunique_grounding error
[79/150] lin-000250 OMISSION self_review error
[80/150] lin-000250 OMISSION nonunique error
[81/150] lin-000250 OMISSION nonunique_grounding error
[82/150] lin-000250 UNDERSPECIFIED self_review error
[83/150] lin-000250 UNDERSPECIFIED nonunique error
[84/150] lin-000250 UNDERSPECIFIED nonunique_grounding error
[85/150] mom-000361 OMISSION self_review ok
[86/150] mom-000361 OMISSION nonunique ok
[87/150] mom-000361 OMISSION nonunique_grounding ok
[88/150] mom-000361 UNDERSPECIFIED self_review ok
[89/150] mom-000361 UNDERSPECIFIED nonunique error
[90/150] mom-000361 UNDERSPECIFIED nonunique_grounding ok
[91/150] crt-000109 OMISSION self_review error
[92/150] crt-000109 OMISSION nonunique ok
[93/150] crt-000109 OMISSION nonunique_grounding ok
[94/150] crt-000109 UNDERSPECIFIED self_review ok
[95/150] crt-000109 UNDERSPECIFIED nonunique ok
[96/150] crt-000109 UNDERSPECIFIED nonunique_grounding ok
[97/150] gra-000228 OMISSION self_review ok
[98/150] gra-000228 OMISSION nonunique ok
[99/150] gra-000228 OMISSION nonunique_grounding ok
[100/150] gra-000228 UNDERSPECIFIED self_review error
[101/150] gra-000228 UNDERSPECIFIED nonunique error
[102/150] gra-000228 UNDERSPECIFIED nonunique_grounding ok
[103/150] ran-000587 OMISSION self_review ok
[104/150] ran-000587 OMISSION nonunique ok
[105/150] ran-000587 OMISSION nonunique_grounding ok
[106/150] ran-000587 UNDERSPECIFIED self_review ok
[107/150] ran-000587 UNDERSPECIFIED nonunique ok
[108/150] ran-000587 UNDERSPECIFIED nonunique_grounding ok
[109/150] ran-000552 OMISSION self_review ok
[110/150] ran-000552 OMISSION nonunique ok
[111/150] ran-000552 OMISSION nonunique_grounding ok
[112/150] ran-000552 UNDERSPECIFIED self_review ok
[113/150] ran-000552 UNDERSPECIFIED nonunique ok
[114/150] ran-000552 UNDERSPECIFIED nonunique_grounding ok
[115/150] lin-000266 OMISSION self_review ok
[116/150] lin-000266 OMISSION nonunique ok
[117/150] lin-000266 OMISSION nonunique_grounding ok
[118/150] lin-000266 UNDERSPECIFIED self_review ok
[119/150] lin-000266 UNDERSPECIFIED nonunique ok
[120/150] lin-000266 UNDERSPECIFIED nonunique_grounding ok
[121/150] gra-000225 OMISSION self_review ok
[122/150] gra-000225 OMISSION nonunique ok
[123/150] gra-000225 OMISSION nonunique_grounding ok
[124/150] gra-000225 UNDERSPECIFIED self_review ok
[125/150] gra-000225 UNDERSPECIFIED nonunique ok
[126/150] gra-000225 UNDERSPECIFIED nonunique_grounding ok
[127/150] crt-000119 OMISSION self_review ok
[128/150] crt-000119 OMISSION nonunique error
[129/150] crt-000119 OMISSION nonunique_grounding error
[130/150] crt-000119 UNDERSPECIFIED self_review ok
[131/150] crt-000119 UNDERSPECIFIED nonunique ok
[132/150] crt-000119 UNDERSPECIFIED nonunique_grounding ok
[133/150] ran-000553 OMISSION self_review ok
[134/150] ran-000553 OMISSION nonunique ok
[135/150] ran-000553 OMISSION nonunique_grounding ok
[136/150] ran-000553 UNDERSPECIFIED self_review ok
[137/150] ran-000553 UNDERSPECIFIED nonunique ok
[138/150] ran-000553 UNDERSPECIFIED nonunique_grounding ok
[139/150] lin-000290 OMISSION self_review ok
[140/150] lin-000290 OMISSION nonunique ok
[141/150] lin-000290 OMISSION nonunique_grounding ok
[142/150] lin-000290 UNDERSPECIFIED self_review ok
[143/150] lin-000290 UNDERSPECIFIED nonunique ok
[144/150] lin-000290 UNDERSPECIFIED nonunique_grounding ok
[145/150] crt-000061 OMISSION self_review ok
[146/150] crt-000061 OMISSION nonunique ok
[147/150] crt-000061 OMISSION nonunique_grounding ok
[148/150] crt-000061 UNDERSPECIFIED self_review ok
[149/150] crt-000061 UNDERSPECIFIED nonunique ok
[150/150] crt-000061 UNDERSPECIFIED nonunique_grounding ok
[111/150] lin-000268 OMISSION nonunique ok
[112/150] lin-000268 UNDERSPECIFIED self_review ok
[113/150] lin-000268 UNDERSPECIFIED nonunique ok
[114/150] lin-000268 UNDERSPECIFIED nonunique_grounding ok
[115/150] gra-000212 OMISSION self_review ok
[116/150] gra-000212 OMISSION nonunique ok
[117/150] gra-000212 OMISSION nonunique_grounding ok
[118/150] gra-000212 UNDERSPECIFIED self_review ok
[119/150] gra-000212 UNDERSPECIFIED nonunique ok
[120/150] gra-000212 UNDERSPECIFIED nonunique_grounding ok
[121/150] lin-000296 OMISSION self_review ok
[122/150] lin-000296 OMISSION nonunique ok
[123/150] lin-000296 OMISSION nonunique_grounding ok
[124/150] lin-000296 UNDERSPECIFIED self_review ok
[125/150] lin-000296 UNDERSPECIFIED nonunique ok
[126/150] lin-000296 UNDERSPECIFIED nonunique_grounding ok
[127/150] lin-000242 OMISSION self_review ok
[128/150] lin-000242 OMISSION nonunique ok
[129/150] lin-000242 OMISSION nonunique_grounding ok
[130/150] lin-000242 UNDERSPECIFIED self_review ok
[131/150] lin-000242 UNDERSPECIFIED nonunique ok
[132/150] lin-000242 UNDERSPECIFIED nonunique_grounding ok
[133/150] ran-000599 OMISSION self_review ok
[134/150] ran-000599 OMISSION nonunique ok
[135/150] ran-000599 OMISSION nonunique_grounding ok
[136/150] ran-000599 UNDERSPECIFIED self_review ok
[137/150] ran-000599 UNDERSPECIFIED nonunique ok
[138/150] ran-000599 UNDERSPECIFIED nonunique_grounding ok
[139/150] lin-000250 OMISSION self_review ok
[140/150] lin-000250 OMISSION nonunique ok
[141/150] lin-000250 OMISSION nonunique_grounding ok
[142/150] lin-000250 UNDERSPECIFIED self_review ok
[143/150] lin-000250 UNDERSPECIFIED nonunique ok
[144/150] lin-000250 UNDERSPECIFIED nonunique_grounding ok
[145/150] mom-000361 UNDERSPECIFIED nonunique ok
[146/150] crt-000109 OMISSION self_review ok
[147/150] gra-000228 UNDERSPECIFIED self_review ok
[148/150] gra-000228 UNDERSPECIFIED nonunique ok
[149/150] crt-000119 OMISSION nonunique ok
[150/150] crt-000119 OMISSION nonunique_grounding ok
