[1/150] ran-000592 OMISSION target_witness ok
[2/150] ran-000592 OMISSION minimal_witness ok
[3/150] ran-000592 OMISSION targetcheck ok
[4/150] ran-000592 UNDERSPECIFIED target_witness ok
[5/150] ran-000592 UNDERSPECIFIED minimal_witness ok
[6/150] ran-000592 UNDERSPECIFIED targetcheck ok
[7/150] crt-000072 OMISSION target_witness ok
[8/150] crt-000072 OMISSION minimal_witness ok
[9/150] crt-000072 OMISSION targetcheck ok
[10/150] crt-000072 UNDERSPECIFIED target_witness ok
[11/150] crt-000072 UNDERSPECIFIED minimal_witness ok
[12/150] crt-000072 UNDERSPECIFIED targetcheck ok
[13/150] gra-000223 OMISSION target_witness ok
[14/150] gra-000223 OMISSION minimal_witness ok
[15/150] gra-000223 OMISSION targetcheck ok
[16/150] gra-000223 UNDERSPECIFIED target_witness ok
[17/150] gra-000223 UNDERSPECIFIED minimal_witness ok
[18/150] gra-000223 UNDERSPECIFIED targetcheck ok
[19/150] ran-000573 OMISSION target_witness ok
[20/150] ran-000573 OMISSION minimal_witness ok
[21/150] ran-000573 OMISSION targetcheck ok
[22/150] ran-000573 UNDERSPECIFIED target_witness ok
[23/150] ran-000573 UNDERSPECIFIED minimal_witness ok
[24/150] ran-000573 UNDERSPECIFIED targetcheck ok
[25/150] mom-000400 OMISSION target_witness ok
[26/150] mom-000400 OMISSION minimal_witness ok
[27/150] mom-000400 OMISSION targetcheck ok
[28/150] mom-000400 UNDERSPECIFIED target_witness ok
[29/150] mom-000400 UNDERSPECIFIED minimal_witness ok
[30/150] mom-000400 UNDERSPECIFIED targetcheck ok
[31/150] crt-000066 OMISSION target_witness ok
[32/150] crt-000066 OMISSION minimal_witness ok
[33/150] crt-000066 OMISSION targetcheck ok
[34/150] crt-000066 UNDERSPECIFIED target_witness ok
[35/150] crt-000066 UNDERSPECIFIED minimal_witness ok
[36/150] crt-000066 UNDERSPECIFIED targetcheck ok
[37/150] crt-000084 OMISSION target_witness ok
[38/150] crt-000084 OMISSION minimal_witness ok
[39/150] crt-000084 OMISSION targetcheck ok
[40/150] crt-000084 UNDERSPECIFIED target_witness ok
[41/150] crt-000084 UNDERSPECIFIED minimal_witness ok
[42/150] crt-000084 UNDERSPECIFIED targetcheck ok
[43/150] ran-000546 OMISSION target_witness ok
[44/150] ran-000546 OMISSION minimal_witness ok
[45/150] ran-000546 OMISSION targetcheck ok
[46/150] ran-000546 UNDERSPECIFIED target_witness ok
[47/150] ran-000546 UNDERSPECIFIED minimal_witness ok
[48/150] ran-000546 UNDERSPECIFIED targetcheck ok
[49/150] lin-000265 OMISSION target_witness error
[50/150] lin-000265 OMISSION minimal_witness error
[51/150] lin-000265 OMISSION targetcheck error
[52/150] lin-000265 UNDERSPECIFIED target_witness error
[53/150] lin-000265 UNDERSPECIFIED minimal_witness error
[54/150] lin-000265 UNDERSPECIFIED targetcheck error
[55/150] gra-000232 OMISSION target_witness error
[56/150] gra-000232 OMISSION minimal_witness error
[57/150] gra-000232 OMISSION targetcheck error
[58/150] gra-000232 UNDERSPECIFIED target_witness error
[59/150] gra-000232 UNDERSPECIFIED minimal_witness error
[60/150] gra-000232 UNDERSPECIFIED targetcheck error
[61/150] ran-000576 OMISSION target_witness error
[62/150] ran-000576 OMISSION minimal_witness error
[63/150] ran-000576 OMISSION targetcheck error
[64/150] ran-000576 UNDERSPECIFIED target_witness error
[65/150] ran-000576 UNDERSPECIFIED minimal_witness error
[66/150] ran-000576 UNDERSPECIFIED targetcheck error
[67/150] crt-000096 OMISSION target_witness error
[68/150] crt-000096 OMISSION minimal_witness error
[69/150] crt-000096 OMISSION targetcheck error
[70/150] crt-000096 UNDERSPECIFIED target_witness error
[71/150] crt-000096 UNDERSPECIFIED minimal_witness error
[72/150] crt-000096 UNDERSPECIFIED targetcheck ok
[73/150] mom-000375 OMISSION target_witness ok
[74/150] mom-000375 OMISSION minimal_witness ok
[75/150] mom-000375 OMISSION targetcheck ok
[76/150] mom-000375 UNDERSPECIFIED target_witness ok
[77/150] mom-000375 UNDERSPECIFIED minimal_witness error
[78/150] mom-000375 UNDERSPECIFIED targetcheck error
[79/150] crt-000074 OMISSION target_witness ok
[80/150] crt-000074 OMISSION minimal_witness ok
[81/150] crt-000074 OMISSION targetcheck ok
[82/150] crt-000074 UNDERSPECIFIED target_witness ok
[83/150] crt-000074 UNDERSPECIFIED minimal_witness ok
[84/150] crt-000074 UNDERSPECIFIED targetcheck ok
[85/150] lin-000243 OMISSION target_witness ok
[86/150] lin-000243 OMISSION minimal_witness ok
[87/150] lin-000243 OMISSION targetcheck ok
[88/150] lin-000243 UNDERSPECIFIED target_witness ok
[89/150] lin-000243 UNDERSPECIFIED minimal_witness error
[90/150] lin-000243 UNDERSPECIFIED targetcheck error
[91/150] lin-000280 OMISSION target_witness error
[92/150] lin-000280 OMISSION minimal_witness ok
[93/150] lin-000280 OMISSION targetcheck ok
[94/150] lin-000280 UNDERSPECIFIED target_witness ok
[95/150] lin-000280 UNDERSPECIFIED minimal_witness ok
[96/150] lin-000280 UNDERSPECIFIED targetcheck ok
[97/150] gra-000203 OMISSION target_witness ok
[98/150] gra-000203 OMISSION minimal_witness ok
[99/150] gra-000203 OMISSION targetcheck ok
[100/150] gra-000203 UNDERSPECIFIED target_witness ok
[101/150] gra-000203 UNDERSPECIFIED minimal_witness error
[102/150] gra-000203 UNDERSPECIFIED targetcheck ok
[103/150] ran-000571 OMISSION target_witness ok
[104/150] ran-000571 OMISSION minimal_witness ok
[105/150] ran-000571 OMISSION targetcheck ok
[106/150] ran-000571 UNDERSPECIFIED target_witness ok
[107/150] ran-000571 UNDERSPECIFIED minimal_witness error
[108/150] ran-000571 UNDERSPECIFIED targetcheck ok
[109/150] crt-000111 OMISSION target_witness ok
[110/150] crt-000111 OMISSION minimal_witness ok
[111/150] crt-000111 OMISSION targetcheck ok
[112/150] crt-000111 UNDERSPECIFIED target_witness ok
[113/150] crt-000111 UNDERSPECIFIED minimal_witness ok
[114/150] crt-000111 UNDERSPECIFIED targetcheck ok
[115/150] ran-000574 OMISSION target_witness ok
[116/150] ran-000574 OMISSION minimal_witness ok
[117/150] ran-000574 OMISSION targetcheck ok
[118/150] ran-000574 UNDERSPECIFIED target_witness ok
[119/150] ran-000574 UNDERSPECIFIED minimal_witness ok
[120/150] ran-000574 UNDERSPECIFIED targetcheck ok
[121/150] gra-000188 OMISSION target_witness ok
[122/150] gra-000188 OMISSION minimal_witness ok
[123/150] gra-000188 OMISSION targetcheck ok
[124/150] gra-000188 UNDERSPECIFIED target_witness ok
[125/150] gra-000188 UNDERSPECIFIED minimal_witness ok
[126/150] gra-000188 UNDERSPECIFIED targetcheck ok
[127/150] lin-000289 OMISSION target_witness ok
[128/150] lin-000289 OMISSION minimal_witness ok
[129/150] lin-000289 OMISSION targetcheck ok
[130/150] lin-000289 UNDERSPECIFIED target_witness ok
[131/150] lin-000289 UNDERSPECIFIED minimal_witness ok
[132/150] lin-000289 UNDERSPECIFIED targetcheck ok
[133/150] crt-000082 OMISSION target_witness ok
[134/150] crt-000082 OMISSION minimal_witness ok
[135/150] crt-000082 OMISSION targetcheck ok
[106/150] lin-000265 OMISSION target_witness ok
[107/150] lin-000265 OMISSION minimal_witness ok
[108/150] lin-000265 OMISSION targetcheck ok
[109/150] lin-000265 UNDERSPECIFIED target_witness ok
[110/150] lin-000265 UNDERSPECIFIED minimal_witness ok
[111/150] lin-000265 UNDERSPECIFIED targetcheck ok
[112/150] gra-000232 OMISSION target_witness ok
[113/150] gra-000232 OMISSION minimal_witness ok
[114/150] gra-000232 OMISSION targetcheck ok
[115/150] gra-000232 UNDERSPECIFIED target_witness ok
[116/150] gra-000232 UNDERSPECIFIED minimal_witness ok
[117/150] gra-000232 UNDERSPECIFIED targetcheck ok
[118/150] ran-000576 OMISSION target_witness ok
[119/150] ran-000576 OMISSION minimal_witness ok
[120/150] ran-000576 OMISSION targetcheck ok
[121/150] ran-000576 UNDERSPECIFIED target_witness ok
[122/150] ran-000576 UNDERSPECIFIED minimal_witness ok
[123/150] ran-000576 UNDERSPECIFIED targetcheck ok
[124/150] crt-000096 OMISSION target_witness ok
[125/150] crt-000096 OMISSION minimal_witness ok
[126/150] crt-000096 OMISSION targetcheck ok
[127/150] crt-000096 UNDERSPECIFIED target_witness ok
[128/150] crt-000096 UNDERSPECIFIED minimal_witness ok
[129/150] mom-000375 UNDERSPECIFIED minimal_witness ok
[130/150] mom-000375 UNDERSPECIFIED targetcheck ok
[131/150] lin-000243 UNDERSPECIFIED minimal_witness ok
[132/150] lin-000243 UNDERSPECIFIED targetcheck ok
[133/150] lin-000280 OMISSION target_witness ok
[134/150] gra-000203 UNDERSPECIFIED minimal_witness ok
[135/150] ran-000571 UNDERSPECIFIED minimal_witness ok
[136/150] crt-000082 UNDERSPECIFIED target_witness ok
[137/150] crt-000082 UNDERSPECIFIED minimal_witness ok
[138/150] crt-000082 UNDERSPECIFIED targetcheck ok
[139/150] ran-000562 OMISSION target_witness ok
[140/150] ran-000562 OMISSION minimal_witness ok
[141/150] ran-000562 OMISSION targetcheck ok
[142/150] ran-000562 UNDERSPECIFIED target_witness ok
[143/150] ran-000562 UNDERSPECIFIED minimal_witness ok
[144/150] ran-000562 UNDERSPECIFIED targetcheck ok
[145/150] gra-000207 OMISSION target_witness ok
[146/150] gra-000207 OMISSION minimal_witness ok
[147/150] gra-000207 OMISSION targetcheck ok
[148/150] gra-000207 UNDERSPECIFIED target_witness ok
[149/150] gra-000207 UNDERSPECIFIED minimal_witness ok
[150/150] gra-000207 UNDERSPECIFIED targetcheck ok
