[1/50] gra-000227 OMISSION self_review ok
[2/50] gra-000227 UNDERSPECIFIED self_review ok
[3/50] crt-000080 OMISSION self_review ok
[4/50] crt-000080 UNDERSPECIFIED self_review ok
[5/50] mom-000401 OMISSION self_review ok
[6/50] mom-000401 UNDERSPECIFIED self_review ok
[7/50] crt-000064 OMISSION self_review ok
[8/50] crt-000064 UNDERSPECIFIED self_review ok
[9/50] mom-000395 OMISSION self_review ok
[10/50] mom-000395 UNDERSPECIFIED self_review ok
[11/50] lin-000274 OMISSION self_review ok
[12/50] lin-000274 UNDERSPECIFIED self_review ok
[13/50] mom-000398 OMISSION self_review ok
[14/50] mom-000398 UNDERSPECIFIED self_review ok
[15/50] mom-000414 OMISSION self_review ok
[16/50] mom-000414 UNDERSPECIFIED self_review ok
[17/50] ran-000568 OMISSION self_review ok
[18/50] ran-000568 UNDERSPECIFIED self_review ok
[19/50] gra-000193 OMISSION self_review ok
[20/50] gra-000193 UNDERSPECIFIED self_review ok
[21/50] ran-000575 OMISSION self_review ok
[22/50] ran-000575 UNDERSPECIFIED self_review ok
[23/50] gra-000206 OMISSION self_review ok
[24/50] gra-000206 UNDERSPECIFIED self_review ok
[25/50] ran-000549 OMISSION self_review ok
[26/50] ran-000549 UNDERSPECIFIED self_review ok
[27/50] crt-000103 OMISSION self_review ok
[28/50] crt-000103 UNDERSPECIFIED self_review ok
[29/50] gra-000210 OMISSION self_review ok
[30/50] gra-000210 UNDERSPECIFIED self_review ok
[31/50] lin-000272 OMISSION self_review ok
[32/50] lin-000272 UNDERSPECIFIED self_review ok
[33/50] mom-000366 OMISSION self_review ok
[34/50] mom-000366 UNDERSPECIFIED self_review ok
[35/50] gra-000202 OMISSION self_review ok
[36/50] gra-000202 UNDERSPECIFIED self_review ok
[37/50] crt-000113 OMISSION self_review ok
[38/50] crt-000113 UNDERSPECIFIED self_review ok
[39/50] mom-000388 OMISSION self_review ok
[40/50] mom-000388 UNDERSPECIFIED self_review ok
[41/50] mom-000385 OMISSION self_review ok
[42/50] mom-000385 UNDERSPECIFIED self_review ok
[43/50] gra-000229 OMISSION self_review ok
[44/50] gra-000229 UNDERSPECIFIED self_review ok
[45/50] lin-000286 OMISSION self_review ok
[46/50] lin-000286 UNDERSPECIFIED self_review ok
[47/50] gra-000192 OMISSION self_review ok
[48/50] gra-000192 UNDERSPECIFIED self_review ok
[49/50] lin-000299 OMISSION self_review ok
[50/50] lin-000299 UNDERSPECIFIED self_review ok
