[1/50] gra-000227 OMISSION minimal_witness_grounding ok
[2/50] gra-000227 UNDERSPECIFIED minimal_witness_grounding ok
[3/50] crt-000080 OMISSION minimal_witness_grounding ok
[4/50] crt-000080 UNDERSPECIFIED minimal_witness_grounding ok
[5/50] mom-000401 OMISSION minimal_witness_grounding ok
[6/50] mom-000401 UNDERSPECIFIED minimal_witness_grounding ok
[7/50] crt-000064 OMISSION minimal_witness_grounding ok
[8/50] crt-000064 UNDERSPECIFIED minimal_witness_grounding ok
[9/50] mom-000395 OMISSION minimal_witness_grounding ok
[10/50] mom-000395 UNDERSPECIFIED minimal_witness_grounding ok
[11/50] lin-000274 OMISSION minimal_witness_grounding ok
[12/50] lin-000274 UNDERSPECIFIED minimal_witness_grounding ok
[13/50] mom-000398 OMISSION minimal_witness_grounding ok
[14/50] mom-000398 UNDERSPECIFIED minimal_witness_grounding ok
[15/50] mom-000414 OMISSION minimal_witness_grounding ok
[16/50] mom-000414 UNDERSPECIFIED minimal_witness_grounding ok
[17/50] ran-000568 OMISSION minimal_witness_grounding ok
[18/50] ran-000568 UNDERSPECIFIED minimal_witness_grounding ok
[19/50] gra-000193 OMISSION minimal_witness_grounding ok
[20/50] gra-000193 UNDERSPECIFIED minimal_witness_grounding ok
[21/50] ran-000575 OMISSION minimal_witness_grounding ok
[22/50] ran-000575 UNDERSPECIFIED minimal_witness_grounding ok
[23/50] gra-000206 OMISSION minimal_witness_grounding ok
[24/50] gra-000206 UNDERSPECIFIED minimal_witness_grounding ok
[25/50] ran-000549 OMISSION minimal_witness_grounding ok
[26/50] ran-000549 UNDERSPECIFIED minimal_witness_grounding ok
[27/50] crt-000103 OMISSION minimal_witness_grounding ok
[28/50] crt-000103 UNDERSPECIFIED minimal_witness_grounding ok
[29/50] gra-000210 OMISSION minimal_witness_grounding ok
[30/50] gra-000210 UNDERSPECIFIED minimal_witness_grounding ok
[31/50] lin-000272 OMISSION minimal_witness_grounding ok
[32/50] lin-000272 UNDERSPECIFIED minimal_witness_grounding ok
[33/50] mom-000366 OMISSION minimal_witness_grounding ok
[34/50] mom-000366 UNDERSPECIFIED minimal_witness_grounding ok
[35/50] gra-000202 OMISSION minimal_witness_grounding ok
[36/50] gra-000202 UNDERSPECIFIED minimal_witness_grounding ok
[37/50] crt-000113 OMISSION minimal_witness_grounding ok
[38/50] crt-000113 UNDERSPECIFIED minimal_witness_grounding ok
[39/50] mom-000388 OMISSION minimal_witness_grounding ok
[40/50] mom-000388 UNDERSPECIFIED minimal_witness_grounding ok
[41/50] mom-000385 OMISSION minimal_witness_grounding ok
[42/50] mom-000385 UNDERSPECIFIED minimal_witness_grounding ok
[43/50] gra-000229 OMISSION minimal_witness_grounding ok
[44/50] gra-000229 UNDERSPECIFIED minimal_witness_grounding ok
[45/50] lin-000286 OMISSION minimal_witness_grounding ok
[46/50] lin-000286 UNDERSPECIFIED minimal_witness_grounding ok
[47/50] gra-000192 OMISSION minimal_witness_grounding ok
[48/50] gra-000192 UNDERSPECIFIED minimal_witness_grounding ok
[49/50] lin-000299 OMISSION minimal_witness_grounding ok
[50/50] lin-000299 UNDERSPECIFIED minimal_witness_grounding ok
