[1/150] gra-000227 OMISSION self_review ok
[2/150] gra-000227 OMISSION nonunique ok
[3/150] gra-000227 OMISSION nonunique_grounding ok
[4/150] gra-000227 UNDERSPECIFIED self_review ok
[5/150] gra-000227 UNDERSPECIFIED nonunique ok
[6/150] gra-000227 UNDERSPECIFIED nonunique_grounding ok
[7/150] crt-000080 OMISSION self_review ok
[8/150] crt-000080 OMISSION nonunique ok
[9/150] crt-000080 OMISSION nonunique_grounding ok
[10/150] crt-000080 UNDERSPECIFIED self_review ok
[11/150] crt-000080 UNDERSPECIFIED nonunique ok
[12/150] crt-000080 UNDERSPECIFIED nonunique_grounding ok
[13/150] mom-000401 OMISSION self_review ok
[14/150] mom-000401 OMISSION nonunique ok
[15/150] mom-000401 OMISSION nonunique_grounding ok
[16/150] mom-000401 UNDERSPECIFIED self_review ok
[17/150] mom-000401 UNDERSPECIFIED nonunique ok
[18/150] mom-000401 UNDERSPECIFIED nonunique_grounding ok
[19/150] crt-000064 OMISSION self_review ok
[20/150] crt-000064 OMISSION nonunique ok
[21/150] crt-000064 OMISSION nonunique_grounding ok
[22/150] crt-000064 UNDERSPECIFIED self_review ok
[23/150] crt-000064 UNDERSPECIFIED nonunique ok
[24/150] crt-000064 UNDERSPECIFIED nonunique_grounding ok
[25/150] mom-000395 OMISSION self_review ok
[26/150] mom-000395 OMISSION nonunique ok
[27/150] mom-000395 OMISSION nonunique_grounding ok
[28/150] mom-000395 UNDERSPECIFIED self_review ok
[29/150] mom-000395 UNDERSPECIFIED nonunique error
[30/150] mom-000395 UNDERSPECIFIED nonunique_grounding ok
[31/150] lin-000274 OMISSION self_review error
[32/150] lin-000274 OMISSION nonunique error
[33/150] lin-000274 OMISSION nonunique_grounding error
[34/150] lin-000274 UNDERSPECIFIED self_review error
[35/150] lin-000274 UNDERSPECIFIED nonunique error
[36/150] lin-000274 UNDERSPECIFIED nonunique_grounding error
[37/150] mom-000398 OMISSION self_review error
[38/150] mom-000398 OMISSION nonunique error
[39/150] mom-000398 OMISSION nonunique_grounding error
[40/150] mom-000398 UNDERSPECIFIED self_review error
[41/150] mom-000398 UNDERSPECIFIED nonunique error
[42/150] mom-000398 UNDERSPECIFIED nonunique_grounding error
[43/150] mom-000414 OMISSION self_review error
[44/150] mom-000414 OMISSION nonunique error
[45/150] mom-000414 OMISSION nonunique_grounding error
[46/150] mom-000414 UNDERSPECIFIED self_review error
[47/150] mom-000414 UNDERSPECIFIED nonunique error
[48/150] mom-000414 UNDERSPECIFIED nonunique_grounding error
[49/150] ran-000568 OMISSION self_review error
[50/150] ran-000568 OMISSION nonunique ok
[51/150] ran-000568 OMISSION nonunique_grounding ok
[52/150] ran-000568 UNDERSPECIFIED self_review ok
[53/150] ran-000568 UNDERSPECIFIED nonunique error
[54/150] ran-000568 UNDERSPECIFIED nonunique_grounding ok
[55/150] gra-000193 OMISSION self_review error
[56/150] gra-000193 OMISSION nonunique ok
[57/150] gra-000193 OMISSION nonunique_grounding ok
[58/150] gra-000193 UNDERSPECIFIED self_review ok
[59/150] gra-000193 UNDERSPECIFIED nonunique ok
[60/150] gra-000193 UNDERSPECIFIED nonunique_grounding error
[61/150] ran-000575 OMISSION self_review error
[62/150] ran-000575 OMISSION nonunique error
[63/150] ran-000575 OMISSION nonunique_grounding error
[64/150] ran-000575 UNDERSPECIFIED self_review ok
[65/150] ran-000575 UNDERSPECIFIED nonunique ok
[66/150] ran-000575 UNDERSPECIFIED nonunique_grounding ok
[67/150] gra-000206 OMISSION self_review ok
[68/150] gra-000206 OMISSION nonunique ok
[69/150] gra-000206 OMISSION nonunique_grounding ok
[70/150] gra-000206 UNDERSPECIFIED self_review ok
[71/150] gra-000206 UNDERSPECIFIED nonunique ok
[72/150] gra-000206 UNDERSPECIFIED nonunique_grounding ok
[73/150] ran-000549 OMISSION self_review ok
[74/150] ran-000549 OMISSION nonunique ok
[75/150] ran-000549 OMISSION nonunique_grounding ok
[76/150] ran-000549 UNDERSPECIFIED self_review ok
[77/150] ran-000549 UNDERSPECIFIED nonunique ok
[78/150] ran-000549 UNDERSPECIFIED nonunique_grounding ok
[79/150] crt-000103 OMISSION self_review ok
[80/150] crt-000103 OMISSION nonunique ok
[81/150] crt-000103 OMISSION nonunique_grounding ok
[82/150] crt-000103 UNDERSPECIFIED self_review ok
[83/150] crt-000103 UNDERSPECIFIED nonunique ok
[84/150] crt-000103 UNDERSPECIFIED nonunique_grounding ok
[85/150] gra-000210 OMISSION self_review ok
[86/150] gra-000210 OMISSION nonunique ok
[87/150] gra-000210 OMISSION nonunique_grounding ok
[88/150] gra-000210 UNDERSPECIFIED self_review ok
[89/150] gra-000210 UNDERSPECIFIED nonunique ok
[90/150] gra-000210 UNDERSPECIFIED nonunique_grounding ok
[91/150] lin-000272 OMISSION self_review ok
[92/150] lin-000272 OMISSION nonunique ok
[93/150] lin-000272 OMISSION nonunique_grounding ok
[94/150] lin-000272 UNDERSPECIFIED self_review ok
[95/150] lin-000272 UNDERSPECIFIED nonunique ok
[96/150] lin-000272 UNDERSPECIFIED nonunique_grounding ok
[97/150] mom-000366 OMISSION self_review ok
[98/150] mom-000366 OMISSION nonunique ok
[99/150] mom-000366 OMISSION nonunique_grounding ok
[100/150] mom-000366 UNDERSPECIFIED self_review ok
[101/150] mom-000366 UNDERSPECIFIED nonunique ok
[102/150] mom-000366 UNDERSPECIFIED nonunique_grounding ok
[103/150] gra-000202 OMISSION self_review ok
[104/150] gra-000202 OMISSION nonunique ok
[105/150] gra-000202 OMISSION nonunique_grounding ok
[106/150] gra-000202 UNDERSPECIFIED self_review ok
[107/150] gra-000202 UNDERSPECIFIED nonunique ok
[108/150] gra-000202 UNDERSPECIFIED nonunique_grounding ok
[109/150] crt-000113 OMISSION self_review ok
[110/150] crt-000113 OMISSION nonunique ok
[111/150] crt-000113 OMISSION nonunique_grounding ok
[112/150] crt-000113 UNDERSPECIFIED self_review ok
[113/150] crt-000113 UNDERSPECIFIED nonunique ok
[114/150] crt-000113 UNDERSPECIFIED nonunique_grounding ok
[115/150] mom-000388 OMISSION self_review ok
[116/150] mom-000388 OMISSION nonunique ok
[117/150] mom-000388 OMISSION nonunique_grounding ok
[118/150] mom-000388 UNDERSPECIFIED self_review ok
[119/150] mom-000388 UNDERSPECIFIED nonunique ok
[120/150] mom-000388 UNDERSPECIFIED nonunique_grounding ok
[121/150] mom-000385 OMISSION self_review ok
[122/150] mom-000385 OMISSION nonunique ok
[123/150] mom-000385 OMISSION nonunique_grounding ok
[124/150] mom-000385 UNDERSPECIFIED self_review ok
[125/150] mom-000385 UNDERSPECIFIED nonunique ok
[126/150] mom-000385 UNDERSPECIFIED nonunique_grounding ok
[127/150] gra-000229 OMISSION self_review ok
[128/150] gra-000229 OMISSION nonunique ok
[129/150] gra-000229 OMISSION nonunique_grounding ok
[130/150] gra-000229 UNDERSPECIFIED self_review ok
[131/150] gra-000229 UNDERSPECIFIED nonunique ok
[132/150] gra-000229 UNDERSPECIFIED nonunique_grounding ok
[133/150] lin-000286 OMISSION self_review ok
[134/150] lin-000286 OMISSION nonunique ok
[135/150] lin-000286 OMISSION nonunique_grounding ok
[136/150] lin-000286 UNDERSPECIFIED self_review ok
[137/150] lin-000286 UNDERSPECIFIED nonunique ok
[138/150] lin-000286 UNDERSPECIFIED nonunique_grounding ok
[139/150] gra-000192 OMISSION self_review ok
[140/150] gra-000192 OMISSION nonunique ok
[141/150] gra-000192 OMISSION nonunique_grounding ok
[142/150] gra-000192 UNDERSPECIFIED self_review ok
[143/150] gra-000192 UNDERSPECIFIED nonunique ok
[144/150] gra-000192 UNDERSPECIFIED nonunique_grounding ok
[145/150] lin-000299 OMISSION self_review ok
[146/150] lin-000299 OMISSION nonunique ok
[147/150] lin-000299 OMISSION nonunique_grounding ok
[148/150] lin-000299 UNDERSPECIFIED self_review ok
[149/150] lin-000299 UNDERSPECIFIED nonunique ok
[150/150] lin-000299 UNDERSPECIFIED nonunique_grounding ok
[125/150] mom-000395 UNDERSPECIFIED nonunique ok
[126/150] lin-000274 OMISSION self_review ok
[127/150] lin-000274 OMISSION nonunique ok
[128/150] lin-000274 OMISSION nonunique_grounding ok
[129/150] lin-000274 UNDERSPECIFIED self_review ok
[130/150] lin-000274 UNDERSPECIFIED nonunique ok
[131/150] lin-000274 UNDERSPECIFIED nonunique_grounding ok
[132/150] mom-000398 OMISSION self_review ok
[133/150] mom-000398 OMISSION nonunique ok
[134/150] mom-000398 OMISSION nonunique_grounding ok
[135/150] mom-000398 UNDERSPECIFIED self_review ok
[136/150] mom-000398 UNDERSPECIFIED nonunique ok
[137/150] mom-000398 UNDERSPECIFIED nonunique_grounding ok
[138/150] mom-000414 OMISSION self_review ok
[139/150] mom-000414 OMISSION nonunique ok
[140/150] mom-000414 OMISSION nonunique_grounding ok
[141/150] mom-000414 UNDERSPECIFIED self_review ok
[142/150] mom-000414 UNDERSPECIFIED nonunique ok
[143/150] mom-000414 UNDERSPECIFIED nonunique_grounding ok
[144/150] ran-000568 OMISSION self_review ok
[145/150] ran-000568 UNDERSPECIFIED nonunique ok
[146/150] gra-000193 OMISSION self_review ok
[147/150] gra-000193 UNDERSPECIFIED nonunique_grounding ok
[148/150] ran-000575 OMISSION self_review ok
[149/150] ran-000575 OMISSION nonunique ok
[150/150] ran-000575 OMISSION nonunique_grounding ok
