[1/50] ran-000592 OMISSION nonunique ok
[2/50] ran-000592 UNDERSPECIFIED nonunique ok
[3/50] crt-000072 OMISSION nonunique ok
[4/50] crt-000072 UNDERSPECIFIED nonunique ok
[5/50] gra-000223 OMISSION nonunique ok
[6/50] gra-000223 UNDERSPECIFIED nonunique ok
[7/50] ran-000573 OMISSION nonunique ok
[8/50] ran-000573 UNDERSPECIFIED nonunique ok
[9/50] mom-000400 OMISSION nonunique ok
[10/50] mom-000400 UNDERSPECIFIED nonunique ok
[11/50] crt-000066 OMISSION nonunique ok
[12/50] crt-000066 UNDERSPECIFIED nonunique ok
[13/50] crt-000084 OMISSION nonunique ok
[14/50] crt-000084 UNDERSPECIFIED nonunique ok
[15/50] ran-000546 OMISSION nonunique ok
[16/50] ran-000546 UNDERSPECIFIED nonunique ok
[17/50] lin-000265 OMISSION nonunique ok
[18/50] lin-000265 UNDERSPECIFIED nonunique ok
[19/50] gra-000232 OMISSION nonunique ok
[20/50] gra-000232 UNDERSPECIFIED nonunique ok
[21/50] ran-000576 OMISSION nonunique ok
[22/50] ran-000576 UNDERSPECIFIED nonunique ok
[23/50] crt-000096 OMISSION nonunique ok
[24/50] crt-000096 UNDERSPECIFIED nonunique ok
[25/50] mom-000375 OMISSION nonunique ok
[26/50] mom-000375 UNDERSPECIFIED nonunique ok
[27/50] crt-000074 OMISSION nonunique ok
[28/50] crt-000074 UNDERSPECIFIED nonunique ok
[29/50] lin-000243 OMISSION nonunique ok
[30/50] lin-000243 UNDERSPECIFIED nonunique ok
[31/50] lin-000280 OMISSION nonunique ok
[32/50] lin-000280 UNDERSPECIFIED nonunique ok
[33/50] gra-000203 OMISSION nonunique ok
[34/50] gra-000203 UNDERSPECIFIED nonunique ok
[35/50] ran-000571 OMISSION nonunique ok
[36/50] ran-000571 UNDERSPECIFIED nonunique ok
[37/50] crt-000111 OMISSION nonunique ok
[38/50] crt-000111 UNDERSPECIFIED nonunique ok
[39/50] ran-000574 OMISSION nonunique ok
[40/50] ran-000574 UNDERSPECIFIED nonunique ok
[41/50] gra-000188 OMISSION nonunique ok
[42/50] gra-000188 UNDERSPECIFIED nonunique ok
[43/50] lin-000289 OMISSION nonunique ok
[44/50] lin-000289 UNDERSPECIFIED nonunique ok
[45/50] crt-000082 OMISSION nonunique ok
[46/50] crt-000082 UNDERSPECIFIED nonunique ok
[47/50] ran-000562 OMISSION nonunique ok
[48/50] ran-000562 UNDERSPECIFIED nonunique ok
[49/50] gra-000207 OMISSION nonunique ok
[50/50] gra-000207 UNDERSPECIFIED nonunique ok
