[1/50] gra-000227 OMISSION nonunique ok
[2/50] gra-000227 UNDERSPECIFIED nonunique ok
[3/50] crt-000080 OMISSION nonunique ok
[4/50] crt-000080 UNDERSPECIFIED nonunique ok
[5/50] mom-000401 OMISSION nonunique ok
[6/50] mom-000401 UNDERSPECIFIED nonunique ok
[7/50] crt-000064 OMISSION nonunique ok
[8/50] crt-000064 UNDERSPECIFIED nonunique ok
[9/50] mom-000395 OMISSION nonunique ok
[10/50] mom-000395 UNDERSPECIFIED nonunique ok
[11/50] lin-000274 OMISSION nonunique ok
[12/50] lin-000274 UNDERSPECIFIED nonunique ok
[13/50] mom-000398 OMISSION nonunique ok
[14/50] mom-000398 UNDERSPECIFIED nonunique ok
[15/50] mom-000414 OMISSION nonunique ok
[16/50] mom-000414 UNDERSPECIFIED nonunique ok
[17/50] ran-000568 OMISSION nonunique ok
[18/50] ran-000568 UNDERSPECIFIED nonunique ok
[19/50] gra-000193 OMISSION nonunique ok
[20/50] gra-000193 UNDERSPECIFIED nonunique ok
[21/50] ran-000575 OMISSION nonunique ok
[22/50] ran-000575 UNDERSPECIFIED nonunique ok
[23/50] gra-000206 OMISSION nonunique ok
[24/50] gra-000206 UNDERSPECIFIED nonunique ok
[25/50] ran-000549 OMISSION nonunique ok
[26/50] ran-000549 UNDERSPECIFIED nonunique ok
[27/50] crt-000103 OMISSION nonunique ok
[28/50] crt-000103 UNDERSPECIFIED nonunique ok
[29/50] gra-000210 OMISSION nonunique ok
[30/50] gra-000210 UNDERSPECIFIED nonunique ok
[31/50] lin-000272 OMISSION nonunique ok
[32/50] lin-000272 UNDERSPECIFIED nonunique ok
[33/50] mom-000366 OMISSION nonunique ok
[34/50] mom-000366 UNDERSPECIFIED nonunique ok
[35/50] gra-000202 OMISSION nonunique ok
[36/50] gra-000202 UNDERSPECIFIED nonunique ok
[37/50] crt-000113 OMISSION nonunique ok
[38/50] crt-000113 UNDERSPECIFIED nonunique ok
[39/50] mom-000388 OMISSION nonunique ok
[40/50] mom-000388 UNDERSPECIFIED nonunique ok
[41/50] mom-000385 OMISSION nonunique ok
[42/50] mom-000385 UNDERSPECIFIED nonunique ok
[43/50] gra-000229 OMISSION nonunique ok
[44/50] gra-000229 UNDERSPECIFIED nonunique ok
[45/50] lin-000286 OMISSION nonunique ok
[46/50] lin-000286 UNDERSPECIFIED nonunique ok
[47/50] gra-000192 OMISSION nonunique ok
[48/50] gra-000192 UNDERSPECIFIED nonunique ok
[49/50] lin-000299 OMISSION nonunique ok
[50/50] lin-000299 UNDERSPECIFIED nonunique ok
