[1/50] gra-000227 OMISSION grounded_self_review ok
[2/50] gra-000227 UNDERSPECIFIED grounded_self_review ok
[3/50] crt-000080 OMISSION grounded_self_review ok
[4/50] crt-000080 UNDERSPECIFIED grounded_self_review ok
[5/50] mom-000401 OMISSION grounded_self_review ok
[6/50] mom-000401 UNDERSPECIFIED grounded_self_review ok
[7/50] crt-000064 OMISSION grounded_self_review ok
[8/50] crt-000064 UNDERSPECIFIED grounded_self_review ok
[9/50] mom-000395 OMISSION grounded_self_review ok
[10/50] mom-000395 UNDERSPECIFIED grounded_self_review ok
[11/50] lin-000274 OMISSION grounded_self_review ok
[12/50] lin-000274 UNDERSPECIFIED grounded_self_review ok
[13/50] mom-000398 OMISSION grounded_self_review ok
[14/50] mom-000398 UNDERSPECIFIED grounded_self_review ok
[15/50] mom-000414 OMISSION grounded_self_review ok
[16/50] mom-000414 UNDERSPECIFIED grounded_self_review ok
[17/50] ran-000568 OMISSION grounded_self_review ok
[18/50] ran-000568 UNDERSPECIFIED grounded_self_review ok
[19/50] gra-000193 OMISSION grounded_self_review ok
[20/50] gra-000193 UNDERSPECIFIED grounded_self_review ok
[21/50] ran-000575 OMISSION grounded_self_review ok
[22/50] ran-000575 UNDERSPECIFIED grounded_self_review ok
[23/50] gra-000206 OMISSION grounded_self_review ok
[24/50] gra-000206 UNDERSPECIFIED grounded_self_review ok
[25/50] ran-000549 OMISSION grounded_self_review ok
[26/50] ran-000549 UNDERSPECIFIED grounded_self_review ok
[27/50] crt-000103 OMISSION grounded_self_review ok
[28/50] crt-000103 UNDERSPECIFIED grounded_self_review ok
[29/50] gra-000210 OMISSION grounded_self_review ok
[30/50] gra-000210 UNDERSPECIFIED grounded_self_review ok
[31/50] lin-000272 OMISSION grounded_self_review ok
[32/50] lin-000272 UNDERSPECIFIED grounded_self_review ok
[33/50] mom-000366 OMISSION grounded_self_review ok
[34/50] mom-000366 UNDERSPECIFIED grounded_self_review ok
[35/50] gra-000202 OMISSION grounded_self_review ok
[36/50] gra-000202 UNDERSPECIFIED grounded_self_review ok
[37/50] crt-000113 OMISSION grounded_self_review ok
[38/50] crt-000113 UNDERSPECIFIED grounded_self_review ok
[39/50] mom-000388 OMISSION grounded_self_review ok
[40/50] mom-000388 UNDERSPECIFIED grounded_self_review ok
[41/50] mom-000385 OMISSION grounded_self_review ok
[42/50] mom-000385 UNDERSPECIFIED grounded_self_review ok
[43/50] gra-000229 OMISSION grounded_self_review ok
[44/50] gra-000229 UNDERSPECIFIED grounded_self_review ok
[45/50] lin-000286 OMISSION grounded_self_review ok
[46/50] lin-000286 UNDERSPECIFIED grounded_self_review ok
[47/50] gra-000192 OMISSION grounded_self_review ok
[48/50] gra-000192 UNDERSPECIFIED grounded_self_review ok
[49/50] lin-000299 OMISSION grounded_self_review ok
[50/50] lin-000299 UNDERSPECIFIED grounded_self_review ok
