[1/150] mom-000409 OMISSION target_witness ok
[2/150] mom-000409 OMISSION minimal_witness ok
[3/150] mom-000409 OMISSION targetcheck ok
[4/150] mom-000409 UNDERSPECIFIED target_witness ok
[5/150] mom-000409 UNDERSPECIFIED minimal_witness ok
[6/150] mom-000409 UNDERSPECIFIED targetcheck ok
[7/150] lin-000258 OMISSION target_witness ok
[8/150] lin-000258 OMISSION minimal_witness ok
[9/150] lin-000258 OMISSION targetcheck ok
[10/150] lin-000258 UNDERSPECIFIED target_witness ok
[11/150] lin-000258 UNDERSPECIFIED minimal_witness ok
[12/150] lin-000258 UNDERSPECIFIED targetcheck ok
[13/150] ran-000542 OMISSION target_witness ok
[14/150] ran-000542 OMISSION minimal_witness ok
[15/150] ran-000542 OMISSION targetcheck ok
[16/150] ran-000542 UNDERSPECIFIED target_witness ok
[17/150] ran-000542 UNDERSPECIFIED minimal_witness ok
[18/150] ran-000542 UNDERSPECIFIED targetcheck ok
[19/150] gra-000200 OMISSION target_witness ok
[20/150] gra-000200 OMISSION minimal_witness ok
[21/150] gra-000200 OMISSION targetcheck ok
[22/150] gra-000200 UNDERSPECIFIED target_witness ok
[23/150] gra-000200 UNDERSPECIFIED minimal_witness ok
[24/150] gra-000200 UNDERSPECIFIED targetcheck ok
[25/150] gra-000184 OMISSION target_witness ok
[26/150] gra-000184 OMISSION minimal_witness ok
[27/150] gra-000184 OMISSION targetcheck ok
[28/150] gra-000184 UNDERSPECIFIED target_witness ok
[29/150] gra-000184 UNDERSPECIFIED minimal_witness ok
[30/150] gra-000184 UNDERSPECIFIED targetcheck ok
[31/150] lin-000285 OMISSION target_witness ok
[32/150] lin-000285 OMISSION minimal_witness ok
[33/150] lin-000285 OMISSION targetcheck ok
[34/150] lin-000285 UNDERSPECIFIED target_witness ok
[35/150] lin-000285 UNDERSPECIFIED minimal_witness ok
[36/150] lin-000285 UNDERSPECIFIED targetcheck ok
[37/150] lin-000257 OMISSION target_witness ok
[38/150] lin-000257 OMISSION minimal_witness ok
[39/150] lin-000257 OMISSION targetcheck ok
[40/150] lin-000257 UNDERSPECIFIED target_witness ok
[41/150] lin-000257 UNDERSPECIFIED minimal_witness ok
[42/150] lin-000257 UNDERSPECIFIED targetcheck ok
[43/150] crt-000118 OMISSION target_witness ok
[44/150] crt-000118 OMISSION minimal_witness ok
[45/150] crt-000118 OMISSION targetcheck ok
[46/150] crt-000118 UNDERSPECIFIED target_witness ok
[47/150] crt-000118 UNDERSPECIFIED minimal_witness ok
[48/150] crt-000118 UNDERSPECIFIED targetcheck ok
[49/150] lin-000268 OMISSION target_witness ok
[50/150] lin-000268 OMISSION minimal_witness ok
[51/150] lin-000268 OMISSION targetcheck ok
[52/150] lin-000268 UNDERSPECIFIED target_witness error
[53/150] lin-000268 UNDERSPECIFIED minimal_witness ok
[54/150] lin-000268 UNDERSPECIFIED targetcheck error
[55/150] gra-000212 OMISSION target_witness error
[56/150] gra-000212 OMISSION minimal_witness error
[57/150] gra-000212 OMISSION targetcheck error
[58/150] gra-000212 UNDERSPECIFIED target_witness error
[59/150] gra-000212 UNDERSPECIFIED minimal_witness error
[60/150] gra-000212 UNDERSPECIFIED targetcheck error
[61/150] lin-000296 OMISSION target_witness error
[62/150] lin-000296 OMISSION minimal_witness error
[63/150] lin-000296 OMISSION targetcheck error
[64/150] lin-000296 UNDERSPECIFIED target_witness error
[65/150] lin-000296 UNDERSPECIFIED minimal_witness error
[66/150] lin-000296 UNDERSPECIFIED targetcheck error
[67/150] lin-000242 OMISSION target_witness error
[68/150] lin-000242 OMISSION minimal_witness error
[69/150] lin-000242 OMISSION targetcheck error
[70/150] lin-000242 UNDERSPECIFIED target_witness error
[71/150] lin-000242 UNDERSPECIFIED minimal_witness error
[72/150] lin-000242 UNDERSPECIFIED targetcheck error
[73/150] ran-000599 OMISSION target_witness ok
[74/150] ran-000599 OMISSION minimal_witness ok
[75/150] ran-000599 OMISSION targetcheck ok
[76/150] ran-000599 UNDERSPECIFIED target_witness ok
[77/150] ran-000599 UNDERSPECIFIED minimal_witness error
[78/150] ran-000599 UNDERSPECIFIED targetcheck error
[79/150] lin-000250 OMISSION target_witness ok
[80/150] lin-000250 OMISSION minimal_witness ok
[81/150] lin-000250 OMISSION targetcheck error
[82/150] lin-000250 UNDERSPECIFIED target_witness ok
[83/150] lin-000250 UNDERSPECIFIED minimal_witness ok
[84/150] lin-000250 UNDERSPECIFIED targetcheck ok
[85/150] mom-000361 OMISSION target_witness ok
[86/150] mom-000361 OMISSION minimal_witness ok
[87/150] mom-000361 OMISSION targetcheck ok
[88/150] mom-000361 UNDERSPECIFIED target_witness ok
[89/150] mom-000361 UNDERSPECIFIED minimal_witness ok
[90/150] mom-000361 UNDERSPECIFIED targetcheck ok
[91/150] crt-000109 OMISSION target_witness error
[92/150] crt-000109 OMISSION minimal_witness error
[93/150] crt-000109 OMISSION targetcheck ok
[94/150] crt-000109 UNDERSPECIFIED target_witness ok
[95/150] crt-000109 UNDERSPECIFIED minimal_witness ok
[96/150] crt-000109 UNDERSPECIFIED targetcheck ok
[97/150] gra-000228 OMISSION target_witness ok
[98/150] gra-000228 OMISSION minimal_witness ok
[99/150] gra-000228 OMISSION targetcheck ok
[100/150] gra-000228 UNDERSPECIFIED target_witness ok
[101/150] gra-000228 UNDERSPECIFIED minimal_witness ok
[102/150] gra-000228 UNDERSPECIFIED targetcheck ok
[103/150] ran-000587 OMISSION target_witness ok
[104/150] ran-000587 OMISSION minimal_witness ok
[105/150] ran-000587 OMISSION targetcheck ok
[106/150] ran-000587 UNDERSPECIFIED target_witness ok
[107/150] ran-000587 UNDERSPECIFIED minimal_witness ok
[108/150] ran-000587 UNDERSPECIFIED targetcheck ok
[109/150] ran-000552 OMISSION target_witness ok
[110/150] ran-000552 OMISSION minimal_witness ok
[111/150] ran-000552 OMISSION targetcheck ok
[112/150] ran-000552 UNDERSPECIFIED target_witness ok
[113/150] ran-000552 UNDERSPECIFIED minimal_witness ok
[114/150] ran-000552 UNDERSPECIFIED targetcheck ok
[115/150] lin-000266 OMISSION target_witness ok
[116/150] lin-000266 OMISSION minimal_witness ok
[117/150] lin-000266 OMISSION targetcheck ok
[118/150] lin-000266 UNDERSPECIFIED target_witness ok
[119/150] lin-000266 UNDERSPECIFIED minimal_witness ok
[120/150] lin-000266 UNDERSPECIFIED targetcheck ok
[121/150] gra-000225 OMISSION target_witness ok
[122/150] gra-000225 OMISSION minimal_witness ok
[123/150] gra-000225 OMISSION targetcheck ok
[124/150] gra-000225 UNDERSPECIFIED target_witness ok
[125/150] gra-000225 UNDERSPECIFIED minimal_witness ok
[126/150] gra-000225 UNDERSPECIFIED targetcheck ok
[127/150] crt-000119 OMISSION target_witness ok
[128/150] crt-000119 OMISSION minimal_witness ok
[129/150] crt-000119 OMISSION targetcheck ok
[130/150] crt-000119 UNDERSPECIFIED target_witness ok
[131/150] crt-000119 UNDERSPECIFIED minimal_witness ok
[132/150] crt-000119 UNDERSPECIFIED targetcheck ok
[133/150] ran-000553 OMISSION target_witness ok
[134/150] ran-000553 OMISSION minimal_witness ok
[135/150] ran-000553 OMISSION targetcheck ok
[136/150] ran-000553 UNDERSPECIFIED target_witness ok
[137/150] ran-000553 UNDERSPECIFIED minimal_witness ok
[138/150] ran-000553 UNDERSPECIFIED targetcheck ok
[139/150] lin-000290 OMISSION target_witness ok
[140/150] lin-000290 OMISSION minimal_witness ok
[141/150] lin-000290 OMISSION targetcheck ok
[142/150] lin-000290 UNDERSPECIFIED target_witness ok
[143/150] lin-000290 UNDERSPECIFIED minimal_witness ok
[144/150] lin-000290 UNDERSPECIFIED targetcheck ok
[145/150] crt-000061 OMISSION target_witness ok
[121/150] lin-000268 UNDERSPECIFIED target_witness ok
[122/150] lin-000268 UNDERSPECIFIED targetcheck ok
[123/150] gra-000212 OMISSION target_witness ok
[124/150] gra-000212 OMISSION minimal_witness ok
[125/150] gra-000212 OMISSION targetcheck ok
[126/150] gra-000212 UNDERSPECIFIED target_witness ok
[127/150] gra-000212 UNDERSPECIFIED minimal_witness ok
[128/150] gra-000212 UNDERSPECIFIED targetcheck ok
[129/150] lin-000296 OMISSION target_witness ok
[130/150] lin-000296 OMISSION minimal_witness ok
[131/150] lin-000296 OMISSION targetcheck ok
[132/150] lin-000296 UNDERSPECIFIED target_witness ok
[133/150] lin-000296 UNDERSPECIFIED minimal_witness ok
[134/150] lin-000296 UNDERSPECIFIED targetcheck ok
[135/150] lin-000242 OMISSION target_witness ok
[136/150] lin-000242 OMISSION minimal_witness ok
[137/150] lin-000242 OMISSION targetcheck ok
[138/150] lin-000242 UNDERSPECIFIED target_witness ok
[139/150] lin-000242 UNDERSPECIFIED minimal_witness ok
[140/150] lin-000242 UNDERSPECIFIED targetcheck ok
[141/150] ran-000599 UNDERSPECIFIED minimal_witness ok
[142/150] ran-000599 UNDERSPECIFIED targetcheck ok
[143/150] lin-000250 OMISSION targetcheck ok
[144/150] crt-000109 OMISSION target_witness ok
[145/150] crt-000109 OMISSION minimal_witness ok
[146/150] crt-000061 OMISSION minimal_witness ok
[147/150] crt-000061 OMISSION targetcheck ok
[148/150] crt-000061 UNDERSPECIFIED target_witness ok
[149/150] crt-000061 UNDERSPECIFIED minimal_witness ok
[150/150] crt-000061 UNDERSPECIFIED targetcheck ok
