[1/50] ran-000592 OMISSION random_pair ok
[2/50] ran-000592 UNDERSPECIFIED random_pair ok
[3/50] crt-000072 OMISSION random_pair ok
[4/50] crt-000072 UNDERSPECIFIED random_pair ok
[5/50] gra-000223 OMISSION random_pair ok
[6/50] gra-000223 UNDERSPECIFIED random_pair ok
[7/50] ran-000573 OMISSION random_pair ok
[8/50] ran-000573 UNDERSPECIFIED random_pair ok
[9/50] mom-000400 OMISSION random_pair ok
[10/50] mom-000400 UNDERSPECIFIED random_pair ok
[11/50] crt-000066 OMISSION random_pair ok
[12/50] crt-000066 UNDERSPECIFIED random_pair ok
[13/50] crt-000084 OMISSION random_pair ok
[14/50] crt-000084 UNDERSPECIFIED random_pair ok
[15/50] ran-000546 OMISSION random_pair ok
[16/50] ran-000546 UNDERSPECIFIED random_pair ok
[17/50] lin-000265 OMISSION random_pair ok
[18/50] lin-000265 UNDERSPECIFIED random_pair ok
[19/50] gra-000232 OMISSION random_pair ok
[20/50] gra-000232 UNDERSPECIFIED random_pair ok
[21/50] ran-000576 OMISSION random_pair ok
[22/50] ran-000576 UNDERSPECIFIED random_pair ok
[23/50] crt-000096 OMISSION random_pair ok
[24/50] crt-000096 UNDERSPECIFIED random_pair ok
[25/50] mom-000375 OMISSION random_pair ok
[26/50] mom-000375 UNDERSPECIFIED random_pair ok
[27/50] crt-000074 OMISSION random_pair ok
[28/50] crt-000074 UNDERSPECIFIED random_pair ok
[29/50] lin-000243 OMISSION random_pair ok
[30/50] lin-000243 UNDERSPECIFIED random_pair ok
[31/50] lin-000280 OMISSION random_pair ok
[32/50] lin-000280 UNDERSPECIFIED random_pair ok
[33/50] gra-000203 OMISSION random_pair ok
[34/50] gra-000203 UNDERSPECIFIED random_pair ok
[35/50] ran-000571 OMISSION random_pair ok
[36/50] ran-000571 UNDERSPECIFIED random_pair ok
[37/50] crt-000111 OMISSION random_pair ok
[38/50] crt-000111 UNDERSPECIFIED random_pair ok
[39/50] ran-000574 OMISSION random_pair ok
[40/50] ran-000574 UNDERSPECIFIED random_pair ok
[41/50] gra-000188 OMISSION random_pair ok
[42/50] gra-000188 UNDERSPECIFIED random_pair ok
[43/50] lin-000289 OMISSION random_pair ok
[44/50] lin-000289 UNDERSPECIFIED random_pair ok
[45/50] crt-000082 OMISSION random_pair ok
[46/50] crt-000082 UNDERSPECIFIED random_pair ok
[47/50] ran-000562 OMISSION random_pair ok
[48/50] ran-000562 UNDERSPECIFIED random_pair ok
[49/50] gra-000207 OMISSION random_pair ok
[50/50] gra-000207 UNDERSPECIFIED random_pair ok
