[1/50] gra-000227 OMISSION random_pair ok
[2/50] gra-000227 UNDERSPECIFIED random_pair ok
[3/50] crt-000080 OMISSION random_pair ok
[4/50] crt-000080 UNDERSPECIFIED random_pair ok
[5/50] mom-000401 OMISSION random_pair ok
[6/50] mom-000401 UNDERSPECIFIED random_pair ok
[7/50] crt-000064 OMISSION random_pair ok
[8/50] crt-000064 UNDERSPECIFIED random_pair ok
[9/50] mom-000395 OMISSION random_pair ok
[10/50] mom-000395 UNDERSPECIFIED random_pair ok
[11/50] lin-000274 OMISSION random_pair ok
[12/50] lin-000274 UNDERSPECIFIED random_pair ok
[13/50] mom-000398 OMISSION random_pair ok
[14/50] mom-000398 UNDERSPECIFIED random_pair ok
[15/50] mom-000414 OMISSION random_pair ok
[16/50] mom-000414 UNDERSPECIFIED random_pair ok
[17/50] ran-000568 OMISSION random_pair ok
[18/50] ran-000568 UNDERSPECIFIED random_pair ok
[19/50] gra-000193 OMISSION random_pair ok
[20/50] gra-000193 UNDERSPECIFIED random_pair ok
[21/50] ran-000575 OMISSION random_pair ok
[22/50] ran-000575 UNDERSPECIFIED random_pair ok
[23/50] gra-000206 OMISSION random_pair ok
[24/50] gra-000206 UNDERSPECIFIED random_pair ok
[25/50] ran-000549 OMISSION random_pair ok
[26/50] ran-000549 UNDERSPECIFIED random_pair ok
[27/50] crt-000103 OMISSION random_pair ok
[28/50] crt-000103 UNDERSPECIFIED random_pair ok
[29/50] gra-000210 OMISSION random_pair ok
[30/50] gra-000210 UNDERSPECIFIED random_pair ok
[31/50] lin-000272 OMISSION random_pair ok
[32/50] lin-000272 UNDERSPECIFIED random_pair ok
[33/50] mom-000366 OMISSION random_pair ok
[34/50] mom-000366 UNDERSPECIFIED random_pair ok
[35/50] gra-000202 OMISSION random_pair ok
[36/50] gra-000202 UNDERSPECIFIED random_pair ok
[37/50] crt-000113 OMISSION random_pair ok
[38/50] crt-000113 UNDERSPECIFIED random_pair ok
[39/50] mom-000388 OMISSION random_pair ok
[40/50] mom-000388 UNDERSPECIFIED random_pair ok
[41/50] mom-000385 OMISSION random_pair ok
[42/50] mom-000385 UNDERSPECIFIED random_pair ok
[43/50] gra-000229 OMISSION random_pair ok
[44/50] gra-000229 UNDERSPECIFIED random_pair ok
[45/50] lin-000286 OMISSION random_pair ok
[46/50] lin-000286 UNDERSPECIFIED random_pair ok
[47/50] gra-000192 OMISSION random_pair ok
[48/50] gra-000192 UNDERSPECIFIED random_pair ok
[49/50] lin-000299 OMISSION random_pair ok
[50/50] lin-000299 UNDERSPECIFIED random_pair ok
