[1/150] gra-000227 OMISSION target_witness ok
[2/150] gra-000227 OMISSION minimal_witness ok
[3/150] gra-000227 OMISSION targetcheck ok
[4/150] gra-000227 UNDERSPECIFIED target_witness ok
[5/150] gra-000227 UNDERSPECIFIED minimal_witness ok
[6/150] gra-000227 UNDERSPECIFIED targetcheck ok
[7/150] crt-000080 OMISSION target_witness ok
[8/150] crt-000080 OMISSION minimal_witness ok
[9/150] crt-000080 OMISSION targetcheck ok
[10/150] crt-000080 UNDERSPECIFIED target_witness ok
[11/150] crt-000080 UNDERSPECIFIED minimal_witness ok
[12/150] crt-000080 UNDERSPECIFIED targetcheck ok
[13/150] mom-000401 OMISSION target_witness ok
[14/150] mom-000401 OMISSION minimal_witness ok
[15/150] mom-000401 OMISSION targetcheck ok
[16/150] mom-000401 UNDERSPECIFIED target_witness ok
[17/150] mom-000401 UNDERSPECIFIED minimal_witness ok
[18/150] mom-000401 UNDERSPECIFIED targetcheck ok
[19/150] crt-000064 OMISSION target_witness ok
[20/150] crt-000064 OMISSION minimal_witness ok
[21/150] crt-000064 OMISSION targetcheck ok
[22/150] crt-000064 UNDERSPECIFIED target_witness ok
[23/150] crt-000064 UNDERSPECIFIED minimal_witness ok
[24/150] crt-000064 UNDERSPECIFIED targetcheck ok
[25/150] mom-000395 OMISSION target_witness ok
[26/150] mom-000395 OMISSION minimal_witness ok
[27/150] mom-000395 OMISSION targetcheck ok
[28/150] mom-000395 UNDERSPECIFIED target_witness ok
[29/150] mom-000395 UNDERSPECIFIED minimal_witness ok
[30/150] mom-000395 UNDERSPECIFIED targetcheck ok
[31/150] lin-000274 OMISSION target_witness ok
[32/150] lin-000274 OMISSION minimal_witness ok
[33/150] lin-000274 OMISSION targetcheck ok
[34/150] lin-000274 UNDERSPECIFIED target_witness ok
[35/150] lin-000274 UNDERSPECIFIED minimal_witness ok
[36/150] lin-000274 UNDERSPECIFIED targetcheck ok
[37/150] mom-000398 OMISSION target_witness ok
[38/150] mom-000398 OMISSION minimal_witness ok
[39/150] mom-000398 OMISSION targetcheck ok
[40/150] mom-000398 UNDERSPECIFIED target_witness error
[41/150] mom-000398 UNDERSPECIFIED minimal_witness ok
[42/150] mom-000398 UNDERSPECIFIED targetcheck error
[43/150] mom-000414 OMISSION target_witness error
[44/150] mom-000414 OMISSION minimal_witness error
[45/150] mom-000414 OMISSION targetcheck error
[46/150] mom-000414 UNDERSPECIFIED target_witness error
[47/150] mom-000414 UNDERSPECIFIED minimal_witness error
[48/150] mom-000414 UNDERSPECIFIED targetcheck error
[49/150] ran-000568 OMISSION target_witness error
[50/150] ran-000568 OMISSION minimal_witness error
[51/150] ran-000568 OMISSION targetcheck error
[52/150] ran-000568 UNDERSPECIFIED target_witness error
[53/150] ran-000568 UNDERSPECIFIED minimal_witness error
[54/150] ran-000568 UNDERSPECIFIED targetcheck error
[55/150] gra-000193 OMISSION target_witness error
[56/150] gra-000193 OMISSION minimal_witness error
[57/150] gra-000193 OMISSION targetcheck error
[58/150] gra-000193 UNDERSPECIFIED target_witness error
[59/150] gra-000193 UNDERSPECIFIED minimal_witness error
[60/150] gra-000193 UNDERSPECIFIED targetcheck error
[61/150] ran-000575 OMISSION target_witness error
[62/150] ran-000575 OMISSION minimal_witness error
[63/150] ran-000575 OMISSION targetcheck error
[64/150] ran-000575 UNDERSPECIFIED target_witness error
[65/150] ran-000575 UNDERSPECIFIED minimal_witness error
[66/150] ran-000575 UNDERSPECIFIED targetcheck error
[67/150] gra-000206 OMISSION target_witness error
[68/150] gra-000206 OMISSION minimal_witness error
[69/150] gra-000206 OMISSION targetcheck error
[70/150] gra-000206 UNDERSPECIFIED target_witness error
[71/150] gra-000206 UNDERSPECIFIED minimal_witness error
[72/150] gra-000206 UNDERSPECIFIED targetcheck error
[73/150] ran-000549 OMISSION target_witness error
[74/150] ran-000549 OMISSION minimal_witness error
[75/150] ran-000549 OMISSION targetcheck ok
[76/150] ran-000549 UNDERSPECIFIED target_witness ok
[77/150] ran-000549 UNDERSPECIFIED minimal_witness ok
[78/150] ran-000549 UNDERSPECIFIED targetcheck ok
[79/150] crt-000103 OMISSION target_witness ok
[80/150] crt-000103 OMISSION minimal_witness ok
[81/150] crt-000103 OMISSION targetcheck ok
[82/150] crt-000103 UNDERSPECIFIED target_witness error
[83/150] crt-000103 UNDERSPECIFIED minimal_witness error
[84/150] crt-000103 UNDERSPECIFIED targetcheck ok
[85/150] gra-000210 OMISSION target_witness error
[86/150] gra-000210 OMISSION minimal_witness error
[87/150] gra-000210 OMISSION targetcheck ok
[88/150] gra-000210 UNDERSPECIFIED target_witness ok
[89/150] gra-000210 UNDERSPECIFIED minimal_witness ok
[90/150] gra-000210 UNDERSPECIFIED targetcheck ok
[91/150] lin-000272 OMISSION target_witness ok
[92/150] lin-000272 OMISSION minimal_witness ok
[93/150] lin-000272 OMISSION targetcheck ok
[94/150] lin-000272 UNDERSPECIFIED target_witness ok
[95/150] lin-000272 UNDERSPECIFIED minimal_witness ok
[96/150] lin-000272 UNDERSPECIFIED targetcheck ok
[97/150] mom-000366 OMISSION target_witness ok
[98/150] mom-000366 OMISSION minimal_witness error
[99/150] mom-000366 OMISSION targetcheck error
[100/150] mom-000366 UNDERSPECIFIED target_witness error
[101/150] mom-000366 UNDERSPECIFIED minimal_witness error
[102/150] mom-000366 UNDERSPECIFIED targetcheck ok
[103/150] gra-000202 OMISSION target_witness ok
[104/150] gra-000202 OMISSION minimal_witness ok
[105/150] gra-000202 OMISSION targetcheck ok
[106/150] gra-000202 UNDERSPECIFIED target_witness ok
[107/150] gra-000202 UNDERSPECIFIED minimal_witness ok
[108/150] gra-000202 UNDERSPECIFIED targetcheck ok
[109/150] crt-000113 OMISSION target_witness ok
[110/150] crt-000113 OMISSION minimal_witness ok
[111/150] crt-000113 OMISSION targetcheck ok
[112/150] crt-000113 UNDERSPECIFIED target_witness ok
[113/150] crt-000113 UNDERSPECIFIED minimal_witness ok
[114/150] crt-000113 UNDERSPECIFIED targetcheck ok
[115/150] mom-000388 OMISSION target_witness ok
[116/150] mom-000388 OMISSION minimal_witness ok
[117/150] mom-000388 OMISSION targetcheck ok
[118/150] mom-000388 UNDERSPECIFIED target_witness error
[119/150] mom-000388 UNDERSPECIFIED minimal_witness ok
[120/150] mom-000388 UNDERSPECIFIED targetcheck ok
[121/150] mom-000385 OMISSION target_witness ok
[122/150] mom-000385 OMISSION minimal_witness ok
[123/150] mom-000385 OMISSION targetcheck ok
[124/150] mom-000385 UNDERSPECIFIED target_witness ok
[125/150] mom-000385 UNDERSPECIFIED minimal_witness error
[126/150] mom-000385 UNDERSPECIFIED targetcheck ok
[127/150] gra-000229 OMISSION target_witness ok
[128/150] gra-000229 OMISSION minimal_witness error
[129/150] gra-000229 OMISSION targetcheck error
[130/150] gra-000229 UNDERSPECIFIED target_witness ok
[131/150] gra-000229 UNDERSPECIFIED minimal_witness ok
[132/150] gra-000229 UNDERSPECIFIED targetcheck ok
[133/150] lin-000286 OMISSION target_witness ok
[134/150] lin-000286 OMISSION minimal_witness ok
[135/150] lin-000286 OMISSION targetcheck ok
[136/150] lin-000286 UNDERSPECIFIED target_witness ok
[137/150] lin-000286 UNDERSPECIFIED minimal_witness ok
[138/150] lin-000286 UNDERSPECIFIED targetcheck ok
[139/150] gra-000192 OMISSION target_witness ok
[140/150] gra-000192 OMISSION minimal_witness ok
[141/150] gra-000192 OMISSION targetcheck ok
[142/150] gra-000192 UNDERSPECIFIED target_witness ok
[143/150] gra-000192 UNDERSPECIFIED minimal_witness ok
[144/150] gra-000192 UNDERSPECIFIED targetcheck ok
[145/150] lin-000299 OMISSION target_witness ok
[146/150] lin-000299 OMISSION minimal_witness ok
[147/150] lin-000299 OMISSION targetcheck ok
[148/150] lin-000299 UNDERSPECIFIED target_witness ok
[149/150] lin-000299 UNDERSPECIFIED minimal_witness ok
[150/150] lin-000299 UNDERSPECIFIED targetcheck ok
[105/150] mom-000398 UNDERSPECIFIED target_witness ok
[106/150] mom-000398 UNDERSPECIFIED targetcheck ok
[107/150] mom-000414 OMISSION target_witness ok
[108/150] mom-000414 OMISSION minimal_witness ok
[109/150] mom-000414 OMISSION targetcheck ok
[110/150] mom-000414 UNDERSPECIFIED target_witness ok
[111/150] mom-000414 UNDERSPECIFIED minimal_witness ok
[112/150] mom-000414 UNDERSPECIFIED targetcheck ok
[113/150] ran-000568 OMISSION target_witness ok
[114/150] ran-000568 OMISSION minimal_witness ok
[115/150] ran-000568 OMISSION targetcheck ok
[116/150] ran-000568 UNDERSPECIFIED target_witness ok
[117/150] ran-000568 UNDERSPECIFIED minimal_witness ok
[118/150] ran-000568 UNDERSPECIFIED targetcheck ok
[119/150] gra-000193 OMISSION target_witness ok
[120/150] gra-000193 OMISSION minimal_witness ok
[121/150] gra-000193 OMISSION targetcheck ok
[122/150] gra-000193 UNDERSPECIFIED target_witness ok
[123/150] gra-000193 UNDERSPECIFIED minimal_witness ok
[124/150] gra-000193 UNDERSPECIFIED targetcheck ok
[125/150] ran-000575 OMISSION target_witness ok
[126/150] ran-000575 OMISSION minimal_witness ok
[127/150] ran-000575 OMISSION targetcheck ok
[128/150] ran-000575 UNDERSPECIFIED target_witness ok
[129/150] ran-000575 UNDERSPECIFIED minimal_witness ok
[130/150] ran-000575 UNDERSPECIFIED targetcheck ok
[131/150] gra-000206 OMISSION target_witness ok
[132/150] gra-000206 OMISSION minimal_witness ok
[133/150] gra-000206 OMISSION targetcheck ok
[134/150] gra-000206 UNDERSPECIFIED target_witness ok
[135/150] gra-000206 UNDERSPECIFIED minimal_witness ok
[136/150] gra-000206 UNDERSPECIFIED targetcheck ok
[137/150] ran-000549 OMISSION target_witness ok
[138/150] ran-000549 OMISSION minimal_witness ok
[139/150] crt-000103 UNDERSPECIFIED target_witness ok
[140/150] crt-000103 UNDERSPECIFIED minimal_witness ok
[141/150] gra-000210 OMISSION target_witness ok
[142/150] gra-000210 OMISSION minimal_witness ok
[143/150] mom-000366 OMISSION minimal_witness ok
[144/150] mom-000366 OMISSION targetcheck ok
[145/150] mom-000366 UNDERSPECIFIED target_witness ok
[146/150] mom-000366 UNDERSPECIFIED minimal_witness ok
[147/150] mom-000388 UNDERSPECIFIED target_witness ok
[148/150] mom-000385 UNDERSPECIFIED minimal_witness ok
[149/150] gra-000229 OMISSION minimal_witness ok
[150/150] gra-000229 OMISSION targetcheck ok
