[1/50] ran-000592 OMISSION grounded_self_review ok
[2/50] ran-000592 UNDERSPECIFIED grounded_self_review ok
[3/50] crt-000072 OMISSION grounded_self_review ok
[4/50] crt-000072 UNDERSPECIFIED grounded_self_review ok
[5/50] gra-000223 OMISSION grounded_self_review ok
[6/50] gra-000223 UNDERSPECIFIED grounded_self_review ok
[7/50] ran-000573 OMISSION grounded_self_review ok
[8/50] ran-000573 UNDERSPECIFIED grounded_self_review ok
[9/50] mom-000400 OMISSION grounded_self_review ok
[10/50] mom-000400 UNDERSPECIFIED grounded_self_review ok
[11/50] crt-000066 OMISSION grounded_self_review ok
[12/50] crt-000066 UNDERSPECIFIED grounded_self_review ok
[13/50] crt-000084 OMISSION grounded_self_review ok
[14/50] crt-000084 UNDERSPECIFIED grounded_self_review ok
[15/50] ran-000546 OMISSION grounded_self_review ok
[16/50] ran-000546 UNDERSPECIFIED grounded_self_review ok
[17/50] lin-000265 OMISSION grounded_self_review ok
[18/50] lin-000265 UNDERSPECIFIED grounded_self_review ok
[19/50] gra-000232 OMISSION grounded_self_review ok
[20/50] gra-000232 UNDERSPECIFIED grounded_self_review ok
[21/50] ran-000576 OMISSION grounded_self_review ok
[22/50] ran-000576 UNDERSPECIFIED grounded_self_review ok
[23/50] crt-000096 OMISSION grounded_self_review ok
[24/50] crt-000096 UNDERSPECIFIED grounded_self_review ok
[25/50] mom-000375 OMISSION grounded_self_review ok
[26/50] mom-000375 UNDERSPECIFIED grounded_self_review ok
[27/50] crt-000074 OMISSION grounded_self_review ok
[28/50] crt-000074 UNDERSPECIFIED grounded_self_review ok
[29/50] lin-000243 OMISSION grounded_self_review ok
[30/50] lin-000243 UNDERSPECIFIED grounded_self_review ok
[31/50] lin-000280 OMISSION grounded_self_review ok
[32/50] lin-000280 UNDERSPECIFIED grounded_self_review ok
[33/50] gra-000203 OMISSION grounded_self_review ok
[34/50] gra-000203 UNDERSPECIFIED grounded_self_review ok
[35/50] ran-000571 OMISSION grounded_self_review ok
[36/50] ran-000571 UNDERSPECIFIED grounded_self_review ok
[37/50] crt-000111 OMISSION grounded_self_review ok
[38/50] crt-000111 UNDERSPECIFIED grounded_self_review ok
[39/50] ran-000574 OMISSION grounded_self_review ok
[40/50] ran-000574 UNDERSPECIFIED grounded_self_review ok
[41/50] gra-000188 OMISSION grounded_self_review ok
[42/50] gra-000188 UNDERSPECIFIED grounded_self_review ok
[43/50] lin-000289 OMISSION grounded_self_review ok
[44/50] lin-000289 UNDERSPECIFIED grounded_self_review ok
[45/50] crt-000082 OMISSION grounded_self_review ok
[46/50] crt-000082 UNDERSPECIFIED grounded_self_review ok
[47/50] ran-000562 OMISSION grounded_self_review ok
[48/50] ran-000562 UNDERSPECIFIED grounded_self_review ok
[49/50] gra-000207 OMISSION grounded_self_review ok
[50/50] gra-000207 UNDERSPECIFIED grounded_self_review ok
