[1/80] gra-000198 OMISSION self_review ok
[2/80] gra-000198 OMISSION grounded_self_review ok
[3/80] gra-000198 UNDERSPECIFIED self_review ok
[4/80] gra-000198 UNDERSPECIFIED grounded_self_review ok
[5/80] gra-000208 OMISSION self_review ok
[6/80] gra-000208 OMISSION grounded_self_review ok
[7/80] gra-000208 UNDERSPECIFIED self_review ok
[8/80] gra-000208 UNDERSPECIFIED grounded_self_review ok
[9/80] lin-000245 OMISSION self_review error
[10/80] lin-000245 OMISSION grounded_self_review ok
[11/80] lin-000245 UNDERSPECIFIED self_review ok
[12/80] lin-000245 UNDERSPECIFIED grounded_self_review ok
[13/80] crt-000077 OMISSION self_review ok
[14/80] crt-000077 OMISSION grounded_self_review ok
[15/80] crt-000077 UNDERSPECIFIED self_review ok
[16/80] crt-000077 UNDERSPECIFIED grounded_self_review ok
[17/80] ran-000554 OMISSION self_review ok
[18/80] ran-000554 OMISSION grounded_self_review ok
[19/80] ran-000554 UNDERSPECIFIED self_review error
[20/80] ran-000554 UNDERSPECIFIED grounded_self_review error
[21/80] gra-000191 OMISSION self_review ok
[22/80] gra-000191 OMISSION grounded_self_review ok
[23/80] gra-000191 UNDERSPECIFIED self_review ok
[24/80] gra-000191 UNDERSPECIFIED grounded_self_review ok
[25/80] lin-000264 OMISSION self_review ok
[26/80] lin-000264 OMISSION grounded_self_review ok
[27/80] lin-000264 UNDERSPECIFIED self_review ok
[28/80] lin-000264 UNDERSPECIFIED grounded_self_review ok
[29/80] ran-000557 OMISSION self_review ok
[30/80] ran-000557 OMISSION grounded_self_review ok
[31/80] ran-000557 UNDERSPECIFIED self_review ok
[32/80] ran-000557 UNDERSPECIFIED grounded_self_review ok
[33/80] gra-000204 OMISSION self_review ok
[34/80] gra-000204 OMISSION grounded_self_review ok
[35/80] gra-000204 UNDERSPECIFIED self_review ok
[36/80] gra-000204 UNDERSPECIFIED grounded_self_review ok
[37/80] crt-000117 OMISSION self_review ok
[38/80] crt-000117 OMISSION grounded_self_review ok
[39/80] crt-000117 UNDERSPECIFIED self_review ok
[40/80] crt-000117 UNDERSPECIFIED grounded_self_review ok
[41/80] lin-000287 OMISSION self_review ok
[42/80] lin-000287 OMISSION grounded_self_review ok
[43/80] lin-000287 UNDERSPECIFIED self_review ok
[44/80] lin-000287 UNDERSPECIFIED grounded_self_review ok
[45/80] lin-000291 OMISSION self_review ok
[46/80] lin-000291 OMISSION grounded_self_review ok
[47/80] lin-000291 UNDERSPECIFIED self_review ok
[48/80] lin-000291 UNDERSPECIFIED grounded_self_review ok
[49/80] gra-000215 OMISSION self_review ok
[50/80] gra-000215 OMISSION grounded_self_review ok
[51/80] gra-000215 UNDERSPECIFIED self_review ok
[52/80] gra-000215 UNDERSPECIFIED grounded_self_review ok
[53/80] crt-000075 OMISSION self_review ok
[54/80] crt-000075 OMISSION grounded_self_review ok
[55/80] crt-000075 UNDERSPECIFIED self_review ok
[56/80] crt-000075 UNDERSPECIFIED grounded_self_review ok
[57/80] gra-000221 OMISSION self_review ok
[58/80] gra-000221 OMISSION grounded_self_review ok
[59/80] gra-000221 UNDERSPECIFIED self_review ok
[60/80] gra-000221 UNDERSPECIFIED grounded_self_review ok
[61/80] gra-000211 OMISSION self_review ok
[62/80] gra-000211 OMISSION grounded_self_review ok
[63/80] gra-000211 UNDERSPECIFIED self_review ok
[64/80] gra-000211 UNDERSPECIFIED grounded_self_review ok
[65/80] crt-000091 OMISSION self_review ok
[66/80] crt-000091 OMISSION grounded_self_review ok
[67/80] crt-000091 UNDERSPECIFIED self_review ok
[68/80] crt-000091 UNDERSPECIFIED grounded_self_review ok
[69/80] gra-000195 OMISSION self_review ok
[70/80] gra-000195 OMISSION grounded_self_review ok
[71/80] gra-000195 UNDERSPECIFIED self_review ok
[72/80] gra-000195 UNDERSPECIFIED grounded_self_review ok
[73/80] lin-000270 OMISSION self_review ok
[74/80] lin-000270 OMISSION grounded_self_review ok
[75/80] lin-000270 UNDERSPECIFIED self_review ok
[76/80] lin-000270 UNDERSPECIFIED grounded_self_review ok
[77/80] gra-000239 OMISSION self_review ok
[78/80] gra-000239 OMISSION grounded_self_review ok
[79/80] gra-000239 UNDERSPECIFIED self_review ok
[80/80] gra-000239 UNDERSPECIFIED grounded_self_review ok
[78/80] lin-000245 OMISSION self_review ok
[79/80] ran-000554 UNDERSPECIFIED self_review ok
[80/80] ran-000554 UNDERSPECIFIED grounded_self_review ok
