[1/40] ran-000570 OMISSION nonunique ok
[2/40] ran-000570 UNDERSPECIFIED nonunique ok
[3/40] lin-000279 OMISSION nonunique ok
[4/40] lin-000279 UNDERSPECIFIED nonunique ok
[5/40] gra-000189 OMISSION nonunique ok
[6/40] gra-000189 UNDERSPECIFIED nonunique ok
[7/40] lin-000244 OMISSION nonunique ok
[8/40] lin-000244 UNDERSPECIFIED nonunique ok
[9/40] lin-000259 OMISSION nonunique ok
[10/40] lin-000259 UNDERSPECIFIED nonunique ok
[11/40] crt-000078 OMISSION nonunique ok
[12/40] crt-000078 UNDERSPECIFIED nonunique ok
[13/40] crt-000062 OMISSION nonunique ok
[14/40] crt-000062 UNDERSPECIFIED nonunique ok
[15/40] ran-000564 OMISSION nonunique ok
[16/40] ran-000564 UNDERSPECIFIED nonunique ok
[17/40] crt-000089 OMISSION nonunique ok
[18/40] crt-000089 UNDERSPECIFIED nonunique ok
[19/40] ran-000595 OMISSION nonunique ok
[20/40] ran-000595 UNDERSPECIFIED nonunique ok
[21/40] gra-000234 OMISSION nonunique ok
[22/40] gra-000234 UNDERSPECIFIED nonunique ok
[23/40] ran-000543 OMISSION nonunique ok
[24/40] ran-000543 UNDERSPECIFIED nonunique ok
[25/40] ran-000565 OMISSION nonunique ok
[26/40] ran-000565 UNDERSPECIFIED nonunique ok
[27/40] ran-000579 OMISSION nonunique ok
[28/40] ran-000579 UNDERSPECIFIED nonunique ok
[29/40] lin-000260 OMISSION nonunique ok
[30/40] lin-000260 UNDERSPECIFIED nonunique ok
[31/40] ran-000550 OMISSION nonunique ok
[32/40] ran-000550 UNDERSPECIFIED nonunique ok
[33/40] crt-000068 OMISSION nonunique ok
[34/40] crt-000068 UNDERSPECIFIED nonunique ok
[35/40] gra-000209 OMISSION nonunique ok
[36/40] gra-000209 UNDERSPECIFIED nonunique ok
[37/40] crt-000097 OMISSION nonunique ok
[38/40] crt-000097 UNDERSPECIFIED nonunique ok
[39/40] lin-000261 OMISSION nonunique ok
[40/40] lin-000261 UNDERSPECIFIED nonunique ok
