[1/60] ran-000581 OMISSION self_review ok
[2/60] ran-000581 UNDERSPECIFIED self_review ok
[3/60] lin-000267 OMISSION self_review ok
[4/60] lin-000267 UNDERSPECIFIED self_review ok
[5/60] crt-000098 OMISSION self_review ok
[6/60] crt-000098 UNDERSPECIFIED self_review ok
[7/60] ran-000569 OMISSION self_review ok
[8/60] ran-000569 UNDERSPECIFIED self_review ok
[9/60] mom-000418 OMISSION self_review ok
[10/60] mom-000418 UNDERSPECIFIED self_review ok
[11/60] mom-000392 OMISSION self_review ok
[12/60] mom-000392 UNDERSPECIFIED self_review ok
[13/60] mom-000367 OMISSION self_review ok
[14/60] mom-000367 UNDERSPECIFIED self_review ok
[15/60] mom-000363 OMISSION self_review ok
[16/60] mom-000363 UNDERSPECIFIED self_review ok
[17/60] mom-000382 OMISSION self_review ok
[18/60] mom-000382 UNDERSPECIFIED self_review ok
[19/60] mom-000419 OMISSION self_review ok
[20/60] mom-000419 UNDERSPECIFIED self_review ok
[21/60] mom-000369 OMISSION self_review ok
[22/60] mom-000369 UNDERSPECIFIED self_review ok
[23/60] mom-000380 OMISSION self_review ok
[24/60] mom-000380 UNDERSPECIFIED self_review ok
[25/60] gra-000226 OMISSION self_review ok
[26/60] gra-000226 UNDERSPECIFIED self_review ok
[27/60] lin-000271 OMISSION self_review ok
[28/60] lin-000271 UNDERSPECIFIED self_review ok
[29/60] ran-000584 OMISSION self_review ok
[30/60] ran-000584 UNDERSPECIFIED self_review ok
[31/60] ran-000572 OMISSION self_review ok
[32/60] ran-000572 UNDERSPECIFIED self_review ok
[33/60] ran-000555 OMISSION self_review ok
[34/60] ran-000555 UNDERSPECIFIED self_review ok
[35/60] mom-000411 OMISSION self_review ok
[36/60] mom-000411 UNDERSPECIFIED self_review ok
[37/60] ran-000556 OMISSION self_review ok
[38/60] ran-000556 UNDERSPECIFIED self_review ok
[39/60] crt-000112 OMISSION self_review ok
[40/60] crt-000112 UNDERSPECIFIED self_review ok
[41/60] gra-000182 OMISSION self_review ok
[42/60] gra-000182 UNDERSPECIFIED self_review ok
[43/60] lin-000251 OMISSION self_review ok
[44/60] lin-000251 UNDERSPECIFIED self_review ok
[45/60] crt-000105 OMISSION self_review ok
[46/60] crt-000105 UNDERSPECIFIED self_review ok
[47/60] gra-000181 OMISSION self_review ok
[48/60] gra-000181 UNDERSPECIFIED self_review ok
[49/60] ran-000560 OMISSION self_review ok
[50/60] ran-000560 UNDERSPECIFIED self_review ok
[51/60] mom-000364 OMISSION self_review ok
[52/60] mom-000364 UNDERSPECIFIED self_review ok
[53/60] gra-000222 OMISSION self_review ok
[54/60] gra-000222 UNDERSPECIFIED self_review ok
[55/60] mom-000399 OMISSION self_review ok
[56/60] mom-000399 UNDERSPECIFIED self_review ok
[57/60] ran-000583 OMISSION self_review ok
[58/60] ran-000583 UNDERSPECIFIED self_review ok
[59/60] mom-000386 OMISSION self_review ok
[60/60] mom-000386 UNDERSPECIFIED self_review ok
