[1/40] ran-000570 OMISSION self_review ok
[2/40] ran-000570 UNDERSPECIFIED self_review ok
[3/40] lin-000279 OMISSION self_review ok
[4/40] lin-000279 UNDERSPECIFIED self_review ok
[5/40] gra-000189 OMISSION self_review ok
[6/40] gra-000189 UNDERSPECIFIED self_review ok
[7/40] lin-000244 OMISSION self_review ok
[8/40] lin-000244 UNDERSPECIFIED self_review ok
[9/40] lin-000259 OMISSION self_review ok
[10/40] lin-000259 UNDERSPECIFIED self_review ok
[11/40] crt-000078 OMISSION self_review ok
[12/40] crt-000078 UNDERSPECIFIED self_review ok
[13/40] crt-000062 OMISSION self_review ok
[14/40] crt-000062 UNDERSPECIFIED self_review ok
[15/40] ran-000564 OMISSION self_review ok
[16/40] ran-000564 UNDERSPECIFIED self_review ok
[17/40] crt-000089 OMISSION self_review ok
[18/40] crt-000089 UNDERSPECIFIED self_review ok
[19/40] ran-000595 OMISSION self_review ok
[20/40] ran-000595 UNDERSPECIFIED self_review ok
[21/40] gra-000234 OMISSION self_review ok
[22/40] gra-000234 UNDERSPECIFIED self_review ok
[23/40] ran-000543 OMISSION self_review ok
[24/40] ran-000543 UNDERSPECIFIED self_review ok
[25/40] ran-000565 OMISSION self_review ok
[26/40] ran-000565 UNDERSPECIFIED self_review ok
[27/40] ran-000579 OMISSION self_review ok
[28/40] ran-000579 UNDERSPECIFIED self_review ok
[29/40] lin-000260 OMISSION self_review ok
[30/40] lin-000260 UNDERSPECIFIED self_review ok
[31/40] ran-000550 OMISSION self_review ok
[32/40] ran-000550 UNDERSPECIFIED self_review ok
[33/40] crt-000068 OMISSION self_review ok
[34/40] crt-000068 UNDERSPECIFIED self_review ok
[35/40] gra-000209 OMISSION self_review ok
[36/40] gra-000209 UNDERSPECIFIED self_review ok
[37/40] crt-000097 OMISSION self_review ok
[38/40] crt-000097 UNDERSPECIFIED self_review ok
[39/40] lin-000261 OMISSION self_review ok
[40/40] lin-000261 UNDERSPECIFIED self_review ok
