[1/40] gra-000198 OMISSION grounded_self_review ok
[2/40] gra-000198 UNDERSPECIFIED grounded_self_review ok
[3/40] gra-000208 OMISSION grounded_self_review ok
[4/40] gra-000208 UNDERSPECIFIED grounded_self_review ok
[5/40] lin-000245 OMISSION grounded_self_review ok
[6/40] lin-000245 UNDERSPECIFIED grounded_self_review ok
[7/40] crt-000077 OMISSION grounded_self_review ok
[8/40] crt-000077 UNDERSPECIFIED grounded_self_review ok
[9/40] ran-000554 OMISSION grounded_self_review ok
[10/40] ran-000554 UNDERSPECIFIED grounded_self_review ok
[11/40] gra-000191 OMISSION grounded_self_review ok
[12/40] gra-000191 UNDERSPECIFIED grounded_self_review ok
[13/40] lin-000264 OMISSION grounded_self_review ok
[14/40] lin-000264 UNDERSPECIFIED grounded_self_review ok
[15/40] ran-000557 OMISSION grounded_self_review ok
[16/40] ran-000557 UNDERSPECIFIED grounded_self_review ok
[17/40] gra-000204 OMISSION grounded_self_review ok
[18/40] gra-000204 UNDERSPECIFIED grounded_self_review ok
[19/40] crt-000117 OMISSION grounded_self_review ok
[20/40] crt-000117 UNDERSPECIFIED grounded_self_review ok
[21/40] lin-000287 OMISSION grounded_self_review ok
[22/40] lin-000287 UNDERSPECIFIED grounded_self_review ok
[23/40] lin-000291 OMISSION grounded_self_review ok
[24/40] lin-000291 UNDERSPECIFIED grounded_self_review ok
[25/40] gra-000215 OMISSION grounded_self_review ok
[26/40] gra-000215 UNDERSPECIFIED grounded_self_review ok
[27/40] crt-000075 OMISSION grounded_self_review ok
[28/40] crt-000075 UNDERSPECIFIED grounded_self_review ok
[29/40] gra-000221 OMISSION grounded_self_review ok
[30/40] gra-000221 UNDERSPECIFIED grounded_self_review ok
[31/40] gra-000211 OMISSION grounded_self_review ok
[32/40] gra-000211 UNDERSPECIFIED grounded_self_review ok
[33/40] crt-000091 OMISSION grounded_self_review ok
[34/40] crt-000091 UNDERSPECIFIED grounded_self_review ok
[35/40] gra-000195 OMISSION grounded_self_review ok
[36/40] gra-000195 UNDERSPECIFIED grounded_self_review ok
[37/40] lin-000270 OMISSION grounded_self_review ok
[38/40] lin-000270 UNDERSPECIFIED grounded_self_review ok
[39/40] gra-000239 OMISSION grounded_self_review ok
[40/40] gra-000239 UNDERSPECIFIED grounded_self_review ok
