[1/60] lin-000241 OMISSION nonunique_grounding ok
[2/60] lin-000241 UNDERSPECIFIED nonunique_grounding ok
[3/60] lin-000262 OMISSION nonunique_grounding ok
[4/60] lin-000262 UNDERSPECIFIED nonunique_grounding ok
[5/60] mom-000381 OMISSION nonunique_grounding ok
[6/60] mom-000381 UNDERSPECIFIED nonunique_grounding ok
[7/60] lin-000248 OMISSION nonunique_grounding ok
[8/60] lin-000248 UNDERSPECIFIED nonunique_grounding ok
[9/60] crt-000095 OMISSION nonunique_grounding ok
[10/60] crt-000095 UNDERSPECIFIED nonunique_grounding ok
[11/60] crt-000063 OMISSION nonunique_grounding ok
[12/60] crt-000063 UNDERSPECIFIED nonunique_grounding ok
[13/60] crt-000102 OMISSION nonunique_grounding ok
[14/60] crt-000102 UNDERSPECIFIED nonunique_grounding ok
[15/60] mom-000405 OMISSION nonunique_grounding ok
[16/60] mom-000405 UNDERSPECIFIED nonunique_grounding ok
[17/60] mom-000371 OMISSION nonunique_grounding ok
[18/60] mom-000371 UNDERSPECIFIED nonunique_grounding ok
[19/60] gra-000220 OMISSION nonunique_grounding ok
[20/60] gra-000220 UNDERSPECIFIED nonunique_grounding ok
[21/60] crt-000076 OMISSION nonunique_grounding ok
[22/60] crt-000076 UNDERSPECIFIED nonunique_grounding ok
[23/60] mom-000408 OMISSION nonunique_grounding ok
[24/60] mom-000408 UNDERSPECIFIED nonunique_grounding ok
[25/60] lin-000284 OMISSION nonunique_grounding ok
[26/60] lin-000284 UNDERSPECIFIED nonunique_grounding ok
[27/60] lin-000298 OMISSION nonunique_grounding ok
[28/60] lin-000298 UNDERSPECIFIED nonunique_grounding ok
[29/60] mom-000362 OMISSION nonunique_grounding ok
[30/60] mom-000362 UNDERSPECIFIED nonunique_grounding ok
[31/60] crt-000085 OMISSION nonunique_grounding ok
[32/60] crt-000085 UNDERSPECIFIED nonunique_grounding ok
[33/60] gra-000235 OMISSION nonunique_grounding ok
[34/60] gra-000235 UNDERSPECIFIED nonunique_grounding ok
[35/60] ran-000594 OMISSION nonunique_grounding ok
[36/60] ran-000594 UNDERSPECIFIED nonunique_grounding ok
[37/60] mom-000379 OMISSION nonunique_grounding ok
[38/60] mom-000379 UNDERSPECIFIED nonunique_grounding ok
[39/60] mom-000407 OMISSION nonunique_grounding ok
[40/60] mom-000407 UNDERSPECIFIED nonunique_grounding ok
[41/60] ran-000577 OMISSION nonunique_grounding ok
[42/60] ran-000577 UNDERSPECIFIED nonunique_grounding ok
[43/60] mom-000415 OMISSION nonunique_grounding ok
[44/60] mom-000415 UNDERSPECIFIED nonunique_grounding ok
[45/60] mom-000365 OMISSION nonunique_grounding ok
[46/60] mom-000365 UNDERSPECIFIED nonunique_grounding ok
[47/60] mom-000377 OMISSION nonunique_grounding ok
[48/60] mom-000377 UNDERSPECIFIED nonunique_grounding ok
[49/60] gra-000238 OMISSION nonunique_grounding ok
[50/60] gra-000238 UNDERSPECIFIED nonunique_grounding ok
[51/60] crt-000114 OMISSION nonunique_grounding ok
[52/60] crt-000114 UNDERSPECIFIED nonunique_grounding ok
[53/60] ran-000578 OMISSION nonunique_grounding ok
[54/60] ran-000578 UNDERSPECIFIED nonunique_grounding ok
[55/60] mom-000387 OMISSION nonunique_grounding ok
[56/60] mom-000387 UNDERSPECIFIED nonunique_grounding ok
[57/60] lin-000246 OMISSION nonunique_grounding ok
[58/60] lin-000246 UNDERSPECIFIED nonunique_grounding ok
[59/60] mom-000372 OMISSION nonunique_grounding ok
[60/60] mom-000372 UNDERSPECIFIED nonunique_grounding ok
