[1/50] mom-000409 OMISSION random_pair ok
[2/50] mom-000409 UNDERSPECIFIED random_pair ok
[3/50] lin-000258 OMISSION random_pair ok
[4/50] lin-000258 UNDERSPECIFIED random_pair ok
[5/50] ran-000542 OMISSION random_pair ok
[6/50] ran-000542 UNDERSPECIFIED random_pair ok
[7/50] gra-000200 OMISSION random_pair ok
[8/50] gra-000200 UNDERSPECIFIED random_pair ok
[9/50] gra-000184 OMISSION random_pair ok
[10/50] gra-000184 UNDERSPECIFIED random_pair ok
[11/50] lin-000285 OMISSION random_pair ok
[12/50] lin-000285 UNDERSPECIFIED random_pair ok
[13/50] lin-000257 OMISSION random_pair ok
[14/50] lin-000257 UNDERSPECIFIED random_pair ok
[15/50] crt-000118 OMISSION random_pair ok
[16/50] crt-000118 UNDERSPECIFIED random_pair ok
[17/50] lin-000268 OMISSION random_pair ok
[18/50] lin-000268 UNDERSPECIFIED random_pair ok
[19/50] gra-000212 OMISSION random_pair ok
[20/50] gra-000212 UNDERSPECIFIED random_pair ok
[21/50] lin-000296 OMISSION random_pair ok
[22/50] lin-000296 UNDERSPECIFIED random_pair ok
[23/50] lin-000242 OMISSION random_pair ok
[24/50] lin-000242 UNDERSPECIFIED random_pair ok
[25/50] ran-000599 OMISSION random_pair ok
[26/50] ran-000599 UNDERSPECIFIED random_pair ok
[27/50] lin-000250 OMISSION random_pair ok
[28/50] lin-000250 UNDERSPECIFIED random_pair ok
[29/50] mom-000361 OMISSION random_pair ok
[30/50] mom-000361 UNDERSPECIFIED random_pair ok
[31/50] crt-000109 OMISSION random_pair ok
[32/50] crt-000109 UNDERSPECIFIED random_pair ok
[33/50] gra-000228 OMISSION random_pair ok
[34/50] gra-000228 UNDERSPECIFIED random_pair ok
[35/50] ran-000587 OMISSION random_pair ok
[36/50] ran-000587 UNDERSPECIFIED random_pair ok
[37/50] ran-000552 OMISSION random_pair ok
[38/50] ran-000552 UNDERSPECIFIED random_pair ok
[39/50] lin-000266 OMISSION random_pair ok
[40/50] lin-000266 UNDERSPECIFIED random_pair ok
[41/50] gra-000225 OMISSION random_pair ok
[42/50] gra-000225 UNDERSPECIFIED random_pair ok
[43/50] crt-000119 OMISSION random_pair ok
[44/50] crt-000119 UNDERSPECIFIED random_pair ok
[45/50] ran-000553 OMISSION random_pair ok
[46/50] ran-000553 UNDERSPECIFIED random_pair ok
[47/50] lin-000290 OMISSION random_pair ok
[48/50] lin-000290 UNDERSPECIFIED random_pair ok
[49/50] crt-000061 OMISSION random_pair ok
[50/50] crt-000061 UNDERSPECIFIED random_pair ok
