[1/40] crt-000094 OMISSION nonunique ok
[2/40] crt-000094 UNDERSPECIFIED nonunique ok
[3/40] gra-000217 OMISSION nonunique ok
[4/40] gra-000217 UNDERSPECIFIED nonunique ok
[5/40] crt-000070 OMISSION nonunique ok
[6/40] crt-000070 UNDERSPECIFIED nonunique ok
[7/40] crt-000110 OMISSION nonunique ok
[8/40] crt-000110 UNDERSPECIFIED nonunique ok
[9/40] lin-000253 OMISSION nonunique ok
[10/40] lin-000253 UNDERSPECIFIED nonunique ok
[11/40] lin-000254 OMISSION nonunique ok
[12/40] lin-000254 UNDERSPECIFIED nonunique ok
[13/40] ran-000589 OMISSION nonunique ok
[14/40] ran-000589 UNDERSPECIFIED nonunique ok
[15/40] gra-000237 OMISSION nonunique ok
[16/40] gra-000237 UNDERSPECIFIED nonunique ok
[17/40] lin-000292 OMISSION nonunique ok
[18/40] lin-000292 UNDERSPECIFIED nonunique ok
[19/40] crt-000108 OMISSION nonunique ok
[20/40] crt-000108 UNDERSPECIFIED nonunique ok
[21/40] gra-000213 OMISSION nonunique ok
[22/40] gra-000213 UNDERSPECIFIED nonunique ok
[23/40] lin-000293 OMISSION nonunique ok
[24/40] lin-000293 UNDERSPECIFIED nonunique ok
[25/40] ran-000563 OMISSION nonunique ok
[26/40] ran-000563 UNDERSPECIFIED nonunique ok
[27/40] lin-000281 OMISSION nonunique ok
[28/40] lin-000281 UNDERSPECIFIED nonunique ok
[29/40] ran-000548 OMISSION nonunique ok
[30/40] ran-000548 UNDERSPECIFIED nonunique ok
[31/40] ran-000547 OMISSION nonunique ok
[32/40] ran-000547 UNDERSPECIFIED nonunique ok
[33/40] lin-000275 OMISSION nonunique ok
[34/40] lin-000275 UNDERSPECIFIED nonunique ok
[35/40] crt-000065 OMISSION nonunique ok
[36/40] crt-000065 UNDERSPECIFIED nonunique ok
[37/40] ran-000541 OMISSION nonunique ok
[38/40] ran-000541 UNDERSPECIFIED nonunique ok
[39/40] ran-000558 OMISSION nonunique ok
[40/40] ran-000558 UNDERSPECIFIED nonunique ok
