[1/50] crt-000083 OMISSION nonunique ok
[2/50] crt-000083 UNDERSPECIFIED nonunique ok
[3/50] lin-000277 OMISSION nonunique ok
[4/50] lin-000277 UNDERSPECIFIED nonunique ok
[5/50] mom-000413 OMISSION nonunique ok
[6/50] mom-000413 UNDERSPECIFIED nonunique ok
[7/50] mom-000393 OMISSION nonunique ok
[8/50] mom-000393 UNDERSPECIFIED nonunique ok
[9/50] ran-000586 OMISSION nonunique ok
[10/50] ran-000586 UNDERSPECIFIED nonunique ok
[11/50] gra-000199 OMISSION nonunique ok
[12/50] gra-000199 UNDERSPECIFIED nonunique ok
[13/50] mom-000360 OMISSION nonunique ok
[14/50] mom-000360 UNDERSPECIFIED nonunique ok
[15/50] lin-000273 OMISSION nonunique ok
[16/50] lin-000273 UNDERSPECIFIED nonunique ok
[17/50] crt-000107 OMISSION nonunique ok
[18/50] crt-000107 UNDERSPECIFIED nonunique ok
[19/50] mom-000406 OMISSION nonunique ok
[20/50] mom-000406 UNDERSPECIFIED nonunique ok
[21/50] mom-000391 OMISSION nonunique ok
[22/50] mom-000391 UNDERSPECIFIED nonunique ok
[23/50] gra-000233 OMISSION nonunique ok
[24/50] gra-000233 UNDERSPECIFIED nonunique ok
[25/50] ran-000593 OMISSION nonunique ok
[26/50] ran-000593 UNDERSPECIFIED nonunique ok
[27/50] ran-000582 OMISSION nonunique ok
[28/50] ran-000582 UNDERSPECIFIED nonunique ok
[29/50] mom-000384 OMISSION nonunique ok
[30/50] mom-000384 UNDERSPECIFIED nonunique ok
[31/50] ran-000591 OMISSION nonunique ok
[32/50] ran-000591 UNDERSPECIFIED nonunique ok
[33/50] mom-000416 OMISSION nonunique ok
[34/50] mom-000416 UNDERSPECIFIED nonunique ok
[35/50] crt-000069 OMISSION nonunique ok
[36/50] crt-000069 UNDERSPECIFIED nonunique ok
[37/50] lin-000294 OMISSION nonunique ok
[38/50] lin-000294 UNDERSPECIFIED nonunique ok
[39/50] gra-000231 OMISSION nonunique ok
[40/50] gra-000231 UNDERSPECIFIED nonunique ok
[41/50] mom-000410 OMISSION nonunique ok
[42/50] mom-000410 UNDERSPECIFIED nonunique ok
[43/50] crt-000106 OMISSION nonunique ok
[44/50] crt-000106 UNDERSPECIFIED nonunique ok
[45/50] mom-000376 OMISSION nonunique ok
[46/50] mom-000376 UNDERSPECIFIED nonunique ok
[47/50] ran-000590 OMISSION nonunique ok
[48/50] ran-000590 UNDERSPECIFIED nonunique ok
[49/50] crt-000079 OMISSION nonunique ok
[50/50] crt-000079 UNDERSPECIFIED nonunique ok
