[1/40] crt-000094 OMISSION self_review ok
[2/40] crt-000094 UNDERSPECIFIED self_review ok
[3/40] gra-000217 OMISSION self_review ok
[4/40] gra-000217 UNDERSPECIFIED self_review ok
[5/40] crt-000070 OMISSION self_review ok
[6/40] crt-000070 UNDERSPECIFIED self_review ok
[7/40] crt-000110 OMISSION self_review ok
[8/40] crt-000110 UNDERSPECIFIED self_review ok
[9/40] lin-000253 OMISSION self_review ok
[10/40] lin-000253 UNDERSPECIFIED self_review ok
[11/40] lin-000254 OMISSION self_review ok
[12/40] lin-000254 UNDERSPECIFIED self_review ok
[13/40] ran-000589 OMISSION self_review ok
[14/40] ran-000589 UNDERSPECIFIED self_review ok
[15/40] gra-000237 OMISSION self_review ok
[16/40] gra-000237 UNDERSPECIFIED self_review ok
[17/40] lin-000292 OMISSION self_review ok
[18/40] lin-000292 UNDERSPECIFIED self_review ok
[19/40] crt-000108 OMISSION self_review ok
[20/40] crt-000108 UNDERSPECIFIED self_review ok
[21/40] gra-000213 OMISSION self_review ok
[22/40] gra-000213 UNDERSPECIFIED self_review ok
[23/40] lin-000293 OMISSION self_review ok
[24/40] lin-000293 UNDERSPECIFIED self_review ok
[25/40] ran-000563 OMISSION self_review ok
[26/40] ran-000563 UNDERSPECIFIED self_review ok
[27/40] lin-000281 OMISSION self_review ok
[28/40] lin-000281 UNDERSPECIFIED self_review ok
[29/40] ran-000548 OMISSION self_review ok
[30/40] ran-000548 UNDERSPECIFIED self_review ok
[31/40] ran-000547 OMISSION self_review ok
[32/40] ran-000547 UNDERSPECIFIED self_review ok
[33/40] lin-000275 OMISSION self_review ok
[34/40] lin-000275 UNDERSPECIFIED self_review ok
[35/40] crt-000065 OMISSION self_review ok
[36/40] crt-000065 UNDERSPECIFIED self_review ok
[37/40] ran-000541 OMISSION self_review ok
[38/40] ran-000541 UNDERSPECIFIED self_review ok
[39/40] ran-000558 OMISSION self_review ok
[40/40] ran-000558 UNDERSPECIFIED self_review ok
