[1/50] mom-000409 OMISSION minimal_witness_grounding ok
[2/50] mom-000409 UNDERSPECIFIED minimal_witness_grounding ok
[3/50] lin-000258 OMISSION minimal_witness_grounding ok
[4/50] lin-000258 UNDERSPECIFIED minimal_witness_grounding ok
[5/50] ran-000542 OMISSION minimal_witness_grounding ok
[6/50] ran-000542 UNDERSPECIFIED minimal_witness_grounding ok
[7/50] gra-000200 OMISSION minimal_witness_grounding ok
[8/50] gra-000200 UNDERSPECIFIED minimal_witness_grounding ok
[9/50] gra-000184 OMISSION minimal_witness_grounding ok
[10/50] gra-000184 UNDERSPECIFIED minimal_witness_grounding ok
[11/50] lin-000285 OMISSION minimal_witness_grounding ok
[12/50] lin-000285 UNDERSPECIFIED minimal_witness_grounding ok
[13/50] lin-000257 OMISSION minimal_witness_grounding ok
[14/50] lin-000257 UNDERSPECIFIED minimal_witness_grounding ok
[15/50] crt-000118 OMISSION minimal_witness_grounding ok
[16/50] crt-000118 UNDERSPECIFIED minimal_witness_grounding ok
[17/50] lin-000268 OMISSION minimal_witness_grounding ok
[18/50] lin-000268 UNDERSPECIFIED minimal_witness_grounding ok
[19/50] gra-000212 OMISSION minimal_witness_grounding ok
[20/50] gra-000212 UNDERSPECIFIED minimal_witness_grounding ok
[21/50] lin-000296 OMISSION minimal_witness_grounding ok
[22/50] lin-000296 UNDERSPECIFIED minimal_witness_grounding ok
[23/50] lin-000242 OMISSION minimal_witness_grounding ok
[24/50] lin-000242 UNDERSPECIFIED minimal_witness_grounding ok
[25/50] ran-000599 OMISSION minimal_witness_grounding ok
[26/50] ran-000599 UNDERSPECIFIED minimal_witness_grounding ok
[27/50] lin-000250 OMISSION minimal_witness_grounding ok
[28/50] lin-000250 UNDERSPECIFIED minimal_witness_grounding ok
[29/50] mom-000361 OMISSION minimal_witness_grounding ok
[30/50] mom-000361 UNDERSPECIFIED minimal_witness_grounding ok
[31/50] crt-000109 OMISSION minimal_witness_grounding ok
[32/50] crt-000109 UNDERSPECIFIED minimal_witness_grounding ok
[33/50] gra-000228 OMISSION minimal_witness_grounding ok
[34/50] gra-000228 UNDERSPECIFIED minimal_witness_grounding ok
[35/50] ran-000587 OMISSION minimal_witness_grounding ok
[36/50] ran-000587 UNDERSPECIFIED minimal_witness_grounding ok
[37/50] ran-000552 OMISSION minimal_witness_grounding ok
[38/50] ran-000552 UNDERSPECIFIED minimal_witness_grounding ok
[39/50] lin-000266 OMISSION minimal_witness_grounding ok
[40/50] lin-000266 UNDERSPECIFIED minimal_witness_grounding ok
[41/50] gra-000225 OMISSION minimal_witness_grounding ok
[42/50] gra-000225 UNDERSPECIFIED minimal_witness_grounding ok
[43/50] crt-000119 OMISSION minimal_witness_grounding ok
[44/50] crt-000119 UNDERSPECIFIED minimal_witness_grounding ok
[45/50] ran-000553 OMISSION minimal_witness_grounding ok
[46/50] ran-000553 UNDERSPECIFIED minimal_witness_grounding ok
[47/50] lin-000290 OMISSION minimal_witness_grounding ok
[48/50] lin-000290 UNDERSPECIFIED minimal_witness_grounding ok
[49/50] crt-000061 OMISSION minimal_witness_grounding ok
[50/50] crt-000061 UNDERSPECIFIED minimal_witness_grounding ok
