[1/60] ran-000544 OMISSION nonunique_grounding ok
[2/60] ran-000544 UNDERSPECIFIED nonunique_grounding ok
[3/60] lin-000278 OMISSION nonunique_grounding ok
[4/60] lin-000278 UNDERSPECIFIED nonunique_grounding ok
[5/60] gra-000230 OMISSION nonunique_grounding ok
[6/60] gra-000230 UNDERSPECIFIED nonunique_grounding ok
[7/60] ran-000596 OMISSION nonunique_grounding ok
[8/60] ran-000596 UNDERSPECIFIED nonunique_grounding ok
[9/60] lin-000276 OMISSION nonunique_grounding ok
[10/60] lin-000276 UNDERSPECIFIED nonunique_grounding ok
[11/60] lin-000297 OMISSION nonunique_grounding ok
[12/60] lin-000297 UNDERSPECIFIED nonunique_grounding ok
[13/60] ran-000551 OMISSION nonunique_grounding ok
[14/60] ran-000551 UNDERSPECIFIED nonunique_grounding ok
[15/60] mom-000389 OMISSION nonunique_grounding ok
[16/60] mom-000389 UNDERSPECIFIED nonunique_grounding ok
[17/60] mom-000397 OMISSION nonunique_grounding ok
[18/60] mom-000397 UNDERSPECIFIED nonunique_grounding ok
[19/60] lin-000249 OMISSION nonunique_grounding ok
[20/60] lin-000249 UNDERSPECIFIED nonunique_grounding ok
[21/60] ran-000580 OMISSION nonunique_grounding ok
[22/60] ran-000580 UNDERSPECIFIED nonunique_grounding ok
[23/60] gra-000194 OMISSION nonunique_grounding ok
[24/60] gra-000194 UNDERSPECIFIED nonunique_grounding ok
[25/60] crt-000104 OMISSION nonunique_grounding ok
[26/60] crt-000104 UNDERSPECIFIED nonunique_grounding ok
[27/60] crt-000060 OMISSION nonunique_grounding ok
[28/60] crt-000060 UNDERSPECIFIED nonunique_grounding ok
[29/60] gra-000197 OMISSION nonunique_grounding ok
[30/60] gra-000197 UNDERSPECIFIED nonunique_grounding ok
[31/60] gra-000183 OMISSION nonunique_grounding ok
[32/60] gra-000183 UNDERSPECIFIED nonunique_grounding ok
[33/60] mom-000383 OMISSION nonunique_grounding ok
[34/60] mom-000383 UNDERSPECIFIED nonunique_grounding ok
[35/60] gra-000186 OMISSION nonunique_grounding ok
[36/60] gra-000186 UNDERSPECIFIED nonunique_grounding ok
[37/60] gra-000185 OMISSION nonunique_grounding ok
[38/60] gra-000185 UNDERSPECIFIED nonunique_grounding ok
[39/60] crt-000100 OMISSION nonunique_grounding ok
[40/60] crt-000100 UNDERSPECIFIED nonunique_grounding ok
[41/60] lin-000295 OMISSION nonunique_grounding ok
[42/60] lin-000295 UNDERSPECIFIED nonunique_grounding ok
[43/60] mom-000394 OMISSION nonunique_grounding ok
[44/60] mom-000394 UNDERSPECIFIED nonunique_grounding ok
[45/60] gra-000218 OMISSION nonunique_grounding ok
[46/60] gra-000218 UNDERSPECIFIED nonunique_grounding ok
[47/60] mom-000378 OMISSION nonunique_grounding ok
[48/60] mom-000378 UNDERSPECIFIED nonunique_grounding ok
[49/60] lin-000263 OMISSION nonunique_grounding ok
[50/60] lin-000263 UNDERSPECIFIED nonunique_grounding ok
[51/60] mom-000368 OMISSION nonunique_grounding ok
[52/60] mom-000368 UNDERSPECIFIED nonunique_grounding ok
[53/60] gra-000196 OMISSION nonunique_grounding ok
[54/60] gra-000196 UNDERSPECIFIED nonunique_grounding ok
[55/60] mom-000402 OMISSION nonunique_grounding ok
[56/60] mom-000402 UNDERSPECIFIED nonunique_grounding ok
[57/60] mom-000403 OMISSION nonunique_grounding ok
[58/60] mom-000403 UNDERSPECIFIED nonunique_grounding ok
[59/60] mom-000404 OMISSION nonunique_grounding ok
[60/60] mom-000404 UNDERSPECIFIED nonunique_grounding ok
