[1/60] ran-000581 OMISSION grounded_self_review ok
[2/60] ran-000581 UNDERSPECIFIED grounded_self_review ok
[3/60] lin-000267 OMISSION grounded_self_review ok
[4/60] lin-000267 UNDERSPECIFIED grounded_self_review ok
[5/60] crt-000098 OMISSION grounded_self_review ok
[6/60] crt-000098 UNDERSPECIFIED grounded_self_review ok
[7/60] ran-000569 OMISSION grounded_self_review ok
[8/60] ran-000569 UNDERSPECIFIED grounded_self_review ok
[9/60] mom-000418 OMISSION grounded_self_review ok
[10/60] mom-000418 UNDERSPECIFIED grounded_self_review ok
[11/60] mom-000392 OMISSION grounded_self_review ok
[12/60] mom-000392 UNDERSPECIFIED grounded_self_review ok
[13/60] mom-000367 OMISSION grounded_self_review ok
[14/60] mom-000367 UNDERSPECIFIED grounded_self_review ok
[15/60] mom-000363 OMISSION grounded_self_review ok
[16/60] mom-000363 UNDERSPECIFIED grounded_self_review ok
[17/60] mom-000382 OMISSION grounded_self_review ok
[18/60] mom-000382 UNDERSPECIFIED grounded_self_review ok
[19/60] mom-000419 OMISSION grounded_self_review ok
[20/60] mom-000419 UNDERSPECIFIED grounded_self_review ok
[21/60] mom-000369 OMISSION grounded_self_review ok
[22/60] mom-000369 UNDERSPECIFIED grounded_self_review ok
[23/60] mom-000380 OMISSION grounded_self_review ok
[24/60] mom-000380 UNDERSPECIFIED grounded_self_review ok
[25/60] gra-000226 OMISSION grounded_self_review ok
[26/60] gra-000226 UNDERSPECIFIED grounded_self_review ok
[27/60] lin-000271 OMISSION grounded_self_review ok
[28/60] lin-000271 UNDERSPECIFIED grounded_self_review ok
[29/60] ran-000584 OMISSION grounded_self_review ok
[30/60] ran-000584 UNDERSPECIFIED grounded_self_review ok
[31/60] ran-000572 OMISSION grounded_self_review ok
[32/60] ran-000572 UNDERSPECIFIED grounded_self_review ok
[33/60] ran-000555 OMISSION grounded_self_review ok
[34/60] ran-000555 UNDERSPECIFIED grounded_self_review ok
[35/60] mom-000411 OMISSION grounded_self_review ok
[36/60] mom-000411 UNDERSPECIFIED grounded_self_review ok
[37/60] ran-000556 OMISSION grounded_self_review ok
[38/60] ran-000556 UNDERSPECIFIED grounded_self_review ok
[39/60] crt-000112 OMISSION grounded_self_review ok
[40/60] crt-000112 UNDERSPECIFIED grounded_self_review ok
[41/60] gra-000182 OMISSION grounded_self_review ok
[42/60] gra-000182 UNDERSPECIFIED grounded_self_review ok
[43/60] lin-000251 OMISSION grounded_self_review ok
[44/60] lin-000251 UNDERSPECIFIED grounded_self_review ok
[45/60] crt-000105 OMISSION grounded_self_review ok
[46/60] crt-000105 UNDERSPECIFIED grounded_self_review ok
[47/60] gra-000181 OMISSION grounded_self_review ok
[48/60] gra-000181 UNDERSPECIFIED grounded_self_review ok
[49/60] ran-000560 OMISSION grounded_self_review ok
[50/60] ran-000560 UNDERSPECIFIED grounded_self_review ok
[51/60] mom-000364 OMISSION grounded_self_review ok
[52/60] mom-000364 UNDERSPECIFIED grounded_self_review ok
[53/60] gra-000222 OMISSION grounded_self_review ok
[54/60] gra-000222 UNDERSPECIFIED grounded_self_review ok
[55/60] mom-000399 OMISSION grounded_self_review ok
[56/60] mom-000399 UNDERSPECIFIED grounded_self_review ok
[57/60] ran-000583 OMISSION grounded_self_review ok
[58/60] ran-000583 UNDERSPECIFIED grounded_self_review ok
[59/60] mom-000386 OMISSION grounded_self_review ok
[60/60] mom-000386 UNDERSPECIFIED grounded_self_review ok
