[1/60] ran-000581 OMISSION nonunique_grounding ok
[2/60] ran-000581 UNDERSPECIFIED nonunique_grounding ok
[3/60] lin-000267 OMISSION nonunique_grounding ok
[4/60] lin-000267 UNDERSPECIFIED nonunique_grounding ok
[5/60] crt-000098 OMISSION nonunique_grounding ok
[6/60] crt-000098 UNDERSPECIFIED nonunique_grounding ok
[7/60] ran-000569 OMISSION nonunique_grounding ok
[8/60] ran-000569 UNDERSPECIFIED nonunique_grounding ok
[9/60] mom-000418 OMISSION nonunique_grounding ok
[10/60] mom-000418 UNDERSPECIFIED nonunique_grounding ok
[11/60] mom-000392 OMISSION nonunique_grounding ok
[12/60] mom-000392 UNDERSPECIFIED nonunique_grounding ok
[13/60] mom-000367 OMISSION nonunique_grounding ok
[14/60] mom-000367 UNDERSPECIFIED nonunique_grounding ok
[15/60] mom-000363 OMISSION nonunique_grounding ok
[16/60] mom-000363 UNDERSPECIFIED nonunique_grounding ok
[17/60] mom-000382 OMISSION nonunique_grounding ok
[18/60] mom-000382 UNDERSPECIFIED nonunique_grounding ok
[19/60] mom-000419 OMISSION nonunique_grounding ok
[20/60] mom-000419 UNDERSPECIFIED nonunique_grounding ok
[21/60] mom-000369 OMISSION nonunique_grounding ok
[22/60] mom-000369 UNDERSPECIFIED nonunique_grounding ok
[23/60] mom-000380 OMISSION nonunique_grounding ok
[24/60] mom-000380 UNDERSPECIFIED nonunique_grounding ok
[25/60] gra-000226 OMISSION nonunique_grounding ok
[26/60] gra-000226 UNDERSPECIFIED nonunique_grounding ok
[27/60] lin-000271 OMISSION nonunique_grounding ok
[28/60] lin-000271 UNDERSPECIFIED nonunique_grounding ok
[29/60] ran-000584 OMISSION nonunique_grounding ok
[30/60] ran-000584 UNDERSPECIFIED nonunique_grounding ok
[31/60] ran-000572 OMISSION nonunique_grounding ok
[32/60] ran-000572 UNDERSPECIFIED nonunique_grounding ok
[33/60] ran-000555 OMISSION nonunique_grounding ok
[34/60] ran-000555 UNDERSPECIFIED nonunique_grounding ok
[35/60] mom-000411 OMISSION nonunique_grounding ok
[36/60] mom-000411 UNDERSPECIFIED nonunique_grounding ok
[37/60] ran-000556 OMISSION nonunique_grounding ok
[38/60] ran-000556 UNDERSPECIFIED nonunique_grounding ok
[39/60] crt-000112 OMISSION nonunique_grounding ok
[40/60] crt-000112 UNDERSPECIFIED nonunique_grounding ok
[41/60] gra-000182 OMISSION nonunique_grounding ok
[42/60] gra-000182 UNDERSPECIFIED nonunique_grounding ok
[43/60] lin-000251 OMISSION nonunique_grounding ok
[44/60] lin-000251 UNDERSPECIFIED nonunique_grounding ok
[45/60] crt-000105 OMISSION nonunique_grounding ok
[46/60] crt-000105 UNDERSPECIFIED nonunique_grounding ok
[47/60] gra-000181 OMISSION nonunique_grounding ok
[48/60] gra-000181 UNDERSPECIFIED nonunique_grounding ok
[49/60] ran-000560 OMISSION nonunique_grounding ok
[50/60] ran-000560 UNDERSPECIFIED nonunique_grounding ok
[51/60] mom-000364 OMISSION nonunique_grounding ok
[52/60] mom-000364 UNDERSPECIFIED nonunique_grounding ok
[53/60] gra-000222 OMISSION nonunique_grounding ok
[54/60] gra-000222 UNDERSPECIFIED nonunique_grounding ok
[55/60] mom-000399 OMISSION nonunique_grounding ok
[56/60] mom-000399 UNDERSPECIFIED nonunique_grounding ok
[57/60] ran-000583 OMISSION nonunique_grounding ok
[58/60] ran-000583 UNDERSPECIFIED nonunique_grounding ok
[59/60] mom-000386 OMISSION nonunique_grounding ok
[60/60] mom-000386 UNDERSPECIFIED nonunique_grounding ok
