[1/150] crt-000083 OMISSION target_witness ok
[2/150] crt-000083 OMISSION minimal_witness ok
[3/150] crt-000083 OMISSION targetcheck ok
[4/150] crt-000083 UNDERSPECIFIED target_witness ok
[5/150] crt-000083 UNDERSPECIFIED minimal_witness ok
[6/150] crt-000083 UNDERSPECIFIED targetcheck ok
[7/150] lin-000277 OMISSION target_witness ok
[8/150] lin-000277 OMISSION minimal_witness ok
[9/150] lin-000277 OMISSION targetcheck ok
[10/150] lin-000277 UNDERSPECIFIED target_witness ok
[11/150] lin-000277 UNDERSPECIFIED minimal_witness ok
[12/150] lin-000277 UNDERSPECIFIED targetcheck ok
[13/150] mom-000413 OMISSION target_witness ok
[14/150] mom-000413 OMISSION minimal_witness ok
[15/150] mom-000413 OMISSION targetcheck ok
[16/150] mom-000413 UNDERSPECIFIED target_witness ok
[17/150] mom-000413 UNDERSPECIFIED minimal_witness ok
[18/150] mom-000413 UNDERSPECIFIED targetcheck ok
[19/150] mom-000393 OMISSION target_witness ok
[20/150] mom-000393 OMISSION minimal_witness ok
[21/150] mom-000393 OMISSION targetcheck ok
[22/150] mom-000393 UNDERSPECIFIED target_witness ok
[23/150] mom-000393 UNDERSPECIFIED minimal_witness ok
[24/150] mom-000393 UNDERSPECIFIED targetcheck ok
[25/150] ran-000586 OMISSION target_witness ok
[26/150] ran-000586 OMISSION minimal_witness ok
[27/150] ran-000586 OMISSION targetcheck ok
[28/150] ran-000586 UNDERSPECIFIED target_witness ok
[29/150] ran-000586 UNDERSPECIFIED minimal_witness ok
[30/150] ran-000586 UNDERSPECIFIED targetcheck ok
[31/150] gra-000199 OMISSION target_witness ok
[32/150] gra-000199 OMISSION minimal_witness ok
[33/150] gra-000199 OMISSION targetcheck ok
[34/150] gra-000199 UNDERSPECIFIED target_witness ok
[35/150] gra-000199 UNDERSPECIFIED minimal_witness ok
[36/150] gra-000199 UNDERSPECIFIED targetcheck ok
[37/150] mom-000360 OMISSION target_witness ok
[38/150] mom-000360 OMISSION minimal_witness ok
[39/150] mom-000360 OMISSION targetcheck ok
[40/150] mom-000360 UNDERSPECIFIED target_witness ok
[41/150] mom-000360 UNDERSPECIFIED minimal_witness ok
[42/150] mom-000360 UNDERSPECIFIED targetcheck ok
[43/150] lin-000273 OMISSION target_witness ok
[44/150] lin-000273 OMISSION minimal_witness ok
[45/150] lin-000273 OMISSION targetcheck ok
[46/150] lin-000273 UNDERSPECIFIED target_witness ok
[47/150] lin-000273 UNDERSPECIFIED minimal_witness ok
[48/150] lin-000273 UNDERSPECIFIED targetcheck ok
[49/150] crt-000107 OMISSION target_witness ok
[50/150] crt-000107 OMISSION minimal_witness ok
[51/150] crt-000107 OMISSION targetcheck ok
[52/150] crt-000107 UNDERSPECIFIED target_witness ok
[53/150] crt-000107 UNDERSPECIFIED minimal_witness error
[54/150] crt-000107 UNDERSPECIFIED targetcheck ok
[55/150] mom-000406 OMISSION target_witness ok
[56/150] mom-000406 OMISSION minimal_witness error
[57/150] mom-000406 OMISSION targetcheck error
[58/150] mom-000406 UNDERSPECIFIED target_witness error
[59/150] mom-000406 UNDERSPECIFIED minimal_witness error
[60/150] mom-000406 UNDERSPECIFIED targetcheck error
[61/150] mom-000391 OMISSION target_witness error
[62/150] mom-000391 OMISSION minimal_witness error
[63/150] mom-000391 OMISSION targetcheck error
[64/150] mom-000391 UNDERSPECIFIED target_witness error
[65/150] mom-000391 UNDERSPECIFIED minimal_witness error
[66/150] mom-000391 UNDERSPECIFIED targetcheck error
[67/150] gra-000233 OMISSION target_witness error
[68/150] gra-000233 OMISSION minimal_witness error
[69/150] gra-000233 OMISSION targetcheck error
[70/150] gra-000233 UNDERSPECIFIED target_witness error
[71/150] gra-000233 UNDERSPECIFIED minimal_witness error
[72/150] gra-000233 UNDERSPECIFIED targetcheck error
[73/150] ran-000593 OMISSION target_witness error
[74/150] ran-000593 OMISSION minimal_witness error
[75/150] ran-000593 OMISSION targetcheck ok
[76/150] ran-000593 UNDERSPECIFIED target_witness ok
[77/150] ran-000593 UNDERSPECIFIED minimal_witness ok
[78/150] ran-000593 UNDERSPECIFIED targetcheck ok
[79/150] ran-000582 OMISSION target_witness ok
[80/150] ran-000582 OMISSION minimal_witness ok
[81/150] ran-000582 OMISSION targetcheck ok
[82/150] ran-000582 UNDERSPECIFIED target_witness ok
[83/150] ran-000582 UNDERSPECIFIED minimal_witness ok
[84/150] ran-000582 UNDERSPECIFIED targetcheck error
[85/150] mom-000384 OMISSION target_witness ok
[86/150] mom-000384 OMISSION minimal_witness ok
[87/150] mom-000384 OMISSION targetcheck ok
[88/150] mom-000384 UNDERSPECIFIED target_witness ok
[89/150] mom-000384 UNDERSPECIFIED minimal_witness ok
[90/150] mom-000384 UNDERSPECIFIED targetcheck ok
[91/150] ran-000591 OMISSION target_witness ok
[92/150] ran-000591 OMISSION minimal_witness ok
[93/150] ran-000591 OMISSION targetcheck ok
[94/150] ran-000591 UNDERSPECIFIED target_witness ok
[95/150] ran-000591 UNDERSPECIFIED minimal_witness ok
[96/150] ran-000591 UNDERSPECIFIED targetcheck ok
[97/150] mom-000416 OMISSION target_witness ok
[98/150] mom-000416 OMISSION minimal_witness ok
[99/150] mom-000416 OMISSION targetcheck ok
[100/150] mom-000416 UNDERSPECIFIED target_witness ok
[101/150] mom-000416 UNDERSPECIFIED minimal_witness ok
[102/150] mom-000416 UNDERSPECIFIED targetcheck ok
[103/150] crt-000069 OMISSION target_witness ok
[104/150] crt-000069 OMISSION minimal_witness ok
[105/150] crt-000069 OMISSION targetcheck ok
[106/150] crt-000069 UNDERSPECIFIED target_witness ok
[107/150] crt-000069 UNDERSPECIFIED minimal_witness ok
[108/150] crt-000069 UNDERSPECIFIED targetcheck ok
[109/150] lin-000294 OMISSION target_witness ok
[110/150] lin-000294 OMISSION minimal_witness error
[111/150] lin-000294 OMISSION targetcheck ok
[112/150] lin-000294 UNDERSPECIFIED target_witness error
[113/150] lin-000294 UNDERSPECIFIED minimal_witness ok
[114/150] lin-000294 UNDERSPECIFIED targetcheck ok
[115/150] gra-000231 OMISSION target_witness ok
[116/150] gra-000231 OMISSION minimal_witness ok
[117/150] gra-000231 OMISSION targetcheck ok
[118/150] gra-000231 UNDERSPECIFIED target_witness ok
[119/150] gra-000231 UNDERSPECIFIED minimal_witness ok
[120/150] gra-000231 UNDERSPECIFIED targetcheck ok
[121/150] mom-000410 OMISSION target_witness ok
[122/150] mom-000410 OMISSION minimal_witness ok
[123/150] mom-000410 OMISSION targetcheck ok
[124/150] mom-000410 UNDERSPECIFIED target_witness ok
[125/150] mom-000410 UNDERSPECIFIED minimal_witness ok
[126/150] mom-000410 UNDERSPECIFIED targetcheck ok
[127/150] crt-000106 OMISSION target_witness ok
[128/150] crt-000106 OMISSION minimal_witness ok
[129/150] crt-000106 OMISSION targetcheck ok
[130/150] crt-000106 UNDERSPECIFIED target_witness ok
[131/150] crt-000106 UNDERSPECIFIED minimal_witness ok
[132/150] crt-000106 UNDERSPECIFIED targetcheck ok
[133/150] mom-000376 OMISSION target_witness ok
[134/150] mom-000376 OMISSION minimal_witness ok
[135/150] mom-000376 OMISSION targetcheck ok
[136/150] mom-000376 UNDERSPECIFIED target_witness ok
[137/150] mom-000376 UNDERSPECIFIED minimal_witness ok
[138/150] mom-000376 UNDERSPECIFIED targetcheck ok
[139/150] ran-000590 OMISSION target_witness ok
[140/150] ran-000590 OMISSION minimal_witness ok
[141/150] ran-000590 OMISSION targetcheck ok
[142/150] ran-000590 UNDERSPECIFIED target_witness ok
[143/150] ran-000590 UNDERSPECIFIED minimal_witness ok
[144/150] ran-000590 UNDERSPECIFIED targetcheck ok
[145/150] crt-000079 OMISSION target_witness ok
[146/150] crt-000079 OMISSION minimal_witness ok
[147/150] crt-000079 OMISSION targetcheck ok
[148/150] crt-000079 UNDERSPECIFIED target_witness ok
[149/150] crt-000079 UNDERSPECIFIED minimal_witness ok
[150/150] crt-000079 UNDERSPECIFIED targetcheck ok
[128/150] crt-000107 UNDERSPECIFIED minimal_witness ok
[129/150] mom-000406 OMISSION minimal_witness ok
[130/150] mom-000406 OMISSION targetcheck ok
[131/150] mom-000406 UNDERSPECIFIED target_witness ok
[132/150] mom-000406 UNDERSPECIFIED minimal_witness ok
[133/150] mom-000406 UNDERSPECIFIED targetcheck ok
[134/150] mom-000391 OMISSION target_witness ok
[135/150] mom-000391 OMISSION minimal_witness ok
[136/150] mom-000391 OMISSION targetcheck ok
[137/150] mom-000391 UNDERSPECIFIED target_witness ok
[138/150] mom-000391 UNDERSPECIFIED minimal_witness ok
[139/150] mom-000391 UNDERSPECIFIED targetcheck ok
[140/150] gra-000233 OMISSION target_witness ok
[141/150] gra-000233 OMISSION minimal_witness ok
[142/150] gra-000233 OMISSION targetcheck ok
[143/150] gra-000233 UNDERSPECIFIED target_witness ok
[144/150] gra-000233 UNDERSPECIFIED minimal_witness ok
[145/150] gra-000233 UNDERSPECIFIED targetcheck ok
[146/150] ran-000593 OMISSION target_witness ok
[147/150] ran-000593 OMISSION minimal_witness ok
[148/150] ran-000582 UNDERSPECIFIED targetcheck ok
[149/150] lin-000294 OMISSION minimal_witness ok
[150/150] lin-000294 UNDERSPECIFIED target_witness ok
