[1/50] mom-000409 OMISSION grounded_self_review ok
[2/50] mom-000409 UNDERSPECIFIED grounded_self_review ok
[3/50] lin-000258 OMISSION grounded_self_review ok
[4/50] lin-000258 UNDERSPECIFIED grounded_self_review ok
[5/50] ran-000542 OMISSION grounded_self_review ok
[6/50] ran-000542 UNDERSPECIFIED grounded_self_review ok
[7/50] gra-000200 OMISSION grounded_self_review ok
[8/50] gra-000200 UNDERSPECIFIED grounded_self_review ok
[9/50] gra-000184 OMISSION grounded_self_review ok
[10/50] gra-000184 UNDERSPECIFIED grounded_self_review ok
[11/50] lin-000285 OMISSION grounded_self_review ok
[12/50] lin-000285 UNDERSPECIFIED grounded_self_review ok
[13/50] lin-000257 OMISSION grounded_self_review ok
[14/50] lin-000257 UNDERSPECIFIED grounded_self_review ok
[15/50] crt-000118 OMISSION grounded_self_review ok
[16/50] crt-000118 UNDERSPECIFIED grounded_self_review ok
[17/50] lin-000268 OMISSION grounded_self_review ok
[18/50] lin-000268 UNDERSPECIFIED grounded_self_review ok
[19/50] gra-000212 OMISSION grounded_self_review ok
[20/50] gra-000212 UNDERSPECIFIED grounded_self_review ok
[21/50] lin-000296 OMISSION grounded_self_review ok
[22/50] lin-000296 UNDERSPECIFIED grounded_self_review ok
[23/50] lin-000242 OMISSION grounded_self_review ok
[24/50] lin-000242 UNDERSPECIFIED grounded_self_review ok
[25/50] ran-000599 OMISSION grounded_self_review ok
[26/50] ran-000599 UNDERSPECIFIED grounded_self_review ok
[27/50] lin-000250 OMISSION grounded_self_review ok
[28/50] lin-000250 UNDERSPECIFIED grounded_self_review ok
[29/50] mom-000361 OMISSION grounded_self_review ok
[30/50] mom-000361 UNDERSPECIFIED grounded_self_review ok
[31/50] crt-000109 OMISSION grounded_self_review ok
[32/50] crt-000109 UNDERSPECIFIED grounded_self_review ok
[33/50] gra-000228 OMISSION grounded_self_review ok
[34/50] gra-000228 UNDERSPECIFIED grounded_self_review ok
[35/50] ran-000587 OMISSION grounded_self_review ok
[36/50] ran-000587 UNDERSPECIFIED grounded_self_review ok
[37/50] ran-000552 OMISSION grounded_self_review ok
[38/50] ran-000552 UNDERSPECIFIED grounded_self_review ok
[39/50] lin-000266 OMISSION grounded_self_review ok
[40/50] lin-000266 UNDERSPECIFIED grounded_self_review ok
[41/50] gra-000225 OMISSION grounded_self_review ok
[42/50] gra-000225 UNDERSPECIFIED grounded_self_review ok
[43/50] crt-000119 OMISSION grounded_self_review ok
[44/50] crt-000119 UNDERSPECIFIED grounded_self_review ok
[45/50] ran-000553 OMISSION grounded_self_review ok
[46/50] ran-000553 UNDERSPECIFIED grounded_self_review ok
[47/50] lin-000290 OMISSION grounded_self_review ok
[48/50] lin-000290 UNDERSPECIFIED grounded_self_review ok
[49/50] crt-000061 OMISSION grounded_self_review ok
[50/50] crt-000061 UNDERSPECIFIED grounded_self_review ok
