[1/150] ran-000592 OMISSION self_review ok
[2/150] ran-000592 OMISSION nonunique ok
[3/150] ran-000592 OMISSION nonunique_grounding ok
[4/150] ran-000592 UNDERSPECIFIED self_review ok
[5/150] ran-000592 UNDERSPECIFIED nonunique ok
[6/150] ran-000592 UNDERSPECIFIED nonunique_grounding ok
[7/150] crt-000072 OMISSION self_review ok
[8/150] crt-000072 OMISSION nonunique ok
[9/150] crt-000072 OMISSION nonunique_grounding ok
[10/150] crt-000072 UNDERSPECIFIED self_review ok
[11/150] crt-000072 UNDERSPECIFIED nonunique ok
[12/150] crt-000072 UNDERSPECIFIED nonunique_grounding ok
[13/150] gra-000223 OMISSION self_review ok
[14/150] gra-000223 OMISSION nonunique ok
[15/150] gra-000223 OMISSION nonunique_grounding ok
[16/150] gra-000223 UNDERSPECIFIED self_review ok
[17/150] gra-000223 UNDERSPECIFIED nonunique ok
[18/150] gra-000223 UNDERSPECIFIED nonunique_grounding ok
[19/150] ran-000573 OMISSION self_review ok
[20/150] ran-000573 OMISSION nonunique ok
[21/150] ran-000573 OMISSION nonunique_grounding ok
[22/150] ran-000573 UNDERSPECIFIED self_review ok
[23/150] ran-000573 UNDERSPECIFIED nonunique ok
[24/150] ran-000573 UNDERSPECIFIED nonunique_grounding ok
[25/150] mom-000400 OMISSION self_review ok
[26/150] mom-000400 OMISSION nonunique ok
[27/150] mom-000400 OMISSION nonunique_grounding ok
[28/150] mom-000400 UNDERSPECIFIED self_review ok
[29/150] mom-000400 UNDERSPECIFIED nonunique ok
[30/150] mom-000400 UNDERSPECIFIED nonunique_grounding ok
[31/150] crt-000066 OMISSION self_review ok
[32/150] crt-000066 OMISSION nonunique ok
[33/150] crt-000066 OMISSION nonunique_grounding ok
[34/150] crt-000066 UNDERSPECIFIED self_review ok
[35/150] crt-000066 UNDERSPECIFIED nonunique ok
[36/150] crt-000066 UNDERSPECIFIED nonunique_grounding ok
[37/150] crt-000084 OMISSION self_review ok
[38/150] crt-000084 OMISSION nonunique ok
[39/150] crt-000084 OMISSION nonunique_grounding ok
[40/150] crt-000084 UNDERSPECIFIED self_review ok
[41/150] crt-000084 UNDERSPECIFIED nonunique ok
[42/150] crt-000084 UNDERSPECIFIED nonunique_grounding ok
[43/150] ran-000546 OMISSION self_review ok
[44/150] ran-000546 OMISSION nonunique ok
[45/150] ran-000546 OMISSION nonunique_grounding ok
[46/150] ran-000546 UNDERSPECIFIED self_review ok
[47/150] ran-000546 UNDERSPECIFIED nonunique ok
[48/150] ran-000546 UNDERSPECIFIED nonunique_grounding ok
[49/150] lin-000265 OMISSION self_review error
[50/150] lin-000265 OMISSION nonunique ok
[51/150] lin-000265 OMISSION nonunique_grounding error
[52/150] lin-000265 UNDERSPECIFIED self_review error
[53/150] lin-000265 UNDERSPECIFIED nonunique error
[54/150] lin-000265 UNDERSPECIFIED nonunique_grounding error
[55/150] gra-000232 OMISSION self_review error
[56/150] gra-000232 OMISSION nonunique error
[57/150] gra-000232 OMISSION nonunique_grounding error
[58/150] gra-000232 UNDERSPECIFIED self_review error
[59/150] gra-000232 UNDERSPECIFIED nonunique error
[60/150] gra-000232 UNDERSPECIFIED nonunique_grounding error
[61/150] ran-000576 OMISSION self_review error
[62/150] ran-000576 OMISSION nonunique error
[63/150] ran-000576 OMISSION nonunique_grounding error
[64/150] ran-000576 UNDERSPECIFIED self_review error
[65/150] ran-000576 UNDERSPECIFIED nonunique error
[66/150] ran-000576 UNDERSPECIFIED nonunique_grounding error
[67/150] crt-000096 OMISSION self_review error
[68/150] crt-000096 OMISSION nonunique error
[69/150] crt-000096 OMISSION nonunique_grounding ok
[70/150] crt-000096 UNDERSPECIFIED self_review ok
[71/150] crt-000096 UNDERSPECIFIED nonunique ok
[72/150] crt-000096 UNDERSPECIFIED nonunique_grounding ok
[73/150] mom-000375 OMISSION self_review ok
[74/150] mom-000375 OMISSION nonunique error
[75/150] mom-000375 OMISSION nonunique_grounding ok
[76/150] mom-000375 UNDERSPECIFIED self_review error
[77/150] mom-000375 UNDERSPECIFIED nonunique ok
[78/150] mom-000375 UNDERSPECIFIED nonunique_grounding ok
[79/150] crt-000074 OMISSION self_review ok
[80/150] crt-000074 OMISSION nonunique ok
[81/150] crt-000074 OMISSION nonunique_grounding ok
[82/150] crt-000074 UNDERSPECIFIED self_review ok
[83/150] crt-000074 UNDERSPECIFIED nonunique error
[84/150] crt-000074 UNDERSPECIFIED nonunique_grounding ok
[85/150] lin-000243 OMISSION self_review ok
[86/150] lin-000243 OMISSION nonunique error
[87/150] lin-000243 OMISSION nonunique_grounding ok
[88/150] lin-000243 UNDERSPECIFIED self_review ok
[89/150] lin-000243 UNDERSPECIFIED nonunique ok
[90/150] lin-000243 UNDERSPECIFIED nonunique_grounding ok
[91/150] lin-000280 OMISSION self_review ok
[92/150] lin-000280 OMISSION nonunique ok
[93/150] lin-000280 OMISSION nonunique_grounding ok
[94/150] lin-000280 UNDERSPECIFIED self_review ok
[95/150] lin-000280 UNDERSPECIFIED nonunique ok
[96/150] lin-000280 UNDERSPECIFIED nonunique_grounding ok
[97/150] gra-000203 OMISSION self_review ok
[98/150] gra-000203 OMISSION nonunique ok
[99/150] gra-000203 OMISSION nonunique_grounding ok
[100/150] gra-000203 UNDERSPECIFIED self_review ok
[101/150] gra-000203 UNDERSPECIFIED nonunique ok
[102/150] gra-000203 UNDERSPECIFIED nonunique_grounding ok
[103/150] ran-000571 OMISSION self_review ok
[104/150] ran-000571 OMISSION nonunique ok
[105/150] ran-000571 OMISSION nonunique_grounding ok
[106/150] ran-000571 UNDERSPECIFIED self_review ok
[107/150] ran-000571 UNDERSPECIFIED nonunique ok
[108/150] ran-000571 UNDERSPECIFIED nonunique_grounding ok
[109/150] crt-000111 OMISSION self_review ok
[110/150] crt-000111 OMISSION nonunique ok
[111/150] crt-000111 OMISSION nonunique_grounding ok
[112/150] crt-000111 UNDERSPECIFIED self_review ok
[113/150] crt-000111 UNDERSPECIFIED nonunique ok
[114/150] crt-000111 UNDERSPECIFIED nonunique_grounding ok
[115/150] ran-000574 OMISSION self_review ok
[116/150] ran-000574 OMISSION nonunique ok
[117/150] ran-000574 OMISSION nonunique_grounding ok
[118/150] ran-000574 UNDERSPECIFIED self_review ok
[119/150] ran-000574 UNDERSPECIFIED nonunique ok
[120/150] ran-000574 UNDERSPECIFIED nonunique_grounding ok
[121/150] gra-000188 OMISSION self_review ok
[122/150] gra-000188 OMISSION nonunique ok
[123/150] gra-000188 OMISSION nonunique_grounding ok
[124/150] gra-000188 UNDERSPECIFIED self_review ok
[125/150] gra-000188 UNDERSPECIFIED nonunique ok
[126/150] gra-000188 UNDERSPECIFIED nonunique_grounding ok
[127/150] lin-000289 OMISSION self_review ok
[128/150] lin-000289 OMISSION nonunique ok
[129/150] lin-000289 OMISSION nonunique_grounding ok
[130/150] lin-000289 UNDERSPECIFIED self_review ok
[131/150] lin-000289 UNDERSPECIFIED nonunique ok
[132/150] lin-000289 UNDERSPECIFIED nonunique_grounding ok
[133/150] crt-000082 OMISSION self_review ok
[134/150] crt-000082 OMISSION nonunique ok
[135/150] crt-000082 OMISSION nonunique_grounding ok
[136/150] crt-000082 UNDERSPECIFIED self_review ok
[137/150] crt-000082 UNDERSPECIFIED nonunique ok
[138/150] crt-000082 UNDERSPECIFIED nonunique_grounding ok
[139/150] ran-000562 OMISSION self_review ok
[140/150] ran-000562 OMISSION nonunique ok
[141/150] ran-000562 OMISSION nonunique_grounding ok
[142/150] ran-000562 UNDERSPECIFIED self_review ok
[143/150] ran-000562 UNDERSPECIFIED nonunique ok
[144/150] ran-000562 UNDERSPECIFIED nonunique_grounding ok
[145/150] gra-000207 OMISSION self_review ok
[146/150] gra-000207 OMISSION nonunique ok
[147/150] gra-000207 OMISSION nonunique_grounding ok
[148/150] gra-000207 UNDERSPECIFIED self_review ok
[149/150] gra-000207 UNDERSPECIFIED nonunique ok
[150/150] gra-000207 UNDERSPECIFIED nonunique_grounding ok
[128/150] lin-000265 OMISSION self_review ok
[129/150] lin-000265 OMISSION nonunique_grounding ok
[130/150] lin-000265 UNDERSPECIFIED self_review ok
[131/150] lin-000265 UNDERSPECIFIED nonunique ok
[132/150] lin-000265 UNDERSPECIFIED nonunique_grounding ok
[133/150] gra-000232 OMISSION self_review ok
[134/150] gra-000232 OMISSION nonunique ok
[135/150] gra-000232 OMISSION nonunique_grounding ok
[136/150] gra-000232 UNDERSPECIFIED self_review ok
[137/150] gra-000232 UNDERSPECIFIED nonunique ok
[138/150] gra-000232 UNDERSPECIFIED nonunique_grounding ok
[139/150] ran-000576 OMISSION self_review ok
[140/150] ran-000576 OMISSION nonunique ok
[141/150] ran-000576 OMISSION nonunique_grounding ok
[142/150] ran-000576 UNDERSPECIFIED self_review ok
[143/150] ran-000576 UNDERSPECIFIED nonunique ok
[144/150] ran-000576 UNDERSPECIFIED nonunique_grounding ok
[145/150] crt-000096 OMISSION self_review ok
[146/150] crt-000096 OMISSION nonunique ok
[147/150] mom-000375 OMISSION nonunique ok
[148/150] mom-000375 UNDERSPECIFIED self_review ok
[149/150] crt-000074 UNDERSPECIFIED nonunique ok
[150/150] lin-000243 OMISSION nonunique ok
