[1/60] mom-000390 OMISSION grounded_self_review ok
[2/60] mom-000390 UNDERSPECIFIED grounded_self_review ok
[3/60] mom-000374 OMISSION grounded_self_review ok
[4/60] mom-000374 UNDERSPECIFIED grounded_self_review ok
[5/60] gra-000219 OMISSION grounded_self_review ok
[6/60] gra-000219 UNDERSPECIFIED grounded_self_review ok
[7/60] crt-000092 OMISSION grounded_self_review ok
[8/60] crt-000092 UNDERSPECIFIED grounded_self_review ok
[9/60] gra-000205 OMISSION grounded_self_review ok
[10/60] gra-000205 UNDERSPECIFIED grounded_self_review ok
[11/60] ran-000566 OMISSION grounded_self_review ok
[12/60] ran-000566 UNDERSPECIFIED grounded_self_review ok
[13/60] ran-000598 OMISSION grounded_self_review ok
[14/60] ran-000598 UNDERSPECIFIED grounded_self_review ok
[15/60] mom-000370 OMISSION grounded_self_review ok
[16/60] mom-000370 UNDERSPECIFIED grounded_self_review ok
[17/60] mom-000373 OMISSION grounded_self_review ok
[18/60] mom-000373 UNDERSPECIFIED grounded_self_review ok
[19/60] crt-000073 OMISSION grounded_self_review ok
[20/60] crt-000073 UNDERSPECIFIED grounded_self_review ok
[21/60] lin-000240 OMISSION grounded_self_review ok
[22/60] lin-000240 UNDERSPECIFIED grounded_self_review ok
[23/60] ran-000559 OMISSION grounded_self_review ok
[24/60] ran-000559 UNDERSPECIFIED grounded_self_review ok
[25/60] gra-000187 OMISSION grounded_self_review ok
[26/60] gra-000187 UNDERSPECIFIED grounded_self_review ok
[27/60] lin-000256 OMISSION grounded_self_review ok
[28/60] lin-000256 UNDERSPECIFIED grounded_self_review ok
[29/60] ran-000561 OMISSION grounded_self_review ok
[30/60] ran-000561 UNDERSPECIFIED grounded_self_review ok
[31/60] mom-000412 OMISSION grounded_self_review ok
[32/60] mom-000412 UNDERSPECIFIED grounded_self_review ok
[33/60] gra-000180 OMISSION grounded_self_review ok
[34/60] gra-000180 UNDERSPECIFIED grounded_self_review ok
[35/60] crt-000101 OMISSION grounded_self_review ok
[36/60] crt-000101 UNDERSPECIFIED grounded_self_review ok
[37/60] crt-000093 OMISSION grounded_self_review ok
[38/60] crt-000093 UNDERSPECIFIED grounded_self_review ok
[39/60] lin-000269 OMISSION grounded_self_review ok
[40/60] lin-000269 UNDERSPECIFIED grounded_self_review ok
[41/60] crt-000116 OMISSION grounded_self_review ok
[42/60] crt-000116 UNDERSPECIFIED grounded_self_review ok
[43/60] mom-000417 OMISSION grounded_self_review ok
[44/60] mom-000417 UNDERSPECIFIED grounded_self_review ok
[45/60] lin-000282 OMISSION grounded_self_review ok
[46/60] lin-000282 UNDERSPECIFIED grounded_self_review ok
[47/60] crt-000086 OMISSION grounded_self_review ok
[48/60] crt-000086 UNDERSPECIFIED grounded_self_review ok
[49/60] crt-000088 OMISSION grounded_self_review ok
[50/60] crt-000088 UNDERSPECIFIED grounded_self_review ok
[51/60] gra-000214 OMISSION grounded_self_review ok
[52/60] gra-000214 UNDERSPECIFIED grounded_self_review ok
[53/60] crt-000090 OMISSION grounded_self_review ok
[54/60] crt-000090 UNDERSPECIFIED grounded_self_review ok
[55/60] ran-000567 OMISSION grounded_self_review ok
[56/60] ran-000567 UNDERSPECIFIED grounded_self_review ok
[57/60] mom-000396 OMISSION grounded_self_review ok
[58/60] mom-000396 UNDERSPECIFIED grounded_self_review ok
[59/60] lin-000283 OMISSION grounded_self_review ok
[60/60] lin-000283 UNDERSPECIFIED grounded_self_review ok
