[1/80] ran-000570 OMISSION self_review ok
[2/80] ran-000570 OMISSION grounded_self_review ok
[3/80] ran-000570 UNDERSPECIFIED self_review ok
[4/80] ran-000570 UNDERSPECIFIED grounded_self_review ok
[5/80] lin-000279 OMISSION self_review ok
[6/80] lin-000279 OMISSION grounded_self_review ok
[7/80] lin-000279 UNDERSPECIFIED self_review ok
[8/80] lin-000279 UNDERSPECIFIED grounded_self_review ok
[9/80] gra-000189 OMISSION self_review ok
[10/80] gra-000189 OMISSION grounded_self_review ok
[11/80] gra-000189 UNDERSPECIFIED self_review ok
[12/80] gra-000189 UNDERSPECIFIED grounded_self_review ok
[13/80] lin-000244 OMISSION self_review ok
[14/80] lin-000244 OMISSION grounded_self_review ok
[15/80] lin-000244 UNDERSPECIFIED self_review ok
[16/80] lin-000244 UNDERSPECIFIED grounded_self_review ok
[17/80] lin-000259 OMISSION self_review ok
[18/80] lin-000259 OMISSION grounded_self_review ok
[19/80] lin-000259 UNDERSPECIFIED self_review ok
[20/80] lin-000259 UNDERSPECIFIED grounded_self_review ok
[21/80] crt-000078 OMISSION self_review ok
[22/80] crt-000078 OMISSION grounded_self_review ok
[23/80] crt-000078 UNDERSPECIFIED self_review ok
[24/80] crt-000078 UNDERSPECIFIED grounded_self_review ok
[25/80] crt-000062 OMISSION self_review ok
[26/80] crt-000062 OMISSION grounded_self_review ok
[27/80] crt-000062 UNDERSPECIFIED self_review ok
[28/80] crt-000062 UNDERSPECIFIED grounded_self_review ok
[29/80] ran-000564 OMISSION self_review ok
[30/80] ran-000564 OMISSION grounded_self_review ok
[31/80] ran-000564 UNDERSPECIFIED self_review ok
[32/80] ran-000564 UNDERSPECIFIED grounded_self_review ok
[33/80] crt-000089 OMISSION self_review ok
[34/80] crt-000089 OMISSION grounded_self_review ok
[35/80] crt-000089 UNDERSPECIFIED self_review ok
[36/80] crt-000089 UNDERSPECIFIED grounded_self_review ok
[37/80] ran-000595 OMISSION self_review ok
[38/80] ran-000595 OMISSION grounded_self_review ok
[39/80] ran-000595 UNDERSPECIFIED self_review ok
[40/80] ran-000595 UNDERSPECIFIED grounded_self_review ok
[41/80] gra-000234 OMISSION self_review ok
[42/80] gra-000234 OMISSION grounded_self_review ok
[43/80] gra-000234 UNDERSPECIFIED self_review ok
[44/80] gra-000234 UNDERSPECIFIED grounded_self_review ok
[45/80] ran-000543 OMISSION self_review ok
[46/80] ran-000543 OMISSION grounded_self_review ok
[47/80] ran-000543 UNDERSPECIFIED self_review ok
[48/80] ran-000543 UNDERSPECIFIED grounded_self_review ok
[49/80] ran-000565 OMISSION self_review ok
[50/80] ran-000565 OMISSION grounded_self_review ok
[51/80] ran-000565 UNDERSPECIFIED self_review ok
[52/80] ran-000565 UNDERSPECIFIED grounded_self_review ok
[53/80] ran-000579 OMISSION self_review ok
[54/80] ran-000579 OMISSION grounded_self_review ok
[55/80] ran-000579 UNDERSPECIFIED self_review ok
[56/80] ran-000579 UNDERSPECIFIED grounded_self_review ok
[57/80] lin-000260 OMISSION self_review ok
[58/80] lin-000260 OMISSION grounded_self_review ok
[59/80] lin-000260 UNDERSPECIFIED self_review ok
[60/80] lin-000260 UNDERSPECIFIED grounded_self_review ok
[61/80] ran-000550 OMISSION self_review ok
[62/80] ran-000550 OMISSION grounded_self_review ok
[63/80] ran-000550 UNDERSPECIFIED self_review ok
[64/80] ran-000550 UNDERSPECIFIED grounded_self_review ok
[65/80] crt-000068 OMISSION self_review ok
[66/80] crt-000068 OMISSION grounded_self_review ok
[67/80] crt-000068 UNDERSPECIFIED self_review ok
[68/80] crt-000068 UNDERSPECIFIED grounded_self_review ok
[69/80] gra-000209 OMISSION self_review ok
[70/80] gra-000209 OMISSION grounded_self_review ok
[71/80] gra-000209 UNDERSPECIFIED self_review ok
[72/80] gra-000209 UNDERSPECIFIED grounded_self_review ok
[73/80] crt-000097 OMISSION self_review ok
[74/80] crt-000097 OMISSION grounded_self_review ok
[75/80] crt-000097 UNDERSPECIFIED self_review ok
[76/80] crt-000097 UNDERSPECIFIED grounded_self_review ok
[77/80] lin-000261 OMISSION self_review ok
[78/80] lin-000261 OMISSION grounded_self_review ok
[79/80] lin-000261 UNDERSPECIFIED self_review ok
[80/80] lin-000261 UNDERSPECIFIED grounded_self_review ok
