[1/80] gra-000198 OMISSION nonunique ok
[2/80] gra-000198 OMISSION nonunique_grounding ok
[3/80] gra-000198 UNDERSPECIFIED nonunique ok
[4/80] gra-000198 UNDERSPECIFIED nonunique_grounding ok
[5/80] gra-000208 OMISSION nonunique ok
[6/80] gra-000208 OMISSION nonunique_grounding ok
[7/80] gra-000208 UNDERSPECIFIED nonunique ok
[8/80] gra-000208 UNDERSPECIFIED nonunique_grounding ok
[9/80] lin-000245 OMISSION nonunique ok
[10/80] lin-000245 OMISSION nonunique_grounding ok
[11/80] lin-000245 UNDERSPECIFIED nonunique ok
[12/80] lin-000245 UNDERSPECIFIED nonunique_grounding ok
[13/80] crt-000077 OMISSION nonunique ok
[14/80] crt-000077 OMISSION nonunique_grounding ok
[15/80] crt-000077 UNDERSPECIFIED nonunique ok
[16/80] crt-000077 UNDERSPECIFIED nonunique_grounding ok
[17/80] ran-000554 OMISSION nonunique ok
[18/80] ran-000554 OMISSION nonunique_grounding ok
[19/80] ran-000554 UNDERSPECIFIED nonunique ok
[20/80] ran-000554 UNDERSPECIFIED nonunique_grounding ok
[21/80] gra-000191 OMISSION nonunique ok
[22/80] gra-000191 OMISSION nonunique_grounding ok
[23/80] gra-000191 UNDERSPECIFIED nonunique ok
[24/80] gra-000191 UNDERSPECIFIED nonunique_grounding ok
[25/80] lin-000264 OMISSION nonunique ok
[26/80] lin-000264 OMISSION nonunique_grounding ok
[27/80] lin-000264 UNDERSPECIFIED nonunique ok
[28/80] lin-000264 UNDERSPECIFIED nonunique_grounding ok
[29/80] ran-000557 OMISSION nonunique ok
[30/80] ran-000557 OMISSION nonunique_grounding ok
[31/80] ran-000557 UNDERSPECIFIED nonunique ok
[32/80] ran-000557 UNDERSPECIFIED nonunique_grounding ok
[33/80] gra-000204 OMISSION nonunique ok
[34/80] gra-000204 OMISSION nonunique_grounding ok
[35/80] gra-000204 UNDERSPECIFIED nonunique ok
[36/80] gra-000204 UNDERSPECIFIED nonunique_grounding ok
[37/80] crt-000117 OMISSION nonunique ok
[38/80] crt-000117 OMISSION nonunique_grounding ok
[39/80] crt-000117 UNDERSPECIFIED nonunique ok
[40/80] crt-000117 UNDERSPECIFIED nonunique_grounding ok
[41/80] lin-000287 OMISSION nonunique ok
[42/80] lin-000287 OMISSION nonunique_grounding ok
[43/80] lin-000287 UNDERSPECIFIED nonunique ok
[44/80] lin-000287 UNDERSPECIFIED nonunique_grounding ok
[45/80] lin-000291 OMISSION nonunique ok
[46/80] lin-000291 OMISSION nonunique_grounding ok
[47/80] lin-000291 UNDERSPECIFIED nonunique ok
[48/80] lin-000291 UNDERSPECIFIED nonunique_grounding ok
[49/80] gra-000215 OMISSION nonunique ok
[50/80] gra-000215 OMISSION nonunique_grounding ok
[51/80] gra-000215 UNDERSPECIFIED nonunique ok
[52/80] gra-000215 UNDERSPECIFIED nonunique_grounding ok
[53/80] crt-000075 OMISSION nonunique ok
[54/80] crt-000075 OMISSION nonunique_grounding ok
[55/80] crt-000075 UNDERSPECIFIED nonunique ok
[56/80] crt-000075 UNDERSPECIFIED nonunique_grounding ok
[57/80] gra-000221 OMISSION nonunique ok
[58/80] gra-000221 OMISSION nonunique_grounding ok
[59/80] gra-000221 UNDERSPECIFIED nonunique ok
[60/80] gra-000221 UNDERSPECIFIED nonunique_grounding ok
[61/80] gra-000211 OMISSION nonunique ok
[62/80] gra-000211 OMISSION nonunique_grounding ok
[63/80] gra-000211 UNDERSPECIFIED nonunique ok
[64/80] gra-000211 UNDERSPECIFIED nonunique_grounding ok
[65/80] crt-000091 OMISSION nonunique ok
[66/80] crt-000091 OMISSION nonunique_grounding ok
[67/80] crt-000091 UNDERSPECIFIED nonunique ok
[68/80] crt-000091 UNDERSPECIFIED nonunique_grounding ok
[69/80] gra-000195 OMISSION nonunique ok
[70/80] gra-000195 OMISSION nonunique_grounding ok
[71/80] gra-000195 UNDERSPECIFIED nonunique ok
[72/80] gra-000195 UNDERSPECIFIED nonunique_grounding ok
[73/80] lin-000270 OMISSION nonunique ok
[74/80] lin-000270 OMISSION nonunique_grounding ok
[75/80] lin-000270 UNDERSPECIFIED nonunique ok
[76/80] lin-000270 UNDERSPECIFIED nonunique_grounding ok
[77/80] gra-000239 OMISSION nonunique ok
[78/80] gra-000239 OMISSION nonunique_grounding ok
[79/80] gra-000239 UNDERSPECIFIED nonunique ok
[80/80] gra-000239 UNDERSPECIFIED nonunique_grounding ok
