[1/50] crt-000083 OMISSION random_pair ok
[2/50] crt-000083 UNDERSPECIFIED random_pair ok
[3/50] lin-000277 OMISSION random_pair ok
[4/50] lin-000277 UNDERSPECIFIED random_pair ok
[5/50] mom-000413 OMISSION random_pair ok
[6/50] mom-000413 UNDERSPECIFIED random_pair ok
[7/50] mom-000393 OMISSION random_pair ok
[8/50] mom-000393 UNDERSPECIFIED random_pair ok
[9/50] ran-000586 OMISSION random_pair ok
[10/50] ran-000586 UNDERSPECIFIED random_pair ok
[11/50] gra-000199 OMISSION random_pair ok
[12/50] gra-000199 UNDERSPECIFIED random_pair ok
[13/50] mom-000360 OMISSION random_pair ok
[14/50] mom-000360 UNDERSPECIFIED random_pair ok
[15/50] lin-000273 OMISSION random_pair ok
[16/50] lin-000273 UNDERSPECIFIED random_pair ok
[17/50] crt-000107 OMISSION random_pair ok
[18/50] crt-000107 UNDERSPECIFIED random_pair ok
[19/50] mom-000406 OMISSION random_pair ok
[20/50] mom-000406 UNDERSPECIFIED random_pair ok
[21/50] mom-000391 OMISSION random_pair ok
[22/50] mom-000391 UNDERSPECIFIED random_pair ok
[23/50] gra-000233 OMISSION random_pair ok
[24/50] gra-000233 UNDERSPECIFIED random_pair ok
[25/50] ran-000593 OMISSION random_pair ok
[26/50] ran-000593 UNDERSPECIFIED random_pair ok
[27/50] ran-000582 OMISSION random_pair ok
[28/50] ran-000582 UNDERSPECIFIED random_pair ok
[29/50] mom-000384 OMISSION random_pair ok
[30/50] mom-000384 UNDERSPECIFIED random_pair ok
[31/50] ran-000591 OMISSION random_pair ok
[32/50] ran-000591 UNDERSPECIFIED random_pair ok
[33/50] mom-000416 OMISSION random_pair ok
[34/50] mom-000416 UNDERSPECIFIED random_pair ok
[35/50] crt-000069 OMISSION random_pair ok
[36/50] crt-000069 UNDERSPECIFIED random_pair ok
[37/50] lin-000294 OMISSION random_pair ok
[38/50] lin-000294 UNDERSPECIFIED random_pair ok
[39/50] gra-000231 OMISSION random_pair ok
[40/50] gra-000231 UNDERSPECIFIED random_pair ok
[41/50] mom-000410 OMISSION random_pair ok
[42/50] mom-000410 UNDERSPECIFIED random_pair ok
[43/50] crt-000106 OMISSION random_pair ok
[44/50] crt-000106 UNDERSPECIFIED random_pair ok
[45/50] mom-000376 OMISSION random_pair ok
[46/50] mom-000376 UNDERSPECIFIED random_pair ok
[47/50] ran-000590 OMISSION random_pair ok
[48/50] ran-000590 UNDERSPECIFIED random_pair ok
[49/50] crt-000079 OMISSION random_pair ok
