[1/60] mom-000390 OMISSION nonunique ok
[2/60] mom-000390 UNDERSPECIFIED nonunique ok
[3/60] mom-000374 OMISSION nonunique ok
[4/60] mom-000374 UNDERSPECIFIED nonunique ok
[5/60] gra-000219 OMISSION nonunique ok
[6/60] gra-000219 UNDERSPECIFIED nonunique ok
[7/60] crt-000092 OMISSION nonunique ok
[8/60] crt-000092 UNDERSPECIFIED nonunique ok
[9/60] gra-000205 OMISSION nonunique ok
[10/60] gra-000205 UNDERSPECIFIED nonunique ok
[11/60] ran-000566 OMISSION nonunique ok
[12/60] ran-000566 UNDERSPECIFIED nonunique ok
[13/60] ran-000598 OMISSION nonunique ok
[14/60] ran-000598 UNDERSPECIFIED nonunique ok
[15/60] mom-000370 OMISSION nonunique ok
[16/60] mom-000370 UNDERSPECIFIED nonunique ok
[17/60] mom-000373 OMISSION nonunique ok
[18/60] mom-000373 UNDERSPECIFIED nonunique ok
[19/60] crt-000073 OMISSION nonunique ok
[20/60] crt-000073 UNDERSPECIFIED nonunique ok
[21/60] lin-000240 OMISSION nonunique ok
[22/60] lin-000240 UNDERSPECIFIED nonunique ok
[23/60] ran-000559 OMISSION nonunique ok
[24/60] ran-000559 UNDERSPECIFIED nonunique ok
[25/60] gra-000187 OMISSION nonunique ok
[26/60] gra-000187 UNDERSPECIFIED nonunique ok
[27/60] lin-000256 OMISSION nonunique ok
[28/60] lin-000256 UNDERSPECIFIED nonunique ok
[29/60] ran-000561 OMISSION nonunique ok
[30/60] ran-000561 UNDERSPECIFIED nonunique ok
[31/60] mom-000412 OMISSION nonunique ok
[32/60] mom-000412 UNDERSPECIFIED nonunique ok
[33/60] gra-000180 OMISSION nonunique ok
[34/60] gra-000180 UNDERSPECIFIED nonunique ok
[35/60] crt-000101 OMISSION nonunique ok
[36/60] crt-000101 UNDERSPECIFIED nonunique ok
[37/60] crt-000093 OMISSION nonunique ok
[38/60] crt-000093 UNDERSPECIFIED nonunique ok
[39/60] lin-000269 OMISSION nonunique ok
[40/60] lin-000269 UNDERSPECIFIED nonunique ok
[41/60] crt-000116 OMISSION nonunique ok
[42/60] crt-000116 UNDERSPECIFIED nonunique ok
[43/60] mom-000417 OMISSION nonunique ok
[44/60] mom-000417 UNDERSPECIFIED nonunique ok
[45/60] lin-000282 OMISSION nonunique ok
[46/60] lin-000282 UNDERSPECIFIED nonunique ok
[47/60] crt-000086 OMISSION nonunique ok
[48/60] crt-000086 UNDERSPECIFIED nonunique ok
[49/60] crt-000088 OMISSION nonunique ok
[50/60] crt-000088 UNDERSPECIFIED nonunique ok
[51/60] gra-000214 OMISSION nonunique ok
[52/60] gra-000214 UNDERSPECIFIED nonunique ok
[53/60] crt-000090 OMISSION nonunique ok
[54/60] crt-000090 UNDERSPECIFIED nonunique ok
[55/60] ran-000567 OMISSION nonunique ok
[56/60] ran-000567 UNDERSPECIFIED nonunique ok
[57/60] mom-000396 OMISSION nonunique ok
[58/60] mom-000396 UNDERSPECIFIED nonunique ok
[59/60] lin-000283 OMISSION nonunique ok
[60/60] lin-000283 UNDERSPECIFIED nonunique ok
