[1/40] gra-000198 OMISSION nonunique ok
[2/40] gra-000198 UNDERSPECIFIED nonunique ok
[3/40] gra-000208 OMISSION nonunique ok
[4/40] gra-000208 UNDERSPECIFIED nonunique ok
[5/40] lin-000245 OMISSION nonunique ok
[6/40] lin-000245 UNDERSPECIFIED nonunique ok
[7/40] crt-000077 OMISSION nonunique ok
[8/40] crt-000077 UNDERSPECIFIED nonunique ok
[9/40] ran-000554 OMISSION nonunique ok
[10/40] ran-000554 UNDERSPECIFIED nonunique ok
[11/40] gra-000191 OMISSION nonunique ok
[12/40] gra-000191 UNDERSPECIFIED nonunique ok
[13/40] lin-000264 OMISSION nonunique ok
[14/40] lin-000264 UNDERSPECIFIED nonunique ok
[15/40] ran-000557 OMISSION nonunique ok
[16/40] ran-000557 UNDERSPECIFIED nonunique ok
[17/40] gra-000204 OMISSION nonunique ok
[18/40] gra-000204 UNDERSPECIFIED nonunique ok
[19/40] crt-000117 OMISSION nonunique ok
[20/40] crt-000117 UNDERSPECIFIED nonunique ok
[21/40] lin-000287 OMISSION nonunique ok
[22/40] lin-000287 UNDERSPECIFIED nonunique ok
[23/40] lin-000291 OMISSION nonunique ok
[24/40] lin-000291 UNDERSPECIFIED nonunique ok
[25/40] gra-000215 OMISSION nonunique ok
[26/40] gra-000215 UNDERSPECIFIED nonunique ok
[27/40] crt-000075 OMISSION nonunique ok
[28/40] crt-000075 UNDERSPECIFIED nonunique ok
[29/40] gra-000221 OMISSION nonunique ok
[30/40] gra-000221 UNDERSPECIFIED nonunique ok
[31/40] gra-000211 OMISSION nonunique ok
[32/40] gra-000211 UNDERSPECIFIED nonunique ok
[33/40] crt-000091 OMISSION nonunique ok
[34/40] crt-000091 UNDERSPECIFIED nonunique ok
[35/40] gra-000195 OMISSION nonunique ok
[36/40] gra-000195 UNDERSPECIFIED nonunique ok
[37/40] lin-000270 OMISSION nonunique ok
[38/40] lin-000270 UNDERSPECIFIED nonunique ok
[39/40] gra-000239 OMISSION nonunique ok
[40/40] gra-000239 UNDERSPECIFIED nonunique ok
