[1/20] gra-000236 OMISSION self_review ok
[2/20] gra-000236 UNDERSPECIFIED self_review ok
[3/20] crt-000087 OMISSION self_review ok
[4/20] crt-000087 UNDERSPECIFIED self_review ok
[5/20] lin-000255 OMISSION self_review ok
[6/20] lin-000255 UNDERSPECIFIED self_review ok
[7/20] gra-000216 OMISSION self_review ok
[8/20] gra-000216 UNDERSPECIFIED self_review ok
[9/20] ran-000597 OMISSION self_review ok
[10/20] ran-000597 UNDERSPECIFIED self_review ok
[11/20] gra-000190 OMISSION self_review ok
[12/20] gra-000190 UNDERSPECIFIED self_review ok
[13/20] crt-000115 OMISSION self_review ok
[14/20] crt-000115 UNDERSPECIFIED self_review ok
[15/20] gra-000201 OMISSION self_review ok
[16/20] gra-000201 UNDERSPECIFIED self_review ok
[17/20] ran-000588 OMISSION self_review ok
[18/20] ran-000588 UNDERSPECIFIED self_review ok
[19/20] crt-000099 OMISSION self_review ok
[20/20] crt-000099 UNDERSPECIFIED self_review ok
