[1/30] mom-000374 OMISSION grounded_self_review error
[2/30] mom-000374 UNDERSPECIFIED grounded_self_review error
[3/30] crt-000092 OMISSION grounded_self_review error
[4/30] crt-000092 UNDERSPECIFIED grounded_self_review error
[5/30] ran-000566 OMISSION grounded_self_review error
[6/30] ran-000566 UNDERSPECIFIED grounded_self_review error
[7/30] mom-000370 OMISSION grounded_self_review error
[8/30] mom-000370 UNDERSPECIFIED grounded_self_review error
[9/30] crt-000073 OMISSION grounded_self_review error
[10/30] crt-000073 UNDERSPECIFIED grounded_self_review error
[11/30] ran-000559 OMISSION grounded_self_review error
[12/30] ran-000559 UNDERSPECIFIED grounded_self_review error
[13/30] lin-000256 OMISSION grounded_self_review error
[14/30] lin-000256 UNDERSPECIFIED grounded_self_review error
[15/30] mom-000412 OMISSION grounded_self_review error
[16/30] mom-000412 UNDERSPECIFIED grounded_self_review error
[17/30] crt-000101 OMISSION grounded_self_review error
[18/30] crt-000101 UNDERSPECIFIED grounded_self_review error
[19/30] lin-000269 OMISSION grounded_self_review error
[20/30] lin-000269 UNDERSPECIFIED grounded_self_review error
[21/30] mom-000417 OMISSION grounded_self_review error
[22/30] mom-000417 UNDERSPECIFIED grounded_self_review error
[23/30] crt-000086 OMISSION grounded_self_review error
[24/30] crt-000086 UNDERSPECIFIED grounded_self_review error
[25/30] gra-000214 OMISSION grounded_self_review error
[26/30] gra-000214 UNDERSPECIFIED grounded_self_review error
