[1/60] ran-000544 OMISSION nonunique ok
[2/60] ran-000544 UNDERSPECIFIED nonunique ok
[3/60] lin-000278 OMISSION nonunique ok
[4/60] lin-000278 UNDERSPECIFIED nonunique ok
[5/60] gra-000230 OMISSION nonunique ok
[6/60] gra-000230 UNDERSPECIFIED nonunique ok
[7/60] ran-000596 OMISSION nonunique ok
[8/60] ran-000596 UNDERSPECIFIED nonunique ok
[9/60] lin-000276 OMISSION nonunique ok
[10/60] lin-000276 UNDERSPECIFIED nonunique ok
[11/60] lin-000297 OMISSION nonunique ok
[12/60] lin-000297 UNDERSPECIFIED nonunique ok
[13/60] ran-000551 OMISSION nonunique ok
[14/60] ran-000551 UNDERSPECIFIED nonunique ok
[15/60] mom-000389 OMISSION nonunique ok
[16/60] mom-000389 UNDERSPECIFIED nonunique ok
[17/60] mom-000397 OMISSION nonunique ok
[18/60] mom-000397 UNDERSPECIFIED nonunique ok
[19/60] lin-000249 OMISSION nonunique ok
[20/60] lin-000249 UNDERSPECIFIED nonunique ok
[21/60] ran-000580 OMISSION nonunique ok
[22/60] ran-000580 UNDERSPECIFIED nonunique ok
[23/60] gra-000194 OMISSION nonunique ok
[24/60] gra-000194 UNDERSPECIFIED nonunique ok
[25/60] crt-000104 OMISSION nonunique ok
[26/60] crt-000104 UNDERSPECIFIED nonunique ok
[27/60] crt-000060 OMISSION nonunique ok
[28/60] crt-000060 UNDERSPECIFIED nonunique ok
[29/60] gra-000197 OMISSION nonunique ok
[30/60] gra-000197 UNDERSPECIFIED nonunique ok
[31/60] gra-000183 OMISSION nonunique ok
[32/60] gra-000183 UNDERSPECIFIED nonunique ok
[33/60] mom-000383 OMISSION nonunique ok
[34/60] mom-000383 UNDERSPECIFIED nonunique ok
[35/60] gra-000186 OMISSION nonunique ok
[36/60] gra-000186 UNDERSPECIFIED nonunique ok
[37/60] gra-000185 OMISSION nonunique ok
[38/60] gra-000185 UNDERSPECIFIED nonunique ok
[39/60] crt-000100 OMISSION nonunique ok
[40/60] crt-000100 UNDERSPECIFIED nonunique ok
[41/60] lin-000295 OMISSION nonunique ok
[42/60] lin-000295 UNDERSPECIFIED nonunique ok
[43/60] mom-000394 OMISSION nonunique ok
[44/60] mom-000394 UNDERSPECIFIED nonunique ok
[45/60] gra-000218 OMISSION nonunique ok
[46/60] gra-000218 UNDERSPECIFIED nonunique ok
[47/60] mom-000378 OMISSION nonunique ok
[48/60] mom-000378 UNDERSPECIFIED nonunique ok
[49/60] lin-000263 OMISSION nonunique ok
[50/60] lin-000263 UNDERSPECIFIED nonunique ok
[51/60] mom-000368 OMISSION nonunique ok
[52/60] mom-000368 UNDERSPECIFIED nonunique ok
[53/60] gra-000196 OMISSION nonunique ok
[54/60] gra-000196 UNDERSPECIFIED nonunique ok
[55/60] mom-000402 OMISSION nonunique ok
[56/60] mom-000402 UNDERSPECIFIED nonunique ok
[57/60] mom-000403 OMISSION nonunique ok
[58/60] mom-000403 UNDERSPECIFIED nonunique ok
[59/60] mom-000404 OMISSION nonunique ok
[60/60] mom-000404 UNDERSPECIFIED nonunique ok
