[1/24] lin-000258 OMISSION nonunique ok
[2/24] lin-000258 UNDERSPECIFIED nonunique ok
[3/24] gra-000200 OMISSION nonunique ok
[4/24] gra-000200 UNDERSPECIFIED nonunique ok
[5/24] lin-000285 OMISSION nonunique ok
[6/24] lin-000285 UNDERSPECIFIED nonunique ok
[7/24] crt-000118 OMISSION nonunique ok
[8/24] crt-000118 UNDERSPECIFIED nonunique ok
[9/24] gra-000212 OMISSION nonunique ok
[10/24] gra-000212 UNDERSPECIFIED nonunique ok
[11/24] lin-000242 OMISSION nonunique ok
[12/24] lin-000242 UNDERSPECIFIED nonunique ok
[13/24] lin-000250 OMISSION nonunique ok
[14/24] lin-000250 UNDERSPECIFIED nonunique ok
[15/24] crt-000109 OMISSION nonunique ok
[16/24] crt-000109 UNDERSPECIFIED nonunique ok
[17/24] ran-000587 OMISSION nonunique ok
[18/24] ran-000587 UNDERSPECIFIED nonunique ok
[19/24] lin-000266 OMISSION nonunique ok
[20/24] lin-000266 UNDERSPECIFIED nonunique ok
[21/24] crt-000119 OMISSION nonunique ok
[22/24] crt-000119 UNDERSPECIFIED nonunique ok
[23/24] lin-000290 OMISSION nonunique ok
[24/24] lin-000290 UNDERSPECIFIED nonunique ok
