[1/30] lin-000267 OMISSION nonunique_grounding error
[2/30] lin-000267 UNDERSPECIFIED nonunique_grounding error
[3/30] ran-000569 OMISSION nonunique_grounding error
[4/30] ran-000569 UNDERSPECIFIED nonunique_grounding error
[5/30] mom-000392 OMISSION nonunique_grounding error
[6/30] mom-000392 UNDERSPECIFIED nonunique_grounding error
[7/30] mom-000363 OMISSION nonunique_grounding error
[8/30] mom-000363 UNDERSPECIFIED nonunique_grounding error
[9/30] mom-000419 OMISSION nonunique_grounding error
[10/30] mom-000419 UNDERSPECIFIED nonunique_grounding error
[11/30] mom-000380 OMISSION nonunique_grounding error
[12/30] mom-000380 UNDERSPECIFIED nonunique_grounding error
[13/30] lin-000271 OMISSION nonunique_grounding error
[14/30] lin-000271 UNDERSPECIFIED nonunique_grounding error
[15/30] ran-000572 OMISSION nonunique_grounding error
[16/30] ran-000572 UNDERSPECIFIED nonunique_grounding error
[17/30] mom-000411 OMISSION nonunique_grounding error
[18/30] mom-000411 UNDERSPECIFIED nonunique_grounding error
[19/30] crt-000112 OMISSION nonunique_grounding error
[20/30] crt-000112 UNDERSPECIFIED nonunique_grounding error
[21/30] lin-000251 OMISSION nonunique_grounding error
[22/30] lin-000251 UNDERSPECIFIED nonunique_grounding error
[23/30] gra-000181 OMISSION nonunique_grounding error
[24/30] gra-000181 UNDERSPECIFIED nonunique_grounding error
[25/30] mom-000364 OMISSION nonunique_grounding error
[26/30] mom-000364 UNDERSPECIFIED nonunique_grounding error
[27/30] mom-000399 OMISSION nonunique_grounding error
[28/30] mom-000399 UNDERSPECIFIED nonunique_grounding error
[29/30] mom-000386 OMISSION nonunique_grounding error
