[1/26] ran-000592 OMISSION nonunique_grounding ok
[2/26] ran-000592 UNDERSPECIFIED nonunique_grounding ok
[3/26] gra-000223 OMISSION nonunique_grounding ok
[4/26] gra-000223 UNDERSPECIFIED nonunique_grounding ok
[5/26] mom-000400 OMISSION nonunique_grounding ok
[6/26] mom-000400 UNDERSPECIFIED nonunique_grounding ok
[7/26] crt-000084 OMISSION nonunique_grounding ok
[8/26] crt-000084 UNDERSPECIFIED nonunique_grounding ok
[9/26] lin-000265 OMISSION nonunique_grounding ok
[10/26] lin-000265 UNDERSPECIFIED nonunique_grounding ok
[11/26] ran-000576 OMISSION nonunique_grounding ok
[12/26] ran-000576 UNDERSPECIFIED nonunique_grounding ok
[13/26] mom-000375 OMISSION nonunique_grounding ok
[14/26] mom-000375 UNDERSPECIFIED nonunique_grounding ok
[15/26] lin-000243 OMISSION nonunique_grounding ok
[16/26] lin-000243 UNDERSPECIFIED nonunique_grounding ok
[17/26] gra-000203 OMISSION nonunique_grounding ok
[18/26] gra-000203 UNDERSPECIFIED nonunique_grounding ok
[19/26] crt-000111 OMISSION nonunique_grounding ok
[20/26] crt-000111 UNDERSPECIFIED nonunique_grounding ok
[21/26] gra-000188 OMISSION nonunique_grounding ok
[22/26] gra-000188 UNDERSPECIFIED nonunique_grounding ok
[23/26] crt-000082 OMISSION nonunique_grounding ok
[24/26] crt-000082 UNDERSPECIFIED nonunique_grounding ok
[25/26] gra-000207 OMISSION nonunique_grounding ok
[26/26] gra-000207 UNDERSPECIFIED nonunique_grounding ok
