[1/30] ran-000544 OMISSION nonunique error
[2/30] ran-000544 UNDERSPECIFIED nonunique error
[3/30] gra-000230 OMISSION nonunique error
[4/30] gra-000230 UNDERSPECIFIED nonunique error
[5/30] lin-000276 OMISSION nonunique error
[6/30] lin-000276 UNDERSPECIFIED nonunique error
[7/30] ran-000551 OMISSION nonunique error
[8/30] ran-000551 UNDERSPECIFIED nonunique error
[9/30] mom-000397 OMISSION nonunique error
[10/30] mom-000397 UNDERSPECIFIED nonunique error
[11/30] ran-000580 OMISSION nonunique error
[12/30] ran-000580 UNDERSPECIFIED nonunique error
[13/30] crt-000104 OMISSION nonunique error
[14/30] crt-000104 UNDERSPECIFIED nonunique error
[15/30] gra-000197 OMISSION nonunique error
[16/30] gra-000197 UNDERSPECIFIED nonunique error
[17/30] mom-000383 OMISSION nonunique error
[18/30] mom-000383 UNDERSPECIFIED nonunique error
[19/30] gra-000185 OMISSION nonunique error
[20/30] gra-000185 UNDERSPECIFIED nonunique error
[21/30] lin-000295 OMISSION nonunique error
[22/30] lin-000295 UNDERSPECIFIED nonunique error
[23/30] gra-000218 OMISSION nonunique error
[24/30] gra-000218 UNDERSPECIFIED nonunique error
[25/30] lin-000263 OMISSION nonunique error
[26/30] lin-000263 UNDERSPECIFIED nonunique error
