[1/30] ran-000544 OMISSION nonunique_grounding ok
[2/30] ran-000544 UNDERSPECIFIED nonunique_grounding ok
[3/30] gra-000230 OMISSION nonunique_grounding ok
[4/30] gra-000230 UNDERSPECIFIED nonunique_grounding ok
[5/30] lin-000276 OMISSION nonunique_grounding ok
[6/30] lin-000276 UNDERSPECIFIED nonunique_grounding ok
[7/30] ran-000551 OMISSION nonunique_grounding ok
[8/30] ran-000551 UNDERSPECIFIED nonunique_grounding ok
[9/30] mom-000397 OMISSION nonunique_grounding ok
[10/30] mom-000397 UNDERSPECIFIED nonunique_grounding ok
[11/30] ran-000580 OMISSION nonunique_grounding ok
[12/30] ran-000580 UNDERSPECIFIED nonunique_grounding ok
[13/30] crt-000104 OMISSION nonunique_grounding ok
[14/30] crt-000104 UNDERSPECIFIED nonunique_grounding ok
[15/30] gra-000197 OMISSION nonunique_grounding ok
[16/30] gra-000197 UNDERSPECIFIED nonunique_grounding ok
[17/30] mom-000383 OMISSION nonunique_grounding ok
[18/30] mom-000383 UNDERSPECIFIED nonunique_grounding ok
[19/30] gra-000185 OMISSION nonunique_grounding ok
[20/30] gra-000185 UNDERSPECIFIED nonunique_grounding ok
[21/30] lin-000295 OMISSION nonunique_grounding ok
[22/30] lin-000295 UNDERSPECIFIED nonunique_grounding ok
[23/30] gra-000218 OMISSION nonunique_grounding ok
[24/30] gra-000218 UNDERSPECIFIED nonunique_grounding ok
[25/30] lin-000263 OMISSION nonunique_grounding ok
[26/30] lin-000263 UNDERSPECIFIED nonunique_grounding ok
[27/30] gra-000196 OMISSION nonunique_grounding ok
[28/30] gra-000196 UNDERSPECIFIED nonunique_grounding ok
[29/30] mom-000403 OMISSION nonunique_grounding ok
[30/30] mom-000403 UNDERSPECIFIED nonunique_grounding ok
