[1/20] lin-000279 OMISSION grounded_self_review ok
[2/20] lin-000279 UNDERSPECIFIED grounded_self_review ok
[3/20] lin-000244 OMISSION grounded_self_review ok
[4/20] lin-000244 UNDERSPECIFIED grounded_self_review ok
[5/20] crt-000078 OMISSION grounded_self_review ok
[6/20] crt-000078 UNDERSPECIFIED grounded_self_review ok
[7/20] ran-000564 OMISSION grounded_self_review ok
[8/20] ran-000564 UNDERSPECIFIED grounded_self_review ok
[9/20] ran-000595 OMISSION grounded_self_review ok
[10/20] ran-000595 UNDERSPECIFIED grounded_self_review ok
[11/20] ran-000543 OMISSION grounded_self_review ok
[12/20] ran-000543 UNDERSPECIFIED grounded_self_review ok
[13/20] ran-000579 OMISSION grounded_self_review ok
[14/20] ran-000579 UNDERSPECIFIED grounded_self_review ok
[15/20] ran-000550 OMISSION grounded_self_review ok
[16/20] ran-000550 UNDERSPECIFIED grounded_self_review ok
[17/20] gra-000209 OMISSION grounded_self_review ok
[18/20] gra-000209 UNDERSPECIFIED grounded_self_review ok
[19/20] lin-000261 OMISSION grounded_self_review ok
[20/20] lin-000261 UNDERSPECIFIED grounded_self_review ok
