[1/24] lin-000277 OMISSION nonunique error
[2/24] lin-000277 UNDERSPECIFIED nonunique error
[3/24] mom-000393 OMISSION nonunique error
[4/24] mom-000393 UNDERSPECIFIED nonunique error
[5/24] gra-000199 OMISSION nonunique error
[6/24] gra-000199 UNDERSPECIFIED nonunique error
[7/24] lin-000273 OMISSION nonunique error
[8/24] lin-000273 UNDERSPECIFIED nonunique error
[9/24] mom-000406 OMISSION nonunique error
[10/24] mom-000406 UNDERSPECIFIED nonunique error
[11/24] gra-000233 OMISSION nonunique error
[12/24] gra-000233 UNDERSPECIFIED nonunique error
[13/24] ran-000582 OMISSION nonunique error
[14/24] ran-000582 UNDERSPECIFIED nonunique error
[15/24] ran-000591 OMISSION nonunique error
[16/24] ran-000591 UNDERSPECIFIED nonunique error
[17/24] crt-000069 OMISSION nonunique error
[18/24] crt-000069 UNDERSPECIFIED nonunique error
[19/24] gra-000231 OMISSION nonunique error
[20/24] gra-000231 UNDERSPECIFIED nonunique error
