[3/26] gra-000223 OMISSION nonunique ok
[4/26] gra-000223 UNDERSPECIFIED nonunique ok
[5/26] mom-000400 OMISSION nonunique ok
[6/26] mom-000400 UNDERSPECIFIED nonunique ok
[7/26] crt-000084 OMISSION nonunique ok
[8/26] crt-000084 UNDERSPECIFIED nonunique ok
[9/26] lin-000265 OMISSION nonunique ok
[10/26] lin-000265 UNDERSPECIFIED nonunique ok
[11/26] ran-000576 OMISSION nonunique ok
[12/26] ran-000576 UNDERSPECIFIED nonunique ok
[13/26] mom-000375 OMISSION nonunique ok
[14/26] mom-000375 UNDERSPECIFIED nonunique ok
[15/26] lin-000243 OMISSION nonunique ok
[16/26] lin-000243 UNDERSPECIFIED nonunique ok
[17/26] gra-000203 OMISSION nonunique ok
[18/26] gra-000203 UNDERSPECIFIED nonunique ok
[19/26] crt-000111 OMISSION nonunique ok
[20/26] crt-000111 UNDERSPECIFIED nonunique ok
[21/26] gra-000188 OMISSION nonunique ok
[22/26] gra-000188 UNDERSPECIFIED nonunique ok
[23/26] crt-000082 OMISSION nonunique ok
[24/26] crt-000082 UNDERSPECIFIED nonunique ok
[25/26] gra-000207 OMISSION nonunique ok
[26/26] gra-000207 UNDERSPECIFIED nonunique ok
