[1/20] lin-000279 OMISSION nonunique ok
[2/20] lin-000279 UNDERSPECIFIED nonunique ok
[3/20] lin-000244 OMISSION nonunique ok
[4/20] lin-000244 UNDERSPECIFIED nonunique ok
[5/20] crt-000078 OMISSION nonunique ok
[6/20] crt-000078 UNDERSPECIFIED nonunique ok
[7/20] ran-000564 OMISSION nonunique ok
[8/20] ran-000564 UNDERSPECIFIED nonunique ok
[9/20] ran-000595 OMISSION nonunique ok
[10/20] ran-000595 UNDERSPECIFIED nonunique ok
[11/20] ran-000543 OMISSION nonunique ok
[12/20] ran-000543 UNDERSPECIFIED nonunique ok
[13/20] ran-000579 OMISSION nonunique ok
[14/20] ran-000579 UNDERSPECIFIED nonunique ok
[15/20] ran-000550 OMISSION nonunique ok
[16/20] ran-000550 UNDERSPECIFIED nonunique ok
[17/20] gra-000209 OMISSION nonunique ok
[18/20] gra-000209 UNDERSPECIFIED nonunique ok
[19/20] lin-000261 OMISSION nonunique ok
[20/20] lin-000261 UNDERSPECIFIED nonunique ok
