[1/20] ran-000585 OMISSION nonunique ok
[2/20] ran-000585 UNDERSPECIFIED nonunique ok
[3/20] ran-000545 OMISSION nonunique ok
[4/20] ran-000545 UNDERSPECIFIED nonunique ok
[5/20] lin-000288 OMISSION nonunique ok
[6/20] lin-000288 UNDERSPECIFIED nonunique ok
[7/20] lin-000252 OMISSION nonunique ok
[8/20] lin-000252 UNDERSPECIFIED nonunique ok
[9/20] ran-000540 OMISSION nonunique ok
[10/20] ran-000540 UNDERSPECIFIED nonunique ok
[11/20] lin-000247 OMISSION nonunique ok
[12/20] lin-000247 UNDERSPECIFIED nonunique ok
[13/20] gra-000224 OMISSION nonunique ok
[14/20] gra-000224 UNDERSPECIFIED nonunique ok
[15/20] crt-000071 OMISSION nonunique ok
[16/20] crt-000071 UNDERSPECIFIED nonunique ok
[17/20] crt-000067 OMISSION nonunique ok
[18/20] crt-000067 UNDERSPECIFIED nonunique ok
[19/20] crt-000081 OMISSION nonunique ok
[20/20] crt-000081 UNDERSPECIFIED nonunique ok
