[1/24] crt-000080 OMISSION nonunique_grounding ok
[2/24] crt-000080 UNDERSPECIFIED nonunique_grounding ok
[3/24] crt-000064 OMISSION nonunique_grounding ok
[4/24] crt-000064 UNDERSPECIFIED nonunique_grounding ok
[5/24] lin-000274 OMISSION nonunique_grounding ok
[6/24] lin-000274 UNDERSPECIFIED nonunique_grounding ok
[7/24] mom-000414 OMISSION nonunique_grounding ok
[8/24] mom-000414 UNDERSPECIFIED nonunique_grounding ok
[9/24] gra-000193 OMISSION nonunique_grounding ok
[10/24] gra-000193 UNDERSPECIFIED nonunique_grounding ok
[11/24] gra-000206 OMISSION nonunique_grounding ok
[12/24] gra-000206 UNDERSPECIFIED nonunique_grounding ok
[13/24] crt-000103 OMISSION nonunique_grounding ok
[14/24] crt-000103 UNDERSPECIFIED nonunique_grounding ok
[15/24] lin-000272 OMISSION nonunique_grounding ok
[16/24] lin-000272 UNDERSPECIFIED nonunique_grounding ok
[17/24] gra-000202 OMISSION nonunique_grounding ok
[18/24] gra-000202 UNDERSPECIFIED nonunique_grounding ok
[19/24] mom-000388 OMISSION nonunique_grounding ok
[20/24] mom-000388 UNDERSPECIFIED nonunique_grounding ok
[21/24] gra-000229 OMISSION nonunique_grounding ok
[22/24] gra-000229 UNDERSPECIFIED nonunique_grounding ok
[23/24] gra-000192 OMISSION nonunique_grounding ok
[24/24] gra-000192 UNDERSPECIFIED nonunique_grounding ok
