[1/26] mom-000409 OMISSION nonunique_grounding ok
[2/26] mom-000409 UNDERSPECIFIED nonunique_grounding ok
[3/26] ran-000542 OMISSION nonunique_grounding ok
[4/26] ran-000542 UNDERSPECIFIED nonunique_grounding ok
[5/26] gra-000184 OMISSION nonunique_grounding ok
[6/26] gra-000184 UNDERSPECIFIED nonunique_grounding ok
[7/26] lin-000257 OMISSION nonunique_grounding ok
[8/26] lin-000257 UNDERSPECIFIED nonunique_grounding ok
[9/26] lin-000268 OMISSION nonunique_grounding ok
[10/26] lin-000268 UNDERSPECIFIED nonunique_grounding ok
[11/26] lin-000296 OMISSION nonunique_grounding ok
[12/26] lin-000296 UNDERSPECIFIED nonunique_grounding ok
[13/26] ran-000599 OMISSION nonunique_grounding ok
[14/26] ran-000599 UNDERSPECIFIED nonunique_grounding ok
[15/26] mom-000361 OMISSION nonunique_grounding ok
[16/26] mom-000361 UNDERSPECIFIED nonunique_grounding ok
[17/26] gra-000228 OMISSION nonunique_grounding ok
[18/26] gra-000228 UNDERSPECIFIED nonunique_grounding ok
[19/26] ran-000552 OMISSION nonunique_grounding ok
[20/26] ran-000552 UNDERSPECIFIED nonunique_grounding ok
[21/26] gra-000225 OMISSION nonunique_grounding ok
[22/26] gra-000225 UNDERSPECIFIED nonunique_grounding ok
[23/26] ran-000553 OMISSION nonunique_grounding ok
[24/26] ran-000553 UNDERSPECIFIED nonunique_grounding ok
[25/26] crt-000061 OMISSION nonunique_grounding ok
[26/26] crt-000061 UNDERSPECIFIED nonunique_grounding ok
