[1/24] crt-000080 OMISSION nonunique_grounding error
[2/24] crt-000080 UNDERSPECIFIED nonunique_grounding error
[3/24] crt-000064 OMISSION nonunique_grounding error
[4/24] crt-000064 UNDERSPECIFIED nonunique_grounding error
[5/24] lin-000274 OMISSION nonunique_grounding error
[6/24] lin-000274 UNDERSPECIFIED nonunique_grounding error
[7/24] mom-000414 OMISSION nonunique_grounding error
[8/24] mom-000414 UNDERSPECIFIED nonunique_grounding error
[9/24] gra-000193 OMISSION nonunique_grounding error
[10/24] gra-000193 UNDERSPECIFIED nonunique_grounding error
[11/24] gra-000206 OMISSION nonunique_grounding error
[12/24] gra-000206 UNDERSPECIFIED nonunique_grounding error
[13/24] crt-000103 OMISSION nonunique_grounding error
[14/24] crt-000103 UNDERSPECIFIED nonunique_grounding error
[15/24] lin-000272 OMISSION nonunique_grounding error
[16/24] lin-000272 UNDERSPECIFIED nonunique_grounding error
[17/24] gra-000202 OMISSION nonunique_grounding error
[18/24] gra-000202 UNDERSPECIFIED nonunique_grounding error
[19/24] mom-000388 OMISSION nonunique_grounding error
[20/24] mom-000388 UNDERSPECIFIED nonunique_grounding error
[21/24] gra-000229 OMISSION nonunique_grounding error
[22/24] gra-000229 UNDERSPECIFIED nonunique_grounding error
[23/24] gra-000192 OMISSION nonunique_grounding error
[24/24] gra-000192 UNDERSPECIFIED nonunique_grounding error
