[1/30] lin-000267 OMISSION grounded_self_review ok
[2/30] lin-000267 UNDERSPECIFIED grounded_self_review ok
[3/30] ran-000569 OMISSION grounded_self_review ok
[4/30] ran-000569 UNDERSPECIFIED grounded_self_review ok
[5/30] mom-000392 OMISSION grounded_self_review ok
[6/30] mom-000392 UNDERSPECIFIED grounded_self_review ok
[7/30] mom-000363 OMISSION grounded_self_review ok
[8/30] mom-000363 UNDERSPECIFIED grounded_self_review ok
[9/30] mom-000419 OMISSION grounded_self_review ok
[10/30] mom-000419 UNDERSPECIFIED grounded_self_review ok
[11/30] mom-000380 OMISSION grounded_self_review ok
[12/30] mom-000380 UNDERSPECIFIED grounded_self_review ok
[13/30] lin-000271 OMISSION grounded_self_review ok
[14/30] lin-000271 UNDERSPECIFIED grounded_self_review ok
[15/30] ran-000572 OMISSION grounded_self_review ok
[16/30] ran-000572 UNDERSPECIFIED grounded_self_review ok
[17/30] mom-000411 OMISSION grounded_self_review ok
[18/30] mom-000411 UNDERSPECIFIED grounded_self_review ok
[19/30] crt-000112 OMISSION grounded_self_review ok
[20/30] crt-000112 UNDERSPECIFIED grounded_self_review ok
[21/30] lin-000251 OMISSION grounded_self_review ok
[22/30] lin-000251 UNDERSPECIFIED grounded_self_review ok
[23/30] gra-000181 OMISSION grounded_self_review ok
[24/30] gra-000181 UNDERSPECIFIED grounded_self_review ok
[25/30] mom-000364 OMISSION grounded_self_review ok
[26/30] mom-000364 UNDERSPECIFIED grounded_self_review ok
[27/30] mom-000399 OMISSION grounded_self_review ok
[28/30] mom-000399 UNDERSPECIFIED grounded_self_review ok
[29/30] mom-000386 OMISSION grounded_self_review ok
[30/30] mom-000386 UNDERSPECIFIED grounded_self_review ok
