[1/20] ran-000570 OMISSION nonunique ok
[2/20] ran-000570 UNDERSPECIFIED nonunique ok
[3/20] gra-000189 OMISSION nonunique ok
[4/20] gra-000189 UNDERSPECIFIED nonunique ok
[5/20] lin-000259 OMISSION nonunique ok
[6/20] lin-000259 UNDERSPECIFIED nonunique ok
[7/20] crt-000062 OMISSION nonunique ok
[8/20] crt-000062 UNDERSPECIFIED nonunique ok
[9/20] crt-000089 OMISSION nonunique ok
[10/20] crt-000089 UNDERSPECIFIED nonunique ok
[11/20] gra-000234 OMISSION nonunique ok
[12/20] gra-000234 UNDERSPECIFIED nonunique ok
[13/20] ran-000565 OMISSION nonunique ok
[14/20] ran-000565 UNDERSPECIFIED nonunique ok
[15/20] lin-000260 OMISSION nonunique ok
[16/20] lin-000260 UNDERSPECIFIED nonunique ok
[17/20] crt-000068 OMISSION nonunique ok
[18/20] crt-000068 UNDERSPECIFIED nonunique ok
[19/20] crt-000097 OMISSION nonunique ok
[20/20] crt-000097 UNDERSPECIFIED nonunique ok
