[1/60] ran-000544 OMISSION self_review ok
[2/60] ran-000544 UNDERSPECIFIED self_review ok
[3/60] lin-000278 OMISSION self_review ok
[4/60] lin-000278 UNDERSPECIFIED self_review ok
[5/60] gra-000230 OMISSION self_review ok
[6/60] gra-000230 UNDERSPECIFIED self_review ok
[7/60] ran-000596 OMISSION self_review ok
[8/60] ran-000596 UNDERSPECIFIED self_review ok
[9/60] lin-000276 OMISSION self_review ok
[10/60] lin-000276 UNDERSPECIFIED self_review ok
[11/60] lin-000297 OMISSION self_review ok
[12/60] lin-000297 UNDERSPECIFIED self_review ok
[13/60] ran-000551 OMISSION self_review ok
[14/60] ran-000551 UNDERSPECIFIED self_review ok
[15/60] mom-000389 OMISSION self_review ok
[16/60] mom-000389 UNDERSPECIFIED self_review ok
[17/60] mom-000397 OMISSION self_review ok
[18/60] mom-000397 UNDERSPECIFIED self_review ok
[19/60] lin-000249 OMISSION self_review ok
[20/60] lin-000249 UNDERSPECIFIED self_review ok
[21/60] ran-000580 OMISSION self_review ok
[22/60] ran-000580 UNDERSPECIFIED self_review ok
[23/60] gra-000194 OMISSION self_review ok
[24/60] gra-000194 UNDERSPECIFIED self_review ok
[25/60] crt-000104 OMISSION self_review ok
[26/60] crt-000104 UNDERSPECIFIED self_review ok
[27/60] crt-000060 OMISSION self_review ok
[28/60] crt-000060 UNDERSPECIFIED self_review ok
[29/60] gra-000197 OMISSION self_review ok
[30/60] gra-000197 UNDERSPECIFIED self_review ok
[31/60] gra-000183 OMISSION self_review ok
[32/60] gra-000183 UNDERSPECIFIED self_review ok
[33/60] mom-000383 OMISSION self_review ok
[34/60] mom-000383 UNDERSPECIFIED self_review ok
[35/60] gra-000186 OMISSION self_review ok
[36/60] gra-000186 UNDERSPECIFIED self_review ok
[37/60] gra-000185 OMISSION self_review ok
[38/60] gra-000185 UNDERSPECIFIED self_review ok
[39/60] crt-000100 OMISSION self_review ok
[40/60] crt-000100 UNDERSPECIFIED self_review ok
[41/60] lin-000295 OMISSION self_review ok
[42/60] lin-000295 UNDERSPECIFIED self_review ok
[43/60] mom-000394 OMISSION self_review ok
[44/60] mom-000394 UNDERSPECIFIED self_review ok
[45/60] gra-000218 OMISSION self_review ok
[46/60] gra-000218 UNDERSPECIFIED self_review ok
[47/60] mom-000378 OMISSION self_review ok
[48/60] mom-000378 UNDERSPECIFIED self_review ok
[49/60] lin-000263 OMISSION self_review ok
[50/60] lin-000263 UNDERSPECIFIED self_review ok
[51/60] mom-000368 OMISSION self_review ok
[52/60] mom-000368 UNDERSPECIFIED self_review ok
[53/60] gra-000196 OMISSION self_review ok
[54/60] gra-000196 UNDERSPECIFIED self_review ok
[55/60] mom-000402 OMISSION self_review ok
[56/60] mom-000402 UNDERSPECIFIED self_review ok
[57/60] mom-000403 OMISSION self_review ok
[58/60] mom-000403 UNDERSPECIFIED self_review ok
[59/60] mom-000404 OMISSION self_review ok
[60/60] mom-000404 UNDERSPECIFIED self_review ok
