[1/30] lin-000267 OMISSION nonunique_grounding ok
[2/30] lin-000267 UNDERSPECIFIED nonunique_grounding ok
[3/30] ran-000569 OMISSION nonunique_grounding ok
[4/30] ran-000569 UNDERSPECIFIED nonunique_grounding ok
[5/30] mom-000392 OMISSION nonunique_grounding ok
[6/30] mom-000392 UNDERSPECIFIED nonunique_grounding ok
[7/30] mom-000363 OMISSION nonunique_grounding ok
[8/30] mom-000363 UNDERSPECIFIED nonunique_grounding ok
[9/30] mom-000419 OMISSION nonunique_grounding ok
[10/30] mom-000419 UNDERSPECIFIED nonunique_grounding ok
[11/30] mom-000380 OMISSION nonunique_grounding ok
[12/30] mom-000380 UNDERSPECIFIED nonunique_grounding ok
[13/30] lin-000271 OMISSION nonunique_grounding ok
[14/30] lin-000271 UNDERSPECIFIED nonunique_grounding ok
[15/30] ran-000572 OMISSION nonunique_grounding ok
[16/30] ran-000572 UNDERSPECIFIED nonunique_grounding ok
[17/30] mom-000411 OMISSION nonunique_grounding ok
[18/30] mom-000411 UNDERSPECIFIED nonunique_grounding ok
[19/30] crt-000112 OMISSION nonunique_grounding ok
[20/30] crt-000112 UNDERSPECIFIED nonunique_grounding ok
[21/30] lin-000251 OMISSION nonunique_grounding ok
[22/30] lin-000251 UNDERSPECIFIED nonunique_grounding ok
[23/30] gra-000181 OMISSION nonunique_grounding ok
[24/30] gra-000181 UNDERSPECIFIED nonunique_grounding ok
[25/30] mom-000364 OMISSION nonunique_grounding ok
[26/30] mom-000364 UNDERSPECIFIED nonunique_grounding ok
[27/30] mom-000399 OMISSION nonunique_grounding ok
[28/30] mom-000399 UNDERSPECIFIED nonunique_grounding ok
[29/30] mom-000386 OMISSION nonunique_grounding ok
[30/30] mom-000386 UNDERSPECIFIED nonunique_grounding ok
