[1/20] lin-000279 OMISSION nonunique_grounding ok
[2/20] lin-000279 UNDERSPECIFIED nonunique_grounding ok
[3/20] lin-000244 OMISSION nonunique_grounding ok
[4/20] lin-000244 UNDERSPECIFIED nonunique_grounding ok
[5/20] crt-000078 OMISSION nonunique_grounding ok
[6/20] crt-000078 UNDERSPECIFIED nonunique_grounding ok
[7/20] ran-000564 OMISSION nonunique_grounding ok
[8/20] ran-000564 UNDERSPECIFIED nonunique_grounding ok
[9/20] ran-000595 OMISSION nonunique_grounding ok
[10/20] ran-000595 UNDERSPECIFIED nonunique_grounding ok
[11/20] ran-000543 OMISSION nonunique_grounding ok
[12/20] ran-000543 UNDERSPECIFIED nonunique_grounding ok
[13/20] ran-000579 OMISSION nonunique_grounding ok
[14/20] ran-000579 UNDERSPECIFIED nonunique_grounding ok
[15/20] ran-000550 OMISSION nonunique_grounding ok
[16/20] ran-000550 UNDERSPECIFIED nonunique_grounding ok
[17/20] gra-000209 OMISSION nonunique_grounding ok
[18/20] gra-000209 UNDERSPECIFIED nonunique_grounding ok
[19/20] lin-000261 OMISSION nonunique_grounding ok
[20/20] lin-000261 UNDERSPECIFIED nonunique_grounding ok
