[1/30] mom-000374 OMISSION nonunique_grounding ok
[2/30] mom-000374 UNDERSPECIFIED nonunique_grounding ok
[3/30] crt-000092 OMISSION nonunique_grounding ok
[4/30] crt-000092 UNDERSPECIFIED nonunique_grounding ok
[5/30] ran-000566 OMISSION nonunique_grounding ok
[6/30] ran-000566 UNDERSPECIFIED nonunique_grounding ok
[7/30] mom-000370 OMISSION nonunique_grounding ok
[8/30] mom-000370 UNDERSPECIFIED nonunique_grounding ok
[9/30] crt-000073 OMISSION nonunique_grounding ok
[10/30] crt-000073 UNDERSPECIFIED nonunique_grounding ok
[11/30] ran-000559 OMISSION nonunique_grounding ok
[12/30] ran-000559 UNDERSPECIFIED nonunique_grounding ok
[13/30] lin-000256 OMISSION nonunique_grounding ok
[14/30] lin-000256 UNDERSPECIFIED nonunique_grounding ok
[15/30] mom-000412 OMISSION nonunique_grounding ok
[16/30] mom-000412 UNDERSPECIFIED nonunique_grounding ok
[17/30] crt-000101 OMISSION nonunique_grounding ok
[18/30] crt-000101 UNDERSPECIFIED nonunique_grounding ok
[19/30] lin-000269 OMISSION nonunique_grounding ok
[20/30] lin-000269 UNDERSPECIFIED nonunique_grounding ok
[21/30] mom-000417 OMISSION nonunique_grounding ok
[22/30] mom-000417 UNDERSPECIFIED nonunique_grounding ok
[23/30] crt-000086 OMISSION nonunique_grounding ok
[24/30] crt-000086 UNDERSPECIFIED nonunique_grounding ok
[25/30] gra-000214 OMISSION nonunique_grounding ok
[26/30] gra-000214 UNDERSPECIFIED nonunique_grounding ok
[27/30] ran-000567 OMISSION nonunique_grounding ok
[28/30] ran-000567 UNDERSPECIFIED nonunique_grounding ok
[29/30] lin-000283 OMISSION nonunique_grounding ok
[30/30] lin-000283 UNDERSPECIFIED nonunique_grounding ok
