[1/50] mom-000409 OMISSION self_review ok
[2/50] mom-000409 UNDERSPECIFIED self_review ok
[3/50] lin-000258 OMISSION self_review ok
[4/50] lin-000258 UNDERSPECIFIED self_review ok
[5/50] ran-000542 OMISSION self_review ok
[6/50] ran-000542 UNDERSPECIFIED self_review ok
[7/50] gra-000200 OMISSION self_review ok
[8/50] gra-000200 UNDERSPECIFIED self_review ok
[9/50] gra-000184 OMISSION self_review ok
[10/50] gra-000184 UNDERSPECIFIED self_review ok
[11/50] lin-000285 OMISSION self_review ok
[12/50] lin-000285 UNDERSPECIFIED self_review ok
[13/50] lin-000257 OMISSION self_review ok
[14/50] lin-000257 UNDERSPECIFIED self_review ok
[15/50] crt-000118 OMISSION self_review ok
[16/50] crt-000118 UNDERSPECIFIED self_review ok
[17/50] lin-000268 OMISSION self_review ok
[18/50] lin-000268 UNDERSPECIFIED self_review ok
[19/50] gra-000212 OMISSION self_review ok
[20/50] gra-000212 UNDERSPECIFIED self_review ok
[21/50] lin-000296 OMISSION self_review ok
[22/50] lin-000296 UNDERSPECIFIED self_review ok
[23/50] lin-000242 OMISSION self_review ok
[24/50] lin-000242 UNDERSPECIFIED self_review ok
[25/50] ran-000599 OMISSION self_review ok
[26/50] ran-000599 UNDERSPECIFIED self_review ok
[27/50] lin-000250 OMISSION self_review ok
[28/50] lin-000250 UNDERSPECIFIED self_review ok
[29/50] mom-000361 OMISSION self_review ok
[30/50] mom-000361 UNDERSPECIFIED self_review ok
[31/50] crt-000109 OMISSION self_review ok
[32/50] crt-000109 UNDERSPECIFIED self_review ok
[33/50] gra-000228 OMISSION self_review ok
[34/50] gra-000228 UNDERSPECIFIED self_review ok
