[1/20] gra-000208 OMISSION nonunique error
[2/20] gra-000208 UNDERSPECIFIED nonunique error
[3/20] crt-000077 OMISSION nonunique error
[4/20] crt-000077 UNDERSPECIFIED nonunique error
[5/20] gra-000191 OMISSION nonunique error
[6/20] gra-000191 UNDERSPECIFIED nonunique error
[7/20] ran-000557 OMISSION nonunique error
[8/20] ran-000557 UNDERSPECIFIED nonunique error
[9/20] crt-000117 OMISSION nonunique error
[10/20] crt-000117 UNDERSPECIFIED nonunique error
[11/20] lin-000291 OMISSION nonunique error
[12/20] lin-000291 UNDERSPECIFIED nonunique error
[13/20] crt-000075 OMISSION nonunique error
[14/20] crt-000075 UNDERSPECIFIED nonunique error
[15/20] gra-000211 OMISSION nonunique error
[16/20] gra-000211 UNDERSPECIFIED nonunique error
[17/20] gra-000195 OMISSION nonunique error
[18/20] gra-000195 UNDERSPECIFIED nonunique error
[19/20] gra-000239 OMISSION nonunique error
[20/20] gra-000239 UNDERSPECIFIED nonunique error
