[1/30] lin-000241 OMISSION nonunique_grounding ok
[2/30] lin-000241 UNDERSPECIFIED nonunique_grounding ok
[3/30] mom-000381 OMISSION nonunique_grounding ok
[4/30] mom-000381 UNDERSPECIFIED nonunique_grounding ok
[5/30] crt-000095 OMISSION nonunique_grounding ok
[6/30] crt-000095 UNDERSPECIFIED nonunique_grounding ok
[7/30] crt-000102 OMISSION nonunique_grounding ok
[8/30] crt-000102 UNDERSPECIFIED nonunique_grounding ok
[9/30] mom-000371 OMISSION nonunique_grounding ok
[10/30] mom-000371 UNDERSPECIFIED nonunique_grounding ok
[11/30] crt-000076 OMISSION nonunique_grounding ok
[12/30] crt-000076 UNDERSPECIFIED nonunique_grounding ok
[13/30] lin-000284 OMISSION nonunique_grounding ok
[14/30] lin-000284 UNDERSPECIFIED nonunique_grounding ok
[15/30] mom-000362 OMISSION nonunique_grounding ok
[16/30] mom-000362 UNDERSPECIFIED nonunique_grounding ok
[17/30] gra-000235 OMISSION nonunique_grounding ok
[18/30] gra-000235 UNDERSPECIFIED nonunique_grounding ok
[19/30] mom-000379 OMISSION nonunique_grounding ok
[20/30] mom-000379 UNDERSPECIFIED nonunique_grounding ok
[21/30] ran-000577 OMISSION nonunique_grounding ok
[22/30] ran-000577 UNDERSPECIFIED nonunique_grounding ok
[23/30] mom-000365 OMISSION nonunique_grounding ok
[24/30] mom-000365 UNDERSPECIFIED nonunique_grounding ok
[25/30] gra-000238 OMISSION nonunique_grounding ok
[26/30] gra-000238 UNDERSPECIFIED nonunique_grounding ok
[27/30] ran-000578 OMISSION nonunique_grounding ok
[28/30] ran-000578 UNDERSPECIFIED nonunique_grounding ok
[29/30] lin-000246 OMISSION nonunique_grounding ok
[30/30] lin-000246 UNDERSPECIFIED nonunique_grounding ok
