[1/20] gra-000236 OMISSION nonunique error
[2/20] gra-000236 UNDERSPECIFIED nonunique error
[3/20] crt-000087 OMISSION nonunique error
[4/20] crt-000087 UNDERSPECIFIED nonunique error
[5/20] lin-000255 OMISSION nonunique error
[6/20] lin-000255 UNDERSPECIFIED nonunique error
[7/20] gra-000216 OMISSION nonunique error
[8/20] gra-000216 UNDERSPECIFIED nonunique error
[9/20] ran-000597 OMISSION nonunique error
[10/20] ran-000597 UNDERSPECIFIED nonunique error
[11/20] gra-000190 OMISSION nonunique error
[12/20] gra-000190 UNDERSPECIFIED nonunique error
[13/20] crt-000115 OMISSION nonunique error
[14/20] crt-000115 UNDERSPECIFIED nonunique error
[15/20] gra-000201 OMISSION nonunique error
[16/20] gra-000201 UNDERSPECIFIED nonunique error
[17/20] ran-000588 OMISSION nonunique error
[18/20] ran-000588 UNDERSPECIFIED nonunique error
[19/20] crt-000099 OMISSION nonunique error
[20/20] crt-000099 UNDERSPECIFIED nonunique error
