[1/24] lin-000258 OMISSION nonunique error
[2/24] lin-000258 UNDERSPECIFIED nonunique error
[3/24] gra-000200 OMISSION nonunique error
[4/24] gra-000200 UNDERSPECIFIED nonunique error
[5/24] lin-000285 OMISSION nonunique error
[6/24] lin-000285 UNDERSPECIFIED nonunique error
[7/24] crt-000118 OMISSION nonunique error
[8/24] crt-000118 UNDERSPECIFIED nonunique error
[9/24] gra-000212 OMISSION nonunique error
[10/24] gra-000212 UNDERSPECIFIED nonunique error
[11/24] lin-000242 OMISSION nonunique error
[12/24] lin-000242 UNDERSPECIFIED nonunique error
[13/24] lin-000250 OMISSION nonunique error
[14/24] lin-000250 UNDERSPECIFIED nonunique error
[15/24] crt-000109 OMISSION nonunique error
[16/24] crt-000109 UNDERSPECIFIED nonunique error
[17/24] ran-000587 OMISSION nonunique error
[18/24] ran-000587 UNDERSPECIFIED nonunique error
[19/24] lin-000266 OMISSION nonunique error
[20/24] lin-000266 UNDERSPECIFIED nonunique error
[21/24] crt-000119 OMISSION nonunique error
[22/24] crt-000119 UNDERSPECIFIED nonunique error
[23/24] lin-000290 OMISSION nonunique error
