[1/30] lin-000278 OMISSION nonunique_grounding ok
[2/30] lin-000278 UNDERSPECIFIED nonunique_grounding ok
[3/30] ran-000596 OMISSION nonunique_grounding ok
[4/30] ran-000596 UNDERSPECIFIED nonunique_grounding ok
[5/30] lin-000297 OMISSION nonunique_grounding ok
[6/30] lin-000297 UNDERSPECIFIED nonunique_grounding ok
[7/30] mom-000389 OMISSION nonunique_grounding ok
[8/30] mom-000389 UNDERSPECIFIED nonunique_grounding ok
[9/30] lin-000249 OMISSION nonunique_grounding ok
[10/30] lin-000249 UNDERSPECIFIED nonunique_grounding ok
[11/30] gra-000194 OMISSION nonunique_grounding ok
[12/30] gra-000194 UNDERSPECIFIED nonunique_grounding ok
[13/30] crt-000060 OMISSION nonunique_grounding ok
[14/30] crt-000060 UNDERSPECIFIED nonunique_grounding ok
[15/30] gra-000183 OMISSION nonunique_grounding ok
[16/30] gra-000183 UNDERSPECIFIED nonunique_grounding ok
[17/30] gra-000186 OMISSION nonunique_grounding ok
[18/30] gra-000186 UNDERSPECIFIED nonunique_grounding ok
[19/30] crt-000100 OMISSION nonunique_grounding ok
[20/30] crt-000100 UNDERSPECIFIED nonunique_grounding ok
[21/30] mom-000394 OMISSION nonunique_grounding ok
[22/30] mom-000394 UNDERSPECIFIED nonunique_grounding ok
[23/30] mom-000378 OMISSION nonunique_grounding ok
[24/30] mom-000378 UNDERSPECIFIED nonunique_grounding ok
[25/30] mom-000368 OMISSION nonunique_grounding ok
[26/30] mom-000368 UNDERSPECIFIED nonunique_grounding ok
[27/30] mom-000402 OMISSION nonunique_grounding ok
[28/30] mom-000402 UNDERSPECIFIED nonunique_grounding ok
[29/30] mom-000404 OMISSION nonunique_grounding ok
[30/30] mom-000404 UNDERSPECIFIED nonunique_grounding ok
