[1/30] mom-000374 OMISSION grounded_self_review ok
[2/30] mom-000374 UNDERSPECIFIED grounded_self_review ok
[3/30] crt-000092 OMISSION grounded_self_review ok
[4/30] crt-000092 UNDERSPECIFIED grounded_self_review ok
[5/30] ran-000566 OMISSION grounded_self_review ok
[6/30] ran-000566 UNDERSPECIFIED grounded_self_review ok
[7/30] mom-000370 OMISSION grounded_self_review ok
[8/30] mom-000370 UNDERSPECIFIED grounded_self_review ok
[9/30] crt-000073 OMISSION grounded_self_review ok
[10/30] crt-000073 UNDERSPECIFIED grounded_self_review ok
[11/30] ran-000559 OMISSION grounded_self_review ok
[12/30] ran-000559 UNDERSPECIFIED grounded_self_review ok
[13/30] lin-000256 OMISSION grounded_self_review ok
[14/30] lin-000256 UNDERSPECIFIED grounded_self_review ok
[15/30] mom-000412 OMISSION grounded_self_review ok
[16/30] mom-000412 UNDERSPECIFIED grounded_self_review ok
[17/30] crt-000101 OMISSION grounded_self_review ok
[18/30] crt-000101 UNDERSPECIFIED grounded_self_review ok
[19/30] lin-000269 OMISSION grounded_self_review ok
[20/30] lin-000269 UNDERSPECIFIED grounded_self_review ok
[21/30] mom-000417 OMISSION grounded_self_review ok
[22/30] mom-000417 UNDERSPECIFIED grounded_self_review ok
[23/30] crt-000086 OMISSION grounded_self_review ok
[24/30] crt-000086 UNDERSPECIFIED grounded_self_review ok
[25/30] gra-000214 OMISSION grounded_self_review ok
[26/30] gra-000214 UNDERSPECIFIED grounded_self_review ok
[27/30] ran-000567 OMISSION grounded_self_review ok
[28/30] ran-000567 UNDERSPECIFIED grounded_self_review ok
[29/30] lin-000283 OMISSION grounded_self_review ok
[30/30] lin-000283 UNDERSPECIFIED grounded_self_review ok
