[1/20] gra-000217 OMISSION grounded_self_review ok
[2/20] gra-000217 UNDERSPECIFIED grounded_self_review ok
[3/20] crt-000110 OMISSION grounded_self_review ok
[4/20] crt-000110 UNDERSPECIFIED grounded_self_review ok
[5/20] lin-000254 OMISSION grounded_self_review ok
[6/20] lin-000254 UNDERSPECIFIED grounded_self_review ok
[7/20] gra-000237 OMISSION grounded_self_review ok
[8/20] gra-000237 UNDERSPECIFIED grounded_self_review ok
[9/20] crt-000108 OMISSION grounded_self_review ok
[10/20] crt-000108 UNDERSPECIFIED grounded_self_review ok
[11/20] lin-000293 OMISSION grounded_self_review ok
[12/20] lin-000293 UNDERSPECIFIED grounded_self_review ok
[13/20] lin-000281 OMISSION grounded_self_review ok
[14/20] lin-000281 UNDERSPECIFIED grounded_self_review ok
[15/20] ran-000547 OMISSION grounded_self_review ok
[16/20] ran-000547 UNDERSPECIFIED grounded_self_review ok
[17/20] crt-000065 OMISSION grounded_self_review ok
[18/20] crt-000065 UNDERSPECIFIED grounded_self_review ok
[19/20] ran-000558 OMISSION grounded_self_review ok
[20/20] ran-000558 UNDERSPECIFIED grounded_self_review ok
