[1/26] mom-000409 OMISSION nonunique ok
[2/26] mom-000409 UNDERSPECIFIED nonunique ok
[3/26] ran-000542 OMISSION nonunique ok
[4/26] ran-000542 UNDERSPECIFIED nonunique ok
[5/26] gra-000184 OMISSION nonunique ok
[6/26] gra-000184 UNDERSPECIFIED nonunique ok
[7/26] lin-000257 OMISSION nonunique ok
[8/26] lin-000257 UNDERSPECIFIED nonunique ok
[9/26] lin-000268 OMISSION nonunique ok
[10/26] lin-000268 UNDERSPECIFIED nonunique ok
[11/26] lin-000296 OMISSION nonunique ok
[12/26] lin-000296 UNDERSPECIFIED nonunique ok
[13/26] ran-000599 OMISSION nonunique ok
[14/26] ran-000599 UNDERSPECIFIED nonunique ok
[15/26] mom-000361 OMISSION nonunique ok
[16/26] mom-000361 UNDERSPECIFIED nonunique ok
[17/26] gra-000228 OMISSION nonunique ok
[18/26] gra-000228 UNDERSPECIFIED nonunique ok
[19/26] ran-000552 OMISSION nonunique ok
[20/26] ran-000552 UNDERSPECIFIED nonunique ok
[21/26] gra-000225 OMISSION nonunique ok
[22/26] gra-000225 UNDERSPECIFIED nonunique ok
[23/26] ran-000553 OMISSION nonunique ok
[24/26] ran-000553 UNDERSPECIFIED nonunique ok
[25/26] crt-000061 OMISSION nonunique ok
[26/26] crt-000061 UNDERSPECIFIED nonunique ok
