[1/30] mom-000374 OMISSION nonunique error
[2/30] mom-000374 UNDERSPECIFIED nonunique error
[3/30] crt-000092 OMISSION nonunique error
[4/30] crt-000092 UNDERSPECIFIED nonunique error
[5/30] ran-000566 OMISSION nonunique error
[6/30] ran-000566 UNDERSPECIFIED nonunique error
[7/30] mom-000370 OMISSION nonunique error
[8/30] mom-000370 UNDERSPECIFIED nonunique error
[9/30] crt-000073 OMISSION nonunique error
[10/30] crt-000073 UNDERSPECIFIED nonunique error
[11/30] ran-000559 OMISSION nonunique error
[12/30] ran-000559 UNDERSPECIFIED nonunique error
[13/30] lin-000256 OMISSION nonunique error
[14/30] lin-000256 UNDERSPECIFIED nonunique error
[15/30] mom-000412 OMISSION nonunique error
[16/30] mom-000412 UNDERSPECIFIED nonunique error
[17/30] crt-000101 OMISSION nonunique error
[18/30] crt-000101 UNDERSPECIFIED nonunique error
[19/30] lin-000269 OMISSION nonunique error
[20/30] lin-000269 UNDERSPECIFIED nonunique error
[21/30] mom-000417 OMISSION nonunique error
[22/30] mom-000417 UNDERSPECIFIED nonunique error
[23/30] crt-000086 OMISSION nonunique error
[24/30] crt-000086 UNDERSPECIFIED nonunique error
