[1/30] ran-000581 OMISSION grounded_self_review error
[2/30] ran-000581 UNDERSPECIFIED grounded_self_review error
[3/30] crt-000098 OMISSION grounded_self_review error
[4/30] crt-000098 UNDERSPECIFIED grounded_self_review error
[5/30] mom-000418 OMISSION grounded_self_review error
[6/30] mom-000418 UNDERSPECIFIED grounded_self_review error
[7/30] mom-000367 OMISSION grounded_self_review error
[8/30] mom-000367 UNDERSPECIFIED grounded_self_review error
[9/30] mom-000382 OMISSION grounded_self_review error
[10/30] mom-000382 UNDERSPECIFIED grounded_self_review error
[11/30] mom-000369 OMISSION grounded_self_review error
[12/30] mom-000369 UNDERSPECIFIED grounded_self_review error
[13/30] gra-000226 OMISSION grounded_self_review error
[14/30] gra-000226 UNDERSPECIFIED grounded_self_review error
[15/30] ran-000584 OMISSION grounded_self_review error
[16/30] ran-000584 UNDERSPECIFIED grounded_self_review error
[17/30] ran-000555 OMISSION grounded_self_review error
[18/30] ran-000555 UNDERSPECIFIED grounded_self_review error
[19/30] ran-000556 OMISSION grounded_self_review error
[20/30] ran-000556 UNDERSPECIFIED grounded_self_review error
[21/30] gra-000182 OMISSION grounded_self_review error
[22/30] gra-000182 UNDERSPECIFIED grounded_self_review error
[23/30] crt-000105 OMISSION grounded_self_review error
[24/30] crt-000105 UNDERSPECIFIED grounded_self_review error
[25/30] ran-000560 OMISSION grounded_self_review error
