[1/30] mom-000374 OMISSION nonunique ok
[2/30] mom-000374 UNDERSPECIFIED nonunique ok
[3/30] crt-000092 OMISSION nonunique ok
[4/30] crt-000092 UNDERSPECIFIED nonunique ok
[5/30] ran-000566 OMISSION nonunique ok
[6/30] ran-000566 UNDERSPECIFIED nonunique ok
[7/30] mom-000370 OMISSION nonunique ok
[8/30] mom-000370 UNDERSPECIFIED nonunique ok
[9/30] crt-000073 OMISSION nonunique ok
[10/30] crt-000073 UNDERSPECIFIED nonunique ok
[11/30] ran-000559 OMISSION nonunique ok
[12/30] ran-000559 UNDERSPECIFIED nonunique ok
[13/30] lin-000256 OMISSION nonunique ok
[14/30] lin-000256 UNDERSPECIFIED nonunique ok
[15/30] mom-000412 OMISSION nonunique ok
[16/30] mom-000412 UNDERSPECIFIED nonunique ok
[17/30] crt-000101 OMISSION nonunique ok
[18/30] crt-000101 UNDERSPECIFIED nonunique ok
[19/30] lin-000269 OMISSION nonunique ok
[20/30] lin-000269 UNDERSPECIFIED nonunique ok
[21/30] mom-000417 OMISSION nonunique ok
[22/30] mom-000417 UNDERSPECIFIED nonunique ok
[23/30] crt-000086 OMISSION nonunique ok
[24/30] crt-000086 UNDERSPECIFIED nonunique ok
[25/30] gra-000214 OMISSION nonunique ok
[26/30] gra-000214 UNDERSPECIFIED nonunique ok
[27/30] ran-000567 OMISSION nonunique ok
[28/30] ran-000567 UNDERSPECIFIED nonunique ok
[29/30] lin-000283 OMISSION nonunique ok
[30/30] lin-000283 UNDERSPECIFIED nonunique ok
