[1/30] ran-000581 OMISSION grounded_self_review ok
[2/30] ran-000581 UNDERSPECIFIED grounded_self_review ok
[3/30] crt-000098 OMISSION grounded_self_review ok
[4/30] crt-000098 UNDERSPECIFIED grounded_self_review ok
[5/30] mom-000418 OMISSION grounded_self_review ok
[6/30] mom-000418 UNDERSPECIFIED grounded_self_review ok
[7/30] mom-000367 OMISSION grounded_self_review ok
[8/30] mom-000367 UNDERSPECIFIED grounded_self_review ok
[9/30] mom-000382 OMISSION grounded_self_review ok
[10/30] mom-000382 UNDERSPECIFIED grounded_self_review ok
[11/30] mom-000369 OMISSION grounded_self_review ok
[12/30] mom-000369 UNDERSPECIFIED grounded_self_review ok
[13/30] gra-000226 OMISSION grounded_self_review ok
[14/30] gra-000226 UNDERSPECIFIED grounded_self_review ok
[15/30] ran-000584 OMISSION grounded_self_review ok
[16/30] ran-000584 UNDERSPECIFIED grounded_self_review ok
[17/30] ran-000555 OMISSION grounded_self_review ok
[18/30] ran-000555 UNDERSPECIFIED grounded_self_review ok
[19/30] ran-000556 OMISSION grounded_self_review ok
[20/30] ran-000556 UNDERSPECIFIED grounded_self_review ok
[21/30] gra-000182 OMISSION grounded_self_review ok
[22/30] gra-000182 UNDERSPECIFIED grounded_self_review ok
[23/30] crt-000105 OMISSION grounded_self_review ok
[24/30] crt-000105 UNDERSPECIFIED grounded_self_review ok
[25/30] ran-000560 OMISSION grounded_self_review ok
[26/30] ran-000560 UNDERSPECIFIED grounded_self_review ok
[27/30] gra-000222 OMISSION grounded_self_review ok
[28/30] gra-000222 UNDERSPECIFIED grounded_self_review ok
[29/30] ran-000583 OMISSION grounded_self_review ok
[30/30] ran-000583 UNDERSPECIFIED grounded_self_review ok
