[2/26] gra-000227 UNDERSPECIFIED nonunique_grounding ok
[3/26] mom-000401 OMISSION nonunique_grounding ok
[4/26] mom-000401 UNDERSPECIFIED nonunique_grounding error
[5/26] mom-000395 OMISSION nonunique_grounding error
[6/26] mom-000395 UNDERSPECIFIED nonunique_grounding error
[7/26] mom-000398 OMISSION nonunique_grounding error
[8/26] mom-000398 UNDERSPECIFIED nonunique_grounding error
[9/26] ran-000568 OMISSION nonunique_grounding error
[10/26] ran-000568 UNDERSPECIFIED nonunique_grounding error
[11/26] ran-000575 OMISSION nonunique_grounding error
[12/26] ran-000575 UNDERSPECIFIED nonunique_grounding error
[13/26] ran-000549 OMISSION nonunique_grounding error
[14/26] ran-000549 UNDERSPECIFIED nonunique_grounding error
[15/26] gra-000210 OMISSION nonunique_grounding error
[16/26] gra-000210 UNDERSPECIFIED nonunique_grounding error
[17/26] mom-000366 OMISSION nonunique_grounding error
[18/26] mom-000366 UNDERSPECIFIED nonunique_grounding error
[19/26] crt-000113 OMISSION nonunique_grounding error
[20/26] crt-000113 UNDERSPECIFIED nonunique_grounding error
[21/26] mom-000385 OMISSION nonunique_grounding error
[22/26] mom-000385 UNDERSPECIFIED nonunique_grounding error
[23/26] lin-000286 OMISSION nonunique_grounding error
[24/26] lin-000286 UNDERSPECIFIED nonunique_grounding error
[25/26] lin-000299 OMISSION nonunique_grounding error
[26/26] lin-000299 UNDERSPECIFIED nonunique_grounding error
[4/26] mom-000401 UNDERSPECIFIED nonunique_grounding ok
[5/26] mom-000395 OMISSION nonunique_grounding ok
[6/26] mom-000395 UNDERSPECIFIED nonunique_grounding ok
[7/26] mom-000398 OMISSION nonunique_grounding ok
[8/26] mom-000398 UNDERSPECIFIED nonunique_grounding ok
[9/26] ran-000568 OMISSION nonunique_grounding ok
[10/26] ran-000568 UNDERSPECIFIED nonunique_grounding ok
[11/26] ran-000575 OMISSION nonunique_grounding ok
[12/26] ran-000575 UNDERSPECIFIED nonunique_grounding ok
[13/26] ran-000549 OMISSION nonunique_grounding ok
[14/26] ran-000549 UNDERSPECIFIED nonunique_grounding ok
[15/26] gra-000210 OMISSION nonunique_grounding ok
[16/26] gra-000210 UNDERSPECIFIED nonunique_grounding ok
[17/26] mom-000366 OMISSION nonunique_grounding ok
[18/26] mom-000366 UNDERSPECIFIED nonunique_grounding ok
[19/26] crt-000113 OMISSION nonunique_grounding ok
[20/26] crt-000113 UNDERSPECIFIED nonunique_grounding ok
[21/26] mom-000385 OMISSION nonunique_grounding ok
[22/26] mom-000385 UNDERSPECIFIED nonunique_grounding ok
[23/26] lin-000286 OMISSION nonunique_grounding ok
[24/26] lin-000286 UNDERSPECIFIED nonunique_grounding ok
[25/26] lin-000299 OMISSION nonunique_grounding ok
[26/26] lin-000299 UNDERSPECIFIED nonunique_grounding ok
