[1/30] ran-000544 OMISSION nonunique ok
[2/30] ran-000544 UNDERSPECIFIED nonunique ok
[3/30] gra-000230 OMISSION nonunique ok
[4/30] gra-000230 UNDERSPECIFIED nonunique ok
[5/30] lin-000276 OMISSION nonunique ok
[6/30] lin-000276 UNDERSPECIFIED nonunique ok
[7/30] ran-000551 OMISSION nonunique ok
[8/30] ran-000551 UNDERSPECIFIED nonunique ok
[9/30] mom-000397 OMISSION nonunique ok
[10/30] mom-000397 UNDERSPECIFIED nonunique ok
[11/30] ran-000580 OMISSION nonunique ok
[12/30] ran-000580 UNDERSPECIFIED nonunique ok
[13/30] crt-000104 OMISSION nonunique ok
[14/30] crt-000104 UNDERSPECIFIED nonunique ok
[15/30] gra-000197 OMISSION nonunique ok
[16/30] gra-000197 UNDERSPECIFIED nonunique ok
[17/30] mom-000383 OMISSION nonunique ok
[18/30] mom-000383 UNDERSPECIFIED nonunique ok
[19/30] gra-000185 OMISSION nonunique ok
[20/30] gra-000185 UNDERSPECIFIED nonunique ok
[21/30] lin-000295 OMISSION nonunique ok
[22/30] lin-000295 UNDERSPECIFIED nonunique ok
[23/30] gra-000218 OMISSION nonunique ok
[24/30] gra-000218 UNDERSPECIFIED nonunique ok
[25/30] lin-000263 OMISSION nonunique ok
[26/30] lin-000263 UNDERSPECIFIED nonunique ok
[27/30] gra-000196 OMISSION nonunique ok
[28/30] gra-000196 UNDERSPECIFIED nonunique ok
[29/30] mom-000403 OMISSION nonunique ok
[30/30] mom-000403 UNDERSPECIFIED nonunique ok
