[1/30] lin-000278 OMISSION nonunique_grounding error
[2/30] lin-000278 UNDERSPECIFIED nonunique_grounding error
[3/30] ran-000596 OMISSION nonunique_grounding error
[4/30] ran-000596 UNDERSPECIFIED nonunique_grounding error
[5/30] lin-000297 OMISSION nonunique_grounding error
[6/30] lin-000297 UNDERSPECIFIED nonunique_grounding error
[7/30] mom-000389 OMISSION nonunique_grounding error
[8/30] mom-000389 UNDERSPECIFIED nonunique_grounding error
[9/30] lin-000249 OMISSION nonunique_grounding error
[10/30] lin-000249 UNDERSPECIFIED nonunique_grounding error
[11/30] gra-000194 OMISSION nonunique_grounding error
[12/30] gra-000194 UNDERSPECIFIED nonunique_grounding error
[13/30] crt-000060 OMISSION nonunique_grounding error
[14/30] crt-000060 UNDERSPECIFIED nonunique_grounding error
[15/30] gra-000183 OMISSION nonunique_grounding error
[16/30] gra-000183 UNDERSPECIFIED nonunique_grounding error
[17/30] gra-000186 OMISSION nonunique_grounding error
[18/30] gra-000186 UNDERSPECIFIED nonunique_grounding error
[19/30] crt-000100 OMISSION nonunique_grounding error
[20/30] crt-000100 UNDERSPECIFIED nonunique_grounding error
[21/30] mom-000394 OMISSION nonunique_grounding error
