[1/30] lin-000262 OMISSION grounded_self_review ok
[2/30] lin-000262 UNDERSPECIFIED grounded_self_review ok
[3/30] lin-000248 OMISSION grounded_self_review ok
[4/30] lin-000248 UNDERSPECIFIED grounded_self_review ok
[5/30] crt-000063 OMISSION grounded_self_review ok
[6/30] crt-000063 UNDERSPECIFIED grounded_self_review ok
[7/30] mom-000405 OMISSION grounded_self_review ok
[8/30] mom-000405 UNDERSPECIFIED grounded_self_review ok
[9/30] gra-000220 OMISSION grounded_self_review ok
[10/30] gra-000220 UNDERSPECIFIED grounded_self_review ok
[11/30] mom-000408 OMISSION grounded_self_review ok
[12/30] mom-000408 UNDERSPECIFIED grounded_self_review ok
[13/30] lin-000298 OMISSION grounded_self_review ok
[14/30] lin-000298 UNDERSPECIFIED grounded_self_review ok
[15/30] crt-000085 OMISSION grounded_self_review ok
[16/30] crt-000085 UNDERSPECIFIED grounded_self_review ok
[17/30] ran-000594 OMISSION grounded_self_review ok
[18/30] ran-000594 UNDERSPECIFIED grounded_self_review ok
[19/30] mom-000407 OMISSION grounded_self_review ok
[20/30] mom-000407 UNDERSPECIFIED grounded_self_review ok
[21/30] mom-000415 OMISSION grounded_self_review ok
[22/30] mom-000415 UNDERSPECIFIED grounded_self_review ok
[23/30] mom-000377 OMISSION grounded_self_review ok
[24/30] mom-000377 UNDERSPECIFIED grounded_self_review ok
[25/30] crt-000114 OMISSION grounded_self_review ok
[26/30] crt-000114 UNDERSPECIFIED grounded_self_review ok
[27/30] mom-000387 OMISSION grounded_self_review ok
[28/30] mom-000387 UNDERSPECIFIED grounded_self_review ok
[29/30] mom-000372 OMISSION grounded_self_review ok
[30/30] mom-000372 UNDERSPECIFIED grounded_self_review ok
