[1/30] lin-000241 OMISSION self_review ok
[2/30] lin-000241 UNDERSPECIFIED self_review ok
[3/30] mom-000381 OMISSION self_review ok
[4/30] mom-000381 UNDERSPECIFIED self_review ok
[5/30] crt-000095 OMISSION self_review ok
[6/30] crt-000095 UNDERSPECIFIED self_review ok
[7/30] crt-000102 OMISSION self_review ok
[8/30] crt-000102 UNDERSPECIFIED self_review ok
[9/30] mom-000371 OMISSION self_review ok
[10/30] mom-000371 UNDERSPECIFIED self_review ok
[11/30] crt-000076 OMISSION self_review ok
[12/30] crt-000076 UNDERSPECIFIED self_review ok
[13/30] lin-000284 OMISSION self_review ok
[14/30] lin-000284 UNDERSPECIFIED self_review ok
[15/30] mom-000362 OMISSION self_review ok
[16/30] mom-000362 UNDERSPECIFIED self_review ok
[17/30] gra-000235 OMISSION self_review ok
[18/30] gra-000235 UNDERSPECIFIED self_review ok
[19/30] mom-000379 OMISSION self_review ok
[20/30] mom-000379 UNDERSPECIFIED self_review ok
[21/30] ran-000577 OMISSION self_review ok
[22/30] ran-000577 UNDERSPECIFIED self_review ok
[23/30] mom-000365 OMISSION self_review ok
[24/30] mom-000365 UNDERSPECIFIED self_review ok
[25/30] gra-000238 OMISSION self_review ok
[26/30] gra-000238 UNDERSPECIFIED self_review ok
[27/30] ran-000578 OMISSION self_review ok
[28/30] ran-000578 UNDERSPECIFIED self_review ok
[29/30] lin-000246 OMISSION self_review ok
[30/30] lin-000246 UNDERSPECIFIED self_review ok
