[1/50] mom-000409 OMISSION nonunique ok
[2/50] mom-000409 UNDERSPECIFIED nonunique ok
[3/50] lin-000258 OMISSION nonunique ok
[4/50] lin-000258 UNDERSPECIFIED nonunique ok
[5/50] ran-000542 OMISSION nonunique ok
[6/50] ran-000542 UNDERSPECIFIED nonunique ok
[7/50] gra-000200 OMISSION nonunique ok
[8/50] gra-000200 UNDERSPECIFIED nonunique ok
[9/50] gra-000184 OMISSION nonunique ok
[10/50] gra-000184 UNDERSPECIFIED nonunique ok
[11/50] lin-000285 OMISSION nonunique ok
[12/50] lin-000285 UNDERSPECIFIED nonunique ok
[13/50] lin-000257 OMISSION nonunique ok
[14/50] lin-000257 UNDERSPECIFIED nonunique ok
[15/50] crt-000118 OMISSION nonunique ok
[16/50] crt-000118 UNDERSPECIFIED nonunique ok
[17/50] lin-000268 OMISSION nonunique ok
[18/50] lin-000268 UNDERSPECIFIED nonunique ok
[19/50] gra-000212 OMISSION nonunique ok
[20/50] gra-000212 UNDERSPECIFIED nonunique ok
[21/50] lin-000296 OMISSION nonunique ok
[22/50] lin-000296 UNDERSPECIFIED nonunique ok
[23/50] lin-000242 OMISSION nonunique ok
[24/50] lin-000242 UNDERSPECIFIED nonunique ok
[25/50] ran-000599 OMISSION nonunique ok
[26/50] ran-000599 UNDERSPECIFIED nonunique ok
[27/50] lin-000250 OMISSION nonunique ok
[28/50] lin-000250 UNDERSPECIFIED nonunique ok
[29/50] mom-000361 OMISSION nonunique ok
[30/50] mom-000361 UNDERSPECIFIED nonunique ok
[31/50] crt-000109 OMISSION nonunique ok
[32/50] crt-000109 UNDERSPECIFIED nonunique ok
[33/50] gra-000228 OMISSION nonunique ok
[34/50] gra-000228 UNDERSPECIFIED nonunique ok
[35/50] ran-000587 OMISSION nonunique ok
[36/50] ran-000587 UNDERSPECIFIED nonunique ok
[37/50] ran-000552 OMISSION nonunique ok
[38/50] ran-000552 UNDERSPECIFIED nonunique ok
[39/50] lin-000266 OMISSION nonunique ok
[40/50] lin-000266 UNDERSPECIFIED nonunique ok
[41/50] gra-000225 OMISSION nonunique ok
[42/50] gra-000225 UNDERSPECIFIED nonunique ok
[43/50] crt-000119 OMISSION nonunique ok
[44/50] crt-000119 UNDERSPECIFIED nonunique ok
[45/50] ran-000553 OMISSION nonunique ok
[46/50] ran-000553 UNDERSPECIFIED nonunique ok
[47/50] lin-000290 OMISSION nonunique ok
[48/50] lin-000290 UNDERSPECIFIED nonunique ok
[49/50] crt-000061 OMISSION nonunique ok
[50/50] crt-000061 UNDERSPECIFIED nonunique ok
