[1/30] lin-000262 OMISSION grounded_self_review error
[2/30] lin-000262 UNDERSPECIFIED grounded_self_review error
[3/30] lin-000248 OMISSION grounded_self_review error
[4/30] lin-000248 UNDERSPECIFIED grounded_self_review error
[5/30] crt-000063 OMISSION grounded_self_review error
[6/30] crt-000063 UNDERSPECIFIED grounded_self_review error
[7/30] mom-000405 OMISSION grounded_self_review error
[8/30] mom-000405 UNDERSPECIFIED grounded_self_review error
[9/30] gra-000220 OMISSION grounded_self_review error
[10/30] gra-000220 UNDERSPECIFIED grounded_self_review error
[11/30] mom-000408 OMISSION grounded_self_review error
[12/30] mom-000408 UNDERSPECIFIED grounded_self_review error
[13/30] lin-000298 OMISSION grounded_self_review error
[14/30] lin-000298 UNDERSPECIFIED grounded_self_review error
[15/30] crt-000085 OMISSION grounded_self_review error
[16/30] crt-000085 UNDERSPECIFIED grounded_self_review error
[17/30] ran-000594 OMISSION grounded_self_review error
[18/30] ran-000594 UNDERSPECIFIED grounded_self_review error
[19/30] mom-000407 OMISSION grounded_self_review error
[20/30] mom-000407 UNDERSPECIFIED grounded_self_review error
