[1/26] mom-000409 OMISSION grounded_self_review error
[2/26] mom-000409 UNDERSPECIFIED grounded_self_review error
[3/26] ran-000542 OMISSION grounded_self_review error
[4/26] ran-000542 UNDERSPECIFIED grounded_self_review error
[5/26] gra-000184 OMISSION grounded_self_review error
[6/26] gra-000184 UNDERSPECIFIED grounded_self_review error
[7/26] lin-000257 OMISSION grounded_self_review error
[8/26] lin-000257 UNDERSPECIFIED grounded_self_review error
[9/26] lin-000268 OMISSION grounded_self_review error
[10/26] lin-000268 UNDERSPECIFIED grounded_self_review error
[11/26] lin-000296 OMISSION grounded_self_review error
[12/26] lin-000296 UNDERSPECIFIED grounded_self_review error
[13/26] ran-000599 OMISSION grounded_self_review error
[14/26] ran-000599 UNDERSPECIFIED grounded_self_review error
[15/26] mom-000361 OMISSION grounded_self_review error
[16/26] mom-000361 UNDERSPECIFIED grounded_self_review error
[17/26] gra-000228 OMISSION grounded_self_review error
[18/26] gra-000228 UNDERSPECIFIED grounded_self_review error
[19/26] ran-000552 OMISSION grounded_self_review error
[20/26] ran-000552 UNDERSPECIFIED grounded_self_review error
[21/26] gra-000225 OMISSION grounded_self_review error
