[1/60] ran-000544 OMISSION grounded_self_review ok
[2/60] ran-000544 UNDERSPECIFIED grounded_self_review ok
[3/60] lin-000278 OMISSION grounded_self_review ok
[4/60] lin-000278 UNDERSPECIFIED grounded_self_review ok
[5/60] gra-000230 OMISSION grounded_self_review ok
[6/60] gra-000230 UNDERSPECIFIED grounded_self_review ok
[7/60] ran-000596 OMISSION grounded_self_review ok
[8/60] ran-000596 UNDERSPECIFIED grounded_self_review ok
[9/60] lin-000276 OMISSION grounded_self_review ok
[10/60] lin-000276 UNDERSPECIFIED grounded_self_review ok
[11/60] lin-000297 OMISSION grounded_self_review ok
[12/60] lin-000297 UNDERSPECIFIED grounded_self_review ok
[13/60] ran-000551 OMISSION grounded_self_review ok
[14/60] ran-000551 UNDERSPECIFIED grounded_self_review ok
[15/60] mom-000389 OMISSION grounded_self_review ok
[16/60] mom-000389 UNDERSPECIFIED grounded_self_review ok
[17/60] mom-000397 OMISSION grounded_self_review ok
[18/60] mom-000397 UNDERSPECIFIED grounded_self_review ok
[19/60] lin-000249 OMISSION grounded_self_review ok
[20/60] lin-000249 UNDERSPECIFIED grounded_self_review ok
[21/60] ran-000580 OMISSION grounded_self_review ok
[22/60] ran-000580 UNDERSPECIFIED grounded_self_review ok
[23/60] gra-000194 OMISSION grounded_self_review ok
[24/60] gra-000194 UNDERSPECIFIED grounded_self_review ok
[25/60] crt-000104 OMISSION grounded_self_review ok
[26/60] crt-000104 UNDERSPECIFIED grounded_self_review ok
[27/60] crt-000060 OMISSION grounded_self_review ok
[28/60] crt-000060 UNDERSPECIFIED grounded_self_review ok
[29/60] gra-000197 OMISSION grounded_self_review ok
[30/60] gra-000197 UNDERSPECIFIED grounded_self_review ok
[31/60] gra-000183 OMISSION grounded_self_review ok
[32/60] gra-000183 UNDERSPECIFIED grounded_self_review ok
[33/60] mom-000383 OMISSION grounded_self_review ok
[34/60] mom-000383 UNDERSPECIFIED grounded_self_review ok
[35/60] gra-000186 OMISSION grounded_self_review ok
[36/60] gra-000186 UNDERSPECIFIED grounded_self_review ok
[37/60] gra-000185 OMISSION grounded_self_review ok
[38/60] gra-000185 UNDERSPECIFIED grounded_self_review ok
[39/60] crt-000100 OMISSION grounded_self_review ok
[40/60] crt-000100 UNDERSPECIFIED grounded_self_review ok
[41/60] lin-000295 OMISSION grounded_self_review ok
[42/60] lin-000295 UNDERSPECIFIED grounded_self_review ok
[43/60] mom-000394 OMISSION grounded_self_review ok
[44/60] mom-000394 UNDERSPECIFIED grounded_self_review ok
[45/60] gra-000218 OMISSION grounded_self_review ok
[46/60] gra-000218 UNDERSPECIFIED grounded_self_review ok
[47/60] mom-000378 OMISSION grounded_self_review ok
[48/60] mom-000378 UNDERSPECIFIED grounded_self_review ok
[49/60] lin-000263 OMISSION grounded_self_review ok
[50/60] lin-000263 UNDERSPECIFIED grounded_self_review ok
[51/60] mom-000368 OMISSION grounded_self_review ok
[52/60] mom-000368 UNDERSPECIFIED grounded_self_review ok
[53/60] gra-000196 OMISSION grounded_self_review ok
[54/60] gra-000196 UNDERSPECIFIED grounded_self_review ok
[55/60] mom-000402 OMISSION grounded_self_review ok
[56/60] mom-000402 UNDERSPECIFIED grounded_self_review ok
[57/60] mom-000403 OMISSION grounded_self_review ok
[58/60] mom-000403 UNDERSPECIFIED grounded_self_review ok
[59/60] mom-000404 OMISSION grounded_self_review ok
[60/60] mom-000404 UNDERSPECIFIED grounded_self_review ok
