[1/30] ran-000544 OMISSION self_review ok
[2/30] ran-000544 UNDERSPECIFIED self_review ok
[3/30] gra-000230 OMISSION self_review ok
[4/30] gra-000230 UNDERSPECIFIED self_review ok
[5/30] lin-000276 OMISSION self_review ok
[6/30] lin-000276 UNDERSPECIFIED self_review ok
[7/30] ran-000551 OMISSION self_review ok
[8/30] ran-000551 UNDERSPECIFIED self_review ok
[9/30] mom-000397 OMISSION self_review ok
[10/30] mom-000397 UNDERSPECIFIED self_review ok
[11/30] ran-000580 OMISSION self_review ok
[12/30] ran-000580 UNDERSPECIFIED self_review ok
[13/30] crt-000104 OMISSION self_review ok
[14/30] crt-000104 UNDERSPECIFIED self_review ok
[15/30] gra-000197 OMISSION self_review ok
[16/30] gra-000197 UNDERSPECIFIED self_review ok
[17/30] mom-000383 OMISSION self_review ok
[18/30] mom-000383 UNDERSPECIFIED self_review ok
[19/30] gra-000185 OMISSION self_review ok
[20/30] gra-000185 UNDERSPECIFIED self_review ok
[21/30] lin-000295 OMISSION self_review ok
[22/30] lin-000295 UNDERSPECIFIED self_review ok
[23/30] gra-000218 OMISSION self_review ok
[24/30] gra-000218 UNDERSPECIFIED self_review ok
[25/30] lin-000263 OMISSION self_review ok
[26/30] lin-000263 UNDERSPECIFIED self_review ok
[27/30] gra-000196 OMISSION self_review ok
[28/30] gra-000196 UNDERSPECIFIED self_review ok
[29/30] mom-000403 OMISSION self_review ok
[30/30] mom-000403 UNDERSPECIFIED self_review ok
