[1/26] gra-000227 OMISSION self_review ok
[2/26] gra-000227 UNDERSPECIFIED self_review error
[3/26] mom-000401 OMISSION self_review error
[4/26] mom-000401 UNDERSPECIFIED self_review error
[5/26] mom-000395 OMISSION self_review error
[6/26] mom-000395 UNDERSPECIFIED self_review error
[7/26] mom-000398 OMISSION self_review error
[8/26] mom-000398 UNDERSPECIFIED self_review error
[9/26] ran-000568 OMISSION self_review error
[10/26] ran-000568 UNDERSPECIFIED self_review error
[11/26] ran-000575 OMISSION self_review error
[12/26] ran-000575 UNDERSPECIFIED self_review error
[13/26] ran-000549 OMISSION self_review error
[14/26] ran-000549 UNDERSPECIFIED self_review error
[15/26] gra-000210 OMISSION self_review error
[16/26] gra-000210 UNDERSPECIFIED self_review error
[17/26] mom-000366 OMISSION self_review error
[18/26] mom-000366 UNDERSPECIFIED self_review error
[19/26] crt-000113 OMISSION self_review error
[20/26] crt-000113 UNDERSPECIFIED self_review error
[21/26] mom-000385 OMISSION self_review error
