[1/30] mom-000390 OMISSION nonunique_grounding error
[2/30] mom-000390 UNDERSPECIFIED nonunique_grounding error
[3/30] gra-000219 OMISSION nonunique_grounding error
[4/30] gra-000219 UNDERSPECIFIED nonunique_grounding error
[5/30] gra-000205 OMISSION nonunique_grounding error
[6/30] gra-000205 UNDERSPECIFIED nonunique_grounding error
[7/30] ran-000598 OMISSION nonunique_grounding error
[8/30] ran-000598 UNDERSPECIFIED nonunique_grounding error
[9/30] mom-000373 OMISSION nonunique_grounding error
[10/30] mom-000373 UNDERSPECIFIED nonunique_grounding error
[11/30] lin-000240 OMISSION nonunique_grounding error
[12/30] lin-000240 UNDERSPECIFIED nonunique_grounding error
[13/30] gra-000187 OMISSION nonunique_grounding error
[14/30] gra-000187 UNDERSPECIFIED nonunique_grounding error
[15/30] ran-000561 OMISSION nonunique_grounding error
[16/30] ran-000561 UNDERSPECIFIED nonunique_grounding error
[17/30] gra-000180 OMISSION nonunique_grounding error
[18/30] gra-000180 UNDERSPECIFIED nonunique_grounding error
[19/30] crt-000093 OMISSION nonunique_grounding error
[20/30] crt-000093 UNDERSPECIFIED nonunique_grounding error
