[1/26] mom-000409 OMISSION grounded_self_review ok
[2/26] mom-000409 UNDERSPECIFIED grounded_self_review ok
[3/26] ran-000542 OMISSION grounded_self_review ok
[4/26] ran-000542 UNDERSPECIFIED grounded_self_review ok
[5/26] gra-000184 OMISSION grounded_self_review ok
[6/26] gra-000184 UNDERSPECIFIED grounded_self_review ok
[7/26] lin-000257 OMISSION grounded_self_review ok
[8/26] lin-000257 UNDERSPECIFIED grounded_self_review ok
[9/26] lin-000268 OMISSION grounded_self_review ok
[10/26] lin-000268 UNDERSPECIFIED grounded_self_review ok
[11/26] lin-000296 OMISSION grounded_self_review ok
[12/26] lin-000296 UNDERSPECIFIED grounded_self_review ok
[13/26] ran-000599 OMISSION grounded_self_review ok
[14/26] ran-000599 UNDERSPECIFIED grounded_self_review ok
[15/26] mom-000361 OMISSION grounded_self_review ok
[16/26] mom-000361 UNDERSPECIFIED grounded_self_review ok
[17/26] gra-000228 OMISSION grounded_self_review ok
[18/26] gra-000228 UNDERSPECIFIED grounded_self_review ok
[19/26] ran-000552 OMISSION grounded_self_review ok
[20/26] ran-000552 UNDERSPECIFIED grounded_self_review ok
[21/26] gra-000225 OMISSION grounded_self_review ok
[22/26] gra-000225 UNDERSPECIFIED grounded_self_review ok
[23/26] ran-000553 OMISSION grounded_self_review ok
[24/26] ran-000553 UNDERSPECIFIED grounded_self_review ok
[25/26] crt-000061 OMISSION grounded_self_review ok
[26/26] crt-000061 UNDERSPECIFIED grounded_self_review ok
