[1/20] gra-000208 OMISSION self_review ok
[2/20] gra-000208 UNDERSPECIFIED self_review ok
[3/20] crt-000077 OMISSION self_review ok
[4/20] crt-000077 UNDERSPECIFIED self_review ok
[5/20] gra-000191 OMISSION self_review ok
[6/20] gra-000191 UNDERSPECIFIED self_review ok
[7/20] ran-000557 OMISSION self_review ok
[8/20] ran-000557 UNDERSPECIFIED self_review ok
[9/20] crt-000117 OMISSION self_review ok
[10/20] crt-000117 UNDERSPECIFIED self_review ok
[11/20] lin-000291 OMISSION self_review ok
[12/20] lin-000291 UNDERSPECIFIED self_review ok
[13/20] crt-000075 OMISSION self_review ok
[14/20] crt-000075 UNDERSPECIFIED self_review ok
[15/20] gra-000211 OMISSION self_review ok
[16/20] gra-000211 UNDERSPECIFIED self_review ok
[17/20] gra-000195 OMISSION self_review ok
[18/20] gra-000195 UNDERSPECIFIED self_review ok
[19/20] gra-000239 OMISSION self_review ok
[20/20] gra-000239 UNDERSPECIFIED self_review ok
