[1/20] gra-000208 OMISSION nonunique_grounding ok
[2/20] gra-000208 UNDERSPECIFIED nonunique_grounding ok
[3/20] crt-000077 OMISSION nonunique_grounding ok
[4/20] crt-000077 UNDERSPECIFIED nonunique_grounding ok
[5/20] gra-000191 OMISSION nonunique_grounding ok
[6/20] gra-000191 UNDERSPECIFIED nonunique_grounding ok
[7/20] ran-000557 OMISSION nonunique_grounding ok
[8/20] ran-000557 UNDERSPECIFIED nonunique_grounding ok
[9/20] crt-000117 OMISSION nonunique_grounding ok
[10/20] crt-000117 UNDERSPECIFIED nonunique_grounding ok
[11/20] lin-000291 OMISSION nonunique_grounding ok
[12/20] lin-000291 UNDERSPECIFIED nonunique_grounding ok
[13/20] crt-000075 OMISSION nonunique_grounding ok
[14/20] crt-000075 UNDERSPECIFIED nonunique_grounding ok
[15/20] gra-000211 OMISSION nonunique_grounding ok
[16/20] gra-000211 UNDERSPECIFIED nonunique_grounding ok
[17/20] gra-000195 OMISSION nonunique_grounding ok
[18/20] gra-000195 UNDERSPECIFIED nonunique_grounding ok
[19/20] gra-000239 OMISSION nonunique_grounding ok
[20/20] gra-000239 UNDERSPECIFIED nonunique_grounding ok
