[1/24] lin-000277 OMISSION grounded_self_review ok
[2/24] lin-000277 UNDERSPECIFIED grounded_self_review ok
[3/24] mom-000393 OMISSION grounded_self_review ok
[4/24] mom-000393 UNDERSPECIFIED grounded_self_review ok
[5/24] gra-000199 OMISSION grounded_self_review ok
[6/24] gra-000199 UNDERSPECIFIED grounded_self_review ok
[7/24] lin-000273 OMISSION grounded_self_review ok
[8/24] lin-000273 UNDERSPECIFIED grounded_self_review ok
[9/24] mom-000406 OMISSION grounded_self_review ok
[10/24] mom-000406 UNDERSPECIFIED grounded_self_review ok
[11/24] gra-000233 OMISSION grounded_self_review ok
[12/24] gra-000233 UNDERSPECIFIED grounded_self_review ok
[13/24] ran-000582 OMISSION grounded_self_review ok
[14/24] ran-000582 UNDERSPECIFIED grounded_self_review ok
[15/24] ran-000591 OMISSION grounded_self_review ok
[16/24] ran-000591 UNDERSPECIFIED grounded_self_review ok
[17/24] crt-000069 OMISSION grounded_self_review ok
[18/24] crt-000069 UNDERSPECIFIED grounded_self_review ok
[19/24] gra-000231 OMISSION grounded_self_review ok
[20/24] gra-000231 UNDERSPECIFIED grounded_self_review ok
[21/24] crt-000106 OMISSION grounded_self_review ok
[22/24] crt-000106 UNDERSPECIFIED grounded_self_review ok
[23/24] ran-000590 OMISSION grounded_self_review ok
[24/24] ran-000590 UNDERSPECIFIED grounded_self_review ok
