[1/20] crt-000094 OMISSION nonunique error
[2/20] crt-000094 UNDERSPECIFIED nonunique error
[3/20] crt-000070 OMISSION nonunique error
[4/20] crt-000070 UNDERSPECIFIED nonunique error
[5/20] lin-000253 OMISSION nonunique error
[6/20] lin-000253 UNDERSPECIFIED nonunique error
[7/20] ran-000589 OMISSION nonunique error
[8/20] ran-000589 UNDERSPECIFIED nonunique error
[9/20] lin-000292 OMISSION nonunique error
[10/20] lin-000292 UNDERSPECIFIED nonunique error
[11/20] gra-000213 OMISSION nonunique error
[12/20] gra-000213 UNDERSPECIFIED nonunique error
[13/20] ran-000563 OMISSION nonunique error
[14/20] ran-000563 UNDERSPECIFIED nonunique error
[15/20] ran-000548 OMISSION nonunique error
[16/20] ran-000548 UNDERSPECIFIED nonunique error
[17/20] lin-000275 OMISSION nonunique error
[18/20] lin-000275 UNDERSPECIFIED nonunique error
[19/20] ran-000541 OMISSION nonunique error
[20/20] ran-000541 UNDERSPECIFIED nonunique error
