[1/30] lin-000278 OMISSION nonunique error
[2/30] lin-000278 UNDERSPECIFIED nonunique error
[3/30] ran-000596 OMISSION nonunique error
[4/30] ran-000596 UNDERSPECIFIED nonunique error
[5/30] lin-000297 OMISSION nonunique error
[6/30] lin-000297 UNDERSPECIFIED nonunique error
[7/30] mom-000389 OMISSION nonunique error
[8/30] mom-000389 UNDERSPECIFIED nonunique error
[9/30] lin-000249 OMISSION nonunique error
[10/30] lin-000249 UNDERSPECIFIED nonunique error
[11/30] gra-000194 OMISSION nonunique error
[12/30] gra-000194 UNDERSPECIFIED nonunique error
[13/30] crt-000060 OMISSION nonunique error
[14/30] crt-000060 UNDERSPECIFIED nonunique error
[15/30] gra-000183 OMISSION nonunique error
[16/30] gra-000183 UNDERSPECIFIED nonunique error
[17/30] gra-000186 OMISSION nonunique error
[18/30] gra-000186 UNDERSPECIFIED nonunique error
[19/30] crt-000100 OMISSION nonunique error
[20/30] crt-000100 UNDERSPECIFIED nonunique error
[21/30] mom-000394 OMISSION nonunique error
[22/30] mom-000394 UNDERSPECIFIED nonunique error
[23/30] mom-000378 OMISSION nonunique error
[24/30] mom-000378 UNDERSPECIFIED nonunique error
