[1/30] mom-000390 OMISSION nonunique_grounding ok
[2/30] mom-000390 UNDERSPECIFIED nonunique_grounding ok
[3/30] gra-000219 OMISSION nonunique_grounding ok
[4/30] gra-000219 UNDERSPECIFIED nonunique_grounding ok
[5/30] gra-000205 OMISSION nonunique_grounding ok
[6/30] gra-000205 UNDERSPECIFIED nonunique_grounding ok
[7/30] ran-000598 OMISSION nonunique_grounding ok
[8/30] ran-000598 UNDERSPECIFIED nonunique_grounding ok
[9/30] mom-000373 OMISSION nonunique_grounding ok
[10/30] mom-000373 UNDERSPECIFIED nonunique_grounding ok
[11/30] lin-000240 OMISSION nonunique_grounding ok
[12/30] lin-000240 UNDERSPECIFIED nonunique_grounding ok
[13/30] gra-000187 OMISSION nonunique_grounding ok
[14/30] gra-000187 UNDERSPECIFIED nonunique_grounding ok
[15/30] ran-000561 OMISSION nonunique_grounding ok
[16/30] ran-000561 UNDERSPECIFIED nonunique_grounding ok
[17/30] gra-000180 OMISSION nonunique_grounding ok
[18/30] gra-000180 UNDERSPECIFIED nonunique_grounding ok
[19/30] crt-000093 OMISSION nonunique_grounding ok
[20/30] crt-000093 UNDERSPECIFIED nonunique_grounding ok
[21/30] crt-000116 OMISSION nonunique_grounding ok
[22/30] crt-000116 UNDERSPECIFIED nonunique_grounding ok
[23/30] lin-000282 OMISSION nonunique_grounding ok
[24/30] lin-000282 UNDERSPECIFIED nonunique_grounding ok
[25/30] crt-000088 OMISSION nonunique_grounding ok
[26/30] crt-000088 UNDERSPECIFIED nonunique_grounding ok
[27/30] crt-000090 OMISSION nonunique_grounding ok
[28/30] crt-000090 UNDERSPECIFIED nonunique_grounding ok
[29/30] mom-000396 OMISSION nonunique_grounding ok
[30/30] mom-000396 UNDERSPECIFIED nonunique_grounding ok
