[1/24] crt-000080 OMISSION self_review error
[2/24] crt-000080 UNDERSPECIFIED self_review error
[3/24] crt-000064 OMISSION self_review error
[4/24] crt-000064 UNDERSPECIFIED self_review error
[5/24] lin-000274 OMISSION self_review error
[6/24] lin-000274 UNDERSPECIFIED self_review error
[7/24] mom-000414 OMISSION self_review error
[8/24] mom-000414 UNDERSPECIFIED self_review error
[9/24] gra-000193 OMISSION self_review error
[10/24] gra-000193 UNDERSPECIFIED self_review error
[11/24] gra-000206 OMISSION self_review error
[12/24] gra-000206 UNDERSPECIFIED self_review error
[13/24] crt-000103 OMISSION self_review error
[14/24] crt-000103 UNDERSPECIFIED self_review error
[15/24] lin-000272 OMISSION self_review error
[16/24] lin-000272 UNDERSPECIFIED self_review error
[17/24] gra-000202 OMISSION self_review error
[18/24] gra-000202 UNDERSPECIFIED self_review error
[19/24] mom-000388 OMISSION self_review error
[20/24] mom-000388 UNDERSPECIFIED self_review error
[21/24] gra-000229 OMISSION self_review error
[22/24] gra-000229 UNDERSPECIFIED self_review error
[23/24] gra-000192 OMISSION self_review error
