[3/26] mom-000401 OMISSION self_review ok
[4/26] mom-000401 UNDERSPECIFIED self_review ok
[5/26] mom-000395 OMISSION self_review ok
[6/26] mom-000395 UNDERSPECIFIED self_review ok
[7/26] mom-000398 OMISSION self_review ok
[8/26] mom-000398 UNDERSPECIFIED self_review ok
[9/26] ran-000568 OMISSION self_review ok
[10/26] ran-000568 UNDERSPECIFIED self_review ok
[11/26] ran-000575 OMISSION self_review ok
[12/26] ran-000575 UNDERSPECIFIED self_review ok
[13/26] ran-000549 OMISSION self_review ok
[14/26] ran-000549 UNDERSPECIFIED self_review ok
[15/26] gra-000210 OMISSION self_review ok
[16/26] gra-000210 UNDERSPECIFIED self_review ok
[17/26] mom-000366 OMISSION self_review ok
[18/26] mom-000366 UNDERSPECIFIED self_review ok
[19/26] crt-000113 OMISSION self_review ok
[20/26] crt-000113 UNDERSPECIFIED self_review ok
[21/26] mom-000385 OMISSION self_review ok
[22/26] mom-000385 UNDERSPECIFIED self_review ok
[23/26] lin-000286 OMISSION self_review ok
[24/26] lin-000286 UNDERSPECIFIED self_review ok
[25/26] lin-000299 OMISSION self_review ok
[26/26] lin-000299 UNDERSPECIFIED self_review ok
