[1/24] crt-000080 OMISSION nonunique ok
[2/24] crt-000080 UNDERSPECIFIED nonunique ok
[3/24] crt-000064 OMISSION nonunique ok
[4/24] crt-000064 UNDERSPECIFIED nonunique ok
[5/24] lin-000274 OMISSION nonunique ok
[6/24] lin-000274 UNDERSPECIFIED nonunique ok
[7/24] mom-000414 OMISSION nonunique ok
[8/24] mom-000414 UNDERSPECIFIED nonunique ok
[9/24] gra-000193 OMISSION nonunique ok
[10/24] gra-000193 UNDERSPECIFIED nonunique ok
[11/24] gra-000206 OMISSION nonunique ok
[12/24] gra-000206 UNDERSPECIFIED nonunique ok
[13/24] crt-000103 OMISSION nonunique ok
[14/24] crt-000103 UNDERSPECIFIED nonunique ok
[15/24] lin-000272 OMISSION nonunique ok
[16/24] lin-000272 UNDERSPECIFIED nonunique ok
[17/24] gra-000202 OMISSION nonunique ok
[18/24] gra-000202 UNDERSPECIFIED nonunique ok
[19/24] mom-000388 OMISSION nonunique ok
[20/24] mom-000388 UNDERSPECIFIED nonunique ok
[21/24] gra-000229 OMISSION nonunique ok
[22/24] gra-000229 UNDERSPECIFIED nonunique ok
[23/24] gra-000192 OMISSION nonunique ok
[24/24] gra-000192 UNDERSPECIFIED nonunique ok
