[1/30] ran-000544 OMISSION self_review error
[2/30] ran-000544 UNDERSPECIFIED self_review error
[3/30] gra-000230 OMISSION self_review error
[4/30] gra-000230 UNDERSPECIFIED self_review error
[5/30] lin-000276 OMISSION self_review error
[6/30] lin-000276 UNDERSPECIFIED self_review error
[7/30] ran-000551 OMISSION self_review error
[8/30] ran-000551 UNDERSPECIFIED self_review error
[9/30] mom-000397 OMISSION self_review error
[10/30] mom-000397 UNDERSPECIFIED self_review error
[11/30] ran-000580 OMISSION self_review error
[12/30] ran-000580 UNDERSPECIFIED self_review error
[13/30] crt-000104 OMISSION self_review error
[14/30] crt-000104 UNDERSPECIFIED self_review error
[15/30] gra-000197 OMISSION self_review error
[16/30] gra-000197 UNDERSPECIFIED self_review error
[17/30] mom-000383 OMISSION self_review error
[18/30] mom-000383 UNDERSPECIFIED self_review error
[19/30] gra-000185 OMISSION self_review error
[20/30] gra-000185 UNDERSPECIFIED self_review error
[21/30] lin-000295 OMISSION self_review error
[22/30] lin-000295 UNDERSPECIFIED self_review error
[23/30] gra-000218 OMISSION self_review error
[24/30] gra-000218 UNDERSPECIFIED self_review error
[25/30] lin-000263 OMISSION self_review error
[26/30] lin-000263 UNDERSPECIFIED self_review error
[27/30] gra-000196 OMISSION self_review error
[28/30] gra-000196 UNDERSPECIFIED self_review error
[29/30] mom-000403 OMISSION self_review error
