[1/20] gra-000236 OMISSION nonunique ok
[2/20] gra-000236 UNDERSPECIFIED nonunique ok
[3/20] crt-000087 OMISSION nonunique ok
[4/20] crt-000087 UNDERSPECIFIED nonunique ok
[5/20] lin-000255 OMISSION nonunique ok
[6/20] lin-000255 UNDERSPECIFIED nonunique ok
[7/20] gra-000216 OMISSION nonunique ok
[8/20] gra-000216 UNDERSPECIFIED nonunique ok
[9/20] ran-000597 OMISSION nonunique ok
[10/20] ran-000597 UNDERSPECIFIED nonunique ok
[11/20] gra-000190 OMISSION nonunique ok
[12/20] gra-000190 UNDERSPECIFIED nonunique ok
[13/20] crt-000115 OMISSION nonunique ok
[14/20] crt-000115 UNDERSPECIFIED nonunique ok
[15/20] gra-000201 OMISSION nonunique ok
[16/20] gra-000201 UNDERSPECIFIED nonunique ok
[17/20] ran-000588 OMISSION nonunique ok
[18/20] ran-000588 UNDERSPECIFIED nonunique ok
[19/20] crt-000099 OMISSION nonunique ok
[20/20] crt-000099 UNDERSPECIFIED nonunique ok
