[1/24] lin-000277 OMISSION nonunique_grounding ok
[2/24] lin-000277 UNDERSPECIFIED nonunique_grounding ok
[3/24] mom-000393 OMISSION nonunique_grounding ok
[4/24] mom-000393 UNDERSPECIFIED nonunique_grounding ok
[5/24] gra-000199 OMISSION nonunique_grounding ok
[6/24] gra-000199 UNDERSPECIFIED nonunique_grounding ok
[7/24] lin-000273 OMISSION nonunique_grounding ok
[8/24] lin-000273 UNDERSPECIFIED nonunique_grounding ok
[9/24] mom-000406 OMISSION nonunique_grounding ok
[10/24] mom-000406 UNDERSPECIFIED nonunique_grounding ok
[11/24] gra-000233 OMISSION nonunique_grounding ok
[12/24] gra-000233 UNDERSPECIFIED nonunique_grounding ok
[13/24] ran-000582 OMISSION nonunique_grounding ok
[14/24] ran-000582 UNDERSPECIFIED nonunique_grounding ok
[15/24] ran-000591 OMISSION nonunique_grounding ok
[16/24] ran-000591 UNDERSPECIFIED nonunique_grounding ok
[17/24] crt-000069 OMISSION nonunique_grounding ok
[18/24] crt-000069 UNDERSPECIFIED nonunique_grounding ok
[19/24] gra-000231 OMISSION nonunique_grounding ok
[20/24] gra-000231 UNDERSPECIFIED nonunique_grounding ok
[21/24] crt-000106 OMISSION nonunique_grounding ok
[22/24] crt-000106 UNDERSPECIFIED nonunique_grounding ok
[23/24] ran-000590 OMISSION nonunique_grounding ok
[24/24] ran-000590 UNDERSPECIFIED nonunique_grounding ok
