[1/26] ran-000592 OMISSION grounded_self_review ok
[2/26] ran-000592 UNDERSPECIFIED grounded_self_review ok
[3/26] gra-000223 OMISSION grounded_self_review ok
[4/26] gra-000223 UNDERSPECIFIED grounded_self_review ok
[5/26] mom-000400 OMISSION grounded_self_review ok
[6/26] mom-000400 UNDERSPECIFIED grounded_self_review ok
[7/26] crt-000084 OMISSION grounded_self_review ok
[8/26] crt-000084 UNDERSPECIFIED grounded_self_review ok
[9/26] lin-000265 OMISSION grounded_self_review ok
[10/26] lin-000265 UNDERSPECIFIED grounded_self_review ok
[11/26] ran-000576 OMISSION grounded_self_review ok
[12/26] ran-000576 UNDERSPECIFIED grounded_self_review ok
[13/26] mom-000375 OMISSION grounded_self_review ok
[14/26] mom-000375 UNDERSPECIFIED grounded_self_review ok
[15/26] lin-000243 OMISSION grounded_self_review ok
[16/26] lin-000243 UNDERSPECIFIED grounded_self_review ok
[17/26] gra-000203 OMISSION grounded_self_review ok
[18/26] gra-000203 UNDERSPECIFIED grounded_self_review ok
[19/26] crt-000111 OMISSION grounded_self_review ok
[20/26] crt-000111 UNDERSPECIFIED grounded_self_review ok
[21/26] gra-000188 OMISSION grounded_self_review ok
[22/26] gra-000188 UNDERSPECIFIED grounded_self_review ok
[23/26] crt-000082 OMISSION grounded_self_review ok
[24/26] crt-000082 UNDERSPECIFIED grounded_self_review ok
[25/26] gra-000207 OMISSION grounded_self_review ok
[26/26] gra-000207 UNDERSPECIFIED grounded_self_review ok
