[1/30] ran-000581 OMISSION nonunique ok
[2/30] ran-000581 UNDERSPECIFIED nonunique ok
[3/30] crt-000098 OMISSION nonunique ok
[4/30] crt-000098 UNDERSPECIFIED nonunique ok
[5/30] mom-000418 OMISSION nonunique ok
[6/30] mom-000418 UNDERSPECIFIED nonunique ok
[7/30] mom-000367 OMISSION nonunique ok
[8/30] mom-000367 UNDERSPECIFIED nonunique ok
[9/30] mom-000382 OMISSION nonunique ok
[10/30] mom-000382 UNDERSPECIFIED nonunique ok
[11/30] mom-000369 OMISSION nonunique ok
[12/30] mom-000369 UNDERSPECIFIED nonunique ok
[13/30] gra-000226 OMISSION nonunique ok
[14/30] gra-000226 UNDERSPECIFIED nonunique ok
[15/30] ran-000584 OMISSION nonunique ok
[16/30] ran-000584 UNDERSPECIFIED nonunique ok
[17/30] ran-000555 OMISSION nonunique ok
[18/30] ran-000555 UNDERSPECIFIED nonunique ok
[19/30] ran-000556 OMISSION nonunique ok
[20/30] ran-000556 UNDERSPECIFIED nonunique ok
[21/30] gra-000182 OMISSION nonunique ok
[22/30] gra-000182 UNDERSPECIFIED nonunique ok
[23/30] crt-000105 OMISSION nonunique ok
[24/30] crt-000105 UNDERSPECIFIED nonunique ok
[25/30] ran-000560 OMISSION nonunique ok
[26/30] ran-000560 UNDERSPECIFIED nonunique ok
[27/30] gra-000222 OMISSION nonunique ok
[28/30] gra-000222 UNDERSPECIFIED nonunique ok
[29/30] ran-000583 OMISSION nonunique ok
[30/30] ran-000583 UNDERSPECIFIED nonunique ok
