[1/20] ran-000570 OMISSION grounded_self_review ok
[2/20] ran-000570 UNDERSPECIFIED grounded_self_review error
[3/20] gra-000189 OMISSION grounded_self_review error
[4/20] gra-000189 UNDERSPECIFIED grounded_self_review error
[5/20] lin-000259 OMISSION grounded_self_review error
[6/20] lin-000259 UNDERSPECIFIED grounded_self_review error
[7/20] crt-000062 OMISSION grounded_self_review error
[8/20] crt-000062 UNDERSPECIFIED grounded_self_review error
[9/20] crt-000089 OMISSION grounded_self_review error
[10/20] crt-000089 UNDERSPECIFIED grounded_self_review error
[11/20] gra-000234 OMISSION grounded_self_review error
[12/20] gra-000234 UNDERSPECIFIED grounded_self_review error
[13/20] ran-000565 OMISSION grounded_self_review error
[14/20] ran-000565 UNDERSPECIFIED grounded_self_review error
[15/20] lin-000260 OMISSION grounded_self_review error
[16/20] lin-000260 UNDERSPECIFIED grounded_self_review error
[17/20] crt-000068 OMISSION grounded_self_review error
[18/20] crt-000068 UNDERSPECIFIED grounded_self_review error
[19/20] crt-000097 OMISSION grounded_self_review error
[20/20] crt-000097 UNDERSPECIFIED grounded_self_review error
