[3/26] mom-000401 OMISSION grounded_self_review ok
[4/26] mom-000401 UNDERSPECIFIED grounded_self_review ok
[5/26] mom-000395 OMISSION grounded_self_review ok
[6/26] mom-000395 UNDERSPECIFIED grounded_self_review ok
[7/26] mom-000398 OMISSION grounded_self_review ok
[8/26] mom-000398 UNDERSPECIFIED grounded_self_review ok
[9/26] ran-000568 OMISSION grounded_self_review ok
[10/26] ran-000568 UNDERSPECIFIED grounded_self_review ok
[11/26] ran-000575 OMISSION grounded_self_review ok
[12/26] ran-000575 UNDERSPECIFIED grounded_self_review ok
[13/26] ran-000549 OMISSION grounded_self_review ok
[14/26] ran-000549 UNDERSPECIFIED grounded_self_review ok
[15/26] gra-000210 OMISSION grounded_self_review ok
[16/26] gra-000210 UNDERSPECIFIED grounded_self_review ok
[17/26] mom-000366 OMISSION grounded_self_review ok
[18/26] mom-000366 UNDERSPECIFIED grounded_self_review ok
[19/26] crt-000113 OMISSION grounded_self_review ok
[20/26] crt-000113 UNDERSPECIFIED grounded_self_review ok
[21/26] mom-000385 OMISSION grounded_self_review ok
[22/26] mom-000385 UNDERSPECIFIED grounded_self_review ok
[23/26] lin-000286 OMISSION grounded_self_review ok
[24/26] lin-000286 UNDERSPECIFIED grounded_self_review ok
[25/26] lin-000299 OMISSION grounded_self_review ok
[26/26] lin-000299 UNDERSPECIFIED grounded_self_review ok
