[1/50] crt-000083 OMISSION nonunique_grounding ok
[2/50] crt-000083 UNDERSPECIFIED nonunique_grounding ok
[3/50] lin-000277 OMISSION nonunique_grounding ok
[4/50] lin-000277 UNDERSPECIFIED nonunique_grounding ok
[5/50] mom-000413 OMISSION nonunique_grounding ok
[6/50] mom-000413 UNDERSPECIFIED nonunique_grounding ok
[7/50] mom-000393 OMISSION nonunique_grounding ok
[8/50] mom-000393 UNDERSPECIFIED nonunique_grounding ok
[9/50] ran-000586 OMISSION nonunique_grounding ok
[10/50] ran-000586 UNDERSPECIFIED nonunique_grounding ok
[11/50] gra-000199 OMISSION nonunique_grounding ok
[12/50] gra-000199 UNDERSPECIFIED nonunique_grounding ok
[13/50] mom-000360 OMISSION nonunique_grounding ok
[14/50] mom-000360 UNDERSPECIFIED nonunique_grounding ok
[15/50] lin-000273 OMISSION nonunique_grounding ok
[16/50] lin-000273 UNDERSPECIFIED nonunique_grounding ok
[17/50] crt-000107 OMISSION nonunique_grounding ok
[18/50] crt-000107 UNDERSPECIFIED nonunique_grounding ok
[19/50] mom-000406 OMISSION nonunique_grounding ok
[20/50] mom-000406 UNDERSPECIFIED nonunique_grounding ok
[21/50] mom-000391 OMISSION nonunique_grounding ok
[22/50] mom-000391 UNDERSPECIFIED nonunique_grounding ok
[23/50] gra-000233 OMISSION nonunique_grounding ok
[24/50] gra-000233 UNDERSPECIFIED nonunique_grounding ok
[25/50] ran-000593 OMISSION nonunique_grounding ok
[26/50] ran-000593 UNDERSPECIFIED nonunique_grounding ok
[27/50] ran-000582 OMISSION nonunique_grounding ok
[28/50] ran-000582 UNDERSPECIFIED nonunique_grounding ok
[29/50] mom-000384 OMISSION nonunique_grounding ok
[30/50] mom-000384 UNDERSPECIFIED nonunique_grounding ok
[31/50] ran-000591 OMISSION nonunique_grounding ok
[32/50] ran-000591 UNDERSPECIFIED nonunique_grounding ok
[33/50] mom-000416 OMISSION nonunique_grounding ok
[34/50] mom-000416 UNDERSPECIFIED nonunique_grounding ok
[35/50] crt-000069 OMISSION nonunique_grounding ok
[36/50] crt-000069 UNDERSPECIFIED nonunique_grounding ok
[37/50] lin-000294 OMISSION nonunique_grounding ok
[38/50] lin-000294 UNDERSPECIFIED nonunique_grounding ok
[39/50] gra-000231 OMISSION nonunique_grounding ok
[40/50] gra-000231 UNDERSPECIFIED nonunique_grounding ok
[41/50] mom-000410 OMISSION nonunique_grounding ok
[42/50] mom-000410 UNDERSPECIFIED nonunique_grounding ok
[43/50] crt-000106 OMISSION nonunique_grounding ok
[44/50] crt-000106 UNDERSPECIFIED nonunique_grounding ok
[45/50] mom-000376 OMISSION nonunique_grounding ok
[46/50] mom-000376 UNDERSPECIFIED nonunique_grounding ok
[47/50] ran-000590 OMISSION nonunique_grounding ok
[48/50] ran-000590 UNDERSPECIFIED nonunique_grounding ok
[49/50] crt-000079 OMISSION nonunique_grounding ok
[50/50] crt-000079 UNDERSPECIFIED nonunique_grounding ok
