[1/26] mom-000409 OMISSION nonunique_grounding error
[2/26] mom-000409 UNDERSPECIFIED nonunique_grounding error
[3/26] ran-000542 OMISSION nonunique_grounding error
[4/26] ran-000542 UNDERSPECIFIED nonunique_grounding error
[5/26] gra-000184 OMISSION nonunique_grounding error
[6/26] gra-000184 UNDERSPECIFIED nonunique_grounding error
[7/26] lin-000257 OMISSION nonunique_grounding error
[8/26] lin-000257 UNDERSPECIFIED nonunique_grounding error
[9/26] lin-000268 OMISSION nonunique_grounding error
[10/26] lin-000268 UNDERSPECIFIED nonunique_grounding error
[11/26] lin-000296 OMISSION nonunique_grounding error
[12/26] lin-000296 UNDERSPECIFIED nonunique_grounding error
[13/26] ran-000599 OMISSION nonunique_grounding error
[14/26] ran-000599 UNDERSPECIFIED nonunique_grounding error
[15/26] mom-000361 OMISSION nonunique_grounding error
[16/26] mom-000361 UNDERSPECIFIED nonunique_grounding error
[17/26] gra-000228 OMISSION nonunique_grounding error
[18/26] gra-000228 UNDERSPECIFIED nonunique_grounding error
[19/26] ran-000552 OMISSION nonunique_grounding error
[20/26] ran-000552 UNDERSPECIFIED nonunique_grounding error
[21/26] gra-000225 OMISSION nonunique_grounding error
[22/26] gra-000225 UNDERSPECIFIED nonunique_grounding error
[23/26] ran-000553 OMISSION nonunique_grounding error
