[1/24] lin-000258 OMISSION grounded_self_review error
[2/24] lin-000258 UNDERSPECIFIED grounded_self_review error
[3/24] gra-000200 OMISSION grounded_self_review error
[4/24] gra-000200 UNDERSPECIFIED grounded_self_review error
[5/24] lin-000285 OMISSION grounded_self_review error
[6/24] lin-000285 UNDERSPECIFIED grounded_self_review error
[7/24] crt-000118 OMISSION grounded_self_review error
[8/24] crt-000118 UNDERSPECIFIED grounded_self_review error
[9/24] gra-000212 OMISSION grounded_self_review error
[10/24] gra-000212 UNDERSPECIFIED grounded_self_review error
[11/24] lin-000242 OMISSION grounded_self_review error
[12/24] lin-000242 UNDERSPECIFIED grounded_self_review error
[13/24] lin-000250 OMISSION grounded_self_review error
[14/24] lin-000250 UNDERSPECIFIED grounded_self_review error
[15/24] crt-000109 OMISSION grounded_self_review error
[16/24] crt-000109 UNDERSPECIFIED grounded_self_review error
[17/24] ran-000587 OMISSION grounded_self_review error
[18/24] ran-000587 UNDERSPECIFIED grounded_self_review error
[19/24] lin-000266 OMISSION grounded_self_review error
[20/24] lin-000266 UNDERSPECIFIED grounded_self_review error
