[1/30] ran-000544 OMISSION grounded_self_review ok
[2/30] ran-000544 UNDERSPECIFIED grounded_self_review error
[3/30] gra-000230 OMISSION grounded_self_review error
[4/30] gra-000230 UNDERSPECIFIED grounded_self_review error
[5/30] lin-000276 OMISSION grounded_self_review error
[6/30] lin-000276 UNDERSPECIFIED grounded_self_review error
[7/30] ran-000551 OMISSION grounded_self_review error
[8/30] ran-000551 UNDERSPECIFIED grounded_self_review error
[9/30] mom-000397 OMISSION grounded_self_review error
[10/30] mom-000397 UNDERSPECIFIED grounded_self_review error
[11/30] ran-000580 OMISSION grounded_self_review error
[12/30] ran-000580 UNDERSPECIFIED grounded_self_review error
[13/30] crt-000104 OMISSION grounded_self_review error
[14/30] crt-000104 UNDERSPECIFIED grounded_self_review error
[15/30] gra-000197 OMISSION grounded_self_review error
[16/30] gra-000197 UNDERSPECIFIED grounded_self_review error
[17/30] mom-000383 OMISSION grounded_self_review error
[18/30] mom-000383 UNDERSPECIFIED grounded_self_review error
[19/30] gra-000185 OMISSION grounded_self_review error
[20/30] gra-000185 UNDERSPECIFIED grounded_self_review error
[21/30] lin-000295 OMISSION grounded_self_review error
[22/30] lin-000295 UNDERSPECIFIED grounded_self_review error
[23/30] gra-000218 OMISSION grounded_self_review error
[24/30] gra-000218 UNDERSPECIFIED grounded_self_review error
[25/30] lin-000263 OMISSION grounded_self_review error
[26/30] lin-000263 UNDERSPECIFIED grounded_self_review error
[27/30] gra-000196 OMISSION grounded_self_review error
[28/30] gra-000196 UNDERSPECIFIED grounded_self_review error
[29/30] mom-000403 OMISSION grounded_self_review error
