[1/20] ran-000585 OMISSION nonunique_grounding ok
[2/20] ran-000585 UNDERSPECIFIED nonunique_grounding ok
[3/20] ran-000545 OMISSION nonunique_grounding ok
[4/20] ran-000545 UNDERSPECIFIED nonunique_grounding ok
[5/20] lin-000288 OMISSION nonunique_grounding ok
[6/20] lin-000288 UNDERSPECIFIED nonunique_grounding ok
[7/20] lin-000252 OMISSION nonunique_grounding ok
[8/20] lin-000252 UNDERSPECIFIED nonunique_grounding ok
[9/20] ran-000540 OMISSION nonunique_grounding ok
[10/20] ran-000540 UNDERSPECIFIED nonunique_grounding ok
[11/20] lin-000247 OMISSION nonunique_grounding ok
[12/20] lin-000247 UNDERSPECIFIED nonunique_grounding ok
[13/20] gra-000224 OMISSION nonunique_grounding ok
[14/20] gra-000224 UNDERSPECIFIED nonunique_grounding ok
[15/20] crt-000071 OMISSION nonunique_grounding ok
[16/20] crt-000071 UNDERSPECIFIED nonunique_grounding ok
[17/20] crt-000067 OMISSION nonunique_grounding ok
[18/20] crt-000067 UNDERSPECIFIED nonunique_grounding ok
[19/20] crt-000081 OMISSION nonunique_grounding ok
[20/20] crt-000081 UNDERSPECIFIED nonunique_grounding ok
