[1/40] ran-000585 OMISSION nonunique_grounding ok
[2/40] ran-000585 UNDERSPECIFIED nonunique_grounding ok
[3/40] gra-000236 OMISSION nonunique_grounding ok
[4/40] gra-000236 UNDERSPECIFIED nonunique_grounding ok
[5/40] ran-000545 OMISSION nonunique_grounding ok
[6/40] ran-000545 UNDERSPECIFIED nonunique_grounding ok
[7/40] crt-000087 OMISSION nonunique_grounding ok
[8/40] crt-000087 UNDERSPECIFIED nonunique_grounding ok
[9/40] lin-000288 OMISSION nonunique_grounding ok
[10/40] lin-000288 UNDERSPECIFIED nonunique_grounding ok
[11/40] lin-000255 OMISSION nonunique_grounding ok
[12/40] lin-000255 UNDERSPECIFIED nonunique_grounding ok
[13/40] lin-000252 OMISSION nonunique_grounding ok
[14/40] lin-000252 UNDERSPECIFIED nonunique_grounding ok
[15/40] gra-000216 OMISSION nonunique_grounding ok
[16/40] gra-000216 UNDERSPECIFIED nonunique_grounding ok
[17/40] ran-000540 OMISSION nonunique_grounding ok
[18/40] ran-000540 UNDERSPECIFIED nonunique_grounding ok
[19/40] ran-000597 OMISSION nonunique_grounding ok
[20/40] ran-000597 UNDERSPECIFIED nonunique_grounding ok
[21/40] lin-000247 OMISSION nonunique_grounding ok
[22/40] lin-000247 UNDERSPECIFIED nonunique_grounding ok
[23/40] gra-000190 OMISSION nonunique_grounding ok
[24/40] gra-000190 UNDERSPECIFIED nonunique_grounding ok
[25/40] gra-000224 OMISSION nonunique_grounding ok
[26/40] gra-000224 UNDERSPECIFIED nonunique_grounding ok
[27/40] crt-000115 OMISSION nonunique_grounding ok
[28/40] crt-000115 UNDERSPECIFIED nonunique_grounding ok
[29/40] crt-000071 OMISSION nonunique_grounding ok
[30/40] crt-000071 UNDERSPECIFIED nonunique_grounding ok
[31/40] gra-000201 OMISSION nonunique_grounding ok
[32/40] gra-000201 UNDERSPECIFIED nonunique_grounding ok
[33/40] crt-000067 OMISSION nonunique_grounding ok
[34/40] crt-000067 UNDERSPECIFIED nonunique_grounding ok
[35/40] ran-000588 OMISSION nonunique_grounding ok
[36/40] ran-000588 UNDERSPECIFIED nonunique_grounding ok
[37/40] crt-000081 OMISSION nonunique_grounding ok
[38/40] crt-000081 UNDERSPECIFIED nonunique_grounding ok
[39/40] crt-000099 OMISSION nonunique_grounding ok
[40/40] crt-000099 UNDERSPECIFIED nonunique_grounding ok
