[1/20] lin-000279 OMISSION nonunique error
[2/20] lin-000279 UNDERSPECIFIED nonunique error
[3/20] lin-000244 OMISSION nonunique error
[4/20] lin-000244 UNDERSPECIFIED nonunique error
[5/20] crt-000078 OMISSION nonunique error
[6/20] crt-000078 UNDERSPECIFIED nonunique error
[7/20] ran-000564 OMISSION nonunique error
[8/20] ran-000564 UNDERSPECIFIED nonunique error
[9/20] ran-000595 OMISSION nonunique error
[10/20] ran-000595 UNDERSPECIFIED nonunique error
[11/20] ran-000543 OMISSION nonunique error
[12/20] ran-000543 UNDERSPECIFIED nonunique error
[13/20] ran-000579 OMISSION nonunique error
[14/20] ran-000579 UNDERSPECIFIED nonunique error
[15/20] ran-000550 OMISSION nonunique error
[16/20] ran-000550 UNDERSPECIFIED nonunique error
[17/20] gra-000209 OMISSION nonunique error
[18/20] gra-000209 UNDERSPECIFIED nonunique error
[19/20] lin-000261 OMISSION nonunique error
[20/20] lin-000261 UNDERSPECIFIED nonunique error
