[1/20] ran-000570 OMISSION grounded_self_review ok
[2/20] ran-000570 UNDERSPECIFIED grounded_self_review ok
[3/20] gra-000189 OMISSION grounded_self_review ok
[4/20] gra-000189 UNDERSPECIFIED grounded_self_review ok
[5/20] lin-000259 OMISSION grounded_self_review ok
[6/20] lin-000259 UNDERSPECIFIED grounded_self_review ok
[7/20] crt-000062 OMISSION grounded_self_review ok
[8/20] crt-000062 UNDERSPECIFIED grounded_self_review ok
[9/20] crt-000089 OMISSION grounded_self_review ok
[10/20] crt-000089 UNDERSPECIFIED grounded_self_review ok
[11/20] gra-000234 OMISSION grounded_self_review ok
[12/20] gra-000234 UNDERSPECIFIED grounded_self_review ok
[13/20] ran-000565 OMISSION grounded_self_review ok
[14/20] ran-000565 UNDERSPECIFIED grounded_self_review ok
[15/20] lin-000260 OMISSION grounded_self_review ok
[16/20] lin-000260 UNDERSPECIFIED grounded_self_review ok
[17/20] crt-000068 OMISSION grounded_self_review ok
[18/20] crt-000068 UNDERSPECIFIED grounded_self_review ok
[19/20] crt-000097 OMISSION grounded_self_review ok
[20/20] crt-000097 UNDERSPECIFIED grounded_self_review ok
