[1/50] crt-000083 OMISSION grounded_self_review ok
[2/50] crt-000083 UNDERSPECIFIED grounded_self_review ok
[3/50] lin-000277 OMISSION grounded_self_review ok
[4/50] lin-000277 UNDERSPECIFIED grounded_self_review ok
[5/50] mom-000413 OMISSION grounded_self_review ok
[6/50] mom-000413 UNDERSPECIFIED grounded_self_review ok
[7/50] mom-000393 OMISSION grounded_self_review ok
[8/50] mom-000393 UNDERSPECIFIED grounded_self_review ok
[9/50] ran-000586 OMISSION grounded_self_review ok
[10/50] ran-000586 UNDERSPECIFIED grounded_self_review ok
[11/50] gra-000199 OMISSION grounded_self_review ok
[12/50] gra-000199 UNDERSPECIFIED grounded_self_review ok
[13/50] mom-000360 OMISSION grounded_self_review ok
[14/50] mom-000360 UNDERSPECIFIED grounded_self_review ok
[15/50] lin-000273 OMISSION grounded_self_review ok
[16/50] lin-000273 UNDERSPECIFIED grounded_self_review ok
[17/50] crt-000107 OMISSION grounded_self_review ok
[18/50] crt-000107 UNDERSPECIFIED grounded_self_review ok
[19/50] mom-000406 OMISSION grounded_self_review ok
[20/50] mom-000406 UNDERSPECIFIED grounded_self_review ok
[21/50] mom-000391 OMISSION grounded_self_review ok
[22/50] mom-000391 UNDERSPECIFIED grounded_self_review ok
[23/50] gra-000233 OMISSION grounded_self_review ok
[24/50] gra-000233 UNDERSPECIFIED grounded_self_review ok
[25/50] ran-000593 OMISSION grounded_self_review ok
[26/50] ran-000593 UNDERSPECIFIED grounded_self_review ok
[27/50] ran-000582 OMISSION grounded_self_review ok
[28/50] ran-000582 UNDERSPECIFIED grounded_self_review ok
[29/50] mom-000384 OMISSION grounded_self_review ok
[30/50] mom-000384 UNDERSPECIFIED grounded_self_review ok
[31/50] ran-000591 OMISSION grounded_self_review ok
[32/50] ran-000591 UNDERSPECIFIED grounded_self_review ok
[33/50] mom-000416 OMISSION grounded_self_review ok
[34/50] mom-000416 UNDERSPECIFIED grounded_self_review ok
[35/50] crt-000069 OMISSION grounded_self_review ok
[36/50] crt-000069 UNDERSPECIFIED grounded_self_review ok
[37/50] lin-000294 OMISSION grounded_self_review ok
[38/50] lin-000294 UNDERSPECIFIED grounded_self_review ok
[39/50] gra-000231 OMISSION grounded_self_review ok
[40/50] gra-000231 UNDERSPECIFIED grounded_self_review ok
[41/50] mom-000410 OMISSION grounded_self_review ok
[42/50] mom-000410 UNDERSPECIFIED grounded_self_review ok
[43/50] crt-000106 OMISSION grounded_self_review ok
[44/50] crt-000106 UNDERSPECIFIED grounded_self_review ok
[45/50] mom-000376 OMISSION grounded_self_review ok
[46/50] mom-000376 UNDERSPECIFIED grounded_self_review ok
[47/50] ran-000590 OMISSION grounded_self_review ok
[48/50] ran-000590 UNDERSPECIFIED grounded_self_review ok
[49/50] crt-000079 OMISSION grounded_self_review ok
[50/50] crt-000079 UNDERSPECIFIED grounded_self_review ok
