[1/30] lin-000241 OMISSION nonunique ok
[2/30] lin-000241 UNDERSPECIFIED nonunique ok
[3/30] mom-000381 OMISSION nonunique ok
[4/30] mom-000381 UNDERSPECIFIED nonunique ok
[5/30] crt-000095 OMISSION nonunique ok
[6/30] crt-000095 UNDERSPECIFIED nonunique ok
[7/30] crt-000102 OMISSION nonunique ok
[8/30] crt-000102 UNDERSPECIFIED nonunique ok
[9/30] mom-000371 OMISSION nonunique ok
[10/30] mom-000371 UNDERSPECIFIED nonunique ok
[11/30] crt-000076 OMISSION nonunique ok
[12/30] crt-000076 UNDERSPECIFIED nonunique ok
[13/30] lin-000284 OMISSION nonunique ok
[14/30] lin-000284 UNDERSPECIFIED nonunique ok
[15/30] mom-000362 OMISSION nonunique ok
[16/30] mom-000362 UNDERSPECIFIED nonunique ok
[17/30] gra-000235 OMISSION nonunique ok
[18/30] gra-000235 UNDERSPECIFIED nonunique ok
[19/30] mom-000379 OMISSION nonunique ok
[20/30] mom-000379 UNDERSPECIFIED nonunique ok
[21/30] ran-000577 OMISSION nonunique ok
[22/30] ran-000577 UNDERSPECIFIED nonunique ok
[23/30] mom-000365 OMISSION nonunique ok
[24/30] mom-000365 UNDERSPECIFIED nonunique ok
[25/30] gra-000238 OMISSION nonunique ok
[26/30] gra-000238 UNDERSPECIFIED nonunique ok
[27/30] ran-000578 OMISSION nonunique ok
[28/30] ran-000578 UNDERSPECIFIED nonunique ok
[29/30] lin-000246 OMISSION nonunique ok
[30/30] lin-000246 UNDERSPECIFIED nonunique ok
