[1/20] lin-000279 OMISSION grounded_self_review error
[2/20] lin-000279 UNDERSPECIFIED grounded_self_review error
[3/20] lin-000244 OMISSION grounded_self_review error
[4/20] lin-000244 UNDERSPECIFIED grounded_self_review error
[5/20] crt-000078 OMISSION grounded_self_review error
[6/20] crt-000078 UNDERSPECIFIED grounded_self_review error
[7/20] ran-000564 OMISSION grounded_self_review error
[8/20] ran-000564 UNDERSPECIFIED grounded_self_review error
[9/20] ran-000595 OMISSION grounded_self_review error
[10/20] ran-000595 UNDERSPECIFIED grounded_self_review error
[11/20] ran-000543 OMISSION grounded_self_review error
[12/20] ran-000543 UNDERSPECIFIED grounded_self_review error
[13/20] ran-000579 OMISSION grounded_self_review error
[14/20] ran-000579 UNDERSPECIFIED grounded_self_review error
[15/20] ran-000550 OMISSION grounded_self_review error
[16/20] ran-000550 UNDERSPECIFIED grounded_self_review error
[17/20] gra-000209 OMISSION grounded_self_review error
[18/20] gra-000209 UNDERSPECIFIED grounded_self_review error
[19/20] lin-000261 OMISSION grounded_self_review error
[20/20] lin-000261 UNDERSPECIFIED grounded_self_review error
