[1/24] crt-000072 OMISSION nonunique ok
[2/24] crt-000072 UNDERSPECIFIED nonunique ok
[3/24] ran-000573 OMISSION nonunique ok
[4/24] ran-000573 UNDERSPECIFIED nonunique ok
[5/24] crt-000066 OMISSION nonunique ok
[6/24] crt-000066 UNDERSPECIFIED nonunique ok
[7/24] ran-000546 OMISSION nonunique ok
[8/24] ran-000546 UNDERSPECIFIED nonunique ok
[9/24] gra-000232 OMISSION nonunique ok
[10/24] gra-000232 UNDERSPECIFIED nonunique ok
[11/24] crt-000096 OMISSION nonunique ok
[12/24] crt-000096 UNDERSPECIFIED nonunique ok
[13/24] crt-000074 OMISSION nonunique ok
[14/24] crt-000074 UNDERSPECIFIED nonunique ok
[15/24] lin-000280 OMISSION nonunique ok
[16/24] lin-000280 UNDERSPECIFIED nonunique ok
[17/24] ran-000571 OMISSION nonunique ok
[18/24] ran-000571 UNDERSPECIFIED nonunique ok
[19/24] ran-000574 OMISSION nonunique ok
[20/24] ran-000574 UNDERSPECIFIED nonunique ok
[21/24] lin-000289 OMISSION nonunique ok
[22/24] lin-000289 UNDERSPECIFIED nonunique ok
[23/24] ran-000562 OMISSION nonunique ok
[24/24] ran-000562 UNDERSPECIFIED nonunique ok
