[1/20] ran-000585 OMISSION self_review ok
[2/20] ran-000585 UNDERSPECIFIED self_review ok
[3/20] ran-000545 OMISSION self_review ok
[4/20] ran-000545 UNDERSPECIFIED self_review ok
[5/20] lin-000288 OMISSION self_review ok
[6/20] lin-000288 UNDERSPECIFIED self_review ok
[7/20] lin-000252 OMISSION self_review ok
[8/20] lin-000252 UNDERSPECIFIED self_review ok
[9/20] ran-000540 OMISSION self_review ok
[10/20] ran-000540 UNDERSPECIFIED self_review ok
[11/20] lin-000247 OMISSION self_review ok
[12/20] lin-000247 UNDERSPECIFIED self_review ok
[13/20] gra-000224 OMISSION self_review ok
[14/20] gra-000224 UNDERSPECIFIED self_review ok
[15/20] crt-000071 OMISSION self_review ok
[16/20] crt-000071 UNDERSPECIFIED self_review ok
[17/20] crt-000067 OMISSION self_review ok
[18/20] crt-000067 UNDERSPECIFIED self_review ok
[19/20] crt-000081 OMISSION self_review ok
[20/20] crt-000081 UNDERSPECIFIED self_review ok
