[1/30] lin-000278 OMISSION grounded_self_review ok
[2/30] lin-000278 UNDERSPECIFIED grounded_self_review ok
[3/30] ran-000596 OMISSION grounded_self_review ok
[4/30] ran-000596 UNDERSPECIFIED grounded_self_review ok
[5/30] lin-000297 OMISSION grounded_self_review ok
[6/30] lin-000297 UNDERSPECIFIED grounded_self_review ok
[7/30] mom-000389 OMISSION grounded_self_review ok
[8/30] mom-000389 UNDERSPECIFIED grounded_self_review ok
[9/30] lin-000249 OMISSION grounded_self_review ok
[10/30] lin-000249 UNDERSPECIFIED grounded_self_review ok
[11/30] gra-000194 OMISSION grounded_self_review ok
[12/30] gra-000194 UNDERSPECIFIED grounded_self_review ok
[13/30] crt-000060 OMISSION grounded_self_review ok
[14/30] crt-000060 UNDERSPECIFIED grounded_self_review ok
[15/30] gra-000183 OMISSION grounded_self_review ok
[16/30] gra-000183 UNDERSPECIFIED grounded_self_review ok
[17/30] gra-000186 OMISSION grounded_self_review ok
[18/30] gra-000186 UNDERSPECIFIED grounded_self_review ok
[19/30] crt-000100 OMISSION grounded_self_review ok
[20/30] crt-000100 UNDERSPECIFIED grounded_self_review ok
[21/30] mom-000394 OMISSION grounded_self_review ok
[22/30] mom-000394 UNDERSPECIFIED grounded_self_review ok
[23/30] mom-000378 OMISSION grounded_self_review ok
[24/30] mom-000378 UNDERSPECIFIED grounded_self_review ok
[25/30] mom-000368 OMISSION grounded_self_review ok
[26/30] mom-000368 UNDERSPECIFIED grounded_self_review ok
[27/30] mom-000402 OMISSION grounded_self_review ok
[28/30] mom-000402 UNDERSPECIFIED grounded_self_review ok
[29/30] mom-000404 OMISSION grounded_self_review ok
[30/30] mom-000404 UNDERSPECIFIED grounded_self_review ok
