[1/20] gra-000198 OMISSION nonunique_grounding ok
[2/20] gra-000198 UNDERSPECIFIED nonunique_grounding ok
[3/20] lin-000245 OMISSION nonunique_grounding ok
[4/20] lin-000245 UNDERSPECIFIED nonunique_grounding ok
[5/20] ran-000554 OMISSION nonunique_grounding ok
[6/20] ran-000554 UNDERSPECIFIED nonunique_grounding ok
[7/20] lin-000264 OMISSION nonunique_grounding ok
[8/20] lin-000264 UNDERSPECIFIED nonunique_grounding ok
[9/20] gra-000204 OMISSION nonunique_grounding ok
[10/20] gra-000204 UNDERSPECIFIED nonunique_grounding ok
[11/20] lin-000287 OMISSION nonunique_grounding ok
[12/20] lin-000287 UNDERSPECIFIED nonunique_grounding ok
[13/20] gra-000215 OMISSION nonunique_grounding ok
[14/20] gra-000215 UNDERSPECIFIED nonunique_grounding ok
[15/20] gra-000221 OMISSION nonunique_grounding ok
[16/20] gra-000221 UNDERSPECIFIED nonunique_grounding ok
[17/20] crt-000091 OMISSION nonunique_grounding ok
[18/20] crt-000091 UNDERSPECIFIED nonunique_grounding ok
[19/20] lin-000270 OMISSION nonunique_grounding ok
[20/20] lin-000270 UNDERSPECIFIED nonunique_grounding ok
