[1/20] gra-000217 OMISSION nonunique_grounding error
[2/20] gra-000217 UNDERSPECIFIED nonunique_grounding error
[3/20] crt-000110 OMISSION nonunique_grounding error
[4/20] crt-000110 UNDERSPECIFIED nonunique_grounding error
[5/20] lin-000254 OMISSION nonunique_grounding error
[6/20] lin-000254 UNDERSPECIFIED nonunique_grounding error
[7/20] gra-000237 OMISSION nonunique_grounding error
[8/20] gra-000237 UNDERSPECIFIED nonunique_grounding error
[9/20] crt-000108 OMISSION nonunique_grounding error
[10/20] crt-000108 UNDERSPECIFIED nonunique_grounding error
[11/20] lin-000293 OMISSION nonunique_grounding error
[12/20] lin-000293 UNDERSPECIFIED nonunique_grounding error
[13/20] lin-000281 OMISSION nonunique_grounding error
[14/20] lin-000281 UNDERSPECIFIED nonunique_grounding error
[15/20] ran-000547 OMISSION nonunique_grounding error
[16/20] ran-000547 UNDERSPECIFIED nonunique_grounding error
[17/20] crt-000065 OMISSION nonunique_grounding error
[18/20] crt-000065 UNDERSPECIFIED nonunique_grounding error
[19/20] ran-000558 OMISSION nonunique_grounding error
[20/20] ran-000558 UNDERSPECIFIED nonunique_grounding error
