[1/26] crt-000083 OMISSION self_review ok
[2/26] crt-000083 UNDERSPECIFIED self_review ok
[3/26] mom-000413 OMISSION self_review ok
[4/26] mom-000413 UNDERSPECIFIED self_review ok
[5/26] ran-000586 OMISSION self_review ok
[6/26] ran-000586 UNDERSPECIFIED self_review ok
[7/26] mom-000360 OMISSION self_review ok
[8/26] mom-000360 UNDERSPECIFIED self_review ok
[9/26] crt-000107 OMISSION self_review ok
[10/26] crt-000107 UNDERSPECIFIED self_review ok
[11/26] mom-000391 OMISSION self_review ok
[12/26] mom-000391 UNDERSPECIFIED self_review ok
[13/26] ran-000593 OMISSION self_review ok
[14/26] ran-000593 UNDERSPECIFIED self_review ok
[15/26] mom-000384 OMISSION self_review ok
[16/26] mom-000384 UNDERSPECIFIED self_review ok
[17/26] mom-000416 OMISSION self_review ok
[18/26] mom-000416 UNDERSPECIFIED self_review ok
[19/26] lin-000294 OMISSION self_review ok
[20/26] lin-000294 UNDERSPECIFIED self_review ok
[21/26] mom-000410 OMISSION self_review ok
[22/26] mom-000410 UNDERSPECIFIED self_review ok
[23/26] mom-000376 OMISSION self_review ok
[24/26] mom-000376 UNDERSPECIFIED self_review ok
[25/26] crt-000079 OMISSION self_review ok
[26/26] crt-000079 UNDERSPECIFIED self_review ok
