[1/30] lin-000278 OMISSION nonunique ok
[2/30] lin-000278 UNDERSPECIFIED nonunique ok
[3/30] ran-000596 OMISSION nonunique ok
[4/30] ran-000596 UNDERSPECIFIED nonunique ok
[5/30] lin-000297 OMISSION nonunique ok
[6/30] lin-000297 UNDERSPECIFIED nonunique ok
[7/30] mom-000389 OMISSION nonunique ok
[8/30] mom-000389 UNDERSPECIFIED nonunique ok
[9/30] lin-000249 OMISSION nonunique ok
[10/30] lin-000249 UNDERSPECIFIED nonunique ok
[11/30] gra-000194 OMISSION nonunique ok
[12/30] gra-000194 UNDERSPECIFIED nonunique ok
[13/30] crt-000060 OMISSION nonunique ok
[14/30] crt-000060 UNDERSPECIFIED nonunique ok
[15/30] gra-000183 OMISSION nonunique ok
[16/30] gra-000183 UNDERSPECIFIED nonunique ok
[17/30] gra-000186 OMISSION nonunique ok
[18/30] gra-000186 UNDERSPECIFIED nonunique ok
[19/30] crt-000100 OMISSION nonunique ok
[20/30] crt-000100 UNDERSPECIFIED nonunique ok
[21/30] mom-000394 OMISSION nonunique ok
[22/30] mom-000394 UNDERSPECIFIED nonunique ok
[23/30] mom-000378 OMISSION nonunique ok
[24/30] mom-000378 UNDERSPECIFIED nonunique ok
[25/30] mom-000368 OMISSION nonunique ok
[26/30] mom-000368 UNDERSPECIFIED nonunique ok
[27/30] mom-000402 OMISSION nonunique ok
[28/30] mom-000402 UNDERSPECIFIED nonunique ok
[29/30] mom-000404 OMISSION nonunique ok
[30/30] mom-000404 UNDERSPECIFIED nonunique ok
