[1/40] ran-000585 OMISSION nonunique ok
[2/40] ran-000585 UNDERSPECIFIED nonunique ok
[3/40] gra-000236 OMISSION nonunique ok
[4/40] gra-000236 UNDERSPECIFIED nonunique ok
[5/40] ran-000545 OMISSION nonunique ok
[6/40] ran-000545 UNDERSPECIFIED nonunique ok
[7/40] crt-000087 OMISSION nonunique ok
[8/40] crt-000087 UNDERSPECIFIED nonunique ok
[9/40] lin-000288 OMISSION nonunique ok
[10/40] lin-000288 UNDERSPECIFIED nonunique ok
[11/40] lin-000255 OMISSION nonunique ok
[12/40] lin-000255 UNDERSPECIFIED nonunique ok
[13/40] lin-000252 OMISSION nonunique ok
[14/40] lin-000252 UNDERSPECIFIED nonunique ok
[15/40] gra-000216 OMISSION nonunique ok
[16/40] gra-000216 UNDERSPECIFIED nonunique ok
[17/40] ran-000540 OMISSION nonunique ok
[18/40] ran-000540 UNDERSPECIFIED nonunique ok
[19/40] ran-000597 OMISSION nonunique ok
[20/40] ran-000597 UNDERSPECIFIED nonunique ok
[21/40] lin-000247 OMISSION nonunique ok
[22/40] lin-000247 UNDERSPECIFIED nonunique ok
[23/40] gra-000190 OMISSION nonunique ok
[24/40] gra-000190 UNDERSPECIFIED nonunique ok
[25/40] gra-000224 OMISSION nonunique ok
[26/40] gra-000224 UNDERSPECIFIED nonunique ok
[27/40] crt-000115 OMISSION nonunique ok
[28/40] crt-000115 UNDERSPECIFIED nonunique ok
[29/40] crt-000071 OMISSION nonunique ok
[30/40] crt-000071 UNDERSPECIFIED nonunique ok
[31/40] gra-000201 OMISSION nonunique ok
[32/40] gra-000201 UNDERSPECIFIED nonunique ok
[33/40] crt-000067 OMISSION nonunique ok
[34/40] crt-000067 UNDERSPECIFIED nonunique ok
[35/40] ran-000588 OMISSION nonunique ok
[36/40] ran-000588 UNDERSPECIFIED nonunique ok
[37/40] crt-000081 OMISSION nonunique ok
[38/40] crt-000081 UNDERSPECIFIED nonunique ok
[39/40] crt-000099 OMISSION nonunique ok
[40/40] crt-000099 UNDERSPECIFIED nonunique ok
