[1/30] mom-000390 OMISSION nonunique ok
[2/30] mom-000390 UNDERSPECIFIED nonunique error
[3/30] gra-000219 OMISSION nonunique error
[4/30] gra-000219 UNDERSPECIFIED nonunique error
[5/30] gra-000205 OMISSION nonunique error
[6/30] gra-000205 UNDERSPECIFIED nonunique error
[7/30] ran-000598 OMISSION nonunique error
[8/30] ran-000598 UNDERSPECIFIED nonunique error
[9/30] mom-000373 OMISSION nonunique error
[10/30] mom-000373 UNDERSPECIFIED nonunique error
[11/30] lin-000240 OMISSION nonunique error
[12/30] lin-000240 UNDERSPECIFIED nonunique error
[13/30] gra-000187 OMISSION nonunique error
[14/30] gra-000187 UNDERSPECIFIED nonunique error
[15/30] ran-000561 OMISSION nonunique error
[16/30] ran-000561 UNDERSPECIFIED nonunique error
[17/30] gra-000180 OMISSION nonunique error
[18/30] gra-000180 UNDERSPECIFIED nonunique error
[19/30] crt-000093 OMISSION nonunique error
[20/30] crt-000093 UNDERSPECIFIED nonunique error
[21/30] crt-000116 OMISSION nonunique error
