[1/20] gra-000217 OMISSION nonunique ok
[2/20] gra-000217 UNDERSPECIFIED nonunique ok
[3/20] crt-000110 OMISSION nonunique ok
[4/20] crt-000110 UNDERSPECIFIED nonunique ok
[5/20] lin-000254 OMISSION nonunique ok
[6/20] lin-000254 UNDERSPECIFIED nonunique ok
[7/20] gra-000237 OMISSION nonunique ok
[8/20] gra-000237 UNDERSPECIFIED nonunique ok
[9/20] crt-000108 OMISSION nonunique ok
[10/20] crt-000108 UNDERSPECIFIED nonunique ok
[11/20] lin-000293 OMISSION nonunique ok
[12/20] lin-000293 UNDERSPECIFIED nonunique ok
[13/20] lin-000281 OMISSION nonunique ok
[14/20] lin-000281 UNDERSPECIFIED nonunique ok
[15/20] ran-000547 OMISSION nonunique ok
[16/20] ran-000547 UNDERSPECIFIED nonunique ok
[17/20] crt-000065 OMISSION nonunique ok
[18/20] crt-000065 UNDERSPECIFIED nonunique ok
[19/20] ran-000558 OMISSION nonunique ok
[20/20] ran-000558 UNDERSPECIFIED nonunique ok
