[1/20] gra-000208 OMISSION nonunique ok
[2/20] gra-000208 UNDERSPECIFIED nonunique ok
[3/20] crt-000077 OMISSION nonunique ok
[4/20] crt-000077 UNDERSPECIFIED nonunique ok
[5/20] gra-000191 OMISSION nonunique ok
[6/20] gra-000191 UNDERSPECIFIED nonunique ok
[7/20] ran-000557 OMISSION nonunique ok
[8/20] ran-000557 UNDERSPECIFIED nonunique ok
[9/20] crt-000117 OMISSION nonunique ok
[10/20] crt-000117 UNDERSPECIFIED nonunique ok
[11/20] lin-000291 OMISSION nonunique ok
[12/20] lin-000291 UNDERSPECIFIED nonunique ok
[13/20] crt-000075 OMISSION nonunique ok
[14/20] crt-000075 UNDERSPECIFIED nonunique ok
[15/20] gra-000211 OMISSION nonunique ok
[16/20] gra-000211 UNDERSPECIFIED nonunique ok
[17/20] gra-000195 OMISSION nonunique ok
[18/20] gra-000195 UNDERSPECIFIED nonunique ok
[19/20] gra-000239 OMISSION nonunique ok
[20/20] gra-000239 UNDERSPECIFIED nonunique ok
