[1/30] lin-000267 OMISSION grounded_self_review error
[2/30] lin-000267 UNDERSPECIFIED grounded_self_review error
[3/30] ran-000569 OMISSION grounded_self_review error
[4/30] ran-000569 UNDERSPECIFIED grounded_self_review error
[5/30] mom-000392 OMISSION grounded_self_review error
[6/30] mom-000392 UNDERSPECIFIED grounded_self_review error
[7/30] mom-000363 OMISSION grounded_self_review error
[8/30] mom-000363 UNDERSPECIFIED grounded_self_review error
[9/30] mom-000419 OMISSION grounded_self_review error
[10/30] mom-000419 UNDERSPECIFIED grounded_self_review error
[11/30] mom-000380 OMISSION grounded_self_review error
[12/30] mom-000380 UNDERSPECIFIED grounded_self_review error
[13/30] lin-000271 OMISSION grounded_self_review error
[14/30] lin-000271 UNDERSPECIFIED grounded_self_review error
[15/30] ran-000572 OMISSION grounded_self_review error
[16/30] ran-000572 UNDERSPECIFIED grounded_self_review error
[17/30] mom-000411 OMISSION grounded_self_review error
[18/30] mom-000411 UNDERSPECIFIED grounded_self_review error
[19/30] crt-000112 OMISSION grounded_self_review error
[20/30] crt-000112 UNDERSPECIFIED grounded_self_review error
[21/30] lin-000251 OMISSION grounded_self_review error
[22/30] lin-000251 UNDERSPECIFIED grounded_self_review error
[23/30] gra-000181 OMISSION grounded_self_review error
[24/30] gra-000181 UNDERSPECIFIED grounded_self_review error
