[1/24] crt-000072 OMISSION grounded_self_review ok
[2/24] crt-000072 UNDERSPECIFIED grounded_self_review ok
[3/24] ran-000573 OMISSION grounded_self_review ok
[4/24] ran-000573 UNDERSPECIFIED grounded_self_review ok
[5/24] crt-000066 OMISSION grounded_self_review ok
[6/24] crt-000066 UNDERSPECIFIED grounded_self_review ok
[7/24] ran-000546 OMISSION grounded_self_review ok
[8/24] ran-000546 UNDERSPECIFIED grounded_self_review ok
[9/24] gra-000232 OMISSION grounded_self_review ok
[10/24] gra-000232 UNDERSPECIFIED grounded_self_review ok
[11/24] crt-000096 OMISSION grounded_self_review ok
[12/24] crt-000096 UNDERSPECIFIED grounded_self_review ok
[13/24] crt-000074 OMISSION grounded_self_review ok
[14/24] crt-000074 UNDERSPECIFIED grounded_self_review ok
[15/24] lin-000280 OMISSION grounded_self_review ok
[16/24] lin-000280 UNDERSPECIFIED grounded_self_review ok
[17/24] ran-000571 OMISSION grounded_self_review ok
[18/24] ran-000571 UNDERSPECIFIED grounded_self_review ok
[19/24] ran-000574 OMISSION grounded_self_review ok
[20/24] ran-000574 UNDERSPECIFIED grounded_self_review ok
[21/24] lin-000289 OMISSION grounded_self_review ok
[22/24] lin-000289 UNDERSPECIFIED grounded_self_review ok
[23/24] ran-000562 OMISSION grounded_self_review ok
[24/24] ran-000562 UNDERSPECIFIED grounded_self_review ok
