[1/20] crt-000094 OMISSION nonunique_grounding ok
[2/20] crt-000094 UNDERSPECIFIED nonunique_grounding ok
[3/20] crt-000070 OMISSION nonunique_grounding ok
[4/20] crt-000070 UNDERSPECIFIED nonunique_grounding ok
[5/20] lin-000253 OMISSION nonunique_grounding ok
[6/20] lin-000253 UNDERSPECIFIED nonunique_grounding ok
[7/20] ran-000589 OMISSION nonunique_grounding ok
[8/20] ran-000589 UNDERSPECIFIED nonunique_grounding ok
[9/20] lin-000292 OMISSION nonunique_grounding ok
[10/20] lin-000292 UNDERSPECIFIED nonunique_grounding ok
[11/20] gra-000213 OMISSION nonunique_grounding ok
[12/20] gra-000213 UNDERSPECIFIED nonunique_grounding ok
[13/20] ran-000563 OMISSION nonunique_grounding ok
[14/20] ran-000563 UNDERSPECIFIED nonunique_grounding ok
[15/20] ran-000548 OMISSION nonunique_grounding ok
[16/20] ran-000548 UNDERSPECIFIED nonunique_grounding ok
[17/20] lin-000275 OMISSION nonunique_grounding ok
[18/20] lin-000275 UNDERSPECIFIED nonunique_grounding ok
[19/20] ran-000541 OMISSION nonunique_grounding ok
[20/20] ran-000541 UNDERSPECIFIED nonunique_grounding ok
