[1/30] lin-000267 OMISSION nonunique error
[2/30] lin-000267 UNDERSPECIFIED nonunique error
[3/30] ran-000569 OMISSION nonunique error
[4/30] ran-000569 UNDERSPECIFIED nonunique error
[5/30] mom-000392 OMISSION nonunique error
[6/30] mom-000392 UNDERSPECIFIED nonunique error
[7/30] mom-000363 OMISSION nonunique error
[8/30] mom-000363 UNDERSPECIFIED nonunique error
[9/30] mom-000419 OMISSION nonunique error
[10/30] mom-000419 UNDERSPECIFIED nonunique error
[11/30] mom-000380 OMISSION nonunique error
[12/30] mom-000380 UNDERSPECIFIED nonunique error
[13/30] lin-000271 OMISSION nonunique error
[14/30] lin-000271 UNDERSPECIFIED nonunique error
[15/30] ran-000572 OMISSION nonunique error
[16/30] ran-000572 UNDERSPECIFIED nonunique error
[17/30] mom-000411 OMISSION nonunique error
[18/30] mom-000411 UNDERSPECIFIED nonunique error
[19/30] crt-000112 OMISSION nonunique error
[20/30] crt-000112 UNDERSPECIFIED nonunique error
[21/30] lin-000251 OMISSION nonunique error
