[1/20] crt-000094 OMISSION self_review ok
[2/20] crt-000094 UNDERSPECIFIED self_review ok
[3/20] crt-000070 OMISSION self_review ok
[4/20] crt-000070 UNDERSPECIFIED self_review ok
[5/20] lin-000253 OMISSION self_review ok
[6/20] lin-000253 UNDERSPECIFIED self_review ok
[7/20] ran-000589 OMISSION self_review ok
[8/20] ran-000589 UNDERSPECIFIED self_review ok
[9/20] lin-000292 OMISSION self_review ok
[10/20] lin-000292 UNDERSPECIFIED self_review ok
[11/20] gra-000213 OMISSION self_review ok
[12/20] gra-000213 UNDERSPECIFIED self_review ok
[13/20] ran-000563 OMISSION self_review ok
[14/20] ran-000563 UNDERSPECIFIED self_review ok
[15/20] ran-000548 OMISSION self_review ok
[16/20] ran-000548 UNDERSPECIFIED self_review ok
[17/20] lin-000275 OMISSION self_review ok
[18/20] lin-000275 UNDERSPECIFIED self_review ok
[19/20] ran-000541 OMISSION self_review ok
[20/20] ran-000541 UNDERSPECIFIED self_review ok
