[1/60] mom-000390 OMISSION self_review ok
[2/60] mom-000390 UNDERSPECIFIED self_review ok
[3/60] mom-000374 OMISSION self_review ok
[4/60] mom-000374 UNDERSPECIFIED self_review ok
[5/60] gra-000219 OMISSION self_review ok
[6/60] gra-000219 UNDERSPECIFIED self_review ok
[7/60] crt-000092 OMISSION self_review ok
[8/60] crt-000092 UNDERSPECIFIED self_review ok
[9/60] gra-000205 OMISSION self_review ok
[10/60] gra-000205 UNDERSPECIFIED self_review ok
[11/60] ran-000566 OMISSION self_review ok
[12/60] ran-000566 UNDERSPECIFIED self_review ok
[13/60] ran-000598 OMISSION self_review ok
[14/60] ran-000598 UNDERSPECIFIED self_review ok
[15/60] mom-000370 OMISSION self_review ok
[16/60] mom-000370 UNDERSPECIFIED self_review ok
[17/60] mom-000373 OMISSION self_review ok
[18/60] mom-000373 UNDERSPECIFIED self_review ok
[19/60] crt-000073 OMISSION self_review ok
[20/60] crt-000073 UNDERSPECIFIED self_review ok
[21/60] lin-000240 OMISSION self_review ok
[22/60] lin-000240 UNDERSPECIFIED self_review ok
[23/60] ran-000559 OMISSION self_review ok
[24/60] ran-000559 UNDERSPECIFIED self_review ok
[25/60] gra-000187 OMISSION self_review ok
[26/60] gra-000187 UNDERSPECIFIED self_review ok
[27/60] lin-000256 OMISSION self_review ok
[28/60] lin-000256 UNDERSPECIFIED self_review ok
[29/60] ran-000561 OMISSION self_review ok
[30/60] ran-000561 UNDERSPECIFIED self_review ok
[31/60] mom-000412 OMISSION self_review ok
[32/60] mom-000412 UNDERSPECIFIED self_review ok
[33/60] gra-000180 OMISSION self_review ok
[34/60] gra-000180 UNDERSPECIFIED self_review ok
[35/60] crt-000101 OMISSION self_review ok
[36/60] crt-000101 UNDERSPECIFIED self_review ok
[37/60] crt-000093 OMISSION self_review ok
[38/60] crt-000093 UNDERSPECIFIED self_review ok
[39/60] lin-000269 OMISSION self_review ok
[40/60] lin-000269 UNDERSPECIFIED self_review ok
[41/60] crt-000116 OMISSION self_review ok
[42/60] crt-000116 UNDERSPECIFIED self_review ok
[43/60] mom-000417 OMISSION self_review ok
[44/60] mom-000417 UNDERSPECIFIED self_review ok
[45/60] lin-000282 OMISSION self_review ok
[46/60] lin-000282 UNDERSPECIFIED self_review ok
[47/60] crt-000086 OMISSION self_review ok
[48/60] crt-000086 UNDERSPECIFIED self_review ok
[49/60] crt-000088 OMISSION self_review ok
[50/60] crt-000088 UNDERSPECIFIED self_review ok
[51/60] gra-000214 OMISSION self_review ok
[52/60] gra-000214 UNDERSPECIFIED self_review ok
[53/60] crt-000090 OMISSION self_review ok
[54/60] crt-000090 UNDERSPECIFIED self_review ok
[55/60] ran-000567 OMISSION self_review ok
[56/60] ran-000567 UNDERSPECIFIED self_review ok
[57/60] mom-000396 OMISSION self_review ok
[58/60] mom-000396 UNDERSPECIFIED self_review ok
[59/60] lin-000283 OMISSION self_review ok
[60/60] lin-000283 UNDERSPECIFIED self_review ok
