[1/20] ran-000570 OMISSION nonunique_grounding ok
[2/20] ran-000570 UNDERSPECIFIED nonunique_grounding ok
[3/20] gra-000189 OMISSION nonunique_grounding ok
[4/20] gra-000189 UNDERSPECIFIED nonunique_grounding ok
[5/20] lin-000259 OMISSION nonunique_grounding ok
[6/20] lin-000259 UNDERSPECIFIED nonunique_grounding ok
[7/20] crt-000062 OMISSION nonunique_grounding ok
[8/20] crt-000062 UNDERSPECIFIED nonunique_grounding ok
[9/20] crt-000089 OMISSION nonunique_grounding ok
[10/20] crt-000089 UNDERSPECIFIED nonunique_grounding ok
[11/20] gra-000234 OMISSION nonunique_grounding ok
[12/20] gra-000234 UNDERSPECIFIED nonunique_grounding ok
[13/20] ran-000565 OMISSION nonunique_grounding ok
[14/20] ran-000565 UNDERSPECIFIED nonunique_grounding ok
[15/20] lin-000260 OMISSION nonunique_grounding ok
[16/20] lin-000260 UNDERSPECIFIED nonunique_grounding ok
[17/20] crt-000068 OMISSION nonunique_grounding ok
[18/20] crt-000068 UNDERSPECIFIED nonunique_grounding ok
[19/20] crt-000097 OMISSION nonunique_grounding ok
[20/20] crt-000097 UNDERSPECIFIED nonunique_grounding ok
