[1/26] crt-000083 OMISSION self_review error
[2/26] crt-000083 UNDERSPECIFIED self_review error
[3/26] mom-000413 OMISSION self_review error
[4/26] mom-000413 UNDERSPECIFIED self_review error
[5/26] ran-000586 OMISSION self_review error
[6/26] ran-000586 UNDERSPECIFIED self_review error
[7/26] mom-000360 OMISSION self_review error
[8/26] mom-000360 UNDERSPECIFIED self_review error
[9/26] crt-000107 OMISSION self_review error
[10/26] crt-000107 UNDERSPECIFIED self_review error
[11/26] mom-000391 OMISSION self_review error
[12/26] mom-000391 UNDERSPECIFIED self_review error
[13/26] ran-000593 OMISSION self_review error
[14/26] ran-000593 UNDERSPECIFIED self_review error
[15/26] mom-000384 OMISSION self_review error
[16/26] mom-000384 UNDERSPECIFIED self_review error
[17/26] mom-000416 OMISSION self_review error
[18/26] mom-000416 UNDERSPECIFIED self_review error
[19/26] lin-000294 OMISSION self_review error
[20/26] lin-000294 UNDERSPECIFIED self_review error
[21/26] mom-000410 OMISSION self_review error
[22/26] mom-000410 UNDERSPECIFIED self_review error
[23/26] mom-000376 OMISSION self_review error
[24/26] mom-000376 UNDERSPECIFIED self_review error
