[1/30] ran-000581 OMISSION nonunique_grounding ok
[2/30] ran-000581 UNDERSPECIFIED nonunique_grounding ok
[3/30] crt-000098 OMISSION nonunique_grounding ok
[4/30] crt-000098 UNDERSPECIFIED nonunique_grounding ok
[5/30] mom-000418 OMISSION nonunique_grounding ok
[6/30] mom-000418 UNDERSPECIFIED nonunique_grounding ok
[7/30] mom-000367 OMISSION nonunique_grounding ok
[8/30] mom-000367 UNDERSPECIFIED nonunique_grounding ok
[9/30] mom-000382 OMISSION nonunique_grounding ok
[10/30] mom-000382 UNDERSPECIFIED nonunique_grounding ok
[11/30] mom-000369 OMISSION nonunique_grounding ok
[12/30] mom-000369 UNDERSPECIFIED nonunique_grounding ok
[13/30] gra-000226 OMISSION nonunique_grounding ok
[14/30] gra-000226 UNDERSPECIFIED nonunique_grounding ok
[15/30] ran-000584 OMISSION nonunique_grounding ok
[16/30] ran-000584 UNDERSPECIFIED nonunique_grounding ok
[17/30] ran-000555 OMISSION nonunique_grounding ok
[18/30] ran-000555 UNDERSPECIFIED nonunique_grounding ok
[19/30] ran-000556 OMISSION nonunique_grounding ok
[20/30] ran-000556 UNDERSPECIFIED nonunique_grounding ok
[21/30] gra-000182 OMISSION nonunique_grounding ok
[22/30] gra-000182 UNDERSPECIFIED nonunique_grounding ok
[23/30] crt-000105 OMISSION nonunique_grounding ok
[24/30] crt-000105 UNDERSPECIFIED nonunique_grounding ok
[25/30] ran-000560 OMISSION nonunique_grounding ok
[26/30] ran-000560 UNDERSPECIFIED nonunique_grounding ok
[27/30] gra-000222 OMISSION nonunique_grounding ok
[28/30] gra-000222 UNDERSPECIFIED nonunique_grounding ok
[29/30] ran-000583 OMISSION nonunique_grounding ok
[30/30] ran-000583 UNDERSPECIFIED nonunique_grounding ok
