[1/20] ran-000570 OMISSION nonunique error
[2/20] ran-000570 UNDERSPECIFIED nonunique error
[3/20] gra-000189 OMISSION nonunique error
[4/20] gra-000189 UNDERSPECIFIED nonunique error
[5/20] lin-000259 OMISSION nonunique error
[6/20] lin-000259 UNDERSPECIFIED nonunique error
[7/20] crt-000062 OMISSION nonunique error
[8/20] crt-000062 UNDERSPECIFIED nonunique error
[9/20] crt-000089 OMISSION nonunique error
[10/20] crt-000089 UNDERSPECIFIED nonunique error
[11/20] gra-000234 OMISSION nonunique error
[12/20] gra-000234 UNDERSPECIFIED nonunique error
[13/20] ran-000565 OMISSION nonunique error
[14/20] ran-000565 UNDERSPECIFIED nonunique error
[15/20] lin-000260 OMISSION nonunique error
[16/20] lin-000260 UNDERSPECIFIED nonunique error
[17/20] crt-000068 OMISSION nonunique error
[18/20] crt-000068 UNDERSPECIFIED nonunique error
[19/20] crt-000097 OMISSION nonunique error
[20/20] crt-000097 UNDERSPECIFIED nonunique error
