[1/20] crt-000094 OMISSION grounded_self_review error
[2/20] crt-000094 UNDERSPECIFIED grounded_self_review error
[3/20] crt-000070 OMISSION grounded_self_review error
[4/20] crt-000070 UNDERSPECIFIED grounded_self_review error
[5/20] lin-000253 OMISSION grounded_self_review error
[6/20] lin-000253 UNDERSPECIFIED grounded_self_review error
[7/20] ran-000589 OMISSION grounded_self_review error
[8/20] ran-000589 UNDERSPECIFIED grounded_self_review error
[9/20] lin-000292 OMISSION grounded_self_review error
[10/20] lin-000292 UNDERSPECIFIED grounded_self_review error
[11/20] gra-000213 OMISSION grounded_self_review error
[12/20] gra-000213 UNDERSPECIFIED grounded_self_review error
[13/20] ran-000563 OMISSION grounded_self_review error
[14/20] ran-000563 UNDERSPECIFIED grounded_self_review error
[15/20] ran-000548 OMISSION grounded_self_review error
[16/20] ran-000548 UNDERSPECIFIED grounded_self_review error
[17/20] lin-000275 OMISSION grounded_self_review error
[18/20] lin-000275 UNDERSPECIFIED grounded_self_review error
[19/20] ran-000541 OMISSION grounded_self_review error
[20/20] ran-000541 UNDERSPECIFIED grounded_self_review error
