[1/30] lin-000267 OMISSION nonunique ok
[2/30] lin-000267 UNDERSPECIFIED nonunique ok
[3/30] ran-000569 OMISSION nonunique ok
[4/30] ran-000569 UNDERSPECIFIED nonunique ok
[5/30] mom-000392 OMISSION nonunique ok
[6/30] mom-000392 UNDERSPECIFIED nonunique ok
[7/30] mom-000363 OMISSION nonunique ok
[8/30] mom-000363 UNDERSPECIFIED nonunique ok
[9/30] mom-000419 OMISSION nonunique ok
[10/30] mom-000419 UNDERSPECIFIED nonunique ok
[11/30] mom-000380 OMISSION nonunique ok
[12/30] mom-000380 UNDERSPECIFIED nonunique ok
[13/30] lin-000271 OMISSION nonunique ok
[14/30] lin-000271 UNDERSPECIFIED nonunique ok
[15/30] ran-000572 OMISSION nonunique ok
[16/30] ran-000572 UNDERSPECIFIED nonunique ok
[17/30] mom-000411 OMISSION nonunique ok
[18/30] mom-000411 UNDERSPECIFIED nonunique ok
[19/30] crt-000112 OMISSION nonunique ok
[20/30] crt-000112 UNDERSPECIFIED nonunique ok
[21/30] lin-000251 OMISSION nonunique ok
[22/30] lin-000251 UNDERSPECIFIED nonunique ok
[23/30] gra-000181 OMISSION nonunique ok
[24/30] gra-000181 UNDERSPECIFIED nonunique ok
[25/30] mom-000364 OMISSION nonunique ok
[26/30] mom-000364 UNDERSPECIFIED nonunique ok
[27/30] mom-000399 OMISSION nonunique ok
[28/30] mom-000399 UNDERSPECIFIED nonunique ok
[29/30] mom-000386 OMISSION nonunique ok
[30/30] mom-000386 UNDERSPECIFIED nonunique ok
