[1/30] lin-000241 OMISSION self_review error
[2/30] lin-000241 UNDERSPECIFIED self_review error
[3/30] mom-000381 OMISSION self_review error
[4/30] mom-000381 UNDERSPECIFIED self_review error
[5/30] crt-000095 OMISSION self_review error
[6/30] crt-000095 UNDERSPECIFIED self_review error
[7/30] crt-000102 OMISSION self_review error
[8/30] crt-000102 UNDERSPECIFIED self_review error
[9/30] mom-000371 OMISSION self_review error
[10/30] mom-000371 UNDERSPECIFIED self_review error
[11/30] crt-000076 OMISSION self_review error
[12/30] crt-000076 UNDERSPECIFIED self_review error
[13/30] lin-000284 OMISSION self_review error
[14/30] lin-000284 UNDERSPECIFIED self_review error
[15/30] mom-000362 OMISSION self_review error
[16/30] mom-000362 UNDERSPECIFIED self_review error
[17/30] gra-000235 OMISSION self_review error
[18/30] gra-000235 UNDERSPECIFIED self_review error
[19/30] mom-000379 OMISSION self_review error
[20/30] mom-000379 UNDERSPECIFIED self_review error
[21/30] ran-000577 OMISSION self_review error
