[1/30] lin-000262 OMISSION nonunique_grounding ok
[2/30] lin-000262 UNDERSPECIFIED nonunique_grounding ok
[3/30] lin-000248 OMISSION nonunique_grounding ok
[4/30] lin-000248 UNDERSPECIFIED nonunique_grounding ok
[5/30] crt-000063 OMISSION nonunique_grounding ok
[6/30] crt-000063 UNDERSPECIFIED nonunique_grounding ok
[7/30] mom-000405 OMISSION nonunique_grounding ok
[8/30] mom-000405 UNDERSPECIFIED nonunique_grounding ok
[9/30] gra-000220 OMISSION nonunique_grounding ok
[10/30] gra-000220 UNDERSPECIFIED nonunique_grounding ok
[11/30] mom-000408 OMISSION nonunique_grounding ok
[12/30] mom-000408 UNDERSPECIFIED nonunique_grounding ok
[13/30] lin-000298 OMISSION nonunique_grounding ok
[14/30] lin-000298 UNDERSPECIFIED nonunique_grounding ok
[15/30] crt-000085 OMISSION nonunique_grounding ok
[16/30] crt-000085 UNDERSPECIFIED nonunique_grounding ok
[17/30] ran-000594 OMISSION nonunique_grounding ok
[18/30] ran-000594 UNDERSPECIFIED nonunique_grounding ok
[19/30] mom-000407 OMISSION nonunique_grounding ok
[20/30] mom-000407 UNDERSPECIFIED nonunique_grounding ok
[21/30] mom-000415 OMISSION nonunique_grounding ok
[22/30] mom-000415 UNDERSPECIFIED nonunique_grounding ok
[23/30] mom-000377 OMISSION nonunique_grounding ok
[24/30] mom-000377 UNDERSPECIFIED nonunique_grounding ok
[25/30] crt-000114 OMISSION nonunique_grounding ok
[26/30] crt-000114 UNDERSPECIFIED nonunique_grounding ok
[27/30] mom-000387 OMISSION nonunique_grounding ok
[28/30] mom-000387 UNDERSPECIFIED nonunique_grounding ok
[29/30] mom-000372 OMISSION nonunique_grounding ok
[30/30] mom-000372 UNDERSPECIFIED nonunique_grounding ok
