[1/20] gra-000236 OMISSION grounded_self_review error
[2/20] gra-000236 UNDERSPECIFIED grounded_self_review error
[3/20] crt-000087 OMISSION grounded_self_review error
[4/20] crt-000087 UNDERSPECIFIED grounded_self_review error
[5/20] lin-000255 OMISSION grounded_self_review error
[6/20] lin-000255 UNDERSPECIFIED grounded_self_review error
[7/20] gra-000216 OMISSION grounded_self_review error
[8/20] gra-000216 UNDERSPECIFIED grounded_self_review error
[9/20] ran-000597 OMISSION grounded_self_review error
[10/20] ran-000597 UNDERSPECIFIED grounded_self_review error
[11/20] gra-000190 OMISSION grounded_self_review error
[12/20] gra-000190 UNDERSPECIFIED grounded_self_review error
[13/20] crt-000115 OMISSION grounded_self_review error
[14/20] crt-000115 UNDERSPECIFIED grounded_self_review error
[15/20] gra-000201 OMISSION grounded_self_review error
[16/20] gra-000201 UNDERSPECIFIED grounded_self_review error
[17/20] ran-000588 OMISSION grounded_self_review error
[18/20] ran-000588 UNDERSPECIFIED grounded_self_review error
[19/20] crt-000099 OMISSION grounded_self_review error
[20/20] crt-000099 UNDERSPECIFIED grounded_self_review error
