[1/26] mom-000409 OMISSION nonunique error
[2/26] mom-000409 UNDERSPECIFIED nonunique error
[3/26] ran-000542 OMISSION nonunique error
[4/26] ran-000542 UNDERSPECIFIED nonunique error
[5/26] gra-000184 OMISSION nonunique error
[6/26] gra-000184 UNDERSPECIFIED nonunique error
[7/26] lin-000257 OMISSION nonunique error
[8/26] lin-000257 UNDERSPECIFIED nonunique error
[9/26] lin-000268 OMISSION nonunique error
[10/26] lin-000268 UNDERSPECIFIED nonunique error
[11/26] lin-000296 OMISSION nonunique error
[12/26] lin-000296 UNDERSPECIFIED nonunique error
[13/26] ran-000599 OMISSION nonunique error
[14/26] ran-000599 UNDERSPECIFIED nonunique error
[15/26] mom-000361 OMISSION nonunique error
[16/26] mom-000361 UNDERSPECIFIED nonunique error
[17/26] gra-000228 OMISSION nonunique error
[18/26] gra-000228 UNDERSPECIFIED nonunique error
[19/26] ran-000552 OMISSION nonunique error
[20/26] ran-000552 UNDERSPECIFIED nonunique error
[21/26] gra-000225 OMISSION nonunique error
[22/26] gra-000225 UNDERSPECIFIED nonunique error
[23/26] ran-000553 OMISSION nonunique error
