[1/24] lin-000277 OMISSION nonunique ok
[2/24] lin-000277 UNDERSPECIFIED nonunique ok
[3/24] mom-000393 OMISSION nonunique ok
[4/24] mom-000393 UNDERSPECIFIED nonunique ok
[5/24] gra-000199 OMISSION nonunique ok
[6/24] gra-000199 UNDERSPECIFIED nonunique ok
[7/24] lin-000273 OMISSION nonunique ok
[8/24] lin-000273 UNDERSPECIFIED nonunique ok
[9/24] mom-000406 OMISSION nonunique ok
[10/24] mom-000406 UNDERSPECIFIED nonunique ok
[11/24] gra-000233 OMISSION nonunique ok
[12/24] gra-000233 UNDERSPECIFIED nonunique ok
[13/24] ran-000582 OMISSION nonunique ok
[14/24] ran-000582 UNDERSPECIFIED nonunique ok
[15/24] ran-000591 OMISSION nonunique ok
[16/24] ran-000591 UNDERSPECIFIED nonunique ok
[17/24] crt-000069 OMISSION nonunique ok
[18/24] crt-000069 UNDERSPECIFIED nonunique ok
[19/24] gra-000231 OMISSION nonunique ok
[20/24] gra-000231 UNDERSPECIFIED nonunique ok
[21/24] crt-000106 OMISSION nonunique ok
[22/24] crt-000106 UNDERSPECIFIED nonunique ok
[23/24] ran-000590 OMISSION nonunique ok
[24/24] ran-000590 UNDERSPECIFIED nonunique ok
