[1/20] lin-000279 OMISSION nonunique_grounding error
[2/20] lin-000279 UNDERSPECIFIED nonunique_grounding error
[3/20] lin-000244 OMISSION nonunique_grounding error
[4/20] lin-000244 UNDERSPECIFIED nonunique_grounding error
[5/20] crt-000078 OMISSION nonunique_grounding error
[6/20] crt-000078 UNDERSPECIFIED nonunique_grounding error
[7/20] ran-000564 OMISSION nonunique_grounding error
[8/20] ran-000564 UNDERSPECIFIED nonunique_grounding error
[9/20] ran-000595 OMISSION nonunique_grounding error
[10/20] ran-000595 UNDERSPECIFIED nonunique_grounding error
[11/20] ran-000543 OMISSION nonunique_grounding error
[12/20] ran-000543 UNDERSPECIFIED nonunique_grounding error
[13/20] ran-000579 OMISSION nonunique_grounding error
[14/20] ran-000579 UNDERSPECIFIED nonunique_grounding error
[15/20] ran-000550 OMISSION nonunique_grounding error
[16/20] ran-000550 UNDERSPECIFIED nonunique_grounding error
[17/20] gra-000209 OMISSION nonunique_grounding error
[18/20] gra-000209 UNDERSPECIFIED nonunique_grounding error
[19/20] lin-000261 OMISSION nonunique_grounding error
[20/20] lin-000261 UNDERSPECIFIED nonunique_grounding error
