[1/24] crt-000072 OMISSION nonunique_grounding ok
[2/24] crt-000072 UNDERSPECIFIED nonunique_grounding ok
[3/24] ran-000573 OMISSION nonunique_grounding ok
[4/24] ran-000573 UNDERSPECIFIED nonunique_grounding ok
[5/24] crt-000066 OMISSION nonunique_grounding ok
[6/24] crt-000066 UNDERSPECIFIED nonunique_grounding ok
[7/24] ran-000546 OMISSION nonunique_grounding ok
[8/24] ran-000546 UNDERSPECIFIED nonunique_grounding ok
[9/24] gra-000232 OMISSION nonunique_grounding ok
[10/24] gra-000232 UNDERSPECIFIED nonunique_grounding ok
[11/24] crt-000096 OMISSION nonunique_grounding ok
[12/24] crt-000096 UNDERSPECIFIED nonunique_grounding ok
[13/24] crt-000074 OMISSION nonunique_grounding ok
[14/24] crt-000074 UNDERSPECIFIED nonunique_grounding ok
[15/24] lin-000280 OMISSION nonunique_grounding ok
[16/24] lin-000280 UNDERSPECIFIED nonunique_grounding ok
[17/24] ran-000571 OMISSION nonunique_grounding ok
[18/24] ran-000571 UNDERSPECIFIED nonunique_grounding ok
[19/24] ran-000574 OMISSION nonunique_grounding ok
[20/24] ran-000574 UNDERSPECIFIED nonunique_grounding ok
[21/24] lin-000289 OMISSION nonunique_grounding ok
[22/24] lin-000289 UNDERSPECIFIED nonunique_grounding ok
[23/24] ran-000562 OMISSION nonunique_grounding ok
[24/24] ran-000562 UNDERSPECIFIED nonunique_grounding ok
