[1/26] crt-000083 OMISSION nonunique ok
[2/26] crt-000083 UNDERSPECIFIED nonunique ok
[3/26] mom-000413 OMISSION nonunique ok
[4/26] mom-000413 UNDERSPECIFIED nonunique ok
[5/26] ran-000586 OMISSION nonunique ok
[6/26] ran-000586 UNDERSPECIFIED nonunique ok
[7/26] mom-000360 OMISSION nonunique ok
[8/26] mom-000360 UNDERSPECIFIED nonunique ok
[9/26] crt-000107 OMISSION nonunique ok
[10/26] crt-000107 UNDERSPECIFIED nonunique ok
[11/26] mom-000391 OMISSION nonunique ok
[12/26] mom-000391 UNDERSPECIFIED nonunique ok
[13/26] ran-000593 OMISSION nonunique ok
[14/26] ran-000593 UNDERSPECIFIED nonunique ok
[15/26] mom-000384 OMISSION nonunique ok
[16/26] mom-000384 UNDERSPECIFIED nonunique ok
[17/26] mom-000416 OMISSION nonunique ok
[18/26] mom-000416 UNDERSPECIFIED nonunique ok
[19/26] lin-000294 OMISSION nonunique ok
[20/26] lin-000294 UNDERSPECIFIED nonunique ok
[21/26] mom-000410 OMISSION nonunique ok
[22/26] mom-000410 UNDERSPECIFIED nonunique ok
[23/26] mom-000376 OMISSION nonunique ok
[24/26] mom-000376 UNDERSPECIFIED nonunique ok
[25/26] crt-000079 OMISSION nonunique ok
[26/26] crt-000079 UNDERSPECIFIED nonunique ok
