[1/26] gra-000227 OMISSION nonunique ok
[2/26] gra-000227 UNDERSPECIFIED nonunique ok
[3/26] mom-000401 OMISSION nonunique ok
[4/26] mom-000401 UNDERSPECIFIED nonunique ok
[5/26] mom-000395 OMISSION nonunique ok
[6/26] mom-000395 UNDERSPECIFIED nonunique ok
[7/26] mom-000398 OMISSION nonunique ok
[8/26] mom-000398 UNDERSPECIFIED nonunique ok
[9/26] ran-000568 OMISSION nonunique ok
[10/26] ran-000568 UNDERSPECIFIED nonunique ok
[11/26] ran-000575 OMISSION nonunique ok
[12/26] ran-000575 UNDERSPECIFIED nonunique ok
[13/26] ran-000549 OMISSION nonunique ok
[14/26] ran-000549 UNDERSPECIFIED nonunique ok
[15/26] gra-000210 OMISSION nonunique ok
[16/26] gra-000210 UNDERSPECIFIED nonunique ok
[17/26] mom-000366 OMISSION nonunique ok
[18/26] mom-000366 UNDERSPECIFIED nonunique ok
[19/26] crt-000113 OMISSION nonunique ok
[20/26] crt-000113 UNDERSPECIFIED nonunique ok
[21/26] mom-000385 OMISSION nonunique ok
[22/26] mom-000385 UNDERSPECIFIED nonunique ok
[23/26] lin-000286 OMISSION nonunique ok
[24/26] lin-000286 UNDERSPECIFIED nonunique ok
[25/26] lin-000299 OMISSION nonunique ok
[26/26] lin-000299 UNDERSPECIFIED nonunique ok
