[1/30] mom-000390 OMISSION grounded_self_review ok
[2/30] mom-000390 UNDERSPECIFIED grounded_self_review ok
[3/30] gra-000219 OMISSION grounded_self_review ok
[4/30] gra-000219 UNDERSPECIFIED grounded_self_review ok
[5/30] gra-000205 OMISSION grounded_self_review ok
[6/30] gra-000205 UNDERSPECIFIED grounded_self_review ok
[7/30] ran-000598 OMISSION grounded_self_review ok
[8/30] ran-000598 UNDERSPECIFIED grounded_self_review ok
[9/30] mom-000373 OMISSION grounded_self_review ok
[10/30] mom-000373 UNDERSPECIFIED grounded_self_review ok
[11/30] lin-000240 OMISSION grounded_self_review ok
[12/30] lin-000240 UNDERSPECIFIED grounded_self_review ok
[13/30] gra-000187 OMISSION grounded_self_review ok
[14/30] gra-000187 UNDERSPECIFIED grounded_self_review ok
[15/30] ran-000561 OMISSION grounded_self_review ok
[16/30] ran-000561 UNDERSPECIFIED grounded_self_review ok
[17/30] gra-000180 OMISSION grounded_self_review ok
[18/30] gra-000180 UNDERSPECIFIED grounded_self_review ok
[19/30] crt-000093 OMISSION grounded_self_review ok
[20/30] crt-000093 UNDERSPECIFIED grounded_self_review ok
[21/30] crt-000116 OMISSION grounded_self_review ok
[22/30] crt-000116 UNDERSPECIFIED grounded_self_review ok
[23/30] lin-000282 OMISSION grounded_self_review ok
[24/30] lin-000282 UNDERSPECIFIED grounded_self_review ok
[25/30] crt-000088 OMISSION grounded_self_review ok
[26/30] crt-000088 UNDERSPECIFIED grounded_self_review ok
[27/30] crt-000090 OMISSION grounded_self_review ok
[28/30] crt-000090 UNDERSPECIFIED grounded_self_review ok
[29/30] mom-000396 OMISSION grounded_self_review ok
[30/30] mom-000396 UNDERSPECIFIED grounded_self_review ok
