[1/30] ran-000544 OMISSION grounded_self_review ok
[2/30] ran-000544 UNDERSPECIFIED grounded_self_review ok
[3/30] gra-000230 OMISSION grounded_self_review ok
[4/30] gra-000230 UNDERSPECIFIED grounded_self_review ok
[5/30] lin-000276 OMISSION grounded_self_review ok
[6/30] lin-000276 UNDERSPECIFIED grounded_self_review ok
[7/30] ran-000551 OMISSION grounded_self_review ok
[8/30] ran-000551 UNDERSPECIFIED grounded_self_review ok
[9/30] mom-000397 OMISSION grounded_self_review ok
[10/30] mom-000397 UNDERSPECIFIED grounded_self_review ok
[11/30] ran-000580 OMISSION grounded_self_review ok
[12/30] ran-000580 UNDERSPECIFIED grounded_self_review ok
[13/30] crt-000104 OMISSION grounded_self_review ok
[14/30] crt-000104 UNDERSPECIFIED grounded_self_review ok
[15/30] gra-000197 OMISSION grounded_self_review ok
[16/30] gra-000197 UNDERSPECIFIED grounded_self_review ok
[17/30] mom-000383 OMISSION grounded_self_review ok
[18/30] mom-000383 UNDERSPECIFIED grounded_self_review ok
[19/30] gra-000185 OMISSION grounded_self_review ok
[20/30] gra-000185 UNDERSPECIFIED grounded_self_review ok
[21/30] lin-000295 OMISSION grounded_self_review ok
[22/30] lin-000295 UNDERSPECIFIED grounded_self_review ok
[23/30] gra-000218 OMISSION grounded_self_review ok
[24/30] gra-000218 UNDERSPECIFIED grounded_self_review ok
[25/30] lin-000263 OMISSION grounded_self_review ok
[26/30] lin-000263 UNDERSPECIFIED grounded_self_review ok
[27/30] gra-000196 OMISSION grounded_self_review ok
[28/30] gra-000196 UNDERSPECIFIED grounded_self_review ok
[29/30] mom-000403 OMISSION grounded_self_review ok
[30/30] mom-000403 UNDERSPECIFIED grounded_self_review ok
