[1/24] lin-000258 OMISSION grounded_self_review ok
[2/24] lin-000258 UNDERSPECIFIED grounded_self_review ok
[3/24] gra-000200 OMISSION grounded_self_review ok
[4/24] gra-000200 UNDERSPECIFIED grounded_self_review ok
[5/24] lin-000285 OMISSION grounded_self_review ok
[6/24] lin-000285 UNDERSPECIFIED grounded_self_review ok
[7/24] crt-000118 OMISSION grounded_self_review ok
[8/24] crt-000118 UNDERSPECIFIED grounded_self_review ok
[9/24] gra-000212 OMISSION grounded_self_review ok
[10/24] gra-000212 UNDERSPECIFIED grounded_self_review ok
[11/24] lin-000242 OMISSION grounded_self_review ok
[12/24] lin-000242 UNDERSPECIFIED grounded_self_review ok
[13/24] lin-000250 OMISSION grounded_self_review ok
[14/24] lin-000250 UNDERSPECIFIED grounded_self_review ok
[15/24] crt-000109 OMISSION grounded_self_review ok
[16/24] crt-000109 UNDERSPECIFIED grounded_self_review ok
[17/24] ran-000587 OMISSION grounded_self_review ok
[18/24] ran-000587 UNDERSPECIFIED grounded_self_review ok
[19/24] lin-000266 OMISSION grounded_self_review ok
[20/24] lin-000266 UNDERSPECIFIED grounded_self_review ok
[21/24] crt-000119 OMISSION grounded_self_review ok
[22/24] crt-000119 UNDERSPECIFIED grounded_self_review ok
[23/24] lin-000290 OMISSION grounded_self_review ok
[24/24] lin-000290 UNDERSPECIFIED grounded_self_review ok
