[1/24] lin-000277 OMISSION nonunique_grounding error
[2/24] lin-000277 UNDERSPECIFIED nonunique_grounding error
[3/24] mom-000393 OMISSION nonunique_grounding error
[4/24] mom-000393 UNDERSPECIFIED nonunique_grounding error
[5/24] gra-000199 OMISSION nonunique_grounding error
[6/24] gra-000199 UNDERSPECIFIED nonunique_grounding error
[7/24] lin-000273 OMISSION nonunique_grounding error
[8/24] lin-000273 UNDERSPECIFIED nonunique_grounding error
[9/24] mom-000406 OMISSION nonunique_grounding error
[10/24] mom-000406 UNDERSPECIFIED nonunique_grounding error
[11/24] gra-000233 OMISSION nonunique_grounding error
[12/24] gra-000233 UNDERSPECIFIED nonunique_grounding error
[13/24] ran-000582 OMISSION nonunique_grounding error
[14/24] ran-000582 UNDERSPECIFIED nonunique_grounding error
[15/24] ran-000591 OMISSION nonunique_grounding error
[16/24] ran-000591 UNDERSPECIFIED nonunique_grounding error
[17/24] crt-000069 OMISSION nonunique_grounding error
[18/24] crt-000069 UNDERSPECIFIED nonunique_grounding error
[19/24] gra-000231 OMISSION nonunique_grounding error
[20/24] gra-000231 UNDERSPECIFIED nonunique_grounding error
[21/24] crt-000106 OMISSION nonunique_grounding error
