[1/26] gra-000227 OMISSION nonunique error
[2/26] gra-000227 UNDERSPECIFIED nonunique error
[3/26] mom-000401 OMISSION nonunique error
[4/26] mom-000401 UNDERSPECIFIED nonunique error
[5/26] mom-000395 OMISSION nonunique error
[6/26] mom-000395 UNDERSPECIFIED nonunique error
[7/26] mom-000398 OMISSION nonunique error
[8/26] mom-000398 UNDERSPECIFIED nonunique error
[9/26] ran-000568 OMISSION nonunique error
[10/26] ran-000568 UNDERSPECIFIED nonunique error
[11/26] ran-000575 OMISSION nonunique error
[12/26] ran-000575 UNDERSPECIFIED nonunique error
[13/26] ran-000549 OMISSION nonunique error
[14/26] ran-000549 UNDERSPECIFIED nonunique error
[15/26] gra-000210 OMISSION nonunique error
[16/26] gra-000210 UNDERSPECIFIED nonunique error
[17/26] mom-000366 OMISSION nonunique error
[18/26] mom-000366 UNDERSPECIFIED nonunique error
[19/26] crt-000113 OMISSION nonunique error
[20/26] crt-000113 UNDERSPECIFIED nonunique error
[21/26] mom-000385 OMISSION nonunique error
[22/26] mom-000385 UNDERSPECIFIED nonunique error
[23/26] lin-000286 OMISSION nonunique error
[24/26] lin-000286 UNDERSPECIFIED nonunique error
