[1/30] lin-000262 OMISSION nonunique_grounding error
[2/30] lin-000262 UNDERSPECIFIED nonunique_grounding error
[3/30] lin-000248 OMISSION nonunique_grounding error
[4/30] lin-000248 UNDERSPECIFIED nonunique_grounding error
[5/30] crt-000063 OMISSION nonunique_grounding error
[6/30] crt-000063 UNDERSPECIFIED nonunique_grounding error
[7/30] mom-000405 OMISSION nonunique_grounding error
[8/30] mom-000405 UNDERSPECIFIED nonunique_grounding error
[9/30] gra-000220 OMISSION nonunique_grounding error
[10/30] gra-000220 UNDERSPECIFIED nonunique_grounding error
[11/30] mom-000408 OMISSION nonunique_grounding error
[12/30] mom-000408 UNDERSPECIFIED nonunique_grounding error
[13/30] lin-000298 OMISSION nonunique_grounding error
[14/30] lin-000298 UNDERSPECIFIED nonunique_grounding error
[15/30] crt-000085 OMISSION nonunique_grounding error
[16/30] crt-000085 UNDERSPECIFIED nonunique_grounding error
[17/30] ran-000594 OMISSION nonunique_grounding error
[18/30] ran-000594 UNDERSPECIFIED nonunique_grounding error
[19/30] mom-000407 OMISSION nonunique_grounding error
[20/30] mom-000407 UNDERSPECIFIED nonunique_grounding error
[21/30] mom-000415 OMISSION nonunique_grounding error
[22/30] mom-000415 UNDERSPECIFIED nonunique_grounding error
