[1/30] lin-000241 OMISSION grounded_self_review ok
[2/30] lin-000241 UNDERSPECIFIED grounded_self_review ok
[3/30] mom-000381 OMISSION grounded_self_review ok
[4/30] mom-000381 UNDERSPECIFIED grounded_self_review ok
[5/30] crt-000095 OMISSION grounded_self_review ok
[6/30] crt-000095 UNDERSPECIFIED grounded_self_review ok
[7/30] crt-000102 OMISSION grounded_self_review ok
[8/30] crt-000102 UNDERSPECIFIED grounded_self_review ok
[9/30] mom-000371 OMISSION grounded_self_review ok
[10/30] mom-000371 UNDERSPECIFIED grounded_self_review ok
[11/30] crt-000076 OMISSION grounded_self_review ok
[12/30] crt-000076 UNDERSPECIFIED grounded_self_review ok
[13/30] lin-000284 OMISSION grounded_self_review ok
[14/30] lin-000284 UNDERSPECIFIED grounded_self_review ok
[15/30] mom-000362 OMISSION grounded_self_review ok
[16/30] mom-000362 UNDERSPECIFIED grounded_self_review ok
[17/30] gra-000235 OMISSION grounded_self_review ok
[18/30] gra-000235 UNDERSPECIFIED grounded_self_review ok
[19/30] mom-000379 OMISSION grounded_self_review ok
[20/30] mom-000379 UNDERSPECIFIED grounded_self_review ok
[21/30] ran-000577 OMISSION grounded_self_review ok
[22/30] ran-000577 UNDERSPECIFIED grounded_self_review ok
[23/30] mom-000365 OMISSION grounded_self_review ok
[24/30] mom-000365 UNDERSPECIFIED grounded_self_review ok
[25/30] gra-000238 OMISSION grounded_self_review ok
[26/30] gra-000238 UNDERSPECIFIED grounded_self_review ok
[27/30] ran-000578 OMISSION grounded_self_review ok
[28/30] ran-000578 UNDERSPECIFIED grounded_self_review ok
[29/30] lin-000246 OMISSION grounded_self_review ok
[30/30] lin-000246 UNDERSPECIFIED grounded_self_review ok
