[1/30] mom-000390 OMISSION nonunique ok
[2/30] mom-000390 UNDERSPECIFIED nonunique ok
[3/30] gra-000219 OMISSION nonunique ok
[4/30] gra-000219 UNDERSPECIFIED nonunique ok
[5/30] gra-000205 OMISSION nonunique ok
[6/30] gra-000205 UNDERSPECIFIED nonunique ok
[7/30] ran-000598 OMISSION nonunique ok
[8/30] ran-000598 UNDERSPECIFIED nonunique ok
[9/30] mom-000373 OMISSION nonunique ok
[10/30] mom-000373 UNDERSPECIFIED nonunique ok
[11/30] lin-000240 OMISSION nonunique ok
[12/30] lin-000240 UNDERSPECIFIED nonunique ok
[13/30] gra-000187 OMISSION nonunique ok
[14/30] gra-000187 UNDERSPECIFIED nonunique ok
[15/30] ran-000561 OMISSION nonunique ok
[16/30] ran-000561 UNDERSPECIFIED nonunique ok
[17/30] gra-000180 OMISSION nonunique ok
[18/30] gra-000180 UNDERSPECIFIED nonunique ok
[19/30] crt-000093 OMISSION nonunique ok
[20/30] crt-000093 UNDERSPECIFIED nonunique ok
[21/30] crt-000116 OMISSION nonunique ok
[22/30] crt-000116 UNDERSPECIFIED nonunique ok
[23/30] lin-000282 OMISSION nonunique ok
[24/30] lin-000282 UNDERSPECIFIED nonunique ok
[25/30] crt-000088 OMISSION nonunique ok
[26/30] crt-000088 UNDERSPECIFIED nonunique ok
[27/30] crt-000090 OMISSION nonunique ok
[28/30] crt-000090 UNDERSPECIFIED nonunique ok
[29/30] mom-000396 OMISSION nonunique ok
[30/30] mom-000396 UNDERSPECIFIED nonunique ok
