[1/20] gra-000236 OMISSION nonunique_grounding ok
[2/20] gra-000236 UNDERSPECIFIED nonunique_grounding ok
[3/20] crt-000087 OMISSION nonunique_grounding ok
[4/20] crt-000087 UNDERSPECIFIED nonunique_grounding ok
[5/20] lin-000255 OMISSION nonunique_grounding ok
[6/20] lin-000255 UNDERSPECIFIED nonunique_grounding ok
[7/20] gra-000216 OMISSION nonunique_grounding ok
[8/20] gra-000216 UNDERSPECIFIED nonunique_grounding ok
[9/20] ran-000597 OMISSION nonunique_grounding ok
[10/20] ran-000597 UNDERSPECIFIED nonunique_grounding ok
[11/20] gra-000190 OMISSION nonunique_grounding ok
[12/20] gra-000190 UNDERSPECIFIED nonunique_grounding ok
[13/20] crt-000115 OMISSION nonunique_grounding ok
[14/20] crt-000115 UNDERSPECIFIED nonunique_grounding ok
[15/20] gra-000201 OMISSION nonunique_grounding ok
[16/20] gra-000201 UNDERSPECIFIED nonunique_grounding ok
[17/20] ran-000588 OMISSION nonunique_grounding ok
[18/20] ran-000588 UNDERSPECIFIED nonunique_grounding ok
[19/20] crt-000099 OMISSION nonunique_grounding ok
[20/20] crt-000099 UNDERSPECIFIED nonunique_grounding ok
