[1/30] lin-000241 OMISSION nonunique_grounding error
[2/30] lin-000241 UNDERSPECIFIED nonunique_grounding error
[3/30] mom-000381 OMISSION nonunique_grounding error
[4/30] mom-000381 UNDERSPECIFIED nonunique_grounding error
[5/30] crt-000095 OMISSION nonunique_grounding error
[6/30] crt-000095 UNDERSPECIFIED nonunique_grounding error
[7/30] crt-000102 OMISSION nonunique_grounding error
[8/30] crt-000102 UNDERSPECIFIED nonunique_grounding error
[9/30] mom-000371 OMISSION nonunique_grounding error
[10/30] mom-000371 UNDERSPECIFIED nonunique_grounding error
[11/30] crt-000076 OMISSION nonunique_grounding error
[12/30] crt-000076 UNDERSPECIFIED nonunique_grounding error
[13/30] lin-000284 OMISSION nonunique_grounding error
[14/30] lin-000284 UNDERSPECIFIED nonunique_grounding error
[15/30] mom-000362 OMISSION nonunique_grounding error
[16/30] mom-000362 UNDERSPECIFIED nonunique_grounding error
[17/30] gra-000235 OMISSION nonunique_grounding error
[18/30] gra-000235 UNDERSPECIFIED nonunique_grounding error
[19/30] mom-000379 OMISSION nonunique_grounding error
[20/30] mom-000379 UNDERSPECIFIED nonunique_grounding error
[21/30] ran-000577 OMISSION nonunique_grounding error
[22/30] ran-000577 UNDERSPECIFIED nonunique_grounding error
[23/30] mom-000365 OMISSION nonunique_grounding error
[24/30] mom-000365 UNDERSPECIFIED nonunique_grounding error
[25/30] gra-000238 OMISSION nonunique_grounding error
