[1/26] crt-000083 OMISSION grounded_self_review ok
[2/26] crt-000083 UNDERSPECIFIED grounded_self_review ok
[3/26] mom-000413 OMISSION grounded_self_review ok
[4/26] mom-000413 UNDERSPECIFIED grounded_self_review ok
[5/26] ran-000586 OMISSION grounded_self_review ok
[6/26] ran-000586 UNDERSPECIFIED grounded_self_review ok
[7/26] mom-000360 OMISSION grounded_self_review ok
[8/26] mom-000360 UNDERSPECIFIED grounded_self_review ok
[9/26] crt-000107 OMISSION grounded_self_review ok
[10/26] crt-000107 UNDERSPECIFIED grounded_self_review ok
[11/26] mom-000391 OMISSION grounded_self_review ok
[12/26] mom-000391 UNDERSPECIFIED grounded_self_review ok
[13/26] ran-000593 OMISSION grounded_self_review ok
[14/26] ran-000593 UNDERSPECIFIED grounded_self_review ok
[15/26] mom-000384 OMISSION grounded_self_review ok
[16/26] mom-000384 UNDERSPECIFIED grounded_self_review ok
[17/26] mom-000416 OMISSION grounded_self_review ok
[18/26] mom-000416 UNDERSPECIFIED grounded_self_review ok
[19/26] lin-000294 OMISSION grounded_self_review ok
[20/26] lin-000294 UNDERSPECIFIED grounded_self_review ok
[21/26] mom-000410 OMISSION grounded_self_review ok
[22/26] mom-000410 UNDERSPECIFIED grounded_self_review ok
[23/26] mom-000376 OMISSION grounded_self_review ok
[24/26] mom-000376 UNDERSPECIFIED grounded_self_review ok
[25/26] crt-000079 OMISSION grounded_self_review ok
[26/26] crt-000079 UNDERSPECIFIED grounded_self_review ok
