[1/30] ran-000581 OMISSION nonunique error
[2/30] ran-000581 UNDERSPECIFIED nonunique error
[3/30] crt-000098 OMISSION nonunique error
[4/30] crt-000098 UNDERSPECIFIED nonunique error
[5/30] mom-000418 OMISSION nonunique error
[6/30] mom-000418 UNDERSPECIFIED nonunique error
[7/30] mom-000367 OMISSION nonunique error
[8/30] mom-000367 UNDERSPECIFIED nonunique error
[9/30] mom-000382 OMISSION nonunique error
[10/30] mom-000382 UNDERSPECIFIED nonunique error
[11/30] mom-000369 OMISSION nonunique error
[12/30] mom-000369 UNDERSPECIFIED nonunique error
[13/30] gra-000226 OMISSION nonunique error
[14/30] gra-000226 UNDERSPECIFIED nonunique error
[15/30] ran-000584 OMISSION nonunique error
[16/30] ran-000584 UNDERSPECIFIED nonunique error
[17/30] ran-000555 OMISSION nonunique error
[18/30] ran-000555 UNDERSPECIFIED nonunique error
[19/30] ran-000556 OMISSION nonunique error
[20/30] ran-000556 UNDERSPECIFIED nonunique error
[21/30] gra-000182 OMISSION nonunique error
[22/30] gra-000182 UNDERSPECIFIED nonunique error
[23/30] crt-000105 OMISSION nonunique error
[24/30] crt-000105 UNDERSPECIFIED nonunique error
