[1/26] ran-000592 OMISSION nonunique_grounding error
[2/26] ran-000592 UNDERSPECIFIED nonunique_grounding error
[3/26] gra-000223 OMISSION nonunique_grounding error
[4/26] gra-000223 UNDERSPECIFIED nonunique_grounding error
[5/26] mom-000400 OMISSION nonunique_grounding error
[6/26] mom-000400 UNDERSPECIFIED nonunique_grounding error
[7/26] crt-000084 OMISSION nonunique_grounding error
[8/26] crt-000084 UNDERSPECIFIED nonunique_grounding error
[9/26] lin-000265 OMISSION nonunique_grounding error
[10/26] lin-000265 UNDERSPECIFIED nonunique_grounding error
[11/26] ran-000576 OMISSION nonunique_grounding error
[12/26] ran-000576 UNDERSPECIFIED nonunique_grounding error
[13/26] mom-000375 OMISSION nonunique_grounding error
[14/26] mom-000375 UNDERSPECIFIED nonunique_grounding error
[15/26] lin-000243 OMISSION nonunique_grounding error
[16/26] lin-000243 UNDERSPECIFIED nonunique_grounding error
[17/26] gra-000203 OMISSION nonunique_grounding error
[18/26] gra-000203 UNDERSPECIFIED nonunique_grounding error
[19/26] crt-000111 OMISSION nonunique_grounding error
[20/26] crt-000111 UNDERSPECIFIED nonunique_grounding error
