[1/26] crt-000083 OMISSION nonunique_grounding error
[2/26] crt-000083 UNDERSPECIFIED nonunique_grounding error
[3/26] mom-000413 OMISSION nonunique_grounding error
[4/26] mom-000413 UNDERSPECIFIED nonunique_grounding error
[5/26] ran-000586 OMISSION nonunique_grounding error
[6/26] ran-000586 UNDERSPECIFIED nonunique_grounding error
[7/26] mom-000360 OMISSION nonunique_grounding error
[8/26] mom-000360 UNDERSPECIFIED nonunique_grounding error
[9/26] crt-000107 OMISSION nonunique_grounding error
[10/26] crt-000107 UNDERSPECIFIED nonunique_grounding error
[11/26] mom-000391 OMISSION nonunique_grounding error
[12/26] mom-000391 UNDERSPECIFIED nonunique_grounding error
[13/26] ran-000593 OMISSION nonunique_grounding error
[14/26] ran-000593 UNDERSPECIFIED nonunique_grounding error
[15/26] mom-000384 OMISSION nonunique_grounding error
[16/26] mom-000384 UNDERSPECIFIED nonunique_grounding error
[17/26] mom-000416 OMISSION nonunique_grounding error
[18/26] mom-000416 UNDERSPECIFIED nonunique_grounding error
[19/26] lin-000294 OMISSION nonunique_grounding error
[20/26] lin-000294 UNDERSPECIFIED nonunique_grounding error
[21/26] mom-000410 OMISSION nonunique_grounding error
[22/26] mom-000410 UNDERSPECIFIED nonunique_grounding error
[23/26] mom-000376 OMISSION nonunique_grounding error
[24/26] mom-000376 UNDERSPECIFIED nonunique_grounding error
