[1/40] ran-000570 OMISSION grounded_self_review ok
[2/40] ran-000570 UNDERSPECIFIED grounded_self_review ok
[3/40] lin-000279 OMISSION grounded_self_review ok
[4/40] lin-000279 UNDERSPECIFIED grounded_self_review ok
[5/40] gra-000189 OMISSION grounded_self_review ok
[6/40] gra-000189 UNDERSPECIFIED grounded_self_review ok
[7/40] lin-000244 OMISSION grounded_self_review ok
[8/40] lin-000244 UNDERSPECIFIED grounded_self_review ok
[9/40] lin-000259 OMISSION grounded_self_review ok
[10/40] lin-000259 UNDERSPECIFIED grounded_self_review ok
[11/40] crt-000078 OMISSION grounded_self_review ok
[12/40] crt-000078 UNDERSPECIFIED grounded_self_review ok
[13/40] crt-000062 OMISSION grounded_self_review ok
[14/40] crt-000062 UNDERSPECIFIED grounded_self_review ok
[15/40] ran-000564 OMISSION grounded_self_review ok
[16/40] ran-000564 UNDERSPECIFIED grounded_self_review ok
[17/40] crt-000089 OMISSION grounded_self_review ok
[18/40] crt-000089 UNDERSPECIFIED grounded_self_review ok
[19/40] ran-000595 OMISSION grounded_self_review ok
[20/40] ran-000595 UNDERSPECIFIED grounded_self_review ok
[21/40] gra-000234 OMISSION grounded_self_review ok
[22/40] gra-000234 UNDERSPECIFIED grounded_self_review ok
[23/40] ran-000543 OMISSION grounded_self_review ok
[24/40] ran-000543 UNDERSPECIFIED grounded_self_review ok
[25/40] ran-000565 OMISSION grounded_self_review ok
[26/40] ran-000565 UNDERSPECIFIED grounded_self_review ok
[27/40] ran-000579 OMISSION grounded_self_review ok
[28/40] ran-000579 UNDERSPECIFIED grounded_self_review ok
[29/40] lin-000260 OMISSION grounded_self_review ok
[30/40] lin-000260 UNDERSPECIFIED grounded_self_review ok
[31/40] ran-000550 OMISSION grounded_self_review ok
[32/40] ran-000550 UNDERSPECIFIED grounded_self_review ok
[33/40] crt-000068 OMISSION grounded_self_review ok
[34/40] crt-000068 UNDERSPECIFIED grounded_self_review ok
[35/40] gra-000209 OMISSION grounded_self_review ok
[36/40] gra-000209 UNDERSPECIFIED grounded_self_review ok
[37/40] crt-000097 OMISSION grounded_self_review ok
[38/40] crt-000097 UNDERSPECIFIED grounded_self_review ok
[39/40] lin-000261 OMISSION grounded_self_review ok
[40/40] lin-000261 UNDERSPECIFIED grounded_self_review ok
