[1/20] ran-000585 OMISSION grounded_self_review error
[2/20] ran-000585 UNDERSPECIFIED grounded_self_review error
[3/20] ran-000545 OMISSION grounded_self_review error
[4/20] ran-000545 UNDERSPECIFIED grounded_self_review error
[5/20] lin-000288 OMISSION grounded_self_review error
[6/20] lin-000288 UNDERSPECIFIED grounded_self_review error
[7/20] lin-000252 OMISSION grounded_self_review error
[8/20] lin-000252 UNDERSPECIFIED grounded_self_review error
[9/20] ran-000540 OMISSION grounded_self_review error
[10/20] ran-000540 UNDERSPECIFIED grounded_self_review error
[11/20] lin-000247 OMISSION grounded_self_review error
[12/20] lin-000247 UNDERSPECIFIED grounded_self_review error
[13/20] gra-000224 OMISSION grounded_self_review error
[14/20] gra-000224 UNDERSPECIFIED grounded_self_review error
[15/20] crt-000071 OMISSION grounded_self_review error
[16/20] crt-000071 UNDERSPECIFIED grounded_self_review error
[17/20] crt-000067 OMISSION grounded_self_review error
[18/20] crt-000067 UNDERSPECIFIED grounded_self_review error
[19/20] crt-000081 OMISSION grounded_self_review error
[20/20] crt-000081 UNDERSPECIFIED grounded_self_review error
