[1/40] ran-000585 OMISSION grounded_self_review ok
[2/40] ran-000585 UNDERSPECIFIED grounded_self_review ok
[3/40] gra-000236 OMISSION grounded_self_review ok
[4/40] gra-000236 UNDERSPECIFIED grounded_self_review ok
[5/40] ran-000545 OMISSION grounded_self_review ok
[6/40] ran-000545 UNDERSPECIFIED grounded_self_review ok
[7/40] crt-000087 OMISSION grounded_self_review ok
[8/40] crt-000087 UNDERSPECIFIED grounded_self_review ok
[9/40] lin-000288 OMISSION grounded_self_review ok
[10/40] lin-000288 UNDERSPECIFIED grounded_self_review ok
[11/40] lin-000255 OMISSION grounded_self_review ok
[12/40] lin-000255 UNDERSPECIFIED grounded_self_review ok
[13/40] lin-000252 OMISSION grounded_self_review ok
[14/40] lin-000252 UNDERSPECIFIED grounded_self_review ok
[15/40] gra-000216 OMISSION grounded_self_review ok
[16/40] gra-000216 UNDERSPECIFIED grounded_self_review ok
[17/40] ran-000540 OMISSION grounded_self_review ok
[18/40] ran-000540 UNDERSPECIFIED grounded_self_review ok
[19/40] ran-000597 OMISSION grounded_self_review ok
[20/40] ran-000597 UNDERSPECIFIED grounded_self_review ok
[21/40] lin-000247 OMISSION grounded_self_review ok
[22/40] lin-000247 UNDERSPECIFIED grounded_self_review ok
[23/40] gra-000190 OMISSION grounded_self_review ok
[24/40] gra-000190 UNDERSPECIFIED grounded_self_review ok
[25/40] gra-000224 OMISSION grounded_self_review ok
[26/40] gra-000224 UNDERSPECIFIED grounded_self_review ok
[27/40] crt-000115 OMISSION grounded_self_review ok
[28/40] crt-000115 UNDERSPECIFIED grounded_self_review ok
[29/40] crt-000071 OMISSION grounded_self_review ok
[30/40] crt-000071 UNDERSPECIFIED grounded_self_review ok
[31/40] gra-000201 OMISSION grounded_self_review ok
[32/40] gra-000201 UNDERSPECIFIED grounded_self_review ok
[33/40] crt-000067 OMISSION grounded_self_review ok
[34/40] crt-000067 UNDERSPECIFIED grounded_self_review ok
[35/40] ran-000588 OMISSION grounded_self_review ok
[36/40] ran-000588 UNDERSPECIFIED grounded_self_review ok
[37/40] crt-000081 OMISSION grounded_self_review ok
[38/40] crt-000081 UNDERSPECIFIED grounded_self_review ok
[39/40] crt-000099 OMISSION grounded_self_review ok
[40/40] crt-000099 UNDERSPECIFIED grounded_self_review ok
