[1/30] lin-000262 OMISSION nonunique ok
[2/30] lin-000262 UNDERSPECIFIED nonunique ok
[3/30] lin-000248 OMISSION nonunique ok
[4/30] lin-000248 UNDERSPECIFIED nonunique ok
[5/30] crt-000063 OMISSION nonunique ok
[6/30] crt-000063 UNDERSPECIFIED nonunique ok
[7/30] mom-000405 OMISSION nonunique ok
[8/30] mom-000405 UNDERSPECIFIED nonunique ok
[9/30] gra-000220 OMISSION nonunique ok
[10/30] gra-000220 UNDERSPECIFIED nonunique ok
[11/30] mom-000408 OMISSION nonunique ok
[12/30] mom-000408 UNDERSPECIFIED nonunique ok
[13/30] lin-000298 OMISSION nonunique ok
[14/30] lin-000298 UNDERSPECIFIED nonunique ok
[15/30] crt-000085 OMISSION nonunique ok
[16/30] crt-000085 UNDERSPECIFIED nonunique ok
[17/30] ran-000594 OMISSION nonunique ok
[18/30] ran-000594 UNDERSPECIFIED nonunique ok
[19/30] mom-000407 OMISSION nonunique ok
[20/30] mom-000407 UNDERSPECIFIED nonunique ok
[21/30] mom-000415 OMISSION nonunique ok
[22/30] mom-000415 UNDERSPECIFIED nonunique ok
[23/30] mom-000377 OMISSION nonunique ok
[24/30] mom-000377 UNDERSPECIFIED nonunique ok
[25/30] crt-000114 OMISSION nonunique ok
[26/30] crt-000114 UNDERSPECIFIED nonunique ok
[27/30] mom-000387 OMISSION nonunique ok
[28/30] mom-000387 UNDERSPECIFIED nonunique ok
[29/30] mom-000372 OMISSION nonunique ok
[30/30] mom-000372 UNDERSPECIFIED nonunique ok
