[1/20] gra-000208 OMISSION grounded_self_review error
[2/20] gra-000208 UNDERSPECIFIED grounded_self_review error
[3/20] crt-000077 OMISSION grounded_self_review error
[4/20] crt-000077 UNDERSPECIFIED grounded_self_review error
[5/20] gra-000191 OMISSION grounded_self_review error
[6/20] gra-000191 UNDERSPECIFIED grounded_self_review error
[7/20] ran-000557 OMISSION grounded_self_review error
[8/20] ran-000557 UNDERSPECIFIED grounded_self_review error
[9/20] crt-000117 OMISSION grounded_self_review error
[10/20] crt-000117 UNDERSPECIFIED grounded_self_review error
[11/20] lin-000291 OMISSION grounded_self_review error
[12/20] lin-000291 UNDERSPECIFIED grounded_self_review error
[13/20] crt-000075 OMISSION grounded_self_review error
[14/20] crt-000075 UNDERSPECIFIED grounded_self_review error
[15/20] gra-000211 OMISSION grounded_self_review error
[16/20] gra-000211 UNDERSPECIFIED grounded_self_review error
[17/20] gra-000195 OMISSION grounded_self_review error
[18/20] gra-000195 UNDERSPECIFIED grounded_self_review error
[19/20] gra-000239 OMISSION grounded_self_review error
[20/20] gra-000239 UNDERSPECIFIED grounded_self_review error
