[1/30] lin-000278 OMISSION grounded_self_review error
[2/30] lin-000278 UNDERSPECIFIED grounded_self_review error
[3/30] ran-000596 OMISSION grounded_self_review error
[4/30] ran-000596 UNDERSPECIFIED grounded_self_review error
[5/30] lin-000297 OMISSION grounded_self_review error
[6/30] lin-000297 UNDERSPECIFIED grounded_self_review error
[7/30] mom-000389 OMISSION grounded_self_review error
[8/30] mom-000389 UNDERSPECIFIED grounded_self_review error
[9/30] lin-000249 OMISSION grounded_self_review error
[10/30] lin-000249 UNDERSPECIFIED grounded_self_review error
[11/30] gra-000194 OMISSION grounded_self_review error
[12/30] gra-000194 UNDERSPECIFIED grounded_self_review error
[13/30] crt-000060 OMISSION grounded_self_review error
[14/30] crt-000060 UNDERSPECIFIED grounded_self_review error
[15/30] gra-000183 OMISSION grounded_self_review error
[16/30] gra-000183 UNDERSPECIFIED grounded_self_review error
[17/30] gra-000186 OMISSION grounded_self_review error
[18/30] gra-000186 UNDERSPECIFIED grounded_self_review error
[19/30] crt-000100 OMISSION grounded_self_review error
[20/30] crt-000100 UNDERSPECIFIED grounded_self_review error
[21/30] mom-000394 OMISSION grounded_self_review error
[22/30] mom-000394 UNDERSPECIFIED grounded_self_review error
