[1/20] gra-000198 OMISSION nonunique_grounding error
[2/20] gra-000198 UNDERSPECIFIED nonunique_grounding error
[3/20] lin-000245 OMISSION nonunique_grounding error
[4/20] lin-000245 UNDERSPECIFIED nonunique_grounding error
[5/20] ran-000554 OMISSION nonunique_grounding error
[6/20] ran-000554 UNDERSPECIFIED nonunique_grounding error
[7/20] lin-000264 OMISSION nonunique_grounding error
[8/20] lin-000264 UNDERSPECIFIED nonunique_grounding error
[9/20] gra-000204 OMISSION nonunique_grounding error
[10/20] gra-000204 UNDERSPECIFIED nonunique_grounding error
[11/20] lin-000287 OMISSION nonunique_grounding error
[12/20] lin-000287 UNDERSPECIFIED nonunique_grounding error
[13/20] gra-000215 OMISSION nonunique_grounding error
[14/20] gra-000215 UNDERSPECIFIED nonunique_grounding error
[15/20] gra-000221 OMISSION nonunique_grounding error
[16/20] gra-000221 UNDERSPECIFIED nonunique_grounding error
[17/20] crt-000091 OMISSION nonunique_grounding error
[18/20] crt-000091 UNDERSPECIFIED nonunique_grounding error
[19/20] lin-000270 OMISSION nonunique_grounding error
[20/20] lin-000270 UNDERSPECIFIED nonunique_grounding error
