[1/20] gra-000198 OMISSION self_review error
[2/20] gra-000198 UNDERSPECIFIED self_review error
[3/20] lin-000245 OMISSION self_review error
[4/20] lin-000245 UNDERSPECIFIED self_review error
[5/20] ran-000554 OMISSION self_review error
[6/20] ran-000554 UNDERSPECIFIED self_review error
[7/20] lin-000264 OMISSION self_review error
[8/20] lin-000264 UNDERSPECIFIED self_review error
[9/20] gra-000204 OMISSION self_review error
[10/20] gra-000204 UNDERSPECIFIED self_review error
[11/20] lin-000287 OMISSION self_review error
[12/20] lin-000287 UNDERSPECIFIED self_review error
[13/20] gra-000215 OMISSION self_review error
[14/20] gra-000215 UNDERSPECIFIED self_review error
[15/20] gra-000221 OMISSION self_review error
[16/20] gra-000221 UNDERSPECIFIED self_review error
[17/20] crt-000091 OMISSION self_review error
[18/20] crt-000091 UNDERSPECIFIED self_review error
[19/20] lin-000270 OMISSION self_review error
[20/20] lin-000270 UNDERSPECIFIED self_review error
