[1/20] ran-000585 OMISSION self_review error
[2/20] ran-000585 UNDERSPECIFIED self_review error
[3/20] ran-000545 OMISSION self_review error
[4/20] ran-000545 UNDERSPECIFIED self_review error
[5/20] lin-000288 OMISSION self_review error
[6/20] lin-000288 UNDERSPECIFIED self_review error
[7/20] lin-000252 OMISSION self_review error
[8/20] lin-000252 UNDERSPECIFIED self_review error
[9/20] ran-000540 OMISSION self_review error
[10/20] ran-000540 UNDERSPECIFIED self_review error
[11/20] lin-000247 OMISSION self_review error
[12/20] lin-000247 UNDERSPECIFIED self_review error
[13/20] gra-000224 OMISSION self_review error
[14/20] gra-000224 UNDERSPECIFIED self_review error
[15/20] crt-000071 OMISSION self_review error
[16/20] crt-000071 UNDERSPECIFIED self_review error
[17/20] crt-000067 OMISSION self_review error
[18/20] crt-000067 UNDERSPECIFIED self_review error
[19/20] crt-000081 OMISSION self_review error
[20/20] crt-000081 UNDERSPECIFIED self_review error
