[1/40] ran-000585 OMISSION self_review ok
[2/40] ran-000585 UNDERSPECIFIED self_review ok
[3/40] gra-000236 OMISSION self_review ok
[4/40] gra-000236 UNDERSPECIFIED self_review ok
[5/40] ran-000545 OMISSION self_review ok
[6/40] ran-000545 UNDERSPECIFIED self_review ok
[7/40] crt-000087 OMISSION self_review ok
[8/40] crt-000087 UNDERSPECIFIED self_review ok
[9/40] lin-000288 OMISSION self_review ok
[10/40] lin-000288 UNDERSPECIFIED self_review ok
[11/40] lin-000255 OMISSION self_review ok
[12/40] lin-000255 UNDERSPECIFIED self_review ok
[13/40] lin-000252 OMISSION self_review ok
[14/40] lin-000252 UNDERSPECIFIED self_review ok
[15/40] gra-000216 OMISSION self_review ok
[16/40] gra-000216 UNDERSPECIFIED self_review ok
[17/40] ran-000540 OMISSION self_review ok
[18/40] ran-000540 UNDERSPECIFIED self_review ok
[19/40] ran-000597 OMISSION self_review ok
[20/40] ran-000597 UNDERSPECIFIED self_review ok
[21/40] lin-000247 OMISSION self_review ok
[22/40] lin-000247 UNDERSPECIFIED self_review ok
[23/40] gra-000190 OMISSION self_review ok
[24/40] gra-000190 UNDERSPECIFIED self_review ok
[25/40] gra-000224 OMISSION self_review ok
[26/40] gra-000224 UNDERSPECIFIED self_review ok
[27/40] crt-000115 OMISSION self_review ok
[28/40] crt-000115 UNDERSPECIFIED self_review ok
[29/40] crt-000071 OMISSION self_review ok
[30/40] crt-000071 UNDERSPECIFIED self_review ok
[31/40] gra-000201 OMISSION self_review ok
[32/40] gra-000201 UNDERSPECIFIED self_review ok
[33/40] crt-000067 OMISSION self_review ok
[34/40] crt-000067 UNDERSPECIFIED self_review ok
[35/40] ran-000588 OMISSION self_review ok
[36/40] ran-000588 UNDERSPECIFIED self_review ok
