[1/20] ran-000585 OMISSION grounded_self_review ok
[2/20] ran-000585 UNDERSPECIFIED grounded_self_review ok
[3/20] ran-000545 OMISSION grounded_self_review ok
[4/20] ran-000545 UNDERSPECIFIED grounded_self_review ok
[5/20] lin-000288 OMISSION grounded_self_review ok
[6/20] lin-000288 UNDERSPECIFIED grounded_self_review ok
[7/20] lin-000252 OMISSION grounded_self_review ok
[8/20] lin-000252 UNDERSPECIFIED grounded_self_review ok
[9/20] ran-000540 OMISSION grounded_self_review ok
[10/20] ran-000540 UNDERSPECIFIED grounded_self_review ok
[11/20] lin-000247 OMISSION grounded_self_review ok
[12/20] lin-000247 UNDERSPECIFIED grounded_self_review ok
[13/20] gra-000224 OMISSION grounded_self_review ok
[14/20] gra-000224 UNDERSPECIFIED grounded_self_review ok
[15/20] crt-000071 OMISSION grounded_self_review ok
[16/20] crt-000071 UNDERSPECIFIED grounded_self_review ok
[17/20] crt-000067 OMISSION grounded_self_review ok
[18/20] crt-000067 UNDERSPECIFIED grounded_self_review ok
[19/20] crt-000081 OMISSION grounded_self_review ok
[20/20] crt-000081 UNDERSPECIFIED grounded_self_review ok
