[32/80] gra-000237 UNDERSPECIFIED nonunique ok
[33/80] lin-000292 OMISSION self_review ok
[34/80] lin-000292 OMISSION nonunique ok
[35/80] lin-000292 UNDERSPECIFIED self_review ok
[36/80] lin-000292 UNDERSPECIFIED nonunique ok
[37/80] crt-000108 OMISSION self_review ok
[38/80] crt-000108 OMISSION nonunique ok
[39/80] crt-000108 UNDERSPECIFIED self_review ok
[40/80] crt-000108 UNDERSPECIFIED nonunique ok
[41/80] gra-000213 OMISSION self_review ok
[42/80] gra-000213 OMISSION nonunique ok
[43/80] gra-000213 UNDERSPECIFIED self_review ok
[44/80] gra-000213 UNDERSPECIFIED nonunique ok
[45/80] lin-000293 OMISSION self_review ok
[46/80] lin-000293 OMISSION nonunique ok
[47/80] lin-000293 UNDERSPECIFIED self_review ok
[48/80] lin-000293 UNDERSPECIFIED nonunique ok
[49/80] ran-000563 OMISSION self_review ok
[50/80] ran-000563 OMISSION nonunique ok
[51/80] ran-000563 UNDERSPECIFIED self_review ok
[52/80] ran-000563 UNDERSPECIFIED nonunique ok
[53/80] lin-000281 OMISSION self_review ok
[54/80] lin-000281 OMISSION nonunique ok
[55/80] lin-000281 UNDERSPECIFIED self_review ok
[56/80] lin-000281 UNDERSPECIFIED nonunique ok
[57/80] ran-000548 OMISSION self_review ok
[58/80] ran-000548 OMISSION nonunique ok
[59/80] ran-000548 UNDERSPECIFIED self_review ok
[60/80] ran-000548 UNDERSPECIFIED nonunique ok
[61/80] ran-000547 OMISSION self_review ok
[62/80] ran-000547 OMISSION nonunique ok
[63/80] ran-000547 UNDERSPECIFIED self_review ok
[64/80] ran-000547 UNDERSPECIFIED nonunique ok
[65/80] lin-000275 OMISSION self_review ok
[66/80] lin-000275 OMISSION nonunique ok
[67/80] lin-000275 UNDERSPECIFIED self_review ok
[68/80] lin-000275 UNDERSPECIFIED nonunique ok
[69/80] crt-000065 OMISSION self_review ok
[70/80] crt-000065 OMISSION nonunique ok
[71/80] crt-000065 UNDERSPECIFIED self_review ok
[72/80] crt-000065 UNDERSPECIFIED nonunique ok
[73/80] ran-000541 OMISSION self_review ok
[74/80] ran-000541 OMISSION nonunique ok
[75/80] ran-000541 UNDERSPECIFIED self_review ok
[76/80] ran-000541 UNDERSPECIFIED nonunique ok
[77/80] ran-000558 OMISSION self_review ok
[78/80] ran-000558 OMISSION nonunique ok
[79/80] ran-000558 UNDERSPECIFIED self_review ok
[80/80] ran-000558 UNDERSPECIFIED nonunique ok
