[32/80] gra-000237 UNDERSPECIFIED targetcheck ok
[33/80] lin-000292 OMISSION target_witness ok
[34/80] lin-000292 OMISSION targetcheck ok
[35/80] lin-000292 UNDERSPECIFIED target_witness ok
[36/80] lin-000292 UNDERSPECIFIED targetcheck ok
[37/80] crt-000108 OMISSION target_witness ok
[38/80] crt-000108 OMISSION targetcheck ok
[39/80] crt-000108 UNDERSPECIFIED target_witness ok
[40/80] crt-000108 UNDERSPECIFIED targetcheck ok
[41/80] gra-000213 OMISSION target_witness ok
[42/80] gra-000213 OMISSION targetcheck ok
[43/80] gra-000213 UNDERSPECIFIED target_witness ok
[44/80] gra-000213 UNDERSPECIFIED targetcheck ok
[45/80] lin-000293 OMISSION target_witness ok
[46/80] lin-000293 OMISSION targetcheck ok
[47/80] lin-000293 UNDERSPECIFIED target_witness ok
[48/80] lin-000293 UNDERSPECIFIED targetcheck ok
[49/80] ran-000563 OMISSION target_witness ok
[50/80] ran-000563 OMISSION targetcheck ok
[51/80] ran-000563 UNDERSPECIFIED target_witness ok
[52/80] ran-000563 UNDERSPECIFIED targetcheck ok
[53/80] lin-000281 OMISSION target_witness ok
[54/80] lin-000281 OMISSION targetcheck ok
[55/80] lin-000281 UNDERSPECIFIED target_witness ok
[56/80] lin-000281 UNDERSPECIFIED targetcheck ok
[57/80] ran-000548 OMISSION target_witness ok
[58/80] ran-000548 OMISSION targetcheck ok
[59/80] ran-000548 UNDERSPECIFIED target_witness ok
[60/80] ran-000548 UNDERSPECIFIED targetcheck ok
[61/80] ran-000547 OMISSION target_witness ok
[62/80] ran-000547 OMISSION targetcheck ok
[63/80] ran-000547 UNDERSPECIFIED target_witness ok
[64/80] ran-000547 UNDERSPECIFIED targetcheck ok
[65/80] lin-000275 OMISSION target_witness ok
[66/80] lin-000275 OMISSION targetcheck ok
[67/80] lin-000275 UNDERSPECIFIED target_witness ok
[68/80] lin-000275 UNDERSPECIFIED targetcheck ok
[69/80] crt-000065 OMISSION target_witness ok
[70/80] crt-000065 OMISSION targetcheck ok
[71/80] crt-000065 UNDERSPECIFIED target_witness ok
[72/80] crt-000065 UNDERSPECIFIED targetcheck ok
[73/80] ran-000541 OMISSION target_witness ok
[74/80] ran-000541 OMISSION targetcheck ok
[75/80] ran-000541 UNDERSPECIFIED target_witness ok
[76/80] ran-000541 UNDERSPECIFIED targetcheck ok
[77/80] ran-000558 OMISSION target_witness ok
[78/80] ran-000558 OMISSION targetcheck ok
[79/80] ran-000558 UNDERSPECIFIED target_witness ok
[80/80] ran-000558 UNDERSPECIFIED targetcheck ok
