[43/80] lin-000247 UNDERSPECIFIED self_review ok
[44/80] lin-000247 UNDERSPECIFIED nonunique ok
[45/80] gra-000190 OMISSION self_review ok
[46/80] gra-000190 OMISSION nonunique ok
[47/80] gra-000190 UNDERSPECIFIED self_review ok
[48/80] gra-000190 UNDERSPECIFIED nonunique ok
[49/80] gra-000224 OMISSION self_review ok
[50/80] gra-000224 OMISSION nonunique ok
[51/80] gra-000224 UNDERSPECIFIED self_review ok
[52/80] gra-000224 UNDERSPECIFIED nonunique ok
[53/80] crt-000115 OMISSION self_review ok
[54/80] crt-000115 OMISSION nonunique ok
[55/80] crt-000115 UNDERSPECIFIED self_review ok
[56/80] crt-000115 UNDERSPECIFIED nonunique ok
[57/80] crt-000071 OMISSION self_review ok
[58/80] crt-000071 OMISSION nonunique ok
[59/80] crt-000071 UNDERSPECIFIED self_review ok
[60/80] crt-000071 UNDERSPECIFIED nonunique ok
[61/80] gra-000201 OMISSION self_review ok
[62/80] gra-000201 OMISSION nonunique ok
[63/80] gra-000201 UNDERSPECIFIED self_review ok
[64/80] gra-000201 UNDERSPECIFIED nonunique ok
[65/80] crt-000067 OMISSION self_review ok
[66/80] crt-000067 OMISSION nonunique ok
[67/80] crt-000067 UNDERSPECIFIED self_review ok
[68/80] crt-000067 UNDERSPECIFIED nonunique ok
[69/80] ran-000588 OMISSION self_review ok
[70/80] ran-000588 OMISSION nonunique ok
[71/80] ran-000588 UNDERSPECIFIED self_review ok
[72/80] ran-000588 UNDERSPECIFIED nonunique ok
[73/80] crt-000081 OMISSION self_review ok
[74/80] crt-000081 OMISSION nonunique ok
[75/80] crt-000081 UNDERSPECIFIED self_review ok
[76/80] crt-000081 UNDERSPECIFIED nonunique ok
[77/80] crt-000099 OMISSION self_review ok
[78/80] crt-000099 OMISSION nonunique ok
[79/80] crt-000099 UNDERSPECIFIED self_review ok
[80/80] crt-000099 UNDERSPECIFIED nonunique ok
