[41/80] lin-000287 OMISSION self_review ok
[42/80] lin-000287 OMISSION nonunique ok
[43/80] lin-000287 UNDERSPECIFIED self_review ok
[44/80] lin-000287 UNDERSPECIFIED nonunique ok
[45/80] lin-000291 OMISSION self_review ok
[46/80] lin-000291 OMISSION nonunique ok
[47/80] lin-000291 UNDERSPECIFIED self_review ok
[48/80] lin-000291 UNDERSPECIFIED nonunique ok
[49/80] gra-000215 OMISSION self_review ok
[50/80] gra-000215 OMISSION nonunique ok
[51/80] gra-000215 UNDERSPECIFIED self_review ok
[52/80] gra-000215 UNDERSPECIFIED nonunique ok
[53/80] crt-000075 OMISSION self_review ok
[54/80] crt-000075 OMISSION nonunique ok
[55/80] crt-000075 UNDERSPECIFIED self_review ok
[56/80] crt-000075 UNDERSPECIFIED nonunique ok
[57/80] gra-000221 OMISSION self_review ok
[58/80] gra-000221 OMISSION nonunique ok
[59/80] gra-000221 UNDERSPECIFIED self_review ok
[60/80] gra-000221 UNDERSPECIFIED nonunique ok
[61/80] gra-000211 OMISSION self_review ok
[62/80] gra-000211 OMISSION nonunique ok
[63/80] gra-000211 UNDERSPECIFIED self_review ok
[64/80] gra-000211 UNDERSPECIFIED nonunique ok
[65/80] crt-000091 OMISSION self_review ok
[66/80] crt-000091 OMISSION nonunique ok
[67/80] crt-000091 UNDERSPECIFIED self_review ok
[68/80] crt-000091 UNDERSPECIFIED nonunique ok
[69/80] gra-000195 OMISSION self_review ok
[70/80] gra-000195 OMISSION nonunique ok
[71/80] gra-000195 UNDERSPECIFIED self_review ok
[72/80] gra-000195 UNDERSPECIFIED nonunique ok
[73/80] lin-000270 OMISSION self_review ok
[74/80] lin-000270 OMISSION nonunique ok
[75/80] lin-000270 UNDERSPECIFIED self_review ok
[76/80] lin-000270 UNDERSPECIFIED nonunique ok
[77/80] gra-000239 OMISSION self_review ok
[78/80] gra-000239 OMISSION nonunique ok
[79/80] gra-000239 UNDERSPECIFIED self_review ok
[80/80] gra-000239 UNDERSPECIFIED nonunique ok
