[27/80] crt-000062 UNDERSPECIFIED target_witness ok
[28/80] crt-000062 UNDERSPECIFIED targetcheck ok
[29/80] ran-000564 OMISSION target_witness ok
[30/80] ran-000564 OMISSION targetcheck ok
[31/80] ran-000564 UNDERSPECIFIED target_witness ok
[32/80] ran-000564 UNDERSPECIFIED targetcheck ok
[33/80] crt-000089 OMISSION target_witness ok
[34/80] crt-000089 OMISSION targetcheck ok
[35/80] crt-000089 UNDERSPECIFIED target_witness ok
[36/80] crt-000089 UNDERSPECIFIED targetcheck ok
[37/80] ran-000595 OMISSION target_witness ok
[38/80] ran-000595 OMISSION targetcheck ok
[39/80] ran-000595 UNDERSPECIFIED target_witness ok
[40/80] ran-000595 UNDERSPECIFIED targetcheck ok
[41/80] gra-000234 OMISSION target_witness ok
[42/80] gra-000234 OMISSION targetcheck ok
[43/80] gra-000234 UNDERSPECIFIED target_witness ok
[44/80] gra-000234 UNDERSPECIFIED targetcheck ok
[45/80] ran-000543 OMISSION target_witness ok
[46/80] ran-000543 OMISSION targetcheck ok
[47/80] ran-000543 UNDERSPECIFIED target_witness ok
[48/80] ran-000543 UNDERSPECIFIED targetcheck ok
[49/80] ran-000565 OMISSION target_witness ok
[50/80] ran-000565 OMISSION targetcheck ok
[51/80] ran-000565 UNDERSPECIFIED target_witness ok
[52/80] ran-000565 UNDERSPECIFIED targetcheck ok
[53/80] ran-000579 OMISSION target_witness ok
[54/80] ran-000579 OMISSION targetcheck ok
[55/80] ran-000579 UNDERSPECIFIED target_witness ok
[56/80] ran-000579 UNDERSPECIFIED targetcheck ok
[57/80] lin-000260 OMISSION target_witness ok
[58/80] lin-000260 OMISSION targetcheck ok
[59/80] lin-000260 UNDERSPECIFIED target_witness ok
[60/80] lin-000260 UNDERSPECIFIED targetcheck ok
[61/80] ran-000550 OMISSION target_witness ok
[62/80] ran-000550 OMISSION targetcheck ok
[63/80] ran-000550 UNDERSPECIFIED target_witness ok
[64/80] ran-000550 UNDERSPECIFIED targetcheck ok
[65/80] crt-000068 OMISSION target_witness ok
[66/80] crt-000068 OMISSION targetcheck ok
[67/80] crt-000068 UNDERSPECIFIED target_witness ok
[68/80] crt-000068 UNDERSPECIFIED targetcheck ok
[69/80] gra-000209 OMISSION target_witness ok
[70/80] gra-000209 OMISSION targetcheck ok
[71/80] gra-000209 UNDERSPECIFIED target_witness ok
[72/80] gra-000209 UNDERSPECIFIED targetcheck ok
[73/80] crt-000097 OMISSION target_witness ok
[74/80] crt-000097 OMISSION targetcheck ok
[75/80] crt-000097 UNDERSPECIFIED target_witness ok
[76/80] crt-000097 UNDERSPECIFIED targetcheck error
[77/80] lin-000261 OMISSION target_witness ok
[78/80] lin-000261 OMISSION targetcheck ok
[79/80] lin-000261 UNDERSPECIFIED target_witness ok
[80/80] lin-000261 UNDERSPECIFIED targetcheck ok
[80/80] crt-000097 UNDERSPECIFIED targetcheck ok
