[31/80] ran-000557 UNDERSPECIFIED target_witness ok
[32/80] ran-000557 UNDERSPECIFIED targetcheck ok
[33/80] gra-000204 OMISSION target_witness ok
[34/80] gra-000204 OMISSION targetcheck ok
[35/80] gra-000204 UNDERSPECIFIED target_witness ok
[36/80] gra-000204 UNDERSPECIFIED targetcheck ok
[37/80] crt-000117 OMISSION target_witness ok
[38/80] crt-000117 OMISSION targetcheck ok
[39/80] crt-000117 UNDERSPECIFIED target_witness ok
[40/80] crt-000117 UNDERSPECIFIED targetcheck ok
[41/80] lin-000287 OMISSION target_witness ok
[42/80] lin-000287 OMISSION targetcheck ok
[43/80] lin-000287 UNDERSPECIFIED target_witness ok
[44/80] lin-000287 UNDERSPECIFIED targetcheck ok
[45/80] lin-000291 OMISSION target_witness ok
[46/80] lin-000291 OMISSION targetcheck ok
[47/80] lin-000291 UNDERSPECIFIED target_witness ok
[48/80] lin-000291 UNDERSPECIFIED targetcheck ok
[49/80] gra-000215 OMISSION target_witness ok
[50/80] gra-000215 OMISSION targetcheck ok
[51/80] gra-000215 UNDERSPECIFIED target_witness ok
[52/80] gra-000215 UNDERSPECIFIED targetcheck ok
[53/80] crt-000075 OMISSION target_witness ok
[54/80] crt-000075 OMISSION targetcheck ok
[55/80] crt-000075 UNDERSPECIFIED target_witness ok
[56/80] crt-000075 UNDERSPECIFIED targetcheck ok
[57/80] gra-000221 OMISSION target_witness ok
[58/80] gra-000221 OMISSION targetcheck ok
[59/80] gra-000221 UNDERSPECIFIED target_witness ok
[60/80] gra-000221 UNDERSPECIFIED targetcheck ok
[61/80] gra-000211 OMISSION target_witness ok
[62/80] gra-000211 OMISSION targetcheck ok
[63/80] gra-000211 UNDERSPECIFIED target_witness ok
[64/80] gra-000211 UNDERSPECIFIED targetcheck ok
[65/80] crt-000091 OMISSION target_witness ok
[66/80] crt-000091 OMISSION targetcheck ok
[67/80] crt-000091 UNDERSPECIFIED target_witness ok
[68/80] crt-000091 UNDERSPECIFIED targetcheck ok
[69/80] gra-000195 OMISSION target_witness ok
[70/80] gra-000195 OMISSION targetcheck ok
[71/80] gra-000195 UNDERSPECIFIED target_witness ok
[72/80] gra-000195 UNDERSPECIFIED targetcheck ok
[73/80] lin-000270 OMISSION target_witness ok
[74/80] lin-000270 OMISSION targetcheck ok
[75/80] lin-000270 UNDERSPECIFIED target_witness ok
[76/80] lin-000270 UNDERSPECIFIED targetcheck ok
[77/80] gra-000239 OMISSION target_witness ok
[78/80] gra-000239 OMISSION targetcheck ok
[79/80] gra-000239 UNDERSPECIFIED target_witness ok
[80/80] gra-000239 UNDERSPECIFIED targetcheck ok
