[26/80] crt-000062 OMISSION nonunique ok
[27/80] crt-000062 UNDERSPECIFIED self_review ok
[28/80] crt-000062 UNDERSPECIFIED nonunique ok
[29/80] ran-000564 OMISSION self_review ok
[30/80] ran-000564 OMISSION nonunique ok
[31/80] ran-000564 UNDERSPECIFIED self_review ok
[32/80] ran-000564 UNDERSPECIFIED nonunique ok
[33/80] crt-000089 OMISSION self_review ok
[34/80] crt-000089 OMISSION nonunique ok
[35/80] crt-000089 UNDERSPECIFIED self_review ok
[36/80] crt-000089 UNDERSPECIFIED nonunique ok
[37/80] ran-000595 OMISSION self_review ok
[38/80] ran-000595 OMISSION nonunique ok
[39/80] ran-000595 UNDERSPECIFIED self_review ok
[40/80] ran-000595 UNDERSPECIFIED nonunique ok
[41/80] gra-000234 OMISSION self_review ok
[42/80] gra-000234 OMISSION nonunique ok
[43/80] gra-000234 UNDERSPECIFIED self_review ok
[44/80] gra-000234 UNDERSPECIFIED nonunique ok
[45/80] ran-000543 OMISSION self_review ok
[46/80] ran-000543 OMISSION nonunique ok
[47/80] ran-000543 UNDERSPECIFIED self_review ok
[48/80] ran-000543 UNDERSPECIFIED nonunique ok
[49/80] ran-000565 OMISSION self_review ok
[50/80] ran-000565 OMISSION nonunique ok
[51/80] ran-000565 UNDERSPECIFIED self_review ok
[52/80] ran-000565 UNDERSPECIFIED nonunique ok
[53/80] ran-000579 OMISSION self_review ok
[54/80] ran-000579 OMISSION nonunique ok
[55/80] ran-000579 UNDERSPECIFIED self_review ok
[56/80] ran-000579 UNDERSPECIFIED nonunique ok
[57/80] lin-000260 OMISSION self_review ok
[58/80] lin-000260 OMISSION nonunique ok
[59/80] lin-000260 UNDERSPECIFIED self_review ok
[60/80] lin-000260 UNDERSPECIFIED nonunique ok
[61/80] ran-000550 OMISSION self_review ok
[62/80] ran-000550 OMISSION nonunique ok
[63/80] ran-000550 UNDERSPECIFIED self_review ok
[64/80] ran-000550 UNDERSPECIFIED nonunique ok
[65/80] crt-000068 OMISSION self_review ok
[66/80] crt-000068 OMISSION nonunique ok
[67/80] crt-000068 UNDERSPECIFIED self_review ok
[68/80] crt-000068 UNDERSPECIFIED nonunique ok
[69/80] gra-000209 OMISSION self_review ok
[70/80] gra-000209 OMISSION nonunique ok
[71/80] gra-000209 UNDERSPECIFIED self_review ok
[72/80] gra-000209 UNDERSPECIFIED nonunique ok
[73/80] crt-000097 OMISSION self_review ok
[74/80] crt-000097 OMISSION nonunique ok
[75/80] crt-000097 UNDERSPECIFIED self_review ok
[76/80] crt-000097 UNDERSPECIFIED nonunique ok
[77/80] lin-000261 OMISSION self_review ok
[78/80] lin-000261 OMISSION nonunique ok
[79/80] lin-000261 UNDERSPECIFIED self_review ok
[80/80] lin-000261 UNDERSPECIFIED nonunique ok
