[46/80] gra-000190 OMISSION targetcheck ok
[47/80] gra-000190 UNDERSPECIFIED target_witness ok
[48/80] gra-000190 UNDERSPECIFIED targetcheck ok
[49/80] gra-000224 OMISSION target_witness ok
[50/80] gra-000224 OMISSION targetcheck ok
[51/80] gra-000224 UNDERSPECIFIED target_witness ok
[52/80] gra-000224 UNDERSPECIFIED targetcheck ok
[53/80] crt-000115 OMISSION target_witness ok
[54/80] crt-000115 OMISSION targetcheck ok
[55/80] crt-000115 UNDERSPECIFIED target_witness ok
[56/80] crt-000115 UNDERSPECIFIED targetcheck ok
[57/80] crt-000071 OMISSION target_witness ok
[58/80] crt-000071 OMISSION targetcheck ok
[59/80] crt-000071 UNDERSPECIFIED target_witness ok
[60/80] crt-000071 UNDERSPECIFIED targetcheck ok
[61/80] gra-000201 OMISSION target_witness ok
[62/80] gra-000201 OMISSION targetcheck ok
[63/80] gra-000201 UNDERSPECIFIED target_witness ok
[64/80] gra-000201 UNDERSPECIFIED targetcheck ok
[65/80] crt-000067 OMISSION target_witness ok
[66/80] crt-000067 OMISSION targetcheck ok
[67/80] crt-000067 UNDERSPECIFIED target_witness ok
[68/80] crt-000067 UNDERSPECIFIED targetcheck ok
[69/80] ran-000588 OMISSION target_witness ok
[70/80] ran-000588 OMISSION targetcheck ok
[71/80] ran-000588 UNDERSPECIFIED target_witness ok
[72/80] ran-000588 UNDERSPECIFIED targetcheck ok
[73/80] crt-000081 OMISSION target_witness ok
[74/80] crt-000081 OMISSION targetcheck ok
[75/80] crt-000081 UNDERSPECIFIED target_witness ok
[76/80] crt-000081 UNDERSPECIFIED targetcheck ok
[77/80] crt-000099 OMISSION target_witness ok
[78/80] crt-000099 OMISSION targetcheck ok
[79/80] crt-000099 UNDERSPECIFIED target_witness ok
[80/80] crt-000099 UNDERSPECIFIED targetcheck ok
