[1/74] draw-paired/134766/1/x OMISSION nonunique ok
[2/74] draw-paired/134766/1/x UNDERSPECIFIED nonunique ok
[3/74] draw-paired/174001/1/smaller OMISSION nonunique ok
[4/74] draw-paired/174001/1/smaller UNDERSPECIFIED nonunique ok
[5/74] draw-paired/541835/1/x OMISSION nonunique ok
[6/74] draw-paired/541835/1/x UNDERSPECIFIED nonunique ok
[7/74] draw-paired/332591/1/x OMISSION nonunique ok
[8/74] draw-paired/332591/1/x UNDERSPECIFIED nonunique ok
[9/74] draw-paired/87419/1/x OMISSION nonunique ok
[10/74] draw-paired/87419/1/x UNDERSPECIFIED nonunique ok
[11/74] draw-paired/334401/1/x OMISSION nonunique ok
[12/74] draw-paired/334401/1/x UNDERSPECIFIED nonunique ok
[13/74] draw-paired/856661/1/y OMISSION nonunique ok
[14/74] draw-paired/856661/1/y UNDERSPECIFIED nonunique ok
[15/74] draw-paired/801757/1/x OMISSION nonunique ok
[16/74] draw-paired/801757/1/x UNDERSPECIFIED nonunique ok
[17/74] draw-paired/87029/1/x OMISSION nonunique ok
[18/74] draw-paired/87029/1/x UNDERSPECIFIED nonunique ok
[19/74] draw-paired/379908/1/y OMISSION nonunique ok
[20/74] draw-paired/379908/1/y UNDERSPECIFIED nonunique ok
[21/74] draw-paired/880809/1/x OMISSION nonunique ok
[22/74] draw-paired/880809/1/x UNDERSPECIFIED nonunique ok
[23/74] draw-paired/485518/1/y OMISSION nonunique ok
[24/74] draw-paired/485518/1/y UNDERSPECIFIED nonunique error
[25/74] draw-paired/362344/2/x OMISSION nonunique error
[26/74] draw-paired/362344/2/x UNDERSPECIFIED nonunique ok
[27/74] draw-paired/33959/1/x OMISSION nonunique ok
[28/74] draw-paired/33959/1/x UNDERSPECIFIED nonunique ok
[29/74] draw-paired/174433/1/x OMISSION nonunique ok
[30/74] draw-paired/174433/1/x UNDERSPECIFIED nonunique ok
[31/74] draw-paired/442164/1/x OMISSION nonunique ok
[32/74] draw-paired/442164/1/x UNDERSPECIFIED nonunique ok
[33/74] draw-paired/491545/1/y OMISSION nonunique ok
[34/74] draw-paired/491545/1/y UNDERSPECIFIED nonunique ok
[35/74] draw-paired/553127/1/plane OMISSION nonunique ok
[36/74] draw-paired/553127/1/plane UNDERSPECIFIED nonunique ok
[37/74] draw-paired/637338/1/x OMISSION nonunique ok
[38/74] draw-paired/637338/1/x UNDERSPECIFIED nonunique ok
[39/74] draw-paired/644732/2/six_percent OMISSION nonunique ok
[40/74] draw-paired/644732/2/six_percent UNDERSPECIFIED nonunique ok
[41/74] draw-paired/294253/1/x OMISSION nonunique ok
[42/74] draw-paired/294253/1/x UNDERSPECIFIED nonunique ok
[43/74] draw-paired/2853/1/x OMISSION nonunique ok
[44/74] draw-paired/2853/1/x UNDERSPECIFIED nonunique ok
[45/74] draw-paired/761992/1/x OMISSION nonunique ok
[46/74] draw-paired/761992/1/x UNDERSPECIFIED nonunique ok
[47/74] draw-paired/280654/1/x OMISSION nonunique ok
[48/74] draw-paired/280654/1/x UNDERSPECIFIED nonunique error
[49/74] draw-paired/899013/2/x OMISSION nonunique ok
[50/74] draw-paired/899013/2/x UNDERSPECIFIED nonunique ok
[51/74] draw-paired/218361/1/y OMISSION nonunique ok
[52/74] draw-paired/218361/1/y UNDERSPECIFIED nonunique ok
[53/74] draw-paired/626316/1/x OMISSION nonunique ok
[54/74] draw-paired/626316/1/x UNDERSPECIFIED nonunique ok
[55/74] draw-paired/329117/1/x OMISSION nonunique ok
[56/74] draw-paired/329117/1/x UNDERSPECIFIED nonunique ok
[57/74] draw-paired/260211/1/x OMISSION nonunique ok
[58/74] draw-paired/260211/1/x UNDERSPECIFIED nonunique ok
[59/74] draw-paired/29976/1/student OMISSION nonunique ok
[60/74] draw-paired/29976/1/student UNDERSPECIFIED nonunique ok
[61/74] draw-paired/186463/1/x OMISSION nonunique ok
[62/74] draw-paired/186463/1/x UNDERSPECIFIED nonunique ok
[63/74] draw-paired/45656/1/x OMISSION nonunique ok
[64/74] draw-paired/45656/1/x UNDERSPECIFIED nonunique ok
[65/74] draw-paired/112096/1/student OMISSION nonunique ok
[66/74] draw-paired/112096/1/student UNDERSPECIFIED nonunique ok
[67/74] draw-paired/225986/1/x OMISSION nonunique ok
[68/74] draw-paired/225986/1/x UNDERSPECIFIED nonunique ok
[69/74] draw-paired/936304/1/x OMISSION nonunique ok
[70/74] draw-paired/936304/1/x UNDERSPECIFIED nonunique ok
[71/74] draw-paired/14470/2/x OMISSION nonunique ok
[72/74] draw-paired/14470/2/x UNDERSPECIFIED nonunique ok
[73/74] draw-paired/5245/1/x OMISSION nonunique ok
[74/74] draw-paired/5245/1/x UNDERSPECIFIED nonunique ok
[72/74] draw-paired/485518/1/y UNDERSPECIFIED nonunique ok
[73/74] draw-paired/362344/2/x OMISSION nonunique ok
[74/74] draw-paired/280654/1/x UNDERSPECIFIED nonunique ok
