[1/74] draw-paired/134766/1/x OMISSION nonunique_grounding ok
[2/74] draw-paired/134766/1/x UNDERSPECIFIED nonunique_grounding ok
[3/74] draw-paired/174001/1/smaller OMISSION nonunique_grounding ok
[4/74] draw-paired/174001/1/smaller UNDERSPECIFIED nonunique_grounding ok
[5/74] draw-paired/541835/1/x OMISSION nonunique_grounding ok
[6/74] draw-paired/541835/1/x UNDERSPECIFIED nonunique_grounding ok
[7/74] draw-paired/332591/1/x OMISSION nonunique_grounding ok
[8/74] draw-paired/332591/1/x UNDERSPECIFIED nonunique_grounding ok
[9/74] draw-paired/87419/1/x OMISSION nonunique_grounding ok
[10/74] draw-paired/87419/1/x UNDERSPECIFIED nonunique_grounding ok
[11/74] draw-paired/334401/1/x OMISSION nonunique_grounding ok
[12/74] draw-paired/334401/1/x UNDERSPECIFIED nonunique_grounding ok
[13/74] draw-paired/856661/1/y OMISSION nonunique_grounding ok
[14/74] draw-paired/856661/1/y UNDERSPECIFIED nonunique_grounding ok
[15/74] draw-paired/801757/1/x OMISSION nonunique_grounding ok
[16/74] draw-paired/801757/1/x UNDERSPECIFIED nonunique_grounding ok
[17/74] draw-paired/87029/1/x OMISSION nonunique_grounding ok
[18/74] draw-paired/87029/1/x UNDERSPECIFIED nonunique_grounding ok
[19/74] draw-paired/379908/1/y OMISSION nonunique_grounding ok
[20/74] draw-paired/379908/1/y UNDERSPECIFIED nonunique_grounding ok
[21/74] draw-paired/880809/1/x OMISSION nonunique_grounding ok
[22/74] draw-paired/880809/1/x UNDERSPECIFIED nonunique_grounding ok
[23/74] draw-paired/485518/1/y OMISSION nonunique_grounding error
[24/74] draw-paired/485518/1/y UNDERSPECIFIED nonunique_grounding ok
[25/74] draw-paired/362344/2/x OMISSION nonunique_grounding ok
[26/74] draw-paired/362344/2/x UNDERSPECIFIED nonunique_grounding ok
[27/74] draw-paired/33959/1/x OMISSION nonunique_grounding ok
[28/74] draw-paired/33959/1/x UNDERSPECIFIED nonunique_grounding ok
[29/74] draw-paired/174433/1/x OMISSION nonunique_grounding ok
[30/74] draw-paired/174433/1/x UNDERSPECIFIED nonunique_grounding ok
[31/74] draw-paired/442164/1/x OMISSION nonunique_grounding ok
[32/74] draw-paired/442164/1/x UNDERSPECIFIED nonunique_grounding ok
[33/74] draw-paired/491545/1/y OMISSION nonunique_grounding ok
[34/74] draw-paired/491545/1/y UNDERSPECIFIED nonunique_grounding ok
[35/74] draw-paired/553127/1/plane OMISSION nonunique_grounding ok
[36/74] draw-paired/553127/1/plane UNDERSPECIFIED nonunique_grounding ok
[37/74] draw-paired/637338/1/x OMISSION nonunique_grounding ok
[38/74] draw-paired/637338/1/x UNDERSPECIFIED nonunique_grounding ok
[39/74] draw-paired/644732/2/six_percent OMISSION nonunique_grounding ok
[40/74] draw-paired/644732/2/six_percent UNDERSPECIFIED nonunique_grounding ok
[41/74] draw-paired/294253/1/x OMISSION nonunique_grounding ok
[42/74] draw-paired/294253/1/x UNDERSPECIFIED nonunique_grounding ok
[43/74] draw-paired/2853/1/x OMISSION nonunique_grounding ok
[44/74] draw-paired/2853/1/x UNDERSPECIFIED nonunique_grounding ok
[45/74] draw-paired/761992/1/x OMISSION nonunique_grounding ok
[46/74] draw-paired/761992/1/x UNDERSPECIFIED nonunique_grounding ok
[47/74] draw-paired/280654/1/x OMISSION nonunique_grounding ok
[48/74] draw-paired/280654/1/x UNDERSPECIFIED nonunique_grounding ok
[49/74] draw-paired/899013/2/x OMISSION nonunique_grounding ok
[50/74] draw-paired/899013/2/x UNDERSPECIFIED nonunique_grounding ok
[51/74] draw-paired/218361/1/y OMISSION nonunique_grounding ok
[52/74] draw-paired/218361/1/y UNDERSPECIFIED nonunique_grounding ok
[53/74] draw-paired/626316/1/x OMISSION nonunique_grounding ok
[54/74] draw-paired/626316/1/x UNDERSPECIFIED nonunique_grounding ok
[55/74] draw-paired/329117/1/x OMISSION nonunique_grounding ok
[56/74] draw-paired/329117/1/x UNDERSPECIFIED nonunique_grounding ok
[57/74] draw-paired/260211/1/x OMISSION nonunique_grounding ok
[58/74] draw-paired/260211/1/x UNDERSPECIFIED nonunique_grounding ok
[59/74] draw-paired/29976/1/student OMISSION nonunique_grounding ok
[60/74] draw-paired/29976/1/student UNDERSPECIFIED nonunique_grounding ok
[61/74] draw-paired/186463/1/x OMISSION nonunique_grounding ok
[62/74] draw-paired/186463/1/x UNDERSPECIFIED nonunique_grounding ok
[63/74] draw-paired/45656/1/x OMISSION nonunique_grounding ok
[64/74] draw-paired/45656/1/x UNDERSPECIFIED nonunique_grounding ok
[65/74] draw-paired/112096/1/student OMISSION nonunique_grounding ok
[66/74] draw-paired/112096/1/student UNDERSPECIFIED nonunique_grounding ok
[67/74] draw-paired/225986/1/x OMISSION nonunique_grounding ok
[68/74] draw-paired/225986/1/x UNDERSPECIFIED nonunique_grounding ok
[69/74] draw-paired/936304/1/x OMISSION nonunique_grounding ok
[70/74] draw-paired/936304/1/x UNDERSPECIFIED nonunique_grounding ok
[71/74] draw-paired/14470/2/x OMISSION nonunique_grounding ok
[72/74] draw-paired/14470/2/x UNDERSPECIFIED nonunique_grounding ok
[73/74] draw-paired/5245/1/x OMISSION nonunique_grounding ok
[74/74] draw-paired/5245/1/x UNDERSPECIFIED nonunique_grounding ok
[74/74] draw-paired/485518/1/y OMISSION nonunique_grounding ok
