[1/76] draw-paired/370467/1/x OMISSION self_review ok
[2/76] draw-paired/370467/1/x UNDERSPECIFIED self_review ok
[3/76] draw-paired/156027/2/x OMISSION self_review ok
[4/76] draw-paired/156027/2/x UNDERSPECIFIED self_review ok
[5/76] draw-paired/548627/1/plane OMISSION self_review ok
[6/76] draw-paired/548627/1/plane UNDERSPECIFIED self_review ok
[7/76] draw-paired/839861/1/Mary OMISSION self_review ok
[8/76] draw-paired/839861/1/Mary UNDERSPECIFIED self_review ok
[9/76] draw-paired/127730/1/x OMISSION self_review error
[10/76] draw-paired/127730/1/x UNDERSPECIFIED self_review ok
[11/76] draw-paired/57521/1/X OMISSION self_review ok
[12/76] draw-paired/57521/1/X UNDERSPECIFIED self_review ok
[13/76] draw-paired/164860/2/twenty_mix OMISSION self_review ok
[14/76] draw-paired/164860/2/twenty_mix UNDERSPECIFIED self_review ok
[15/76] draw-paired/316179/2/x OMISSION self_review ok
[16/76] draw-paired/316179/2/x UNDERSPECIFIED self_review ok
[17/76] draw-paired/2314/1/x OMISSION self_review ok
[18/76] draw-paired/2314/1/x UNDERSPECIFIED self_review ok
[19/76] draw-paired/182090/1/x OMISSION self_review ok
[20/76] draw-paired/182090/1/x UNDERSPECIFIED self_review ok
[21/76] draw-paired/103365/1/x OMISSION self_review ok
[22/76] draw-paired/103365/1/x UNDERSPECIFIED self_review ok
[23/76] draw-paired/389616/1/x OMISSION self_review ok
[24/76] draw-paired/389616/1/x UNDERSPECIFIED self_review ok
[25/76] draw-paired/764947/1/x OMISSION self_review ok
[26/76] draw-paired/764947/1/x UNDERSPECIFIED self_review ok
[27/76] draw-paired/427962/1/x OMISSION self_review ok
[28/76] draw-paired/427962/1/x UNDERSPECIFIED self_review ok
[29/76] draw-paired/127015/1/x OMISSION self_review ok
[30/76] draw-paired/127015/1/x UNDERSPECIFIED self_review ok
[31/76] draw-paired/397250/1/x OMISSION self_review ok
[32/76] draw-paired/397250/1/x UNDERSPECIFIED self_review ok
[33/76] draw-paired/948538/1/y OMISSION self_review ok
[34/76] draw-paired/948538/1/y UNDERSPECIFIED self_review ok
[35/76] draw-paired/545112/1/smaller OMISSION self_review ok
[36/76] draw-paired/545112/1/smaller UNDERSPECIFIED self_review ok
[37/76] draw-paired/220494/1/x OMISSION self_review ok
[38/76] draw-paired/220494/1/x UNDERSPECIFIED self_review ok
[39/76] draw-paired/237843/1/x OMISSION self_review ok
[40/76] draw-paired/237843/1/x UNDERSPECIFIED self_review ok
[41/76] draw-paired/513521/1/smaller OMISSION self_review error
[42/76] draw-paired/513521/1/smaller UNDERSPECIFIED self_review ok
[43/76] draw-paired/666554/1/x OMISSION self_review ok
[44/76] draw-paired/666554/1/x UNDERSPECIFIED self_review ok
[45/76] draw-paired/763476/1/student OMISSION self_review ok
[46/76] draw-paired/763476/1/student UNDERSPECIFIED self_review ok
[47/76] draw-paired/11876/1/x OMISSION self_review ok
[48/76] draw-paired/11876/1/x UNDERSPECIFIED self_review ok
[49/76] draw-paired/88929/1/x OMISSION self_review ok
[50/76] draw-paired/88929/1/x UNDERSPECIFIED self_review ok
[51/76] draw-paired/170817/1/y OMISSION self_review ok
[52/76] draw-paired/170817/1/y UNDERSPECIFIED self_review ok
[53/76] draw-paired/161626/1/x OMISSION self_review ok
[54/76] draw-paired/161626/1/x UNDERSPECIFIED self_review ok
[55/76] draw-paired/402685/1/x OMISSION self_review ok
[56/76] draw-paired/402685/1/x UNDERSPECIFIED self_review ok
[57/76] draw-paired/52939/1/x OMISSION self_review ok
[58/76] draw-paired/52939/1/x UNDERSPECIFIED self_review ok
[59/76] draw-paired/145494/1/x OMISSION self_review ok
[60/76] draw-paired/145494/1/x UNDERSPECIFIED self_review ok
[61/76] draw-paired/39411/1/x OMISSION self_review ok
[62/76] draw-paired/39411/1/x UNDERSPECIFIED self_review ok
[63/76] draw-paired/757899/1/student OMISSION self_review ok
[64/76] draw-paired/757899/1/student UNDERSPECIFIED self_review ok
[65/76] draw-paired/488434/1/smaller OMISSION self_review ok
[66/76] draw-paired/488434/1/smaller UNDERSPECIFIED self_review ok
[67/76] draw-paired/362965/1/leather OMISSION self_review ok
[68/76] draw-paired/362965/1/leather UNDERSPECIFIED self_review ok
[69/76] draw-paired/180471/1/y OMISSION self_review ok
[70/76] draw-paired/180471/1/y UNDERSPECIFIED self_review ok
[71/76] draw-paired/571516/1/student OMISSION self_review ok
[72/76] draw-paired/571516/1/student UNDERSPECIFIED self_review ok
[73/76] draw-paired/351655/1/x OMISSION self_review ok
[74/76] draw-paired/351655/1/x UNDERSPECIFIED self_review ok
[75/76] draw-paired/324471/1/x OMISSION self_review ok
[76/76] draw-paired/324471/1/x UNDERSPECIFIED self_review ok
[75/76] draw-paired/127730/1/x OMISSION self_review ok
[76/76] draw-paired/513521/1/smaller OMISSION self_review ok
