[1/74] draw-paired/165256/1/x OMISSION nonunique_grounding ok
[2/74] draw-paired/165256/1/x UNDERSPECIFIED nonunique_grounding ok
[3/74] draw-paired/362485/1/x OMISSION nonunique_grounding ok
[4/74] draw-paired/362485/1/x UNDERSPECIFIED nonunique_grounding ok
[5/74] draw-paired/307866/1/y OMISSION nonunique_grounding ok
[6/74] draw-paired/307866/1/y UNDERSPECIFIED nonunique_grounding ok
[7/74] draw-paired/759519/2/x OMISSION nonunique_grounding ok
[8/74] draw-paired/759519/2/x UNDERSPECIFIED nonunique_grounding ok
[9/74] draw-paired/344117/1/x OMISSION nonunique_grounding ok
[10/74] draw-paired/344117/1/x UNDERSPECIFIED nonunique_grounding ok
[11/74] draw-paired/557820/1/x OMISSION nonunique_grounding ok
[12/74] draw-paired/557820/1/x UNDERSPECIFIED nonunique_grounding ok
[13/74] draw-paired/185005/1/x OMISSION nonunique_grounding ok
[14/74] draw-paired/185005/1/x UNDERSPECIFIED nonunique_grounding ok
[15/74] draw-paired/525358/1/y OMISSION nonunique_grounding ok
[16/74] draw-paired/525358/1/y UNDERSPECIFIED nonunique_grounding ok
[17/74] draw-paired/922336/1/x OMISSION nonunique_grounding ok
[18/74] draw-paired/922336/1/x UNDERSPECIFIED nonunique_grounding ok
[19/74] draw-paired/364571/2/y OMISSION nonunique_grounding ok
[20/74] draw-paired/364571/2/y UNDERSPECIFIED nonunique_grounding ok
[21/74] draw-paired/385266/1/x OMISSION nonunique_grounding ok
[22/74] draw-paired/385266/1/x UNDERSPECIFIED nonunique_grounding ok
[23/74] draw-paired/936363/1/y OMISSION nonunique_grounding ok
[24/74] draw-paired/936363/1/y UNDERSPECIFIED nonunique_grounding ok
[25/74] draw-paired/925598/1/x OMISSION nonunique_grounding ok
[26/74] draw-paired/925598/1/x UNDERSPECIFIED nonunique_grounding ok
[27/74] draw-paired/343286/1/x OMISSION nonunique_grounding ok
[28/74] draw-paired/343286/1/x UNDERSPECIFIED nonunique_grounding ok
[29/74] draw-paired/353419/1/x OMISSION nonunique_grounding ok
[30/74] draw-paired/353419/1/x UNDERSPECIFIED nonunique_grounding ok
[31/74] draw-paired/410551/1/y OMISSION nonunique_grounding ok
[32/74] draw-paired/410551/1/y UNDERSPECIFIED nonunique_grounding ok
[33/74] draw-paired/340824/1/x OMISSION nonunique_grounding ok
[34/74] draw-paired/340824/1/x UNDERSPECIFIED nonunique_grounding ok
[35/74] draw-paired/71010/1/nickels OMISSION nonunique_grounding ok
[36/74] draw-paired/71010/1/nickels UNDERSPECIFIED nonunique_grounding ok
[37/74] draw-paired/505066/1/smaller OMISSION nonunique_grounding ok
[38/74] draw-paired/505066/1/smaller UNDERSPECIFIED nonunique_grounding ok
[39/74] draw-paired/403622/1/x OMISSION nonunique_grounding ok
[40/74] draw-paired/403622/1/x UNDERSPECIFIED nonunique_grounding ok
[41/74] draw-paired/693814/1/y OMISSION nonunique_grounding ok
[42/74] draw-paired/693814/1/y UNDERSPECIFIED nonunique_grounding ok
[43/74] draw-paired/754345/1/x OMISSION nonunique_grounding ok
[44/74] draw-paired/754345/1/x UNDERSPECIFIED nonunique_grounding ok
[45/74] draw-paired/775646/1/y OMISSION nonunique_grounding ok
[46/74] draw-paired/775646/1/y UNDERSPECIFIED nonunique_grounding ok
[47/74] draw-paired/82992/1/x OMISSION nonunique_grounding ok
[48/74] draw-paired/82992/1/x UNDERSPECIFIED nonunique_grounding ok
[49/74] draw-paired/775416/1/leather OMISSION nonunique_grounding ok
[50/74] draw-paired/775416/1/leather UNDERSPECIFIED nonunique_grounding ok
[51/74] draw-paired/856102/1/x OMISSION nonunique_grounding ok
[52/74] draw-paired/856102/1/x UNDERSPECIFIED nonunique_grounding ok
[53/74] draw-paired/146922/1/x OMISSION nonunique_grounding ok
[54/74] draw-paired/146922/1/x UNDERSPECIFIED nonunique_grounding ok
[55/74] draw-paired/153771/1/x OMISSION nonunique_grounding ok
[56/74] draw-paired/153771/1/x UNDERSPECIFIED nonunique_grounding ok
[57/74] draw-paired/153326/2/x OMISSION nonunique_grounding ok
[58/74] draw-paired/153326/2/x UNDERSPECIFIED nonunique_grounding ok
[59/74] draw-paired/482896/1/smaller OMISSION nonunique_grounding ok
[60/74] draw-paired/482896/1/smaller UNDERSPECIFIED nonunique_grounding ok
[61/74] draw-paired/398797/2/x OMISSION nonunique_grounding ok
[62/74] draw-paired/398797/2/x UNDERSPECIFIED nonunique_grounding ok
[63/74] draw-paired/500877/1/plane OMISSION nonunique_grounding ok
[64/74] draw-paired/500877/1/plane UNDERSPECIFIED nonunique_grounding ok
[65/74] draw-paired/785225/1/x OMISSION nonunique_grounding ok
[66/74] draw-paired/785225/1/x UNDERSPECIFIED nonunique_grounding ok
[67/74] draw-paired/316559/2/x OMISSION nonunique_grounding ok
[68/74] draw-paired/316559/2/x UNDERSPECIFIED nonunique_grounding ok
[69/74] draw-paired/30712/1/x OMISSION nonunique_grounding ok
[70/74] draw-paired/30712/1/x UNDERSPECIFIED nonunique_grounding ok
[71/74] draw-paired/47186/1/x OMISSION nonunique_grounding ok
[72/74] draw-paired/47186/1/x UNDERSPECIFIED nonunique_grounding ok
[73/74] draw-paired/351523/1/x OMISSION nonunique_grounding ok
[74/74] draw-paired/351523/1/x UNDERSPECIFIED nonunique_grounding ok
