[1/76] draw-paired/766430/1/plane OMISSION nonunique_grounding ok
[2/76] draw-paired/766430/1/plane UNDERSPECIFIED nonunique_grounding ok
[3/76] draw-paired/19264/1/y OMISSION nonunique_grounding ok
[4/76] draw-paired/19264/1/y UNDERSPECIFIED nonunique_grounding ok
[5/76] draw-paired/846036/1/x OMISSION nonunique_grounding ok
[6/76] draw-paired/846036/1/x UNDERSPECIFIED nonunique_grounding ok
[7/76] draw-paired/739546/1/x OMISSION nonunique_grounding ok
[8/76] draw-paired/739546/1/x UNDERSPECIFIED nonunique_grounding ok
[9/76] draw-paired/202132/1/x OMISSION nonunique_grounding ok
[10/76] draw-paired/202132/1/x UNDERSPECIFIED nonunique_grounding ok
[11/76] draw-paired/502890/1/x OMISSION nonunique_grounding ok
[12/76] draw-paired/502890/1/x UNDERSPECIFIED nonunique_grounding ok
[13/76] draw-paired/492783/1/x OMISSION nonunique_grounding ok
[14/76] draw-paired/492783/1/x UNDERSPECIFIED nonunique_grounding ok
[15/76] draw-paired/86849/2/x OMISSION nonunique_grounding ok
[16/76] draw-paired/86849/2/x UNDERSPECIFIED nonunique_grounding ok
[17/76] draw-paired/558275/1/x OMISSION nonunique_grounding ok
[18/76] draw-paired/558275/1/x UNDERSPECIFIED nonunique_grounding ok
[19/76] draw-paired/666059/1/x OMISSION nonunique_grounding ok
[20/76] draw-paired/666059/1/x UNDERSPECIFIED nonunique_grounding ok
[21/76] draw-paired/676077/1/ratio OMISSION nonunique_grounding ok
[22/76] draw-paired/676077/1/ratio UNDERSPECIFIED nonunique_grounding ok
[23/76] draw-paired/853841/1/student OMISSION nonunique_grounding ok
[24/76] draw-paired/853841/1/student UNDERSPECIFIED nonunique_grounding ok
[25/76] draw-paired/381475/1/x OMISSION nonunique_grounding ok
[26/76] draw-paired/381475/1/x UNDERSPECIFIED nonunique_grounding ok
[27/76] draw-paired/354809/1/x OMISSION nonunique_grounding ok
[28/76] draw-paired/354809/1/x UNDERSPECIFIED nonunique_grounding ok
[29/76] draw-paired/279047/1/x OMISSION nonunique_grounding ok
[30/76] draw-paired/279047/1/x UNDERSPECIFIED nonunique_grounding ok
[31/76] draw-paired/693217/1/x OMISSION nonunique_grounding ok
[32/76] draw-paired/693217/1/x UNDERSPECIFIED nonunique_grounding ok
[33/76] draw-paired/376120/1/plane OMISSION nonunique_grounding ok
[34/76] draw-paired/376120/1/plane UNDERSPECIFIED nonunique_grounding ok
[35/76] draw-paired/268774/1/piece OMISSION nonunique_grounding ok
[36/76] draw-paired/268774/1/piece UNDERSPECIFIED nonunique_grounding ok
[37/76] draw-paired/234098/1/student OMISSION nonunique_grounding ok
[38/76] draw-paired/234098/1/student UNDERSPECIFIED nonunique_grounding ok
[39/76] draw-paired/628870/1/smaller OMISSION nonunique_grounding ok
[40/76] draw-paired/628870/1/smaller UNDERSPECIFIED nonunique_grounding ok
[41/76] draw-paired/753430/1/x OMISSION nonunique_grounding ok
[42/76] draw-paired/753430/1/x UNDERSPECIFIED nonunique_grounding ok
[43/76] draw-paired/769390/1/x OMISSION nonunique_grounding ok
[44/76] draw-paired/769390/1/x UNDERSPECIFIED nonunique_grounding ok
[45/76] draw-paired/410520/1/x OMISSION nonunique_grounding ok
[46/76] draw-paired/410520/1/x UNDERSPECIFIED nonunique_grounding ok
[47/76] draw-paired/871121/1/x OMISSION nonunique_grounding ok
[48/76] draw-paired/871121/1/x UNDERSPECIFIED nonunique_grounding ok
[49/76] draw-paired/381652/1/x OMISSION nonunique_grounding ok
[50/76] draw-paired/381652/1/x UNDERSPECIFIED nonunique_grounding ok
[51/76] draw-paired/271714/1/y OMISSION nonunique_grounding ok
[52/76] draw-paired/271714/1/y UNDERSPECIFIED nonunique_grounding ok
[53/76] draw-paired/190835/1/x OMISSION nonunique_grounding error
[54/76] draw-paired/190835/1/x UNDERSPECIFIED nonunique_grounding ok
[55/76] draw-paired/878521/1/x OMISSION nonunique_grounding ok
[56/76] draw-paired/878521/1/x UNDERSPECIFIED nonunique_grounding ok
[57/76] draw-paired/103718/1/student OMISSION nonunique_grounding ok
[58/76] draw-paired/103718/1/student UNDERSPECIFIED nonunique_grounding ok
[59/76] draw-paired/279590/1/x OMISSION nonunique_grounding ok
[60/76] draw-paired/279590/1/x UNDERSPECIFIED nonunique_grounding ok
[61/76] draw-paired/75641/1/x OMISSION nonunique_grounding ok
[62/76] draw-paired/75641/1/x UNDERSPECIFIED nonunique_grounding ok
[63/76] draw-paired/108337/1/plane OMISSION nonunique_grounding ok
[64/76] draw-paired/108337/1/plane UNDERSPECIFIED nonunique_grounding ok
[65/76] draw-paired/147416/1/x OMISSION nonunique_grounding ok
[66/76] draw-paired/147416/1/x UNDERSPECIFIED nonunique_grounding ok
[67/76] draw-paired/377429/1/y OMISSION nonunique_grounding ok
[68/76] draw-paired/377429/1/y UNDERSPECIFIED nonunique_grounding ok
[69/76] draw-paired/931639/1/y OMISSION nonunique_grounding ok
[70/76] draw-paired/931639/1/y UNDERSPECIFIED nonunique_grounding ok
[71/76] draw-paired/278344/1/x OMISSION nonunique_grounding ok
[72/76] draw-paired/278344/1/x UNDERSPECIFIED nonunique_grounding ok
[73/76] draw-paired/123895/1/y OMISSION nonunique_grounding ok
[74/76] draw-paired/123895/1/y UNDERSPECIFIED nonunique_grounding ok
[75/76] draw-paired/136036/1/x OMISSION nonunique_grounding ok
[76/76] draw-paired/136036/1/x UNDERSPECIFIED nonunique_grounding ok
[76/76] draw-paired/190835/1/x OMISSION nonunique_grounding ok
