[1/76] draw-paired/382830/1/y OMISSION nonunique_grounding ok
[2/76] draw-paired/382830/1/y UNDERSPECIFIED nonunique_grounding ok
[3/76] draw-paired/147405/1/y OMISSION nonunique_grounding ok
[4/76] draw-paired/147405/1/y UNDERSPECIFIED nonunique_grounding ok
[5/76] draw-paired/315071/1/x OMISSION nonunique_grounding ok
[6/76] draw-paired/315071/1/x UNDERSPECIFIED nonunique_grounding ok
[7/76] draw-paired/684020/1/smaller OMISSION nonunique_grounding ok
[8/76] draw-paired/684020/1/smaller UNDERSPECIFIED nonunique_grounding ok
[9/76] draw-paired/208614/1/x OMISSION nonunique_grounding ok
[10/76] draw-paired/208614/1/x UNDERSPECIFIED nonunique_grounding ok
[11/76] draw-paired/486945/1/y OMISSION nonunique_grounding ok
[12/76] draw-paired/486945/1/y UNDERSPECIFIED nonunique_grounding ok
[13/76] draw-paired/785151/2/y OMISSION nonunique_grounding ok
[14/76] draw-paired/785151/2/y UNDERSPECIFIED nonunique_grounding ok
[15/76] draw-paired/774524/1/x OMISSION nonunique_grounding ok
[16/76] draw-paired/774524/1/x UNDERSPECIFIED nonunique_grounding ok
[17/76] draw-paired/96991/1/plane OMISSION nonunique_grounding ok
[18/76] draw-paired/96991/1/plane UNDERSPECIFIED nonunique_grounding ok
[19/76] draw-paired/87984/1/y OMISSION nonunique_grounding ok
[20/76] draw-paired/87984/1/y UNDERSPECIFIED nonunique_grounding ok
[21/76] draw-paired/118483/1/x OMISSION nonunique_grounding ok
[22/76] draw-paired/118483/1/x UNDERSPECIFIED nonunique_grounding ok
[23/76] draw-paired/154972/1/y OMISSION nonunique_grounding ok
[24/76] draw-paired/154972/1/y UNDERSPECIFIED nonunique_grounding ok
[25/76] draw-paired/214694/2/x OMISSION nonunique_grounding ok
[26/76] draw-paired/214694/2/x UNDERSPECIFIED nonunique_grounding ok
[27/76] draw-paired/63558/1/x OMISSION nonunique_grounding ok
[28/76] draw-paired/63558/1/x UNDERSPECIFIED nonunique_grounding ok
[29/76] draw-paired/758338/1/student OMISSION nonunique_grounding ok
[30/76] draw-paired/758338/1/student UNDERSPECIFIED nonunique_grounding ok
[31/76] draw-paired/57583/1/X OMISSION nonunique_grounding ok
[32/76] draw-paired/57583/1/X UNDERSPECIFIED nonunique_grounding ok
[33/76] draw-paired/356152/1/y OMISSION nonunique_grounding ok
[34/76] draw-paired/356152/1/y UNDERSPECIFIED nonunique_grounding ok
[35/76] draw-paired/499968/1/y OMISSION nonunique_grounding ok
[36/76] draw-paired/499968/1/y UNDERSPECIFIED nonunique_grounding ok
[37/76] draw-paired/429522/1/y OMISSION nonunique_grounding ok
[38/76] draw-paired/429522/1/y UNDERSPECIFIED nonunique_grounding ok
[39/76] draw-paired/101986/1/Y OMISSION nonunique_grounding ok
[40/76] draw-paired/101986/1/Y UNDERSPECIFIED nonunique_grounding ok
[41/76] draw-paired/71823/1/y OMISSION nonunique_grounding ok
[42/76] draw-paired/71823/1/y UNDERSPECIFIED nonunique_grounding ok
[43/76] draw-paired/919697/1/y OMISSION nonunique_grounding ok
[44/76] draw-paired/919697/1/y UNDERSPECIFIED nonunique_grounding ok
[45/76] draw-paired/88433/1/x OMISSION nonunique_grounding ok
[46/76] draw-paired/88433/1/x UNDERSPECIFIED nonunique_grounding ok
[47/76] draw-paired/257214/1/x OMISSION nonunique_grounding ok
[48/76] draw-paired/257214/1/x UNDERSPECIFIED nonunique_grounding ok
[49/76] draw-paired/415936/1/x OMISSION nonunique_grounding ok
[50/76] draw-paired/415936/1/x UNDERSPECIFIED nonunique_grounding ok
[51/76] draw-paired/841003/1/y OMISSION nonunique_grounding ok
[52/76] draw-paired/841003/1/y UNDERSPECIFIED nonunique_grounding ok
[53/76] draw-paired/2107/1/x OMISSION nonunique_grounding ok
[54/76] draw-paired/2107/1/x UNDERSPECIFIED nonunique_grounding ok
[55/76] draw-paired/386766/1/y OMISSION nonunique_grounding ok
[56/76] draw-paired/386766/1/y UNDERSPECIFIED nonunique_grounding ok
[57/76] draw-paired/488492/1/x OMISSION nonunique_grounding ok
[58/76] draw-paired/488492/1/x UNDERSPECIFIED nonunique_grounding ok
[59/76] draw-paired/840797/2/x OMISSION nonunique_grounding ok
[60/76] draw-paired/840797/2/x UNDERSPECIFIED nonunique_grounding ok
[61/76] draw-paired/852513/2/x OMISSION nonunique_grounding ok
[62/76] draw-paired/852513/2/x UNDERSPECIFIED nonunique_grounding ok
[63/76] draw-paired/164823/1/x OMISSION nonunique_grounding ok
[64/76] draw-paired/164823/1/x UNDERSPECIFIED nonunique_grounding ok
[65/76] draw-paired/125689/1/x OMISSION nonunique_grounding ok
[66/76] draw-paired/125689/1/x UNDERSPECIFIED nonunique_grounding ok
[67/76] draw-paired/761623/2/y OMISSION nonunique_grounding ok
[68/76] draw-paired/761623/2/y UNDERSPECIFIED nonunique_grounding ok
[69/76] draw-paired/158849/1/x OMISSION nonunique_grounding ok
[70/76] draw-paired/158849/1/x UNDERSPECIFIED nonunique_grounding ok
[71/76] draw-paired/614351/1/x OMISSION nonunique_grounding ok
[72/76] draw-paired/614351/1/x UNDERSPECIFIED nonunique_grounding ok
[73/76] draw-paired/857277/1/student OMISSION nonunique_grounding ok
[74/76] draw-paired/857277/1/student UNDERSPECIFIED nonunique_grounding ok
[75/76] draw-paired/900689/1/x OMISSION nonunique_grounding ok
[76/76] draw-paired/900689/1/x UNDERSPECIFIED nonunique_grounding ok
