[1/76] draw-paired/477799/1/x OMISSION self_review ok
[2/76] draw-paired/477799/1/x UNDERSPECIFIED self_review error
[3/76] draw-paired/51889/1/x OMISSION self_review error
[4/76] draw-paired/51889/1/x UNDERSPECIFIED self_review ok
[5/76] draw-paired/717408/1/x OMISSION self_review ok
[6/76] draw-paired/717408/1/x UNDERSPECIFIED self_review error
[7/76] draw-paired/408092/1/x OMISSION self_review error
[8/76] draw-paired/408092/1/x UNDERSPECIFIED self_review error
[9/76] draw-paired/852610/1/x OMISSION self_review ok
[10/76] draw-paired/852610/1/x UNDERSPECIFIED self_review ok
[11/76] draw-paired/241901/1/x OMISSION self_review ok
[12/76] draw-paired/241901/1/x UNDERSPECIFIED self_review ok
[13/76] draw-paired/189170/1/student OMISSION self_review ok
[14/76] draw-paired/189170/1/student UNDERSPECIFIED self_review ok
[15/76] draw-paired/802215/1/x OMISSION self_review error
[16/76] draw-paired/802215/1/x UNDERSPECIFIED self_review ok
[17/76] draw-paired/631391/1/s OMISSION self_review ok
[18/76] draw-paired/631391/1/s UNDERSPECIFIED self_review ok
[19/76] draw-paired/569048/1/x OMISSION self_review ok
[20/76] draw-paired/569048/1/x UNDERSPECIFIED self_review ok
[21/76] draw-paired/310397/1/smaller OMISSION self_review ok
[22/76] draw-paired/310397/1/smaller UNDERSPECIFIED self_review ok
[23/76] draw-paired/144847/1/x OMISSION self_review ok
[24/76] draw-paired/144847/1/x UNDERSPECIFIED self_review ok
[25/76] draw-paired/669386/1/x OMISSION self_review ok
[26/76] draw-paired/669386/1/x UNDERSPECIFIED self_review ok
[27/76] draw-paired/850598/1/y OMISSION self_review ok
[28/76] draw-paired/850598/1/y UNDERSPECIFIED self_review ok
[29/76] draw-paired/342366/1/x OMISSION self_review ok
[30/76] draw-paired/342366/1/x UNDERSPECIFIED self_review ok
[31/76] draw-paired/58087/1/x OMISSION self_review ok
[32/76] draw-paired/58087/1/x UNDERSPECIFIED self_review ok
[33/76] draw-paired/709493/1/y OMISSION self_review ok
[34/76] draw-paired/709493/1/y UNDERSPECIFIED self_review ok
[35/76] draw-paired/74277/2/x OMISSION self_review ok
[36/76] draw-paired/74277/2/x UNDERSPECIFIED self_review ok
[37/76] draw-paired/301832/1/x OMISSION self_review ok
[38/76] draw-paired/301832/1/x UNDERSPECIFIED self_review ok
[39/76] draw-paired/929086/2/Mary OMISSION self_review ok
[40/76] draw-paired/929086/2/Mary UNDERSPECIFIED self_review ok
[41/76] draw-paired/82118/2/x OMISSION self_review ok
[42/76] draw-paired/82118/2/x UNDERSPECIFIED self_review ok
[43/76] draw-paired/514217/1/plane OMISSION self_review ok
[44/76] draw-paired/514217/1/plane UNDERSPECIFIED self_review ok
[45/76] draw-paired/174820/1/x OMISSION self_review ok
[46/76] draw-paired/174820/1/x UNDERSPECIFIED self_review ok
[47/76] draw-paired/150329/1/plywood OMISSION self_review ok
[48/76] draw-paired/150329/1/plywood UNDERSPECIFIED self_review ok
[49/76] draw-paired/568337/2/x OMISSION self_review ok
[50/76] draw-paired/568337/2/x UNDERSPECIFIED self_review ok
[51/76] draw-paired/512332/1/x OMISSION self_review ok
[52/76] draw-paired/512332/1/x UNDERSPECIFIED self_review ok
[53/76] draw-paired/53380/1/x OMISSION self_review ok
[54/76] draw-paired/53380/1/x UNDERSPECIFIED self_review ok
[55/76] draw-paired/283797/1/x OMISSION self_review ok
[56/76] draw-paired/283797/1/x UNDERSPECIFIED self_review ok
[57/76] draw-paired/256673/1/x OMISSION self_review ok
[58/76] draw-paired/256673/1/x UNDERSPECIFIED self_review ok
[59/76] draw-paired/203359/2/x OMISSION self_review ok
[60/76] draw-paired/203359/2/x UNDERSPECIFIED self_review ok
[61/76] draw-paired/205928/1/x OMISSION self_review ok
[62/76] draw-paired/205928/1/x UNDERSPECIFIED self_review ok
[63/76] draw-paired/675092/1/x OMISSION self_review ok
[64/76] draw-paired/675092/1/x UNDERSPECIFIED self_review ok
[65/76] draw-paired/80004/1/x OMISSION self_review ok
[66/76] draw-paired/80004/1/x UNDERSPECIFIED self_review ok
[67/76] draw-paired/185146/1/student OMISSION self_review ok
[68/76] draw-paired/185146/1/student UNDERSPECIFIED self_review ok
[69/76] draw-paired/677790/2/y OMISSION self_review ok
[70/76] draw-paired/677790/2/y UNDERSPECIFIED self_review ok
[71/76] draw-paired/378087/1/x OMISSION self_review ok
[72/76] draw-paired/378087/1/x UNDERSPECIFIED self_review ok
[73/76] draw-paired/378386/1/x OMISSION self_review ok
[74/76] draw-paired/378386/1/x UNDERSPECIFIED self_review ok
[75/76] draw-paired/26869/1/y OMISSION self_review ok
[76/76] draw-paired/26869/1/y UNDERSPECIFIED self_review ok
[71/76] draw-paired/477799/1/x UNDERSPECIFIED self_review ok
[72/76] draw-paired/51889/1/x OMISSION self_review ok
[73/76] draw-paired/717408/1/x UNDERSPECIFIED self_review ok
[74/76] draw-paired/408092/1/x OMISSION self_review ok
[75/76] draw-paired/408092/1/x UNDERSPECIFIED self_review ok
[76/76] draw-paired/802215/1/x OMISSION self_review ok
