[1/74] draw-paired/18466/1/x OMISSION self_review ok
[2/74] draw-paired/18466/1/x UNDERSPECIFIED self_review ok
[3/74] draw-paired/311656/1/x OMISSION self_review ok
[4/74] draw-paired/311656/1/x UNDERSPECIFIED self_review ok
[5/74] draw-paired/279273/1/j OMISSION self_review ok
[6/74] draw-paired/279273/1/j UNDERSPECIFIED self_review ok
[7/74] draw-paired/717974/1/x OMISSION self_review ok
[8/74] draw-paired/717974/1/x UNDERSPECIFIED self_review ok
[9/74] draw-paired/20440/2/x OMISSION self_review ok
[10/74] draw-paired/20440/2/x UNDERSPECIFIED self_review ok
[11/74] draw-paired/219569/1/x OMISSION self_review ok
[12/74] draw-paired/219569/1/x UNDERSPECIFIED self_review ok
[13/74] draw-paired/390191/1/x OMISSION self_review ok
[14/74] draw-paired/390191/1/x UNDERSPECIFIED self_review ok
[15/74] draw-paired/399675/1/x OMISSION self_review ok
[16/74] draw-paired/399675/1/x UNDERSPECIFIED self_review ok
[17/74] draw-paired/914766/1/y OMISSION self_review ok
[18/74] draw-paired/914766/1/y UNDERSPECIFIED self_review ok
[19/74] draw-paired/359241/1/y OMISSION self_review ok
[20/74] draw-paired/359241/1/y UNDERSPECIFIED self_review ok
[21/74] draw-paired/500750/1/plywood OMISSION self_review ok
[22/74] draw-paired/500750/1/plywood UNDERSPECIFIED self_review ok
[23/74] draw-paired/391073/1/x OMISSION self_review ok
[24/74] draw-paired/391073/1/x UNDERSPECIFIED self_review ok
[25/74] draw-paired/554064/1/x OMISSION self_review ok
[26/74] draw-paired/554064/1/x UNDERSPECIFIED self_review ok
[27/74] draw-paired/16062/1/plane OMISSION self_review ok
[28/74] draw-paired/16062/1/plane UNDERSPECIFIED self_review ok
[29/74] draw-paired/489560/1/smaller OMISSION self_review ok
[30/74] draw-paired/489560/1/smaller UNDERSPECIFIED self_review ok
[31/74] draw-paired/201720/1/y OMISSION self_review ok
[32/74] draw-paired/201720/1/y UNDERSPECIFIED self_review ok
[33/74] draw-paired/394667/1/x OMISSION self_review ok
[34/74] draw-paired/394667/1/x UNDERSPECIFIED self_review ok
[35/74] draw-paired/641139/1/plane OMISSION self_review ok
[36/74] draw-paired/641139/1/plane UNDERSPECIFIED self_review error
[37/74] draw-paired/311373/1/x OMISSION self_review ok
[38/74] draw-paired/311373/1/x UNDERSPECIFIED self_review ok
[39/74] draw-paired/167815/2/x OMISSION self_review ok
[40/74] draw-paired/167815/2/x UNDERSPECIFIED self_review ok
[41/74] draw-paired/400668/1/x OMISSION self_review ok
[42/74] draw-paired/400668/1/x UNDERSPECIFIED self_review ok
[43/74] draw-paired/357286/2/x OMISSION self_review ok
[44/74] draw-paired/357286/2/x UNDERSPECIFIED self_review ok
[45/74] draw-paired/562118/1/a OMISSION self_review ok
[46/74] draw-paired/562118/1/a UNDERSPECIFIED self_review ok
[47/74] draw-paired/250856/1/student OMISSION self_review ok
[48/74] draw-paired/250856/1/student UNDERSPECIFIED self_review ok
[49/74] draw-paired/659862/1/x OMISSION self_review ok
[50/74] draw-paired/659862/1/x UNDERSPECIFIED self_review ok
[51/74] draw-paired/408821/2/smaller OMISSION self_review ok
[52/74] draw-paired/408821/2/smaller UNDERSPECIFIED self_review ok
[53/74] draw-paired/751866/1/x OMISSION self_review ok
[54/74] draw-paired/751866/1/x UNDERSPECIFIED self_review ok
[55/74] draw-paired/918333/1/x OMISSION self_review ok
[56/74] draw-paired/918333/1/x UNDERSPECIFIED self_review ok
[57/74] draw-paired/106801/1/x OMISSION self_review ok
[58/74] draw-paired/106801/1/x UNDERSPECIFIED self_review ok
[59/74] draw-paired/223660/1/x OMISSION self_review ok
[60/74] draw-paired/223660/1/x UNDERSPECIFIED self_review ok
[61/74] draw-paired/655012/1/x OMISSION self_review ok
[62/74] draw-paired/655012/1/x UNDERSPECIFIED self_review ok
[63/74] draw-paired/932280/1/faster_car OMISSION self_review ok
[64/74] draw-paired/932280/1/faster_car UNDERSPECIFIED self_review ok
[65/74] draw-paired/149172/2/x OMISSION self_review ok
[66/74] draw-paired/149172/2/x UNDERSPECIFIED self_review ok
[67/74] draw-paired/570109/2/x OMISSION self_review ok
[68/74] draw-paired/570109/2/x UNDERSPECIFIED self_review ok
[69/74] draw-paired/741165/1/x OMISSION self_review ok
[70/74] draw-paired/741165/1/x UNDERSPECIFIED self_review ok
[71/74] draw-paired/153373/1/x OMISSION self_review ok
[72/74] draw-paired/153373/1/x UNDERSPECIFIED self_review ok
[73/74] draw-paired/3936/1/d OMISSION self_review ok
[74/74] draw-paired/3936/1/d UNDERSPECIFIED self_review ok
[74/74] draw-paired/641139/1/plane UNDERSPECIFIED self_review ok
