[1/76] draw-paired/382830/1/y OMISSION self_review ok
[2/76] draw-paired/382830/1/y UNDERSPECIFIED self_review ok
[3/76] draw-paired/147405/1/y OMISSION self_review ok
[4/76] draw-paired/147405/1/y UNDERSPECIFIED self_review ok
[5/76] draw-paired/315071/1/x OMISSION self_review ok
[6/76] draw-paired/315071/1/x UNDERSPECIFIED self_review ok
[7/76] draw-paired/684020/1/smaller OMISSION self_review ok
[8/76] draw-paired/684020/1/smaller UNDERSPECIFIED self_review ok
[9/76] draw-paired/208614/1/x OMISSION self_review ok
[10/76] draw-paired/208614/1/x UNDERSPECIFIED self_review ok
[11/76] draw-paired/486945/1/y OMISSION self_review ok
[12/76] draw-paired/486945/1/y UNDERSPECIFIED self_review ok
[13/76] draw-paired/785151/2/y OMISSION self_review ok
[14/76] draw-paired/785151/2/y UNDERSPECIFIED self_review ok
[15/76] draw-paired/774524/1/x OMISSION self_review ok
[16/76] draw-paired/774524/1/x UNDERSPECIFIED self_review ok
[17/76] draw-paired/96991/1/plane OMISSION self_review ok
[18/76] draw-paired/96991/1/plane UNDERSPECIFIED self_review ok
[19/76] draw-paired/87984/1/y OMISSION self_review ok
[20/76] draw-paired/87984/1/y UNDERSPECIFIED self_review ok
[21/76] draw-paired/118483/1/x OMISSION self_review ok
[22/76] draw-paired/118483/1/x UNDERSPECIFIED self_review ok
[23/76] draw-paired/154972/1/y OMISSION self_review ok
[24/76] draw-paired/154972/1/y UNDERSPECIFIED self_review ok
[25/76] draw-paired/214694/2/x OMISSION self_review ok
[26/76] draw-paired/214694/2/x UNDERSPECIFIED self_review ok
[27/76] draw-paired/63558/1/x OMISSION self_review ok
[28/76] draw-paired/63558/1/x UNDERSPECIFIED self_review ok
[29/76] draw-paired/758338/1/student OMISSION self_review ok
[30/76] draw-paired/758338/1/student UNDERSPECIFIED self_review ok
[31/76] draw-paired/57583/1/X OMISSION self_review error
[32/76] draw-paired/57583/1/X UNDERSPECIFIED self_review error
[33/76] draw-paired/356152/1/y OMISSION self_review ok
[34/76] draw-paired/356152/1/y UNDERSPECIFIED self_review ok
[35/76] draw-paired/499968/1/y OMISSION self_review ok
[36/76] draw-paired/499968/1/y UNDERSPECIFIED self_review ok
[37/76] draw-paired/429522/1/y OMISSION self_review ok
[38/76] draw-paired/429522/1/y UNDERSPECIFIED self_review ok
[39/76] draw-paired/101986/1/Y OMISSION self_review ok
[40/76] draw-paired/101986/1/Y UNDERSPECIFIED self_review ok
[41/76] draw-paired/71823/1/y OMISSION self_review ok
[42/76] draw-paired/71823/1/y UNDERSPECIFIED self_review ok
[43/76] draw-paired/919697/1/y OMISSION self_review ok
[44/76] draw-paired/919697/1/y UNDERSPECIFIED self_review ok
[45/76] draw-paired/88433/1/x OMISSION self_review ok
[46/76] draw-paired/88433/1/x UNDERSPECIFIED self_review ok
[47/76] draw-paired/257214/1/x OMISSION self_review ok
[48/76] draw-paired/257214/1/x UNDERSPECIFIED self_review ok
[49/76] draw-paired/415936/1/x OMISSION self_review ok
[50/76] draw-paired/415936/1/x UNDERSPECIFIED self_review ok
[51/76] draw-paired/841003/1/y OMISSION self_review ok
[52/76] draw-paired/841003/1/y UNDERSPECIFIED self_review ok
[53/76] draw-paired/2107/1/x OMISSION self_review ok
[54/76] draw-paired/2107/1/x UNDERSPECIFIED self_review ok
[55/76] draw-paired/386766/1/y OMISSION self_review ok
[56/76] draw-paired/386766/1/y UNDERSPECIFIED self_review ok
[57/76] draw-paired/488492/1/x OMISSION self_review ok
[58/76] draw-paired/488492/1/x UNDERSPECIFIED self_review ok
[59/76] draw-paired/840797/2/x OMISSION self_review ok
[60/76] draw-paired/840797/2/x UNDERSPECIFIED self_review ok
[61/76] draw-paired/852513/2/x OMISSION self_review ok
[62/76] draw-paired/852513/2/x UNDERSPECIFIED self_review ok
[63/76] draw-paired/164823/1/x OMISSION self_review ok
[64/76] draw-paired/164823/1/x UNDERSPECIFIED self_review ok
[65/76] draw-paired/125689/1/x OMISSION self_review ok
[66/76] draw-paired/125689/1/x UNDERSPECIFIED self_review ok
[67/76] draw-paired/761623/2/y OMISSION self_review ok
[68/76] draw-paired/761623/2/y UNDERSPECIFIED self_review ok
[69/76] draw-paired/158849/1/x OMISSION self_review ok
[70/76] draw-paired/158849/1/x UNDERSPECIFIED self_review ok
[71/76] draw-paired/614351/1/x OMISSION self_review ok
[72/76] draw-paired/614351/1/x UNDERSPECIFIED self_review ok
[73/76] draw-paired/857277/1/student OMISSION self_review ok
[74/76] draw-paired/857277/1/student UNDERSPECIFIED self_review ok
[75/76] draw-paired/900689/1/x OMISSION self_review ok
[76/76] draw-paired/900689/1/x UNDERSPECIFIED self_review ok
[75/76] draw-paired/57583/1/X OMISSION self_review ok
[76/76] draw-paired/57583/1/X UNDERSPECIFIED self_review ok
