[1/76] draw-paired/370467/1/x OMISSION nonunique_grounding ok
[2/76] draw-paired/370467/1/x UNDERSPECIFIED nonunique_grounding ok
[3/76] draw-paired/156027/2/x OMISSION nonunique_grounding ok
[4/76] draw-paired/156027/2/x UNDERSPECIFIED nonunique_grounding ok
[5/76] draw-paired/548627/1/plane OMISSION nonunique_grounding ok
[6/76] draw-paired/548627/1/plane UNDERSPECIFIED nonunique_grounding ok
[7/76] draw-paired/839861/1/Mary OMISSION nonunique_grounding ok
[8/76] draw-paired/839861/1/Mary UNDERSPECIFIED nonunique_grounding ok
[9/76] draw-paired/127730/1/x OMISSION nonunique_grounding ok
[10/76] draw-paired/127730/1/x UNDERSPECIFIED nonunique_grounding ok
[11/76] draw-paired/57521/1/X OMISSION nonunique_grounding ok
[12/76] draw-paired/57521/1/X UNDERSPECIFIED nonunique_grounding ok
[13/76] draw-paired/164860/2/twenty_mix OMISSION nonunique_grounding ok
[14/76] draw-paired/164860/2/twenty_mix UNDERSPECIFIED nonunique_grounding ok
[15/76] draw-paired/316179/2/x OMISSION nonunique_grounding ok
[16/76] draw-paired/316179/2/x UNDERSPECIFIED nonunique_grounding ok
[17/76] draw-paired/2314/1/x OMISSION nonunique_grounding ok
[18/76] draw-paired/2314/1/x UNDERSPECIFIED nonunique_grounding ok
[19/76] draw-paired/182090/1/x OMISSION nonunique_grounding ok
[20/76] draw-paired/182090/1/x UNDERSPECIFIED nonunique_grounding ok
[21/76] draw-paired/103365/1/x OMISSION nonunique_grounding ok
[22/76] draw-paired/103365/1/x UNDERSPECIFIED nonunique_grounding ok
[23/76] draw-paired/389616/1/x OMISSION nonunique_grounding ok
[24/76] draw-paired/389616/1/x UNDERSPECIFIED nonunique_grounding ok
[25/76] draw-paired/764947/1/x OMISSION nonunique_grounding ok
[26/76] draw-paired/764947/1/x UNDERSPECIFIED nonunique_grounding ok
[27/76] draw-paired/427962/1/x OMISSION nonunique_grounding ok
[28/76] draw-paired/427962/1/x UNDERSPECIFIED nonunique_grounding ok
[29/76] draw-paired/127015/1/x OMISSION nonunique_grounding ok
[30/76] draw-paired/127015/1/x UNDERSPECIFIED nonunique_grounding ok
[31/76] draw-paired/397250/1/x OMISSION nonunique_grounding ok
[32/76] draw-paired/397250/1/x UNDERSPECIFIED nonunique_grounding ok
[33/76] draw-paired/948538/1/y OMISSION nonunique_grounding ok
[34/76] draw-paired/948538/1/y UNDERSPECIFIED nonunique_grounding ok
[35/76] draw-paired/545112/1/smaller OMISSION nonunique_grounding ok
[36/76] draw-paired/545112/1/smaller UNDERSPECIFIED nonunique_grounding ok
[37/76] draw-paired/220494/1/x OMISSION nonunique_grounding ok
[38/76] draw-paired/220494/1/x UNDERSPECIFIED nonunique_grounding ok
[39/76] draw-paired/237843/1/x OMISSION nonunique_grounding ok
[40/76] draw-paired/237843/1/x UNDERSPECIFIED nonunique_grounding ok
[41/76] draw-paired/513521/1/smaller OMISSION nonunique_grounding ok
[42/76] draw-paired/513521/1/smaller UNDERSPECIFIED nonunique_grounding ok
[43/76] draw-paired/666554/1/x OMISSION nonunique_grounding ok
[44/76] draw-paired/666554/1/x UNDERSPECIFIED nonunique_grounding ok
[45/76] draw-paired/763476/1/student OMISSION nonunique_grounding ok
[46/76] draw-paired/763476/1/student UNDERSPECIFIED nonunique_grounding ok
[47/76] draw-paired/11876/1/x OMISSION nonunique_grounding ok
[48/76] draw-paired/11876/1/x UNDERSPECIFIED nonunique_grounding ok
[49/76] draw-paired/88929/1/x OMISSION nonunique_grounding ok
[50/76] draw-paired/88929/1/x UNDERSPECIFIED nonunique_grounding error
[51/76] draw-paired/170817/1/y OMISSION nonunique_grounding ok
[52/76] draw-paired/170817/1/y UNDERSPECIFIED nonunique_grounding ok
[53/76] draw-paired/161626/1/x OMISSION nonunique_grounding ok
[54/76] draw-paired/161626/1/x UNDERSPECIFIED nonunique_grounding ok
[55/76] draw-paired/402685/1/x OMISSION nonunique_grounding ok
[56/76] draw-paired/402685/1/x UNDERSPECIFIED nonunique_grounding ok
[57/76] draw-paired/52939/1/x OMISSION nonunique_grounding ok
[58/76] draw-paired/52939/1/x UNDERSPECIFIED nonunique_grounding ok
[59/76] draw-paired/145494/1/x OMISSION nonunique_grounding ok
[60/76] draw-paired/145494/1/x UNDERSPECIFIED nonunique_grounding ok
[61/76] draw-paired/39411/1/x OMISSION nonunique_grounding ok
[62/76] draw-paired/39411/1/x UNDERSPECIFIED nonunique_grounding ok
[63/76] draw-paired/757899/1/student OMISSION nonunique_grounding ok
[64/76] draw-paired/757899/1/student UNDERSPECIFIED nonunique_grounding ok
[65/76] draw-paired/488434/1/smaller OMISSION nonunique_grounding ok
[66/76] draw-paired/488434/1/smaller UNDERSPECIFIED nonunique_grounding ok
[67/76] draw-paired/362965/1/leather OMISSION nonunique_grounding ok
[68/76] draw-paired/362965/1/leather UNDERSPECIFIED nonunique_grounding ok
[69/76] draw-paired/180471/1/y OMISSION nonunique_grounding ok
[70/76] draw-paired/180471/1/y UNDERSPECIFIED nonunique_grounding ok
[71/76] draw-paired/571516/1/student OMISSION nonunique_grounding ok
[72/76] draw-paired/571516/1/student UNDERSPECIFIED nonunique_grounding ok
[73/76] draw-paired/351655/1/x OMISSION nonunique_grounding ok
[74/76] draw-paired/351655/1/x UNDERSPECIFIED nonunique_grounding ok
[75/76] draw-paired/324471/1/x OMISSION nonunique_grounding ok
[76/76] draw-paired/324471/1/x UNDERSPECIFIED nonunique_grounding ok
[76/76] draw-paired/88929/1/x UNDERSPECIFIED nonunique_grounding ok
