[1/76] draw-paired/370467/1/x OMISSION nonunique ok
[2/76] draw-paired/370467/1/x UNDERSPECIFIED nonunique ok
[3/76] draw-paired/156027/2/x OMISSION nonunique ok
[4/76] draw-paired/156027/2/x UNDERSPECIFIED nonunique error
[5/76] draw-paired/548627/1/plane OMISSION nonunique ok
[6/76] draw-paired/548627/1/plane UNDERSPECIFIED nonunique ok
[7/76] draw-paired/839861/1/Mary OMISSION nonunique ok
[8/76] draw-paired/839861/1/Mary UNDERSPECIFIED nonunique ok
[9/76] draw-paired/127730/1/x OMISSION nonunique ok
[10/76] draw-paired/127730/1/x UNDERSPECIFIED nonunique ok
[11/76] draw-paired/57521/1/X OMISSION nonunique ok
[12/76] draw-paired/57521/1/X UNDERSPECIFIED nonunique ok
[13/76] draw-paired/164860/2/twenty_mix OMISSION nonunique ok
[14/76] draw-paired/164860/2/twenty_mix UNDERSPECIFIED nonunique ok
[15/76] draw-paired/316179/2/x OMISSION nonunique ok
[16/76] draw-paired/316179/2/x UNDERSPECIFIED nonunique ok
[17/76] draw-paired/2314/1/x OMISSION nonunique ok
[18/76] draw-paired/2314/1/x UNDERSPECIFIED nonunique ok
[19/76] draw-paired/182090/1/x OMISSION nonunique ok
[20/76] draw-paired/182090/1/x UNDERSPECIFIED nonunique ok
[21/76] draw-paired/103365/1/x OMISSION nonunique ok
[22/76] draw-paired/103365/1/x UNDERSPECIFIED nonunique ok
[23/76] draw-paired/389616/1/x OMISSION nonunique ok
[24/76] draw-paired/389616/1/x UNDERSPECIFIED nonunique ok
[25/76] draw-paired/764947/1/x OMISSION nonunique ok
[26/76] draw-paired/764947/1/x UNDERSPECIFIED nonunique ok
[27/76] draw-paired/427962/1/x OMISSION nonunique ok
[28/76] draw-paired/427962/1/x UNDERSPECIFIED nonunique ok
[29/76] draw-paired/127015/1/x OMISSION nonunique ok
[30/76] draw-paired/127015/1/x UNDERSPECIFIED nonunique ok
[31/76] draw-paired/397250/1/x OMISSION nonunique error
[32/76] draw-paired/397250/1/x UNDERSPECIFIED nonunique ok
[33/76] draw-paired/948538/1/y OMISSION nonunique ok
[34/76] draw-paired/948538/1/y UNDERSPECIFIED nonunique ok
[35/76] draw-paired/545112/1/smaller OMISSION nonunique error
[36/76] draw-paired/545112/1/smaller UNDERSPECIFIED nonunique error
[37/76] draw-paired/220494/1/x OMISSION nonunique ok
[38/76] draw-paired/220494/1/x UNDERSPECIFIED nonunique ok
[39/76] draw-paired/237843/1/x OMISSION nonunique ok
[40/76] draw-paired/237843/1/x UNDERSPECIFIED nonunique ok
[41/76] draw-paired/513521/1/smaller OMISSION nonunique ok
[42/76] draw-paired/513521/1/smaller UNDERSPECIFIED nonunique ok
[43/76] draw-paired/666554/1/x OMISSION nonunique ok
[44/76] draw-paired/666554/1/x UNDERSPECIFIED nonunique ok
[45/76] draw-paired/763476/1/student OMISSION nonunique ok
[46/76] draw-paired/763476/1/student UNDERSPECIFIED nonunique ok
[47/76] draw-paired/11876/1/x OMISSION nonunique ok
[48/76] draw-paired/11876/1/x UNDERSPECIFIED nonunique ok
[49/76] draw-paired/88929/1/x OMISSION nonunique ok
[50/76] draw-paired/88929/1/x UNDERSPECIFIED nonunique ok
[51/76] draw-paired/170817/1/y OMISSION nonunique ok
[52/76] draw-paired/170817/1/y UNDERSPECIFIED nonunique ok
[53/76] draw-paired/161626/1/x OMISSION nonunique ok
[54/76] draw-paired/161626/1/x UNDERSPECIFIED nonunique ok
[55/76] draw-paired/402685/1/x OMISSION nonunique ok
[56/76] draw-paired/402685/1/x UNDERSPECIFIED nonunique ok
[57/76] draw-paired/52939/1/x OMISSION nonunique ok
[58/76] draw-paired/52939/1/x UNDERSPECIFIED nonunique ok
[59/76] draw-paired/145494/1/x OMISSION nonunique ok
[60/76] draw-paired/145494/1/x UNDERSPECIFIED nonunique ok
[61/76] draw-paired/39411/1/x OMISSION nonunique ok
[62/76] draw-paired/39411/1/x UNDERSPECIFIED nonunique ok
[63/76] draw-paired/757899/1/student OMISSION nonunique ok
[64/76] draw-paired/757899/1/student UNDERSPECIFIED nonunique ok
[65/76] draw-paired/488434/1/smaller OMISSION nonunique ok
[66/76] draw-paired/488434/1/smaller UNDERSPECIFIED nonunique ok
[67/76] draw-paired/362965/1/leather OMISSION nonunique ok
[68/76] draw-paired/362965/1/leather UNDERSPECIFIED nonunique ok
[69/76] draw-paired/180471/1/y OMISSION nonunique ok
[70/76] draw-paired/180471/1/y UNDERSPECIFIED nonunique ok
[71/76] draw-paired/571516/1/student OMISSION nonunique ok
[72/76] draw-paired/571516/1/student UNDERSPECIFIED nonunique ok
[73/76] draw-paired/351655/1/x OMISSION nonunique ok
[74/76] draw-paired/351655/1/x UNDERSPECIFIED nonunique ok
[75/76] draw-paired/324471/1/x OMISSION nonunique ok
[76/76] draw-paired/324471/1/x UNDERSPECIFIED nonunique ok
[73/76] draw-paired/156027/2/x UNDERSPECIFIED nonunique ok
[74/76] draw-paired/397250/1/x OMISSION nonunique ok
[75/76] draw-paired/545112/1/smaller OMISSION nonunique ok
[76/76] draw-paired/545112/1/smaller UNDERSPECIFIED nonunique ok
