[1/74] draw-paired/499001/1/smaller OMISSION nonunique ok
[2/74] draw-paired/499001/1/smaller UNDERSPECIFIED nonunique ok
[3/74] draw-paired/312378/1/x OMISSION nonunique ok
[4/74] draw-paired/312378/1/x UNDERSPECIFIED nonunique ok
[5/74] draw-paired/57740/1/x OMISSION nonunique ok
[6/74] draw-paired/57740/1/x UNDERSPECIFIED nonunique ok
[7/74] draw-paired/21609/1/t OMISSION nonunique ok
[8/74] draw-paired/21609/1/t UNDERSPECIFIED nonunique ok
[9/74] draw-paired/631993/1/smaller OMISSION nonunique ok
[10/74] draw-paired/631993/1/smaller UNDERSPECIFIED nonunique ok
[11/74] draw-paired/5493/2/x OMISSION nonunique ok
[12/74] draw-paired/5493/2/x UNDERSPECIFIED nonunique ok
[13/74] draw-paired/125684/1/x OMISSION nonunique ok
[14/74] draw-paired/125684/1/x UNDERSPECIFIED nonunique ok
[15/74] draw-paired/631883/2/y OMISSION nonunique ok
[16/74] draw-paired/631883/2/y UNDERSPECIFIED nonunique ok
[17/74] draw-paired/34492/2/x OMISSION nonunique ok
[18/74] draw-paired/34492/2/x UNDERSPECIFIED nonunique ok
[19/74] draw-paired/799190/2/smaller OMISSION nonunique ok
[20/74] draw-paired/799190/2/smaller UNDERSPECIFIED nonunique ok
[21/74] draw-paired/333072/1/x OMISSION nonunique ok
[22/74] draw-paired/333072/1/x UNDERSPECIFIED nonunique ok
[23/74] draw-paired/831683/1/y OMISSION nonunique ok
[24/74] draw-paired/831683/1/y UNDERSPECIFIED nonunique ok
[25/74] draw-paired/825583/1/y OMISSION nonunique ok
[26/74] draw-paired/825583/1/y UNDERSPECIFIED nonunique ok
[27/74] draw-paired/177527/2/x OMISSION nonunique ok
[28/74] draw-paired/177527/2/x UNDERSPECIFIED nonunique ok
[29/74] draw-paired/663080/1/x OMISSION nonunique ok
[30/74] draw-paired/663080/1/x UNDERSPECIFIED nonunique ok
[31/74] draw-paired/271141/1/x OMISSION nonunique ok
[32/74] draw-paired/271141/1/x UNDERSPECIFIED nonunique ok
[33/74] draw-paired/3131/1/x OMISSION nonunique ok
[34/74] draw-paired/3131/1/x UNDERSPECIFIED nonunique ok
[35/74] draw-paired/332850/2/x OMISSION nonunique ok
[36/74] draw-paired/332850/2/x UNDERSPECIFIED nonunique ok
[37/74] draw-paired/213151/1/x OMISSION nonunique ok
[38/74] draw-paired/213151/1/x UNDERSPECIFIED nonunique ok
[39/74] draw-paired/626277/1/smaller OMISSION nonunique ok
[40/74] draw-paired/626277/1/smaller UNDERSPECIFIED nonunique ok
[41/74] draw-paired/88943/1/x OMISSION nonunique ok
[42/74] draw-paired/88943/1/x UNDERSPECIFIED nonunique ok
[43/74] draw-paired/487014/1/x OMISSION nonunique ok
[44/74] draw-paired/487014/1/x UNDERSPECIFIED nonunique ok
[45/74] draw-paired/673170/2/y OMISSION nonunique ok
[46/74] draw-paired/673170/2/y UNDERSPECIFIED nonunique ok
[47/74] draw-paired/468522/1/y OMISSION nonunique ok
[48/74] draw-paired/468522/1/y UNDERSPECIFIED nonunique ok
[49/74] draw-paired/745643/1/x OMISSION nonunique ok
[50/74] draw-paired/745643/1/x UNDERSPECIFIED nonunique ok
[51/74] draw-paired/29965/1/x OMISSION nonunique ok
[52/74] draw-paired/29965/1/x UNDERSPECIFIED nonunique ok
[53/74] draw-paired/5160/2/x OMISSION nonunique ok
[54/74] draw-paired/5160/2/x UNDERSPECIFIED nonunique ok
[55/74] draw-paired/892663/2/y OMISSION nonunique ok
[56/74] draw-paired/892663/2/y UNDERSPECIFIED nonunique ok
[57/74] draw-paired/148918/1/x OMISSION nonunique ok
[58/74] draw-paired/148918/1/x UNDERSPECIFIED nonunique ok
[59/74] draw-paired/239280/1/x OMISSION nonunique ok
[60/74] draw-paired/239280/1/x UNDERSPECIFIED nonunique ok
[61/74] draw-paired/347845/1/x OMISSION nonunique ok
[62/74] draw-paired/347845/1/x UNDERSPECIFIED nonunique ok
[63/74] draw-paired/163598/1/x OMISSION nonunique ok
[64/74] draw-paired/163598/1/x UNDERSPECIFIED nonunique ok
[65/74] draw-paired/758159/1/x OMISSION nonunique ok
[66/74] draw-paired/758159/1/x UNDERSPECIFIED nonunique ok
[67/74] draw-paired/253559/2/x OMISSION nonunique ok
[68/74] draw-paired/253559/2/x UNDERSPECIFIED nonunique ok
[69/74] draw-paired/581891/1/plane OMISSION nonunique ok
[70/74] draw-paired/581891/1/plane UNDERSPECIFIED nonunique ok
[71/74] draw-paired/666553/2/x OMISSION nonunique ok
[72/74] draw-paired/666553/2/x UNDERSPECIFIED nonunique ok
[73/74] draw-paired/153873/2/x OMISSION nonunique ok
[74/74] draw-paired/153873/2/x UNDERSPECIFIED nonunique ok
