[1/76] draw-paired/477799/1/x OMISSION nonunique ok
[2/76] draw-paired/477799/1/x UNDERSPECIFIED nonunique ok
[3/76] draw-paired/51889/1/x OMISSION nonunique ok
[4/76] draw-paired/51889/1/x UNDERSPECIFIED nonunique ok
[5/76] draw-paired/717408/1/x OMISSION nonunique ok
[6/76] draw-paired/717408/1/x UNDERSPECIFIED nonunique ok
[7/76] draw-paired/408092/1/x OMISSION nonunique ok
[8/76] draw-paired/408092/1/x UNDERSPECIFIED nonunique ok
[9/76] draw-paired/852610/1/x OMISSION nonunique ok
[10/76] draw-paired/852610/1/x UNDERSPECIFIED nonunique ok
[11/76] draw-paired/241901/1/x OMISSION nonunique ok
[12/76] draw-paired/241901/1/x UNDERSPECIFIED nonunique ok
[13/76] draw-paired/189170/1/student OMISSION nonunique ok
[14/76] draw-paired/189170/1/student UNDERSPECIFIED nonunique ok
[15/76] draw-paired/802215/1/x OMISSION nonunique ok
[16/76] draw-paired/802215/1/x UNDERSPECIFIED nonunique ok
[17/76] draw-paired/631391/1/s OMISSION nonunique ok
[18/76] draw-paired/631391/1/s UNDERSPECIFIED nonunique ok
[19/76] draw-paired/569048/1/x OMISSION nonunique ok
[20/76] draw-paired/569048/1/x UNDERSPECIFIED nonunique ok
[21/76] draw-paired/310397/1/smaller OMISSION nonunique ok
[22/76] draw-paired/310397/1/smaller UNDERSPECIFIED nonunique ok
[23/76] draw-paired/144847/1/x OMISSION nonunique ok
[24/76] draw-paired/144847/1/x UNDERSPECIFIED nonunique ok
[25/76] draw-paired/669386/1/x OMISSION nonunique ok
[26/76] draw-paired/669386/1/x UNDERSPECIFIED nonunique ok
[27/76] draw-paired/850598/1/y OMISSION nonunique ok
[28/76] draw-paired/850598/1/y UNDERSPECIFIED nonunique ok
[29/76] draw-paired/342366/1/x OMISSION nonunique ok
[30/76] draw-paired/342366/1/x UNDERSPECIFIED nonunique ok
[31/76] draw-paired/58087/1/x OMISSION nonunique ok
[32/76] draw-paired/58087/1/x UNDERSPECIFIED nonunique ok
[33/76] draw-paired/709493/1/y OMISSION nonunique ok
[34/76] draw-paired/709493/1/y UNDERSPECIFIED nonunique ok
[35/76] draw-paired/74277/2/x OMISSION nonunique ok
[36/76] draw-paired/74277/2/x UNDERSPECIFIED nonunique ok
[37/76] draw-paired/301832/1/x OMISSION nonunique ok
[38/76] draw-paired/301832/1/x UNDERSPECIFIED nonunique ok
[39/76] draw-paired/929086/2/Mary OMISSION nonunique ok
[40/76] draw-paired/929086/2/Mary UNDERSPECIFIED nonunique ok
[41/76] draw-paired/82118/2/x OMISSION nonunique ok
[42/76] draw-paired/82118/2/x UNDERSPECIFIED nonunique ok
[43/76] draw-paired/514217/1/plane OMISSION nonunique ok
[44/76] draw-paired/514217/1/plane UNDERSPECIFIED nonunique ok
[45/76] draw-paired/174820/1/x OMISSION nonunique ok
[46/76] draw-paired/174820/1/x UNDERSPECIFIED nonunique ok
[47/76] draw-paired/150329/1/plywood OMISSION nonunique ok
[48/76] draw-paired/150329/1/plywood UNDERSPECIFIED nonunique ok
[49/76] draw-paired/568337/2/x OMISSION nonunique ok
[50/76] draw-paired/568337/2/x UNDERSPECIFIED nonunique ok
[51/76] draw-paired/512332/1/x OMISSION nonunique ok
[52/76] draw-paired/512332/1/x UNDERSPECIFIED nonunique ok
[53/76] draw-paired/53380/1/x OMISSION nonunique ok
[54/76] draw-paired/53380/1/x UNDERSPECIFIED nonunique ok
[55/76] draw-paired/283797/1/x OMISSION nonunique ok
[56/76] draw-paired/283797/1/x UNDERSPECIFIED nonunique ok
[57/76] draw-paired/256673/1/x OMISSION nonunique ok
[58/76] draw-paired/256673/1/x UNDERSPECIFIED nonunique ok
[59/76] draw-paired/203359/2/x OMISSION nonunique ok
[60/76] draw-paired/203359/2/x UNDERSPECIFIED nonunique ok
[61/76] draw-paired/205928/1/x OMISSION nonunique ok
[62/76] draw-paired/205928/1/x UNDERSPECIFIED nonunique ok
[63/76] draw-paired/675092/1/x OMISSION nonunique ok
[64/76] draw-paired/675092/1/x UNDERSPECIFIED nonunique ok
[65/76] draw-paired/80004/1/x OMISSION nonunique ok
[66/76] draw-paired/80004/1/x UNDERSPECIFIED nonunique ok
[67/76] draw-paired/185146/1/student OMISSION nonunique ok
[68/76] draw-paired/185146/1/student UNDERSPECIFIED nonunique ok
[69/76] draw-paired/677790/2/y OMISSION nonunique ok
[70/76] draw-paired/677790/2/y UNDERSPECIFIED nonunique ok
[71/76] draw-paired/378087/1/x OMISSION nonunique ok
[72/76] draw-paired/378087/1/x UNDERSPECIFIED nonunique ok
[73/76] draw-paired/378386/1/x OMISSION nonunique ok
[74/76] draw-paired/378386/1/x UNDERSPECIFIED nonunique ok
[75/76] draw-paired/26869/1/y OMISSION nonunique ok
[76/76] draw-paired/26869/1/y UNDERSPECIFIED nonunique ok
