[1/76] draw-paired/766430/1/plane OMISSION self_review ok
[2/76] draw-paired/766430/1/plane UNDERSPECIFIED self_review ok
[3/76] draw-paired/19264/1/y OMISSION self_review ok
[4/76] draw-paired/19264/1/y UNDERSPECIFIED self_review ok
[5/76] draw-paired/846036/1/x OMISSION self_review ok
[6/76] draw-paired/846036/1/x UNDERSPECIFIED self_review ok
[7/76] draw-paired/739546/1/x OMISSION self_review ok
[8/76] draw-paired/739546/1/x UNDERSPECIFIED self_review ok
[9/76] draw-paired/202132/1/x OMISSION self_review ok
[10/76] draw-paired/202132/1/x UNDERSPECIFIED self_review ok
[11/76] draw-paired/502890/1/x OMISSION self_review ok
[12/76] draw-paired/502890/1/x UNDERSPECIFIED self_review ok
[13/76] draw-paired/492783/1/x OMISSION self_review ok
[14/76] draw-paired/492783/1/x UNDERSPECIFIED self_review ok
[15/76] draw-paired/86849/2/x OMISSION self_review ok
[16/76] draw-paired/86849/2/x UNDERSPECIFIED self_review ok
[17/76] draw-paired/558275/1/x OMISSION self_review ok
[18/76] draw-paired/558275/1/x UNDERSPECIFIED self_review ok
[19/76] draw-paired/666059/1/x OMISSION self_review ok
[20/76] draw-paired/666059/1/x UNDERSPECIFIED self_review ok
[21/76] draw-paired/676077/1/ratio OMISSION self_review ok
[22/76] draw-paired/676077/1/ratio UNDERSPECIFIED self_review ok
[23/76] draw-paired/853841/1/student OMISSION self_review ok
[24/76] draw-paired/853841/1/student UNDERSPECIFIED self_review ok
[25/76] draw-paired/381475/1/x OMISSION self_review ok
[26/76] draw-paired/381475/1/x UNDERSPECIFIED self_review ok
[27/76] draw-paired/354809/1/x OMISSION self_review ok
[28/76] draw-paired/354809/1/x UNDERSPECIFIED self_review ok
[29/76] draw-paired/279047/1/x OMISSION self_review ok
[30/76] draw-paired/279047/1/x UNDERSPECIFIED self_review ok
[31/76] draw-paired/693217/1/x OMISSION self_review ok
[32/76] draw-paired/693217/1/x UNDERSPECIFIED self_review ok
[33/76] draw-paired/376120/1/plane OMISSION self_review ok
[34/76] draw-paired/376120/1/plane UNDERSPECIFIED self_review ok
[35/76] draw-paired/268774/1/piece OMISSION self_review ok
[36/76] draw-paired/268774/1/piece UNDERSPECIFIED self_review ok
[37/76] draw-paired/234098/1/student OMISSION self_review ok
[38/76] draw-paired/234098/1/student UNDERSPECIFIED self_review ok
[39/76] draw-paired/628870/1/smaller OMISSION self_review ok
[40/76] draw-paired/628870/1/smaller UNDERSPECIFIED self_review ok
[41/76] draw-paired/753430/1/x OMISSION self_review ok
[42/76] draw-paired/753430/1/x UNDERSPECIFIED self_review ok
[43/76] draw-paired/769390/1/x OMISSION self_review ok
[44/76] draw-paired/769390/1/x UNDERSPECIFIED self_review ok
[45/76] draw-paired/410520/1/x OMISSION self_review ok
[46/76] draw-paired/410520/1/x UNDERSPECIFIED self_review ok
[47/76] draw-paired/871121/1/x OMISSION self_review ok
[48/76] draw-paired/871121/1/x UNDERSPECIFIED self_review ok
[49/76] draw-paired/381652/1/x OMISSION self_review ok
[50/76] draw-paired/381652/1/x UNDERSPECIFIED self_review ok
[51/76] draw-paired/271714/1/y OMISSION self_review error
[52/76] draw-paired/271714/1/y UNDERSPECIFIED self_review error
[53/76] draw-paired/190835/1/x OMISSION self_review ok
[54/76] draw-paired/190835/1/x UNDERSPECIFIED self_review ok
[55/76] draw-paired/878521/1/x OMISSION self_review ok
[56/76] draw-paired/878521/1/x UNDERSPECIFIED self_review ok
[57/76] draw-paired/103718/1/student OMISSION self_review ok
[58/76] draw-paired/103718/1/student UNDERSPECIFIED self_review ok
[59/76] draw-paired/279590/1/x OMISSION self_review ok
[60/76] draw-paired/279590/1/x UNDERSPECIFIED self_review ok
[61/76] draw-paired/75641/1/x OMISSION self_review ok
[62/76] draw-paired/75641/1/x UNDERSPECIFIED self_review ok
[63/76] draw-paired/108337/1/plane OMISSION self_review ok
[64/76] draw-paired/108337/1/plane UNDERSPECIFIED self_review ok
[65/76] draw-paired/147416/1/x OMISSION self_review ok
[66/76] draw-paired/147416/1/x UNDERSPECIFIED self_review ok
[67/76] draw-paired/377429/1/y OMISSION self_review ok
[68/76] draw-paired/377429/1/y UNDERSPECIFIED self_review ok
[69/76] draw-paired/931639/1/y OMISSION self_review ok
[70/76] draw-paired/931639/1/y UNDERSPECIFIED self_review ok
[71/76] draw-paired/278344/1/x OMISSION self_review ok
[72/76] draw-paired/278344/1/x UNDERSPECIFIED self_review ok
[73/76] draw-paired/123895/1/y OMISSION self_review ok
[74/76] draw-paired/123895/1/y UNDERSPECIFIED self_review ok
[75/76] draw-paired/136036/1/x OMISSION self_review ok
[76/76] draw-paired/136036/1/x UNDERSPECIFIED self_review ok
[75/76] draw-paired/271714/1/y OMISSION self_review ok
[76/76] draw-paired/271714/1/y UNDERSPECIFIED self_review ok
