[1/74] draw-paired/165256/1/x OMISSION grounded_self_review ok
[2/74] draw-paired/165256/1/x UNDERSPECIFIED grounded_self_review ok
[3/74] draw-paired/362485/1/x OMISSION grounded_self_review ok
[4/74] draw-paired/362485/1/x UNDERSPECIFIED grounded_self_review ok
[5/74] draw-paired/307866/1/y OMISSION grounded_self_review ok
[6/74] draw-paired/307866/1/y UNDERSPECIFIED grounded_self_review ok
[7/74] draw-paired/759519/2/x OMISSION grounded_self_review ok
[8/74] draw-paired/759519/2/x UNDERSPECIFIED grounded_self_review ok
[9/74] draw-paired/344117/1/x OMISSION grounded_self_review ok
[10/74] draw-paired/344117/1/x UNDERSPECIFIED grounded_self_review ok
[11/74] draw-paired/557820/1/x OMISSION grounded_self_review ok
[12/74] draw-paired/557820/1/x UNDERSPECIFIED grounded_self_review ok
[13/74] draw-paired/185005/1/x OMISSION grounded_self_review ok
[14/74] draw-paired/185005/1/x UNDERSPECIFIED grounded_self_review ok
[15/74] draw-paired/525358/1/y OMISSION grounded_self_review ok
[16/74] draw-paired/525358/1/y UNDERSPECIFIED grounded_self_review ok
[17/74] draw-paired/922336/1/x OMISSION grounded_self_review ok
[18/74] draw-paired/922336/1/x UNDERSPECIFIED grounded_self_review ok
[19/74] draw-paired/364571/2/y OMISSION grounded_self_review ok
[20/74] draw-paired/364571/2/y UNDERSPECIFIED grounded_self_review ok
[21/74] draw-paired/385266/1/x OMISSION grounded_self_review ok
[22/74] draw-paired/385266/1/x UNDERSPECIFIED grounded_self_review ok
[23/74] draw-paired/936363/1/y OMISSION grounded_self_review ok
[24/74] draw-paired/936363/1/y UNDERSPECIFIED grounded_self_review ok
[25/74] draw-paired/925598/1/x OMISSION grounded_self_review ok
[26/74] draw-paired/925598/1/x UNDERSPECIFIED grounded_self_review ok
[27/74] draw-paired/343286/1/x OMISSION grounded_self_review ok
[28/74] draw-paired/343286/1/x UNDERSPECIFIED grounded_self_review ok
[29/74] draw-paired/353419/1/x OMISSION grounded_self_review ok
[30/74] draw-paired/353419/1/x UNDERSPECIFIED grounded_self_review ok
[31/74] draw-paired/410551/1/y OMISSION grounded_self_review ok
[32/74] draw-paired/410551/1/y UNDERSPECIFIED grounded_self_review ok
[33/74] draw-paired/340824/1/x OMISSION grounded_self_review error
[34/74] draw-paired/340824/1/x UNDERSPECIFIED grounded_self_review ok
[35/74] draw-paired/71010/1/nickels OMISSION grounded_self_review ok
[36/74] draw-paired/71010/1/nickels UNDERSPECIFIED grounded_self_review ok
[37/74] draw-paired/505066/1/smaller OMISSION grounded_self_review ok
[38/74] draw-paired/505066/1/smaller UNDERSPECIFIED grounded_self_review ok
[39/74] draw-paired/403622/1/x OMISSION grounded_self_review ok
[40/74] draw-paired/403622/1/x UNDERSPECIFIED grounded_self_review ok
[41/74] draw-paired/693814/1/y OMISSION grounded_self_review ok
[42/74] draw-paired/693814/1/y UNDERSPECIFIED grounded_self_review ok
[43/74] draw-paired/754345/1/x OMISSION grounded_self_review ok
[44/74] draw-paired/754345/1/x UNDERSPECIFIED grounded_self_review ok
[45/74] draw-paired/775646/1/y OMISSION grounded_self_review ok
[46/74] draw-paired/775646/1/y UNDERSPECIFIED grounded_self_review ok
[47/74] draw-paired/82992/1/x OMISSION grounded_self_review ok
[48/74] draw-paired/82992/1/x UNDERSPECIFIED grounded_self_review ok
[49/74] draw-paired/775416/1/leather OMISSION grounded_self_review ok
[50/74] draw-paired/775416/1/leather UNDERSPECIFIED grounded_self_review ok
[51/74] draw-paired/856102/1/x OMISSION grounded_self_review ok
[52/74] draw-paired/856102/1/x UNDERSPECIFIED grounded_self_review ok
[53/74] draw-paired/146922/1/x OMISSION grounded_self_review ok
[54/74] draw-paired/146922/1/x UNDERSPECIFIED grounded_self_review ok
[55/74] draw-paired/153771/1/x OMISSION grounded_self_review ok
[56/74] draw-paired/153771/1/x UNDERSPECIFIED grounded_self_review ok
[57/74] draw-paired/153326/2/x OMISSION grounded_self_review ok
[58/74] draw-paired/153326/2/x UNDERSPECIFIED grounded_self_review ok
[59/74] draw-paired/482896/1/smaller OMISSION grounded_self_review ok
[60/74] draw-paired/482896/1/smaller UNDERSPECIFIED grounded_self_review ok
[61/74] draw-paired/398797/2/x OMISSION grounded_self_review ok
[62/74] draw-paired/398797/2/x UNDERSPECIFIED grounded_self_review ok
[63/74] draw-paired/500877/1/plane OMISSION grounded_self_review ok
[64/74] draw-paired/500877/1/plane UNDERSPECIFIED grounded_self_review ok
[65/74] draw-paired/785225/1/x OMISSION grounded_self_review ok
[66/74] draw-paired/785225/1/x UNDERSPECIFIED grounded_self_review ok
[67/74] draw-paired/316559/2/x OMISSION grounded_self_review ok
[68/74] draw-paired/316559/2/x UNDERSPECIFIED grounded_self_review ok
[69/74] draw-paired/30712/1/x OMISSION grounded_self_review ok
[70/74] draw-paired/30712/1/x UNDERSPECIFIED grounded_self_review ok
[71/74] draw-paired/47186/1/x OMISSION grounded_self_review ok
[72/74] draw-paired/47186/1/x UNDERSPECIFIED grounded_self_review ok
[73/74] draw-paired/351523/1/x OMISSION grounded_self_review ok
[74/74] draw-paired/351523/1/x UNDERSPECIFIED grounded_self_review ok
[74/74] draw-paired/340824/1/x OMISSION grounded_self_review ok
