[1/74] draw-paired/18466/1/x OMISSION nonunique_grounding ok
[2/74] draw-paired/18466/1/x UNDERSPECIFIED nonunique_grounding ok
[3/74] draw-paired/311656/1/x OMISSION nonunique_grounding ok
[4/74] draw-paired/311656/1/x UNDERSPECIFIED nonunique_grounding ok
[5/74] draw-paired/279273/1/j OMISSION nonunique_grounding ok
[6/74] draw-paired/279273/1/j UNDERSPECIFIED nonunique_grounding ok
[7/74] draw-paired/717974/1/x OMISSION nonunique_grounding ok
[8/74] draw-paired/717974/1/x UNDERSPECIFIED nonunique_grounding ok
[9/74] draw-paired/20440/2/x OMISSION nonunique_grounding ok
[10/74] draw-paired/20440/2/x UNDERSPECIFIED nonunique_grounding ok
[11/74] draw-paired/219569/1/x OMISSION nonunique_grounding ok
[12/74] draw-paired/219569/1/x UNDERSPECIFIED nonunique_grounding ok
[13/74] draw-paired/390191/1/x OMISSION nonunique_grounding ok
[14/74] draw-paired/390191/1/x UNDERSPECIFIED nonunique_grounding ok
[15/74] draw-paired/399675/1/x OMISSION nonunique_grounding ok
[16/74] draw-paired/399675/1/x UNDERSPECIFIED nonunique_grounding ok
[17/74] draw-paired/914766/1/y OMISSION nonunique_grounding ok
[18/74] draw-paired/914766/1/y UNDERSPECIFIED nonunique_grounding ok
[19/74] draw-paired/359241/1/y OMISSION nonunique_grounding ok
[20/74] draw-paired/359241/1/y UNDERSPECIFIED nonunique_grounding ok
[21/74] draw-paired/500750/1/plywood OMISSION nonunique_grounding ok
[22/74] draw-paired/500750/1/plywood UNDERSPECIFIED nonunique_grounding ok
[23/74] draw-paired/391073/1/x OMISSION nonunique_grounding ok
[24/74] draw-paired/391073/1/x UNDERSPECIFIED nonunique_grounding ok
[25/74] draw-paired/554064/1/x OMISSION nonunique_grounding ok
[26/74] draw-paired/554064/1/x UNDERSPECIFIED nonunique_grounding ok
[27/74] draw-paired/16062/1/plane OMISSION nonunique_grounding ok
[28/74] draw-paired/16062/1/plane UNDERSPECIFIED nonunique_grounding ok
[29/74] draw-paired/489560/1/smaller OMISSION nonunique_grounding ok
[30/74] draw-paired/489560/1/smaller UNDERSPECIFIED nonunique_grounding ok
[31/74] draw-paired/201720/1/y OMISSION nonunique_grounding ok
[32/74] draw-paired/201720/1/y UNDERSPECIFIED nonunique_grounding ok
[33/74] draw-paired/394667/1/x OMISSION nonunique_grounding ok
[34/74] draw-paired/394667/1/x UNDERSPECIFIED nonunique_grounding ok
[35/74] draw-paired/641139/1/plane OMISSION nonunique_grounding ok
[36/74] draw-paired/641139/1/plane UNDERSPECIFIED nonunique_grounding ok
[37/74] draw-paired/311373/1/x OMISSION nonunique_grounding ok
[38/74] draw-paired/311373/1/x UNDERSPECIFIED nonunique_grounding ok
[39/74] draw-paired/167815/2/x OMISSION nonunique_grounding ok
[40/74] draw-paired/167815/2/x UNDERSPECIFIED nonunique_grounding ok
[41/74] draw-paired/400668/1/x OMISSION nonunique_grounding ok
[42/74] draw-paired/400668/1/x UNDERSPECIFIED nonunique_grounding ok
[43/74] draw-paired/357286/2/x OMISSION nonunique_grounding ok
[44/74] draw-paired/357286/2/x UNDERSPECIFIED nonunique_grounding ok
[45/74] draw-paired/562118/1/a OMISSION nonunique_grounding ok
[46/74] draw-paired/562118/1/a UNDERSPECIFIED nonunique_grounding ok
[47/74] draw-paired/250856/1/student OMISSION nonunique_grounding ok
[48/74] draw-paired/250856/1/student UNDERSPECIFIED nonunique_grounding ok
[49/74] draw-paired/659862/1/x OMISSION nonunique_grounding ok
[50/74] draw-paired/659862/1/x UNDERSPECIFIED nonunique_grounding ok
[51/74] draw-paired/408821/2/smaller OMISSION nonunique_grounding ok
[52/74] draw-paired/408821/2/smaller UNDERSPECIFIED nonunique_grounding ok
[53/74] draw-paired/751866/1/x OMISSION nonunique_grounding ok
[54/74] draw-paired/751866/1/x UNDERSPECIFIED nonunique_grounding ok
[55/74] draw-paired/918333/1/x OMISSION nonunique_grounding ok
[56/74] draw-paired/918333/1/x UNDERSPECIFIED nonunique_grounding ok
[57/74] draw-paired/106801/1/x OMISSION nonunique_grounding ok
[58/74] draw-paired/106801/1/x UNDERSPECIFIED nonunique_grounding ok
[59/74] draw-paired/223660/1/x OMISSION nonunique_grounding ok
[60/74] draw-paired/223660/1/x UNDERSPECIFIED nonunique_grounding ok
[61/74] draw-paired/655012/1/x OMISSION nonunique_grounding ok
[62/74] draw-paired/655012/1/x UNDERSPECIFIED nonunique_grounding ok
[63/74] draw-paired/932280/1/faster_car OMISSION nonunique_grounding ok
[64/74] draw-paired/932280/1/faster_car UNDERSPECIFIED nonunique_grounding ok
[65/74] draw-paired/149172/2/x OMISSION nonunique_grounding ok
[66/74] draw-paired/149172/2/x UNDERSPECIFIED nonunique_grounding ok
[67/74] draw-paired/570109/2/x OMISSION nonunique_grounding ok
[68/74] draw-paired/570109/2/x UNDERSPECIFIED nonunique_grounding ok
[69/74] draw-paired/741165/1/x OMISSION nonunique_grounding ok
[70/74] draw-paired/741165/1/x UNDERSPECIFIED nonunique_grounding ok
[71/74] draw-paired/153373/1/x OMISSION nonunique_grounding ok
[72/74] draw-paired/153373/1/x UNDERSPECIFIED nonunique_grounding ok
[73/74] draw-paired/3936/1/d OMISSION nonunique_grounding ok
[74/74] draw-paired/3936/1/d UNDERSPECIFIED nonunique_grounding ok
