development80: 1/320 ok
development80: 2/320 ok
development80: 3/320 ok
development80: 4/320 ok
development80: 5/320 ok
development80: 6/320 ok
development80: 7/320 ok
development80: 8/320 ok
development80: 9/320 ok
development80: 10/320 ok
development80: 11/320 ok
development80: 12/320 ok
development80: 13/320 ok
development80: 14/320 ok
development80: 15/320 ok
development80: 16/320 ok
development80: 17/320 ok
development80: 18/320 ok
development80: 19/320 ok
development80: 20/320 ok
development80: 21/320 ok
development80: 22/320 ok
development80: 23/320 ok
development80: 24/320 ok
development80: 25/320 ok
development80: 26/320 ok
development80: 27/320 ok
development80: 28/320 ok
development80: 29/320 ok
development80: 30/320 ok
development80: 31/320 ok
development80: 32/320 ok
development80: 33/320 ok
development80: 34/320 ok
development80: 35/320 ok
development80: 36/320 ok
development80: 37/320 ok
development80: 38/320 ok
development80: 39/320 ok
development80: 40/320 ok
development80: 41/320 ok
development80: 42/320 ok
development80: 43/320 ok
development80: 44/320 ok
development80: 45/320 ok
development80: 46/320 ok
development80: 47/320 ok
development80: 48/320 ok
development80: 49/320 ok
development80: 50/320 ok
development80: 51/320 ok
development80: 52/320 ok
development80: 53/320 ok
development80: 54/320 ok
development80: 55/320 ok
development80: 56/320 ok
development80: 57/320 ok
development80: 58/320 ok
development80: 59/320 ok
development80: 60/320 ok
development80: 61/320 ok
development80: 62/320 ok
development80: 63/320 ok
development80: 64/320 ok
development80: 65/320 ok
development80: 66/320 ok
development80: 67/320 ok
development80: 68/320 ok
development80: 69/320 ok
development80: 70/320 ok
development80: 71/320 ok
development80: 72/320 ok
development80: 73/320 ok
development80: 74/320 ok
development80: 75/320 ok
development80: 76/320 ok
development80: 77/320 ok
development80: 78/320 ok
development80: 79/320 ok
development80: 80/320 ok
development80: 81/320 ok
development80: 82/320 ok
development80: 83/320 ok
development80: 84/320 ok
development80: 85/320 ok
development80: 86/320 ok
development80: 87/320 ok
development80: 88/320 ok
development80: 89/320 ok
development80: 90/320 ok
development80: 91/320 ok
development80: 92/320 ok
development80: 93/320 ok
development80: 94/320 ok
development80: 95/320 ok
development80: 96/320 ok
development80: 97/320 ok
development80: 98/320 ok
development80: 99/320 ok
development80: 100/320 ok
development80: 101/320 ok
development80: 102/320 ok
development80: 103/320 ok
development80: 104/320 ok
development80: 105/320 ok
development80: 106/320 ok
development80: 107/320 ok
development80: 108/320 ok
development80: 109/320 ok
development80: 110/320 ok
development80: 111/320 ok
development80: 112/320 ok
development80: 113/320 ok
development80: 114/320 ok
development80: 115/320 ok
development80: 116/320 ok
development80: 117/320 ok
development80: 118/320 ok
development80: 119/320 ok
development80: 120/320 ok
development80: 121/320 ok
development80: 122/320 ok
development80: 123/320 ok
development80: 124/320 ok
development80: 125/320 ok
development80: 126/320 ok
development80: 127/320 ok
development80: 128/320 ok
development80: 129/320 ok
development80: 130/320 ok
development80: 131/320 ok
development80: 132/320 ok
development80: 133/320 ok
development80: 134/320 ok
development80: 135/320 ok
development80: 136/320 ok
development80: 137/320 ok
development80: 138/320 ok
development80: 139/320 ok
development80: 140/320 ok
development80: 141/320 ok
development80: 142/320 ok
development80: 143/320 ok
development80: 144/320 ok
development80: 145/320 ok
development80: 146/320 ok
development80: 147/320 ok
development80: 148/320 ok
development80: 149/320 ok
development80: 150/320 ok
development80: 151/320 ok
development80: 152/320 ok
development80: 153/320 ok
development80: 154/320 ok
development80: 155/320 ok
development80: 156/320 ok
development80: 157/320 ok
development80: 158/320 ok
development80: 159/320 ok
development80: 160/320 ok
development80: 161/320 ok
development80: 162/320 ok
development80: 163/320 ok
development80: 164/320 ok
development80: 165/320 ok
development80: 166/320 ok
development80: 167/320 ok
development80: 168/320 ok
development80: 169/320 ok
development80: 170/320 ok
development80: 171/320 ok
development80: 172/320 ok
development80: 173/320 ok
development80: 174/320 ok
development80: 175/320 ok
development80: 176/320 ok
development80: 177/320 ok
development80: 178/320 ok
development80: 179/320 ok
development80: 180/320 ok
development80: 181/320 ok
development80: 182/320 ok
development80: 183/320 ok
development80: 184/320 ok
development80: 185/320 ok
development80: 186/320 ok
development80: 187/320 ok
development80: 188/320 ok
development80: 189/320 ok
development80: 190/320 ok
development80: 191/320 ok
development80: 192/320 ok
development80: 193/320 ok
development80: 194/320 ok
development80: 195/320 ok
development80: 196/320 ok
development80: 197/320 ok
development80: 198/320 ok
development80: 199/320 ok
development80: 200/320 ok
development80: 201/320 ok
development80: 202/320 ok
development80: 203/320 ok
development80: 204/320 ok
development80: 205/320 ok
development80: 206/320 ok
development80: 207/320 ok
development80: 208/320 ok
development80: 209/320 ok
development80: 210/320 ok
development80: 211/320 ok
development80: 212/320 ok
development80: 213/320 ok
development80: 214/320 ok
development80: 215/320 ok
development80: 216/320 ok
development80: 217/320 ok
development80: 218/320 ok
development80: 219/320 ok
development80: 220/320 ok
development80: 221/320 ok
development80: 222/320 ok
development80: 223/320 ok
development80: 224/320 ok
development80: 225/320 ok
development80: 226/320 ok
development80: 227/320 ok
development80: 228/320 ok
development80: 229/320 ok
development80: 230/320 ok
development80: 231/320 ok
development80: 232/320 ok
development80: 233/320 ok
development80: 234/320 ok
development80: 235/320 ok
development80: 236/320 ok
development80: 237/320 ok
development80: 238/320 ok
development80: 239/320 ok
development80: 240/320 ok
development80: 241/320 ok
development80: 242/320 ok
development80: 243/320 ok
development80: 244/320 ok
development80: 245/320 ok
development80: 246/320 ok
development80: 247/320 ok
development80: 248/320 ok
development80: 249/320 ok
development80: 250/320 ok
development80: 251/320 ok
development80: 252/320 ok
development80: 253/320 ok
development80: 254/320 ok
development80: 255/320 ok
development80: 256/320 ok
development80: 257/320 ok
development80: 258/320 ok
development80: 259/320 ok
development80: 260/320 ok
development80: 261/320 ok
development80: 262/320 ok
development80: 263/320 ok
development80: 264/320 ok
development80: 265/320 ok
development80: 266/320 ok
development80: 267/320 ok
development80: 268/320 ok
development80: 269/320 ok
development80: 270/320 ok
development80: 271/320 ok
development80: 272/320 ok
development80: 273/320 ok
development80: 274/320 ok
development80: 275/320 ok
development80: 276/320 ok
development80: 277/320 ok
development80: 278/320 ok
development80: 279/320 ok
development80: 280/320 ok
development80: 281/320 ok
development80: 282/320 ok
development80: 283/320 ok
development80: 284/320 ok
development80: 285/320 ok
development80: 286/320 ok
development80: 287/320 ok
development80: 288/320 ok
development80: 289/320 ok
development80: 290/320 ok
development80: 291/320 ok
development80: 292/320 ok
development80: 293/320 ok
development80: 294/320 ok
development80: 295/320 ok
development80: 296/320 ok
development80: 297/320 ok
development80: 298/320 ok
development80: 299/320 ok
development80: 300/320 ok
development80: 301/320 ok
development80: 302/320 ok
development80: 303/320 ok
development80: 304/320 ok
development80: 305/320 ok
development80: 306/320 ok
development80: 307/320 ok
development80: 308/320 ok
development80: 309/320 ok
development80: 310/320 ok
development80: 311/320 ok
development80: 312/320 ok
development80: 313/320 ok
development80: 314/320 ok
development80: 315/320 ok
development80: 316/320 ok
development80: 317/320 ok
development80: 318/320 ok
development80: 319/320 ok
development80: 320/320 ok
fresh_test100: 1/800 ok
fresh_test100: 2/800 ok
fresh_test100: 3/800 ok
fresh_test100: 4/800 ok
fresh_test100: 5/800 ok
fresh_test100: 6/800 ok
fresh_test100: 7/800 ok
fresh_test100: 8/800 ok
fresh_test100: 9/800 ok
fresh_test100: 10/800 ok
fresh_test100: 11/800 ok
fresh_test100: 12/800 ok
fresh_test100: 13/800 ok
fresh_test100: 14/800 ok
fresh_test100: 15/800 ok
fresh_test100: 16/800 ok
fresh_test100: 17/800 ok
fresh_test100: 18/800 ok
fresh_test100: 19/800 ok
fresh_test100: 20/800 ok
fresh_test100: 21/800 ok
fresh_test100: 22/800 ok
fresh_test100: 23/800 ok
fresh_test100: 24/800 ok
fresh_test100: 25/800 ok
fresh_test100: 26/800 ok
fresh_test100: 27/800 ok
fresh_test100: 28/800 ok
fresh_test100: 29/800 ok
fresh_test100: 30/800 ok
fresh_test100: 31/800 ok
fresh_test100: 32/800 ok
fresh_test100: 33/800 ok
fresh_test100: 34/800 ok
fresh_test100: 35/800 ok
fresh_test100: 36/800 ok
fresh_test100: 37/800 ok
fresh_test100: 38/800 ok
fresh_test100: 39/800 ok
fresh_test100: 40/800 ok
fresh_test100: 41/800 ok
fresh_test100: 42/800 ok
fresh_test100: 43/800 ok
fresh_test100: 44/800 ok
fresh_test100: 45/800 ok
fresh_test100: 46/800 ok
fresh_test100: 47/800 ok
fresh_test100: 48/800 ok
fresh_test100: 49/800 ok
fresh_test100: 50/800 ok
fresh_test100: 51/800 ok
fresh_test100: 52/800 ok
fresh_test100: 53/800 ok
fresh_test100: 54/800 ok
fresh_test100: 55/800 ok
fresh_test100: 56/800 ok
fresh_test100: 57/800 ok
fresh_test100: 58/800 ok
fresh_test100: 59/800 ok
fresh_test100: 60/800 ok
fresh_test100: 61/800 ok
fresh_test100: 62/800 ok
fresh_test100: 63/800 ok
fresh_test100: 64/800 ok
fresh_test100: 65/800 ok
fresh_test100: 66/800 ok
fresh_test100: 67/800 ok
fresh_test100: 68/800 ok
fresh_test100: 69/800 ok
fresh_test100: 70/800 ok
fresh_test100: 71/800 ok
fresh_test100: 72/800 ok
fresh_test100: 73/800 ok
fresh_test100: 74/800 ok
fresh_test100: 75/800 ok
fresh_test100: 76/800 ok
fresh_test100: 77/800 ok
fresh_test100: 78/800 ok
fresh_test100: 79/800 ok
fresh_test100: 80/800 ok
fresh_test100: 81/800 ok
fresh_test100: 82/800 ok
fresh_test100: 83/800 ok
fresh_test100: 84/800 ok
fresh_test100: 85/800 ok
fresh_test100: 86/800 ok
fresh_test100: 87/800 ok
fresh_test100: 88/800 ok
fresh_test100: 89/800 ok
fresh_test100: 90/800 ok
fresh_test100: 91/800 ok
fresh_test100: 92/800 ok
fresh_test100: 93/800 ok
fresh_test100: 94/800 ok
fresh_test100: 95/800 ok
fresh_test100: 96/800 ok
fresh_test100: 97/800 ok
fresh_test100: 98/800 ok
fresh_test100: 99/800 ok
fresh_test100: 100/800 ok
fresh_test100: 101/800 ok
fresh_test100: 102/800 ok
fresh_test100: 103/800 ok
fresh_test100: 104/800 ok
fresh_test100: 105/800 ok
fresh_test100: 106/800 ok
fresh_test100: 107/800 ok
fresh_test100: 108/800 ok
fresh_test100: 109/800 ok
fresh_test100: 110/800 ok
fresh_test100: 111/800 ok
fresh_test100: 112/800 ok
fresh_test100: 113/800 ok
fresh_test100: 114/800 ok
fresh_test100: 115/800 ok
fresh_test100: 116/800 ok
fresh_test100: 117/800 ok
fresh_test100: 118/800 ok
fresh_test100: 119/800 ok
fresh_test100: 120/800 ok
fresh_test100: 121/800 ok
fresh_test100: 122/800 ok
fresh_test100: 123/800 ok
fresh_test100: 124/800 ok
fresh_test100: 125/800 ok
fresh_test100: 126/800 ok
fresh_test100: 127/800 ok
fresh_test100: 128/800 ok
fresh_test100: 129/800 ok
fresh_test100: 130/800 ok
fresh_test100: 131/800 ok
fresh_test100: 132/800 ok
fresh_test100: 133/800 ok
fresh_test100: 134/800 ok
fresh_test100: 135/800 ok
fresh_test100: 136/800 ok
fresh_test100: 137/800 ok
fresh_test100: 138/800 ok
fresh_test100: 139/800 ok
fresh_test100: 140/800 error
fresh_test100: 141/800 error
fresh_test100: 142/800 error
fresh_test100: 143/800 error
fresh_test100: 144/800 error
fresh_test100: 145/800 ok
fresh_test100: 146/800 ok
fresh_test100: 147/800 ok
fresh_test100: 148/800 ok
fresh_test100: 149/800 ok
fresh_test100: 150/800 ok
fresh_test100: 151/800 ok
fresh_test100: 152/800 ok
fresh_test100: 153/800 ok
fresh_test100: 154/800 ok
fresh_test100: 155/800 ok
fresh_test100: 156/800 ok
fresh_test100: 157/800 ok
fresh_test100: 158/800 ok
fresh_test100: 159/800 ok
fresh_test100: 160/800 ok
fresh_test100: 161/800 ok
fresh_test100: 162/800 ok
fresh_test100: 163/800 ok
fresh_test100: 164/800 ok
fresh_test100: 165/800 ok
fresh_test100: 166/800 ok
fresh_test100: 167/800 ok
fresh_test100: 168/800 ok
fresh_test100: 169/800 ok
fresh_test100: 170/800 ok
fresh_test100: 171/800 ok
fresh_test100: 167/800 ok
fresh_test100: 168/800 ok
fresh_test100: 169/800 ok
fresh_test100: 170/800 ok
fresh_test100: 171/800 ok
fresh_test100: 172/800 ok
fresh_test100: 173/800 ok
fresh_test100: 174/800 ok
fresh_test100: 175/800 ok
fresh_test100: 176/800 ok
fresh_test100: 177/800 ok
fresh_test100: 178/800 ok
fresh_test100: 179/800 ok
fresh_test100: 180/800 ok
fresh_test100: 181/800 ok
fresh_test100: 182/800 ok
fresh_test100: 183/800 ok
fresh_test100: 184/800 ok
fresh_test100: 185/800 ok
fresh_test100: 186/800 ok
fresh_test100: 187/800 ok
fresh_test100: 188/800 ok
fresh_test100: 189/800 ok
fresh_test100: 190/800 ok
fresh_test100: 191/800 ok
fresh_test100: 192/800 ok
fresh_test100: 193/800 ok
fresh_test100: 194/800 ok
fresh_test100: 195/800 ok
fresh_test100: 196/800 ok
fresh_test100: 197/800 ok
fresh_test100: 198/800 ok
fresh_test100: 199/800 ok
fresh_test100: 200/800 ok
fresh_test100: 201/800 ok
fresh_test100: 202/800 ok
fresh_test100: 203/800 ok
fresh_test100: 204/800 ok
fresh_test100: 205/800 ok
fresh_test100: 206/800 ok
fresh_test100: 207/800 ok
fresh_test100: 208/800 ok
fresh_test100: 209/800 ok
fresh_test100: 210/800 ok
fresh_test100: 211/800 ok
fresh_test100: 212/800 ok
fresh_test100: 213/800 ok
fresh_test100: 214/800 ok
fresh_test100: 215/800 ok
fresh_test100: 216/800 ok
fresh_test100: 217/800 ok
fresh_test100: 218/800 ok
fresh_test100: 219/800 ok
fresh_test100: 220/800 ok
fresh_test100: 221/800 ok
fresh_test100: 222/800 ok
fresh_test100: 223/800 ok
fresh_test100: 224/800 ok
fresh_test100: 225/800 ok
fresh_test100: 226/800 ok
fresh_test100: 227/800 ok
fresh_test100: 228/800 ok
fresh_test100: 229/800 ok
fresh_test100: 230/800 ok
fresh_test100: 231/800 ok
fresh_test100: 232/800 ok
fresh_test100: 233/800 ok
fresh_test100: 234/800 ok
fresh_test100: 235/800 ok
fresh_test100: 236/800 ok
fresh_test100: 237/800 ok
fresh_test100: 238/800 ok
fresh_test100: 239/800 ok
fresh_test100: 240/800 ok
fresh_test100: 241/800 ok
fresh_test100: 242/800 ok
fresh_test100: 243/800 ok
fresh_test100: 244/800 ok
fresh_test100: 245/800 ok
fresh_test100: 246/800 ok
fresh_test100: 247/800 ok
fresh_test100: 248/800 ok
fresh_test100: 249/800 ok
fresh_test100: 250/800 ok
fresh_test100: 251/800 ok
fresh_test100: 252/800 ok
fresh_test100: 253/800 ok
fresh_test100: 254/800 ok
fresh_test100: 255/800 ok
fresh_test100: 256/800 ok
fresh_test100: 257/800 ok
fresh_test100: 258/800 ok
fresh_test100: 259/800 ok
fresh_test100: 260/800 ok
fresh_test100: 261/800 ok
fresh_test100: 262/800 ok
fresh_test100: 263/800 ok
fresh_test100: 264/800 ok
fresh_test100: 265/800 ok
fresh_test100: 266/800 ok
fresh_test100: 267/800 ok
fresh_test100: 268/800 ok
fresh_test100: 269/800 ok
fresh_test100: 270/800 ok
fresh_test100: 271/800 ok
fresh_test100: 272/800 ok
fresh_test100: 273/800 ok
fresh_test100: 274/800 ok
fresh_test100: 275/800 ok
fresh_test100: 276/800 ok
fresh_test100: 277/800 ok
fresh_test100: 278/800 ok
fresh_test100: 279/800 ok
fresh_test100: 280/800 ok
fresh_test100: 281/800 ok
fresh_test100: 282/800 ok
fresh_test100: 283/800 ok
fresh_test100: 284/800 ok
fresh_test100: 285/800 ok
fresh_test100: 286/800 ok
fresh_test100: 287/800 ok
fresh_test100: 288/800 ok
fresh_test100: 289/800 ok
fresh_test100: 290/800 ok
fresh_test100: 291/800 ok
fresh_test100: 292/800 ok
fresh_test100: 293/800 ok
fresh_test100: 294/800 ok
fresh_test100: 295/800 ok
fresh_test100: 296/800 ok
fresh_test100: 297/800 ok
fresh_test100: 298/800 ok
fresh_test100: 299/800 ok
fresh_test100: 300/800 ok
fresh_test100: 301/800 ok
fresh_test100: 302/800 ok
fresh_test100: 303/800 ok
fresh_test100: 304/800 ok
fresh_test100: 305/800 ok
fresh_test100: 306/800 ok
fresh_test100: 307/800 ok
fresh_test100: 308/800 ok
fresh_test100: 309/800 ok
fresh_test100: 310/800 ok
fresh_test100: 311/800 ok
fresh_test100: 312/800 ok
fresh_test100: 313/800 ok
fresh_test100: 314/800 ok
fresh_test100: 315/800 ok
fresh_test100: 316/800 ok
fresh_test100: 317/800 ok
fresh_test100: 318/800 ok
fresh_test100: 319/800 ok
fresh_test100: 320/800 ok
fresh_test100: 321/800 ok
fresh_test100: 322/800 ok
fresh_test100: 323/800 ok
fresh_test100: 324/800 ok
fresh_test100: 325/800 ok
fresh_test100: 326/800 ok
fresh_test100: 327/800 ok
fresh_test100: 328/800 ok
fresh_test100: 329/800 ok
fresh_test100: 330/800 ok
fresh_test100: 331/800 ok
fresh_test100: 332/800 ok
fresh_test100: 333/800 ok
fresh_test100: 334/800 ok
fresh_test100: 335/800 ok
fresh_test100: 336/800 ok
fresh_test100: 337/800 ok
fresh_test100: 338/800 ok
fresh_test100: 339/800 ok
fresh_test100: 340/800 ok
fresh_test100: 341/800 ok
fresh_test100: 342/800 ok
fresh_test100: 343/800 ok
fresh_test100: 344/800 ok
fresh_test100: 345/800 ok
fresh_test100: 346/800 ok
fresh_test100: 347/800 ok
fresh_test100: 348/800 ok
fresh_test100: 349/800 ok
fresh_test100: 350/800 ok
fresh_test100: 351/800 ok
fresh_test100: 352/800 ok
fresh_test100: 353/800 ok
fresh_test100: 354/800 ok
fresh_test100: 355/800 ok
fresh_test100: 356/800 ok
fresh_test100: 357/800 ok
fresh_test100: 358/800 ok
fresh_test100: 359/800 ok
fresh_test100: 360/800 ok
fresh_test100: 361/800 ok
fresh_test100: 362/800 ok
fresh_test100: 363/800 ok
fresh_test100: 364/800 ok
fresh_test100: 365/800 ok
fresh_test100: 366/800 ok
fresh_test100: 367/800 ok
fresh_test100: 368/800 ok
fresh_test100: 369/800 ok
fresh_test100: 370/800 ok
fresh_test100: 371/800 ok
fresh_test100: 372/800 ok
fresh_test100: 373/800 ok
fresh_test100: 374/800 ok
fresh_test100: 375/800 ok
fresh_test100: 376/800 ok
fresh_test100: 377/800 ok
fresh_test100: 378/800 ok
fresh_test100: 379/800 ok
fresh_test100: 380/800 ok
fresh_test100: 381/800 ok
fresh_test100: 382/800 ok
fresh_test100: 383/800 ok
fresh_test100: 384/800 ok
fresh_test100: 385/800 ok
fresh_test100: 386/800 ok
fresh_test100: 387/800 ok
fresh_test100: 388/800 ok
fresh_test100: 389/800 ok
fresh_test100: 390/800 ok
fresh_test100: 391/800 ok
fresh_test100: 392/800 ok
fresh_test100: 393/800 ok
fresh_test100: 394/800 ok
fresh_test100: 395/800 ok
fresh_test100: 396/800 ok
fresh_test100: 397/800 ok
fresh_test100: 398/800 ok
fresh_test100: 399/800 ok
fresh_test100: 400/800 ok
fresh_test100: 401/800 ok
fresh_test100: 402/800 ok
fresh_test100: 403/800 ok
fresh_test100: 404/800 ok
fresh_test100: 405/800 ok
fresh_test100: 406/800 ok
fresh_test100: 407/800 ok
fresh_test100: 408/800 ok
fresh_test100: 409/800 ok
fresh_test100: 410/800 ok
fresh_test100: 411/800 ok
fresh_test100: 412/800 ok
fresh_test100: 413/800 ok
fresh_test100: 414/800 ok
fresh_test100: 415/800 ok
fresh_test100: 416/800 ok
fresh_test100: 417/800 ok
fresh_test100: 418/800 ok
fresh_test100: 419/800 ok
fresh_test100: 420/800 ok
fresh_test100: 421/800 ok
fresh_test100: 422/800 ok
fresh_test100: 423/800 ok
fresh_test100: 424/800 ok
fresh_test100: 425/800 ok
fresh_test100: 426/800 ok
fresh_test100: 427/800 ok
fresh_test100: 428/800 ok
fresh_test100: 429/800 ok
fresh_test100: 430/800 ok
fresh_test100: 431/800 ok
fresh_test100: 432/800 ok
fresh_test100: 433/800 ok
fresh_test100: 434/800 ok
fresh_test100: 435/800 ok
fresh_test100: 436/800 ok
fresh_test100: 437/800 ok
fresh_test100: 438/800 ok
fresh_test100: 439/800 ok
fresh_test100: 440/800 ok
fresh_test100: 441/800 ok
fresh_test100: 442/800 ok
fresh_test100: 443/800 ok
fresh_test100: 444/800 ok
fresh_test100: 445/800 ok
fresh_test100: 446/800 ok
fresh_test100: 447/800 ok
fresh_test100: 448/800 ok
fresh_test100: 449/800 ok
fresh_test100: 450/800 ok
fresh_test100: 451/800 ok
fresh_test100: 452/800 ok
fresh_test100: 453/800 ok
fresh_test100: 454/800 ok
fresh_test100: 455/800 ok
fresh_test100: 456/800 ok
fresh_test100: 457/800 ok
fresh_test100: 458/800 ok
fresh_test100: 459/800 ok
fresh_test100: 460/800 ok
fresh_test100: 461/800 ok
fresh_test100: 462/800 ok
fresh_test100: 463/800 ok
fresh_test100: 464/800 ok
fresh_test100: 465/800 ok
fresh_test100: 466/800 ok
fresh_test100: 467/800 ok
fresh_test100: 468/800 ok
fresh_test100: 469/800 ok
fresh_test100: 470/800 ok
fresh_test100: 471/800 ok
fresh_test100: 472/800 ok
fresh_test100: 473/800 ok
fresh_test100: 474/800 ok
fresh_test100: 475/800 ok
fresh_test100: 476/800 ok
fresh_test100: 477/800 ok
fresh_test100: 478/800 ok
fresh_test100: 479/800 ok
fresh_test100: 480/800 ok
fresh_test100: 481/800 ok
fresh_test100: 482/800 ok
fresh_test100: 483/800 ok
fresh_test100: 484/800 ok
fresh_test100: 485/800 ok
fresh_test100: 486/800 ok
fresh_test100: 487/800 ok
fresh_test100: 488/800 ok
fresh_test100: 489/800 ok
fresh_test100: 490/800 ok
fresh_test100: 491/800 ok
fresh_test100: 492/800 ok
fresh_test100: 493/800 ok
fresh_test100: 494/800 ok
fresh_test100: 495/800 ok
fresh_test100: 496/800 ok
fresh_test100: 497/800 ok
fresh_test100: 498/800 ok
fresh_test100: 499/800 ok
fresh_test100: 500/800 ok
fresh_test100: 501/800 ok
fresh_test100: 502/800 ok
fresh_test100: 503/800 ok
fresh_test100: 504/800 ok
fresh_test100: 505/800 ok
fresh_test100: 506/800 ok
fresh_test100: 507/800 ok
fresh_test100: 508/800 ok
fresh_test100: 509/800 ok
fresh_test100: 510/800 ok
fresh_test100: 511/800 ok
fresh_test100: 512/800 ok
fresh_test100: 513/800 ok
fresh_test100: 514/800 ok
fresh_test100: 515/800 ok
fresh_test100: 516/800 ok
fresh_test100: 517/800 ok
fresh_test100: 518/800 ok
fresh_test100: 519/800 ok
fresh_test100: 520/800 ok
fresh_test100: 521/800 ok
fresh_test100: 522/800 ok
fresh_test100: 523/800 ok
fresh_test100: 524/800 ok
fresh_test100: 525/800 ok
fresh_test100: 526/800 ok
fresh_test100: 527/800 ok
fresh_test100: 528/800 ok
fresh_test100: 529/800 ok
fresh_test100: 530/800 ok
fresh_test100: 531/800 ok
fresh_test100: 532/800 ok
fresh_test100: 533/800 ok
fresh_test100: 534/800 ok
fresh_test100: 535/800 ok
fresh_test100: 536/800 ok
fresh_test100: 537/800 ok
fresh_test100: 538/800 ok
fresh_test100: 539/800 ok
fresh_test100: 540/800 ok
fresh_test100: 541/800 ok
fresh_test100: 542/800 ok
fresh_test100: 543/800 ok
fresh_test100: 544/800 ok
fresh_test100: 545/800 ok
fresh_test100: 546/800 ok
fresh_test100: 547/800 ok
fresh_test100: 548/800 ok
fresh_test100: 549/800 ok
fresh_test100: 550/800 ok
fresh_test100: 551/800 ok
fresh_test100: 552/800 ok
fresh_test100: 553/800 ok
fresh_test100: 554/800 ok
fresh_test100: 555/800 ok
fresh_test100: 556/800 ok
fresh_test100: 557/800 ok
fresh_test100: 558/800 ok
fresh_test100: 559/800 ok
fresh_test100: 560/800 ok
fresh_test100: 561/800 ok
fresh_test100: 562/800 ok
fresh_test100: 563/800 ok
fresh_test100: 564/800 ok
fresh_test100: 565/800 ok
fresh_test100: 566/800 ok
fresh_test100: 567/800 ok
fresh_test100: 568/800 ok
fresh_test100: 569/800 ok
fresh_test100: 570/800 ok
fresh_test100: 571/800 ok
fresh_test100: 572/800 ok
fresh_test100: 573/800 ok
fresh_test100: 574/800 ok
fresh_test100: 575/800 ok
fresh_test100: 576/800 ok
fresh_test100: 577/800 ok
fresh_test100: 578/800 ok
fresh_test100: 579/800 ok
fresh_test100: 580/800 ok
fresh_test100: 581/800 ok
fresh_test100: 582/800 ok
fresh_test100: 583/800 ok
fresh_test100: 584/800 ok
fresh_test100: 585/800 ok
fresh_test100: 586/800 ok
fresh_test100: 587/800 ok
fresh_test100: 588/800 ok
fresh_test100: 589/800 ok
fresh_test100: 590/800 ok
fresh_test100: 591/800 ok
fresh_test100: 592/800 ok
fresh_test100: 593/800 ok
fresh_test100: 594/800 ok
fresh_test100: 595/800 ok
fresh_test100: 596/800 ok
fresh_test100: 597/800 ok
fresh_test100: 598/800 ok
fresh_test100: 599/800 ok
fresh_test100: 600/800 ok
fresh_test100: 601/800 ok
fresh_test100: 602/800 ok
fresh_test100: 603/800 ok
fresh_test100: 604/800 ok
fresh_test100: 605/800 ok
fresh_test100: 606/800 ok
fresh_test100: 607/800 ok
fresh_test100: 608/800 ok
fresh_test100: 609/800 ok
fresh_test100: 610/800 ok
fresh_test100: 611/800 ok
fresh_test100: 612/800 ok
fresh_test100: 613/800 ok
fresh_test100: 614/800 ok
fresh_test100: 615/800 ok
fresh_test100: 616/800 ok
fresh_test100: 617/800 ok
fresh_test100: 618/800 ok
fresh_test100: 619/800 ok
fresh_test100: 620/800 ok
fresh_test100: 621/800 ok
fresh_test100: 622/800 ok
fresh_test100: 623/800 ok
fresh_test100: 624/800 ok
fresh_test100: 625/800 ok
fresh_test100: 626/800 ok
fresh_test100: 627/800 ok
fresh_test100: 628/800 ok
fresh_test100: 629/800 ok
fresh_test100: 630/800 ok
fresh_test100: 631/800 ok
fresh_test100: 632/800 ok
fresh_test100: 633/800 ok
fresh_test100: 634/800 ok
fresh_test100: 635/800 ok
fresh_test100: 636/800 ok
fresh_test100: 637/800 ok
fresh_test100: 638/800 ok
fresh_test100: 639/800 ok
fresh_test100: 640/800 ok
fresh_test100: 641/800 ok
fresh_test100: 642/800 ok
fresh_test100: 643/800 ok
fresh_test100: 644/800 ok
fresh_test100: 645/800 ok
fresh_test100: 646/800 ok
fresh_test100: 647/800 ok
fresh_test100: 648/800 ok
fresh_test100: 649/800 ok
fresh_test100: 650/800 ok
fresh_test100: 651/800 ok
fresh_test100: 652/800 ok
fresh_test100: 653/800 ok
fresh_test100: 654/800 ok
fresh_test100: 655/800 ok
fresh_test100: 656/800 ok
fresh_test100: 657/800 ok
fresh_test100: 658/800 ok
fresh_test100: 659/800 ok
fresh_test100: 660/800 ok
fresh_test100: 661/800 ok
fresh_test100: 662/800 ok
fresh_test100: 663/800 ok
fresh_test100: 664/800 ok
fresh_test100: 665/800 ok
fresh_test100: 666/800 ok
fresh_test100: 667/800 ok
fresh_test100: 668/800 ok
fresh_test100: 669/800 ok
fresh_test100: 670/800 ok
fresh_test100: 671/800 ok
fresh_test100: 672/800 ok
fresh_test100: 673/800 ok
fresh_test100: 674/800 ok
fresh_test100: 675/800 ok
fresh_test100: 676/800 ok
fresh_test100: 677/800 ok
fresh_test100: 678/800 ok
fresh_test100: 679/800 ok
fresh_test100: 680/800 ok
fresh_test100: 681/800 ok
fresh_test100: 682/800 ok
fresh_test100: 683/800 ok
fresh_test100: 684/800 ok
fresh_test100: 685/800 ok
fresh_test100: 686/800 ok
fresh_test100: 687/800 ok
fresh_test100: 688/800 ok
fresh_test100: 689/800 ok
fresh_test100: 690/800 ok
fresh_test100: 691/800 ok
fresh_test100: 692/800 ok
fresh_test100: 693/800 ok
fresh_test100: 694/800 ok
fresh_test100: 695/800 ok
fresh_test100: 696/800 ok
fresh_test100: 697/800 ok
fresh_test100: 698/800 ok
fresh_test100: 699/800 ok
fresh_test100: 700/800 ok
fresh_test100: 701/800 ok
fresh_test100: 702/800 ok
fresh_test100: 703/800 ok
fresh_test100: 704/800 ok
fresh_test100: 705/800 ok
fresh_test100: 706/800 ok
fresh_test100: 707/800 ok
fresh_test100: 708/800 ok
fresh_test100: 709/800 ok
fresh_test100: 710/800 ok
fresh_test100: 711/800 ok
fresh_test100: 712/800 ok
fresh_test100: 713/800 ok
fresh_test100: 714/800 ok
fresh_test100: 715/800 ok
fresh_test100: 716/800 ok
fresh_test100: 717/800 ok
fresh_test100: 718/800 ok
fresh_test100: 719/800 ok
fresh_test100: 720/800 ok
fresh_test100: 721/800 ok
fresh_test100: 722/800 ok
fresh_test100: 723/800 ok
fresh_test100: 724/800 ok
fresh_test100: 725/800 ok
fresh_test100: 726/800 ok
fresh_test100: 727/800 ok
fresh_test100: 728/800 ok
fresh_test100: 729/800 ok
fresh_test100: 730/800 ok
fresh_test100: 731/800 ok
fresh_test100: 732/800 ok
fresh_test100: 733/800 ok
fresh_test100: 734/800 ok
fresh_test100: 735/800 ok
fresh_test100: 736/800 ok
fresh_test100: 737/800 ok
fresh_test100: 738/800 ok
fresh_test100: 739/800 ok
fresh_test100: 740/800 ok
fresh_test100: 741/800 ok
fresh_test100: 742/800 ok
fresh_test100: 743/800 ok
fresh_test100: 744/800 ok
fresh_test100: 745/800 ok
fresh_test100: 746/800 ok
fresh_test100: 747/800 ok
fresh_test100: 748/800 ok
fresh_test100: 749/800 ok
fresh_test100: 750/800 ok
fresh_test100: 751/800 ok
fresh_test100: 752/800 ok
fresh_test100: 753/800 ok
fresh_test100: 754/800 ok
fresh_test100: 755/800 ok
fresh_test100: 756/800 ok
fresh_test100: 757/800 ok
fresh_test100: 758/800 ok
fresh_test100: 759/800 ok
fresh_test100: 760/800 ok
fresh_test100: 761/800 ok
fresh_test100: 762/800 ok
fresh_test100: 763/800 ok
fresh_test100: 764/800 ok
fresh_test100: 765/800 ok
fresh_test100: 766/800 ok
fresh_test100: 767/800 ok
fresh_test100: 768/800 ok
fresh_test100: 769/800 ok
fresh_test100: 770/800 ok
fresh_test100: 771/800 ok
fresh_test100: 772/800 ok
fresh_test100: 773/800 ok
fresh_test100: 774/800 ok
fresh_test100: 775/800 ok
fresh_test100: 776/800 ok
fresh_test100: 777/800 ok
fresh_test100: 778/800 ok
fresh_test100: 779/800 ok
fresh_test100: 780/800 ok
fresh_test100: 781/800 ok
fresh_test100: 782/800 ok
fresh_test100: 783/800 ok
fresh_test100: 784/800 ok
fresh_test100: 785/800 ok
fresh_test100: 786/800 ok
fresh_test100: 787/800 ok
fresh_test100: 788/800 ok
fresh_test100: 789/800 ok
fresh_test100: 790/800 ok
fresh_test100: 791/800 ok
fresh_test100: 792/800 ok
fresh_test100: 793/800 ok
fresh_test100: 794/800 ok
fresh_test100: 795/800 ok
fresh_test100: 796/800 ok
fresh_test100: 797/800 ok
fresh_test100: 798/800 ok
fresh_test100: 799/800 ok
fresh_test100: 800/800 ok
{
  "metrics": {
    "nano30b": {
      "development_original": {
        "RSR": 77.5,
        "CAR": 100.0,
        "FDA": 88.75,
        "ORR": 0.0
      },
      "development_candidate": {
        "RSR": 97.5,
        "CAR": 100.0,
        "FDA": 98.75,
        "ORR": 0.0
      },
      "fresh_test": {
        "nonunique_grounding": {
          "RSR": 52.0,
          "CAR": 99.0,
          "FDA": 75.5,
          "ORR": 1.0
        },
        "source_coverage_audit_v2": {
          "RSR": 90.0,
          "CAR": 100.0,
          "FDA": 95.0,
          "ORR": 0.0
        }
      }
    },
    "gpt120b": {
      "development_original": {
        "RSR": 97.5,
        "CAR": 98.75,
        "FDA": 98.125,
        "ORR": 1.25
      },
      "development_candidate": {
        "RSR": 100.0,
        "CAR": 100.0,
        "FDA": 100.0,
        "ORR": 0.0
      },
      "fresh_test": {
        "nonunique_grounding": {
          "RSR": 99.0,
          "CAR": 98.0,
          "FDA": 98.5,
          "ORR": 2.0
        },
        "source_coverage_audit_v2": {
          "RSR": 100.0,
          "CAR": 99.0,
          "FDA": 99.5,
          "ORR": 1.0
        }
      }
    }
  },
  "comparisons": [
    {
      "first_only": 45,
      "second_only": 6,
      "delta": 0.195,
      "p_raw": 1.8323628836469652e-08,
      "model": "nano30b",
      "delta_ci95": [
        0.135,
        0.255
      ],
      "p_holm": 3.6647257672939304e-08
    },
    {
      "first_only": 3,
      "second_only": 1,
      "delta": 0.01,
      "p_raw": 0.625,
      "model": "gpt120b",
      "delta_ci95": [
        -0.01,
        0.03
      ],
      "p_holm": 0.625
    }
  ]
}
